=== User constraints ===
Fmax report
  User constraint:  40.000MHz, Fmax: 115.393MHz, Clock: ESP_SPI_SCK
  User constraint:   8.000MHz, Fmax: 135.263MHz, Clock: PIN_HSE
  User constraint:  10.000MHz, Fmax: 135.263MHz, Clock: PIN_HSI
  User constraint: 150.000MHz, Fmax: 135.263MHz, Clock: pll_inst|auto_generated|pll1|clk[0]

Clock transfer report:
  Worst setup:  16.334, with clock ESP_SPI_SCK
  Worst setup: 117.607, with clock PIN_HSE
  Worst setup:  92.607, with clock PIN_HSI
  Worst setup:  -0.726, with clock pll_inst|auto_generated|pll1|clk[0]


=== Auto constraints ===
Fmax report
  User constraint:  75.000MHz, Fmax: 123.396MHz, Clock: Internal_generated_clock_macro_inst|core_inst|osc|Q

Clock transfer report:
  Worst setup:   5.229, with clock Internal_generated_clock_macro_inst|core_inst|osc|Q
  Worst setup: 995.496, from clock Internal_generated_clock_example_board|ESP32_SPI2_CS_N to Internal_generated_clock_example_board|ESP32_SPI_CS1
  Worst setup:  11.163, from clock Internal_generated_clock_example_board|ESP32_SPI2_CS_N to Internal_generated_clock_macro_inst|core_inst|osc|Q
  Worst setup:   2.559, from clock Internal_generated_clock_example_board|ESP32_SPI2_CS_N to pll_inst|auto_generated|pll1|clk[0]
  Worst setup:  12.008, from clock Internal_generated_clock_example_board|ESP32_SPI_CS1 to Internal_generated_clock_macro_inst|core_inst|osc|Q
  Worst setup:   2.968, from clock Internal_generated_clock_example_board|ESP32_SPI_CS1 to pll_inst|auto_generated|pll1|clk[0]
  Worst setup:   5.854, from clock Internal_generated_clock_macro_inst|core_inst|osc|Q to pll_inst|auto_generated|pll1|clk[0]


Coverage report
  User constraints covered 7693 connections out of 8578 total, coverage: 89.7%
  Auto constraints covered 8156 connections out of 8578 total, coverage: 95.1%


Setup from macro_inst|cpld_stream|observed_value[10] to macro_inst|cpld_stream|consumer, clock pll_inst|auto_generated|pll1|clk[0], constraint 6.667, skew -0.053, data 6.955
  Slack:  -0.726
    Arrival Time:    7.931
        0.000    0.000   R                         Launch Clock Edge
      Launch Clock Path:
        0.000    0.000   RR                  example_board|PLL_CLKIN =>                    PLL_CLKIN~input|padio 
        1.309    1.309   RR                    PLL_CLKIN~input|padio =>                  PLL_CLKIN~input|combout 
        1.546    0.237   RR                  PLL_CLKIN~input|combout =>       pll_inst|auto_generated|pll1|clkin 
      Compensation Path:
       -2.390   -3.936   RR       pll_inst|auto_generated|pll1|clkfb =>    pll_inst|auto_generated|pll1|clkfbout 
       -2.390   -0.000   RR    pll_inst|auto_generated|pll1|clkfbout =>       pll_inst|auto_generated|pll1|clkfb 
      Compensation Path End
       -1.410    0.980   RR       pll_inst|auto_generated|pll1|clkin =>     pll_inst|auto_generated|pll1|clkout0 D
       -1.410    0.000   RR     pll_inst|auto_generated|pll1|clkout0 => gclksw_inst|gclk_switch__alta_gclksw|clkin2 D
       -1.008    0.402   RR gclksw_inst|gclk_switch__alta_gclksw|clkin2 => gclksw_inst|gclk_switch__alta_gclksw|clkout 
       -0.895    0.113   RR gclksw_inst|gclk_switch__alta_gclksw|clkout =>            gclksw_inst|gclk_switch|inclk 
       -0.895    0.000   RR            gclksw_inst|gclk_switch|inclk =>           gclksw_inst|gclk_switch|outclk 
        0.656    1.551   RR           gclksw_inst|gclk_switch|outclk =>               clken_ctrl_X53_Y4_N1|ClkIn 
        0.804    0.148   RR               clken_ctrl_X53_Y4_N1|ClkIn =>              clken_ctrl_X53_Y4_N1|ClkOut 
        0.937    0.133   RR              clken_ctrl_X53_Y4_N1|ClkOut => macro_inst|cpld_stream|observed_value[10]|Clk 
      Data Path:
        1.172    0.235   RF macro_inst|cpld_stream|observed_value[10]|Clk => macro_inst|cpld_stream|observed_value[10]|Q D
        1.785    0.613   FF macro_inst|cpld_stream|observed_value[10]|Q =>  macro_inst|cpld_stream|last_value[10]|A 
        2.267    0.482   FF  macro_inst|cpld_stream|last_value[10]|A => macro_inst|cpld_stream|last_value[10]|LutOut 
        3.617    1.350   FF macro_inst|cpld_stream|last_value[10]|LutOut =>       macro_inst|cpld_stream|Equal38~9|D 
        3.725    0.108   FF       macro_inst|cpld_stream|Equal38~9|D =>  macro_inst|cpld_stream|Equal38~9|LutOut 
        4.110    0.385   FF  macro_inst|cpld_stream|Equal38~9|LutOut =>    macro_inst|cpld_stream|Selector85~0|A 
        4.667    0.557   FR    macro_inst|cpld_stream|Selector85~0|A => macro_inst|cpld_stream|Selector85~0|LutOut 
        5.898    1.231   RR macro_inst|cpld_stream|Selector85~0|LutOut => macro_inst|cpld_stream|completed_bytes[5]~27|C 
        6.182    0.284   RF macro_inst|cpld_stream|completed_bytes[5]~27|C => macro_inst|cpld_stream|completed_bytes[5]~27|LutOut 
        7.931    1.749   FF macro_inst|cpld_stream|completed_bytes[5]~27|LutOut =>        macro_inst|cpld_stream|consumer|D E
    Required Time:   7.205
        6.667    6.667   R                          Latch Clock Edge
      Latch Clock Path:
        6.667    0.000   RR                  example_board|PLL_CLKIN =>                    PLL_CLKIN~input|padio 
        7.976    1.309   RR                    PLL_CLKIN~input|padio =>                  PLL_CLKIN~input|combout 
        8.203    0.227   RR                  PLL_CLKIN~input|combout =>       pll_inst|auto_generated|pll1|clkin 
      Compensation Path:
        4.267   -3.936   RR       pll_inst|auto_generated|pll1|clkfb =>    pll_inst|auto_generated|pll1|clkfbout 
        4.267   -0.000   RR    pll_inst|auto_generated|pll1|clkfbout =>       pll_inst|auto_generated|pll1|clkfb 
      Compensation Path End
        5.247    0.980   RR       pll_inst|auto_generated|pll1|clkin =>     pll_inst|auto_generated|pll1|clkout0 D
        5.247    0.000   RR     pll_inst|auto_generated|pll1|clkout0 => gclksw_inst|gclk_switch__alta_gclksw|clkin2 D
        5.649    0.402   RR gclksw_inst|gclk_switch__alta_gclksw|clkin2 => gclksw_inst|gclk_switch__alta_gclksw|clkout 
        5.762    0.113   RR gclksw_inst|gclk_switch__alta_gclksw|clkout =>            gclksw_inst|gclk_switch|inclk 
        5.762    0.000   RR            gclksw_inst|gclk_switch|inclk =>           gclksw_inst|gclk_switch|outclk 
        7.272    1.510   RR           gclksw_inst|gclk_switch|outclk =>               clken_ctrl_X57_Y8_N0|ClkIn 
        7.420    0.148   RR               clken_ctrl_X57_Y8_N0|ClkIn =>              clken_ctrl_X57_Y8_N0|ClkOut 
        7.551    0.131   RR              clken_ctrl_X57_Y8_N0|ClkOut =>      macro_inst|cpld_stream|consumer|Clk 
        7.195   -0.356   R                                     Setup
        7.205    0.010                               Clock Variation

