=== User constraints ===

Clock transfer report:
  Worst  hold:   0.615, with clock ESP_SPI_SCK
  Worst  hold:   0.334, with clock PIN_HSE
  Worst  hold:   0.334, with clock PIN_HSI
  Worst  hold:   0.334, with clock pll_inst|auto_generated|pll1|clk[0]

=== Auto constraints ===

Clock transfer report:
  Worst  hold:   0.615, with clock Internal_generated_clock_macro_inst|core_inst|osc|Q
  Worst  hold:  -2.696, from clock Internal_generated_clock_example_board|ESP32_SPI2_CS_N to Internal_generated_clock_example_board|ESP32_SPI_CS1
  Worst  hold:   1.188, from clock Internal_generated_clock_example_board|ESP32_SPI2_CS_N to Internal_generated_clock_macro_inst|core_inst|osc|Q
  Worst  hold:   4.104, from clock Internal_generated_clock_example_board|ESP32_SPI2_CS_N to pll_inst|auto_generated|pll1|clk[0]
  Worst  hold:   0.894, from clock Internal_generated_clock_example_board|ESP32_SPI_CS1 to Internal_generated_clock_macro_inst|core_inst|osc|Q
  Worst  hold:   4.357, from clock Internal_generated_clock_example_board|ESP32_SPI_CS1 to pll_inst|auto_generated|pll1|clk[0]
  Worst  hold:   0.615, from clock Internal_generated_clock_macro_inst|core_inst|osc|Q to pll_inst|auto_generated|pll1|clk[0]

Coverage report
  User constraints covered 7731 connections out of 8616 total, coverage: 89.7%
  Auto constraints covered 8194 connections out of 8616 total, coverage: 95.1%


Hold from ESP32_SPI2_CS_N to macro_inst|core_inst|buf_miso_cs1[1]~1, clock Internal_generated_clock_example_board|ESP32_SPI2_CS_N to Internal_generated_clock_example_board|ESP32_SPI_CS1, constraint 0.000, skew 10.296, data 7.276
  Slack:  -2.696
    Arrival Time:  507.264
      500.000  500.000   R                         Launch Clock Edge
      Data Path:
      500.000    0.000   RR            example_board|ESP32_SPI2_CS_N =>              ESP32_SPI2_CS_N~input|padio 
      501.309    1.309   RR              ESP32_SPI2_CS_N~input|padio =>            ESP32_SPI2_CS_N~input|combout 
      505.513    4.204   RR            ESP32_SPI2_CS_N~input|combout =>            macro_inst|legacy_spi_cs0~0|B 
      506.032    0.519   RR            macro_inst|legacy_spi_cs0~0|B =>       macro_inst|legacy_spi_cs0~0|LutOut 
      506.636    0.604   RR       macro_inst|legacy_spi_cs0~0|LutOut =>    macro_inst|core_inst|cart_cs2_out~2|C 
      506.920    0.284   RF    macro_inst|core_inst|cart_cs2_out~2|C => macro_inst|core_inst|cart_cs2_out~2|LutOut 
      507.264    0.344   FF macro_inst|core_inst|cart_cs2_out~2|LutOut => macro_inst|core_inst|buf_miso_cs1[1]~1|B E
    Required Time: 509.960
      500.000  500.000   F                          Latch Clock Edge
      Latch Clock Path:
      500.000    0.000   FF              example_board|ESP32_SPI_CS1 =>                ESP32_SPI_CS1~input|padio 
      501.307    1.307   FF                ESP32_SPI_CS1~input|padio =>              ESP32_SPI_CS1~input|combout 
      505.378    4.071   FF              ESP32_SPI_CS1~input|combout =>         macro_inst|core_inst|ad_incr~0|C 
      505.704    0.326   FF         macro_inst|core_inst|ad_incr~0|C =>    macro_inst|core_inst|ad_incr~0|LutOut 
      508.146    2.442   FF    macro_inst|core_inst|ad_incr~0|LutOut => macro_inst|core_inst|ad_incr~0clkctrl|inclk 
      508.146    0.000   FF macro_inst|core_inst|ad_incr~0clkctrl|inclk => macro_inst|core_inst|ad_incr~0clkctrl|outclk 
      510.296    2.150   FF macro_inst|core_inst|ad_incr~0clkctrl|outclk => macro_inst|core_inst|buf_miso_cs1[1]~1|D 
      509.960   -0.336   F                                      Hold

