=== User constraints ===
Fmax report
  User constraint:  40.000MHz, Fmax:  91.735MHz, Clock: ESP_SPI_SCK
  User constraint:   8.000MHz, Fmax: 128.386MHz, Clock: PIN_HSE
  User constraint:  10.000MHz, Fmax: 128.386MHz, Clock: PIN_HSI
  User constraint: 150.000MHz, Fmax: 128.386MHz, Clock: pll_inst|auto_generated|pll1|clk[0]

Clock transfer report:
  Worst setup:  14.099, with clock ESP_SPI_SCK
  Worst setup: 117.211, with clock PIN_HSE
  Worst setup:  92.211, with clock PIN_HSI
  Worst setup:  -1.122, with clock pll_inst|auto_generated|pll1|clk[0]


=== Auto constraints ===
Fmax report
  User constraint:  75.000MHz, Fmax: 119.933MHz, Clock: Internal_generated_clock_macro_inst|core_inst|osc|Q

Clock transfer report:
  Worst setup:   4.995, with clock Internal_generated_clock_macro_inst|core_inst|osc|Q
  Worst setup: 997.517, from clock Internal_generated_clock_example_board|ESP32_SPI2_CS_N to Internal_generated_clock_example_board|ESP32_SPI_CS1
  Worst setup:   8.196, from clock Internal_generated_clock_example_board|ESP32_SPI2_CS_N to Internal_generated_clock_macro_inst|core_inst|osc|Q
  Worst setup:  -1.447, from clock Internal_generated_clock_example_board|ESP32_SPI2_CS_N to pll_inst|auto_generated|pll1|clk[0]
  Worst setup:   8.983, from clock Internal_generated_clock_example_board|ESP32_SPI_CS1 to Internal_generated_clock_macro_inst|core_inst|osc|Q
  Worst setup:  -1.255, from clock Internal_generated_clock_example_board|ESP32_SPI_CS1 to pll_inst|auto_generated|pll1|clk[0]
  Worst setup:   5.854, from clock Internal_generated_clock_macro_inst|core_inst|osc|Q to pll_inst|auto_generated|pll1|clk[0]


Coverage report
  User constraints covered 7731 connections out of 8616 total, coverage: 89.7%
  Auto constraints covered 8194 connections out of 8616 total, coverage: 95.1%


Setup from macro_inst|cpld_stream|finish_phase.11 to macro_inst|cpld_stream|receive_remaining[20], clock pll_inst|auto_generated|pll1|clk[0], constraint 6.667, skew -0.053, data 6.829
  Slack:  -1.122
    Arrival Time:    7.894
        0.000    0.000   R                         Launch Clock Edge
      Launch Clock Path:
        0.000    0.000   RR                  example_board|PLL_CLKIN =>                    PLL_CLKIN~input|padio 
        1.309    1.309   RR                    PLL_CLKIN~input|padio =>                  PLL_CLKIN~input|combout 
        1.546    0.237   RR                  PLL_CLKIN~input|combout =>       pll_inst|auto_generated|pll1|clkin 
      Compensation Path:
       -2.390   -3.936   RR       pll_inst|auto_generated|pll1|clkfb =>    pll_inst|auto_generated|pll1|clkfbout 
       -2.390   -0.000   RR    pll_inst|auto_generated|pll1|clkfbout =>       pll_inst|auto_generated|pll1|clkfb 
      Compensation Path End
       -1.410    0.980   RR       pll_inst|auto_generated|pll1|clkin =>     pll_inst|auto_generated|pll1|clkout0 D
       -1.410    0.000   RR     pll_inst|auto_generated|pll1|clkout0 => gclksw_inst|gclk_switch__alta_gclksw|clkin2 D
       -1.008    0.402   RR gclksw_inst|gclk_switch__alta_gclksw|clkin2 => gclksw_inst|gclk_switch__alta_gclksw|clkout 
       -0.895    0.113   RR gclksw_inst|gclk_switch__alta_gclksw|clkout =>            gclksw_inst|gclk_switch|inclk 
       -0.895    0.000   RR            gclksw_inst|gclk_switch|inclk =>           gclksw_inst|gclk_switch|outclk 
        0.656    1.551   RR           gclksw_inst|gclk_switch|outclk =>               clken_ctrl_X60_Y3_N1|ClkIn 
        0.804    0.148   RR               clken_ctrl_X60_Y3_N1|ClkIn =>              clken_ctrl_X60_Y3_N1|ClkOut 
        0.937    0.133   RR              clken_ctrl_X60_Y3_N1|ClkOut => macro_inst|cpld_stream|finish_phase.11|Clk 
      Data Path:
        1.172    0.235   RF macro_inst|cpld_stream|finish_phase.11|Clk => macro_inst|cpld_stream|finish_phase.11|Q D
        2.896    1.724   FF macro_inst|cpld_stream|finish_phase.11|Q =>      macro_inst|cpld_stream|length0~11|A 
        3.378    0.482   FF      macro_inst|cpld_stream|length0~11|A => macro_inst|cpld_stream|length0~11|LutOut 
        4.732    1.354   FF macro_inst|cpld_stream|length0~11|LutOut =>         macro_inst|cpld_stream|Add24~0|B 
        5.297    0.565   FR         macro_inst|cpld_stream|Add24~0|B =>      macro_inst|cpld_stream|Add24~0|Cout 
        5.297    0.000   RR      macro_inst|cpld_stream|Add24~0|Cout =>       macro_inst|cpld_stream|Add24~2|Cin 
        5.362    0.065   RF       macro_inst|cpld_stream|Add24~2|Cin =>      macro_inst|cpld_stream|Add24~2|Cout 
        5.362    0.000   FF      macro_inst|cpld_stream|Add24~2|Cout =>       macro_inst|cpld_stream|Add24~4|Cin 
        5.428    0.066   FR       macro_inst|cpld_stream|Add24~4|Cin =>      macro_inst|cpld_stream|Add24~4|Cout 
        5.428    0.000   RR      macro_inst|cpld_stream|Add24~4|Cout =>       macro_inst|cpld_stream|Add24~6|Cin 
        5.493    0.065   RF       macro_inst|cpld_stream|Add24~6|Cin =>      macro_inst|cpld_stream|Add24~6|Cout 
        5.493    0.000   FF      macro_inst|cpld_stream|Add24~6|Cout =>       macro_inst|cpld_stream|Add24~8|Cin 
        5.559    0.066   FR       macro_inst|cpld_stream|Add24~8|Cin =>      macro_inst|cpld_stream|Add24~8|Cout 
        5.559    0.000   RR      macro_inst|cpld_stream|Add24~8|Cout =>      macro_inst|cpld_stream|Add24~10|Cin 
        5.624    0.065   RF      macro_inst|cpld_stream|Add24~10|Cin =>     macro_inst|cpld_stream|Add24~10|Cout 
        5.624    0.000   FF     macro_inst|cpld_stream|Add24~10|Cout =>      macro_inst|cpld_stream|Add24~12|Cin 
        5.690    0.066   FR      macro_inst|cpld_stream|Add24~12|Cin =>     macro_inst|cpld_stream|Add24~12|Cout 
        5.690    0.000   RR     macro_inst|cpld_stream|Add24~12|Cout =>      macro_inst|cpld_stream|Add24~14|Cin 
        5.755    0.065   RF      macro_inst|cpld_stream|Add24~14|Cin =>     macro_inst|cpld_stream|Add24~14|Cout 
        5.755    0.000   FF     macro_inst|cpld_stream|Add24~14|Cout =>      macro_inst|cpld_stream|Add24~16|Cin 
        5.821    0.066   FR      macro_inst|cpld_stream|Add24~16|Cin =>     macro_inst|cpld_stream|Add24~16|Cout 
        5.821    0.000   RR     macro_inst|cpld_stream|Add24~16|Cout =>      macro_inst|cpld_stream|Add24~18|Cin 
        5.886    0.065   RF      macro_inst|cpld_stream|Add24~18|Cin =>     macro_inst|cpld_stream|Add24~18|Cout 
        5.886    0.000   FF     macro_inst|cpld_stream|Add24~18|Cout =>      macro_inst|cpld_stream|Add24~20|Cin 
        5.952    0.066   FR      macro_inst|cpld_stream|Add24~20|Cin =>     macro_inst|cpld_stream|Add24~20|Cout 
        5.952    0.000   RR     macro_inst|cpld_stream|Add24~20|Cout =>      macro_inst|cpld_stream|Add24~22|Cin 
        6.017    0.065   RF      macro_inst|cpld_stream|Add24~22|Cin =>     macro_inst|cpld_stream|Add24~22|Cout 
        6.017    0.000   FF     macro_inst|cpld_stream|Add24~22|Cout =>      macro_inst|cpld_stream|Add24~24|Cin 
        6.083    0.066   FR      macro_inst|cpld_stream|Add24~24|Cin =>     macro_inst|cpld_stream|Add24~24|Cout 
        6.083    0.000   RR     macro_inst|cpld_stream|Add24~24|Cout =>      macro_inst|cpld_stream|Add24~26|Cin 
        6.148    0.065   RF      macro_inst|cpld_stream|Add24~26|Cin =>     macro_inst|cpld_stream|Add24~26|Cout 
        6.148    0.000   FF     macro_inst|cpld_stream|Add24~26|Cout =>      macro_inst|cpld_stream|Add24~28|Cin 
        6.214    0.066   FR      macro_inst|cpld_stream|Add24~28|Cin =>     macro_inst|cpld_stream|Add24~28|Cout 
        6.214    0.000   RR     macro_inst|cpld_stream|Add24~28|Cout =>      macro_inst|cpld_stream|Add24~30|Cin 
        6.279    0.065   RF      macro_inst|cpld_stream|Add24~30|Cin =>     macro_inst|cpld_stream|Add24~30|Cout 
        6.279    0.000   FF     macro_inst|cpld_stream|Add24~30|Cout =>      macro_inst|cpld_stream|Add24~32|Cin 
        6.345    0.066   FR      macro_inst|cpld_stream|Add24~32|Cin =>     macro_inst|cpld_stream|Add24~32|Cout 
        6.345    0.000   RR     macro_inst|cpld_stream|Add24~32|Cout =>      macro_inst|cpld_stream|Add24~34|Cin 
        6.410    0.065   RF      macro_inst|cpld_stream|Add24~34|Cin =>     macro_inst|cpld_stream|Add24~34|Cout 
        6.410    0.000   FF     macro_inst|cpld_stream|Add24~34|Cout =>      macro_inst|cpld_stream|Add24~36|Cin 
        6.476    0.066   FR      macro_inst|cpld_stream|Add24~36|Cin =>     macro_inst|cpld_stream|Add24~36|Cout 
        6.476    0.000   RR     macro_inst|cpld_stream|Add24~36|Cout =>      macro_inst|cpld_stream|Add24~38|Cin 
        6.541    0.065   RF      macro_inst|cpld_stream|Add24~38|Cin =>     macro_inst|cpld_stream|Add24~38|Cout 
        6.541    0.000   FF     macro_inst|cpld_stream|Add24~38|Cout =>      macro_inst|cpld_stream|Add24~40|Cin 
        6.965    0.424   FF      macro_inst|cpld_stream|Add24~40|Cin =>   macro_inst|cpld_stream|Add24~40|LutOut 
        7.894    0.929   FF   macro_inst|cpld_stream|Add24~40|LutOut => macro_inst|cpld_stream|receive_remaining[20]|B E
    Required Time:   6.772
        6.667    6.667   R                          Latch Clock Edge
      Latch Clock Path:
        6.667    0.000   RR                  example_board|PLL_CLKIN =>                    PLL_CLKIN~input|padio 
        7.976    1.309   RR                    PLL_CLKIN~input|padio =>                  PLL_CLKIN~input|combout 
        8.203    0.227   RR                  PLL_CLKIN~input|combout =>       pll_inst|auto_generated|pll1|clkin 
      Compensation Path:
        4.267   -3.936   RR       pll_inst|auto_generated|pll1|clkfb =>    pll_inst|auto_generated|pll1|clkfbout 
        4.267   -0.000   RR    pll_inst|auto_generated|pll1|clkfbout =>       pll_inst|auto_generated|pll1|clkfb 
      Compensation Path End
        5.247    0.980   RR       pll_inst|auto_generated|pll1|clkin =>     pll_inst|auto_generated|pll1|clkout0 D
        5.247    0.000   RR     pll_inst|auto_generated|pll1|clkout0 => gclksw_inst|gclk_switch__alta_gclksw|clkin2 D
        5.649    0.402   RR gclksw_inst|gclk_switch__alta_gclksw|clkin2 => gclksw_inst|gclk_switch__alta_gclksw|clkout 
        5.762    0.113   RR gclksw_inst|gclk_switch__alta_gclksw|clkout =>            gclksw_inst|gclk_switch|inclk 
        5.762    0.000   RR            gclksw_inst|gclk_switch|inclk =>           gclksw_inst|gclk_switch|outclk 
        7.272    1.510   RR           gclksw_inst|gclk_switch|outclk =>               clken_ctrl_X47_Y2_N0|ClkIn 
        7.420    0.148   RR               clken_ctrl_X47_Y2_N0|ClkIn =>              clken_ctrl_X47_Y2_N0|ClkOut 
        7.551    0.131   RR              clken_ctrl_X47_Y2_N0|ClkOut => macro_inst|cpld_stream|receive_remaining[20]|Clk 
        6.762   -0.789   R                                     Setup
        6.772    0.010                               Clock Variation

