Thu Sep 10 15:45:27 2026
Using pre-ASF file example_board.pre.asf.
Total IO  : 150
Total Pin : 128/17
Top array is built.
Loading architect libraries...

## CPU time: 0:0:0, REAL time: 0:0:0
## Memory Usage: 53MB (53MB)
Loading route table...

## CPU time: 0:0:1, REAL time: 0:0:2
## Memory Usage: 318MB (318MB)
Using design VERILOG file ./simulation/modelsim/example_board.vo.
Using design VE file example_board.vex.
Preparing design...

Info: Rename duplicated module cell alta_rv32 to alta_rv32_duplicated at ./alta_db/flatten.vx:1956.
Info: Removing bbox feeder slice sys_ctrl_clkSource[0] driven by BBOX rv32|sys_ctrl_clkSource[0].
Info: Removing bbox feeder slice sys_ctrl_clkSource[1] driven by BBOX rv32|sys_ctrl_clkSource[1].
## CPU time: 0:0:0, REAL time: 0:0:0
## Memory Usage: 339MB (339MB)
Pseudo pack design...

Using location file example_board.vex
VCO frequency: 300.000 Mhz
  clkout0: Enabled , 150.000 Mhz
  clkout1: Disabled, 0.586 Mhz
  clkout2: Disabled, 0.586 Mhz
  clkout3: Disabled, 0.586 Mhz
  clkout4: Disabled, 0.586 Mhz
Info: Instance gclksw_inst|gclk_switch is identified as a clock switch.
Packing Statistics
 Total      Logics : 1931/2112 ( 91%)
 Total        LUTs : 1917/2112 ( 90%)
 Total   Registers :  934/2112 ( 44%)
 Total  Block Rams :    2/   4 ( 50%)
 Total        PLLs :    1/   1 (100%)
 Total        Pins :   44/ 128 ( 34%)
 Global    Signals :    6/   5 (120%)
                     MCU_SPI_CLK~inputclkctrl_outclk (from:                              MCU_SPI_CLK~input_o)
      auto_generated_inst.hbo_22_f9ff3d300b43c0f2_bp (from:   auto_generated_inst.hbo_22_f9ff3d300b43c0f2_bp)
        macro_inst|core_inst|ad_incr~0clkctrl_outclk (from:           macro_inst|core_inst|ad_incr~0_combout)
             macro_inst|core_inst|osc~clkctrl_outclk (from:                       macro_inst|core_inst|osc~q)
           macro_inst|legacy_spi_cs0~0clkctrl_outclk (from:              macro_inst|legacy_spi_cs0~0_combout)
                           sys_resetn~clkctrl_outclk (from:                               sys_resetn~combout)
 Total Lonely   Datain   : 55
 Total Lonely   Register : 14
 Total LUT-FF   Pairs    : 758
 Total Register Packings : 107
 Registers with synchronous    reset : 0
 Registers with asynchronous   reset : 579
 Registers with sync and async reset : 167
## CPU time: 0:0:0, REAL time: 0:0:1
## Memory Usage: 337MB (339MB)
Filter verilog...

## CPU time: 0:0:0, REAL time: 0:0:0
## Memory Usage: 338MB (339MB)
Reading DB design...

## CPU time: 0:0:0, REAL time: 0:0:0
## Memory Usage: 341MB (341MB)
Processing design...

Info: Found GCLK net macro_inst|core_inst|ad_incr~0clkctrl_outclk (3).
Info: Found GCLK net macro_inst|legacy_spi_cs0~0clkctrl_outclk (7).
Info: Found GCLK net sys_resetn~clkctrl_outclk (107).
Info: Found GCLK net macro_inst|core_inst|osc~clkctrl_outclk (8).
Info: Found GCLK net MCU_SPI_CLK~inputclkctrl_outclk (36).
Info: Found GCLK net auto_generated_inst.hbo_22_f9ff3d300b43c0f2_bp (158).
Info: Fixing net rv32.resetn_out, from rv32|resetn_out to gclksw_inst|gclk_switch__alta_gclksw|resetn.
Info: Fixing net PIN_HSE~input_o, from PIN_HSE~input|combout to gclksw_inst|gclk_switch__alta_gclksw|clkin1.
Info: Fixing net gclksw_inst|gclk_switch__alta_gclksw__clkout, from gclksw_inst|gclk_switch__alta_gclksw|clkout to rv32|sys_clk.
Info: Fixing net auto_generated_inst.hbo_13_1bc039b416d3bc4a_bp, from pll_inst|auto_generated|pll1|lock to rv32|sys_ctrl_pllReady.
Info: Slice ~VCC is removed.
Info: The input of IO PHI is disabled since all input pins are unused.
## CPU time: 0:0:0, REAL time: 0:0:0
## Memory Usage: 342MB (342MB)
Using design SDC file ./example_board.sdc.
Info: The input of IO PHI is disabled since all input pins are unused.
Info: Auto constraint PLL: create_generated_clock -name pll_inst|auto_generated|pll1|clk[0] -divide_by 4 -multiply_by 75 -add -source PLL_CLKIN -master_clock PIN_OSC pll_inst|auto_generated|pll1|clkout0.
Using ASF file example_board.asf.
************ DESIGN ASF ************

Info: The input of IO PHI is disabled since all input pins are unused.
Warn: Logic slice macro_inst|core_inst|cart_cs2_out~1 is used as a latch, output net: macro_inst|core_inst|cart_cs2_out~1_combout.
Warn: Logic slice macro_inst|core_inst|buf_miso_cs1[0]~5 is used as a latch, output net: macro_inst|core_inst|buf_miso_cs1[0]~5_combout.
Warn: Logic slice macro_inst|core_inst|buf_miso_cs1[1]~1 is used as a latch, output net: macro_inst|core_inst|buf_miso_cs1[1]~1_combout.
Warn: Logic slice macro_inst|core_inst|cart_a_oe~1 is used as a latch, output net: macro_inst|core_inst|cart_a_oe~1_combout.
Warn: Logic slice macro_inst|core_inst|cart_cs2_out~_emulated is used as a latch, output net: macro_inst|core_inst|cart_cs1_out~1_combout.
Warn: Logic slice macro_inst|core_inst|cart_ad_oe~1 is used as a latch, output net: macro_inst|core_inst|cart_ad_oe~1_combout.
Warn: Logic slice macro_inst|core_inst|cart_nRD_out~1 is used as a latch, output net: macro_inst|core_inst|cart_nRD_out~1_combout.
Warn: Logic slice macro_inst|core_inst|cart_nWR_out~1 is used as a latch, output net: macro_inst|core_inst|cart_nWR_out~1_combout.
Info: macro_inst|mode_guard|cpld_mode|Q is identified as a clock gate signal.
Warn: Auto constraint INTERNAL: create_clock -name Internal_generated_clock_example_board|ESP32_SPI2_CS_N -period 1000.000 ESP32_SPI2_CS_N.
Warn: Auto constraint INTERNAL: create_clock -name Internal_generated_clock_example_board|ESP32_SPI_CS1 -period 1000.000 ESP32_SPI_CS1.
Warn: Auto constraint INTERNAL: create_generated_clock -name Internal_generated_clock_macro_inst|core_inst|osc|Q -divide_by 2 -add -source PIN_HSE -master_clock PIN_HSE macro_inst|core_inst|osc|Q.
Warn: Auto constraint INTERNAL: create_generated_clock -name Internal_generated_clock_macro_inst|core_inst|osc|Q -divide_by 2 -add -source PIN_HSI -master_clock PIN_HSI macro_inst|core_inst|osc|Q.
Warn: Auto constraint INTERNAL: create_generated_clock -name Internal_generated_clock_macro_inst|core_inst|osc|Q -divide_by 2 -add -source pll_inst|auto_generated|pll1|clkout0 -master_clock pll_inst|auto_generated|pll1|clk[0] macro_inst|core_inst|osc|Q.
Placement Statistics
 Total  Logic    Counts  : 1930/2112 (91.4%)
 Total  Logic    Tiles   : 129/132 (97.7%)
 Total  Other    Tiles   : 2/4 (50.0%)
 Total  Valid    Nets    : 2533 (1393+1140)
 Total  Valid    Fanouts : 11196 (6641+4555)
 Total  Tile     Fanouts : 3241
 Tile   Zip      Fanins  : 19 (1:35)
 Tile   Zip      Fanouts : 30 (0:191)
 Total  Ignored  Nets    : 1644
 Total  Valid    Blocks  : 146 (124/20)
 Total  Ignored  Blocks  : 0
 Total  Zip Complexities : 1103/4162 1.86/2048.96
 Avg    Zip   Bottleneck : 6.11 66.29
 Avg    Net   Bottleneck : 20.16 702.91
Warn: Found CDC clock enable clken_ctrl_X59_Y11_N1|ClkEn, from clock Internal_generated_clock_example_board|ESP32_SPI2_CS_N to ESP_SPI_SCK.
Warn: Found CDC clock enable clken_ctrl_X59_Y11_N1|ClkEn, from clock Internal_generated_clock_example_board|ESP32_SPI2_CS_N to ESP_SPI_SCK.
Warn: Found CDC clock enable clken_ctrl_X59_Y11_N1|ClkEn, from clock PIN_HSI to ESP_SPI_SCK.
Warn: Found CDC clock enable clken_ctrl_X59_Y11_N1|ClkEn, from clock PIN_HSE to ESP_SPI_SCK.
Warn: Found CDC clock enable clken_ctrl_X59_Y11_N1|ClkEn, from clock pll_inst|auto_generated|pll1|clk[0] to ESP_SPI_SCK.
Warn: Found CDC clock enable clken_ctrl_X59_Y12_N0|ClkEn, from clock Internal_generated_clock_example_board|ESP32_SPI2_CS_N to Internal_generated_clock_macro_inst|core_inst|osc|Q.
Warn: Found CDC clock enable clken_ctrl_X59_Y12_N0|ClkEn, from clock Internal_generated_clock_example_board|ESP32_SPI2_CS_N to Internal_generated_clock_macro_inst|core_inst|osc|Q.
Warn: Found CDC clock enable clken_ctrl_X59_Y12_N0|ClkEn, from clock Internal_generated_clock_example_board|ESP32_SPI_CS1 to Internal_generated_clock_macro_inst|core_inst|osc|Q.
Warn: Found CDC clock enable clken_ctrl_X59_Y12_N0|ClkEn, from clock Internal_generated_clock_example_board|ESP32_SPI_CS1 to Internal_generated_clock_macro_inst|core_inst|osc|Q.
Warn: Found CDC clock enable clken_ctrl_X60_Y10_N1|ClkEn, from clock Internal_generated_clock_example_board|ESP32_SPI_CS1 to ESP_SPI_SCK.
Warn: Found CDC clock enable clken_ctrl_X60_Y10_N1|ClkEn, from clock Internal_generated_clock_example_board|ESP32_SPI_CS1 to ESP_SPI_SCK.
Warn: Found CDC clock enable clken_ctrl_X60_Y10_N1|ClkEn, from clock Internal_generated_clock_example_board|ESP32_SPI2_CS_N to ESP_SPI_SCK.
Warn: Found CDC clock enable clken_ctrl_X60_Y10_N1|ClkEn, from clock Internal_generated_clock_example_board|ESP32_SPI2_CS_N to ESP_SPI_SCK.
Warn: Found CDC clock enable clken_ctrl_X60_Y11_N1|ClkEn, from clock Internal_generated_clock_example_board|ESP32_SPI2_CS_N to ESP_SPI_SCK.
Warn: Found CDC clock enable clken_ctrl_X60_Y11_N1|ClkEn, from clock Internal_generated_clock_example_board|ESP32_SPI2_CS_N to ESP_SPI_SCK.
Warn: Found CDC clock enable clken_ctrl_X60_Y11_N1|ClkEn, from clock PIN_HSI to ESP_SPI_SCK.
Warn: Found CDC clock enable clken_ctrl_X60_Y11_N1|ClkEn, from clock PIN_HSE to ESP_SPI_SCK.
Warn: Found CDC clock enable clken_ctrl_X60_Y11_N1|ClkEn, from clock pll_inst|auto_generated|pll1|clk[0] to ESP_SPI_SCK.
Warn: Found CDC clock enable clken_ctrl_X60_Y12_N0|ClkEn, from clock Internal_generated_clock_example_board|ESP32_SPI2_CS_N to Internal_generated_clock_macro_inst|core_inst|osc|Q.
Warn: Found CDC clock enable clken_ctrl_X60_Y12_N0|ClkEn, from clock Internal_generated_clock_example_board|ESP32_SPI2_CS_N to Internal_generated_clock_macro_inst|core_inst|osc|Q.
Warn: Found CDC clock enable clken_ctrl_X60_Y12_N0|ClkEn, from clock Internal_generated_clock_example_board|ESP32_SPI_CS1 to Internal_generated_clock_macro_inst|core_inst|osc|Q.
Warn: Found CDC clock enable clken_ctrl_X60_Y12_N0|ClkEn, from clock Internal_generated_clock_example_board|ESP32_SPI_CS1 to Internal_generated_clock_macro_inst|core_inst|osc|Q.
Warn: Found CDC clock enable clken_ctrl_X60_Y4_N1|ClkEn, from clock Internal_generated_clock_example_board|ESP32_SPI2_CS_N to ESP_SPI_SCK.
Warn: Found CDC clock enable clken_ctrl_X60_Y4_N1|ClkEn, from clock Internal_generated_clock_example_board|ESP32_SPI2_CS_N to ESP_SPI_SCK.
Warn: Found CDC clock enable clken_ctrl_X60_Y4_N1|ClkEn, from clock Internal_generated_clock_example_board|ESP32_SPI_CS1 to ESP_SPI_SCK.
Warn: Found CDC clock enable clken_ctrl_X60_Y4_N1|ClkEn, from clock Internal_generated_clock_example_board|ESP32_SPI_CS1 to ESP_SPI_SCK.
Warn: Found CDC clock enable clken_ctrl_X60_Y4_N1|ClkEn, from clock PIN_HSI to ESP_SPI_SCK.
Warn: Found CDC clock enable clken_ctrl_X60_Y4_N1|ClkEn, from clock PIN_HSE to ESP_SPI_SCK.
Warn: Found CDC clock enable clken_ctrl_X60_Y4_N1|ClkEn, from clock pll_inst|auto_generated|pll1|clk[0] to ESP_SPI_SCK.
Warn: Found CDC clock enable clken_ctrl_X60_Y8_N0|ClkEn, from clock Internal_generated_clock_example_board|ESP32_SPI2_CS_N to ESP_SPI_SCK.
Warn: Found CDC clock enable clken_ctrl_X60_Y8_N0|ClkEn, from clock Internal_generated_clock_example_board|ESP32_SPI2_CS_N to ESP_SPI_SCK.
Warn: Found CDC clock enable clken_ctrl_X60_Y8_N0|ClkEn, from clock Internal_generated_clock_example_board|ESP32_SPI_CS1 to ESP_SPI_SCK.
Warn: Found CDC clock enable clken_ctrl_X60_Y8_N0|ClkEn, from clock Internal_generated_clock_example_board|ESP32_SPI_CS1 to ESP_SPI_SCK.
Warn: Found CDC clock enable clken_ctrl_X60_Y9_N0|ClkEn, from clock Internal_generated_clock_example_board|ESP32_SPI_CS1 to ESP_SPI_SCK.
Warn: Found CDC clock enable clken_ctrl_X60_Y9_N0|ClkEn, from clock Internal_generated_clock_example_board|ESP32_SPI_CS1 to ESP_SPI_SCK.
Warn: Found CDC clock enable clken_ctrl_X60_Y9_N0|ClkEn, from clock PIN_HSI to ESP_SPI_SCK.
Warn: Found CDC clock enable clken_ctrl_X60_Y9_N0|ClkEn, from clock PIN_HSE to ESP_SPI_SCK.
Warn: Found CDC clock enable clken_ctrl_X60_Y9_N0|ClkEn, from clock pll_inst|auto_generated|pll1|clk[0] to ESP_SPI_SCK.
Warn: Found CDC clock enable clken_ctrl_X60_Y9_N0|ClkEn, from clock Internal_generated_clock_example_board|ESP32_SPI2_CS_N to ESP_SPI_SCK.
Warn: Found CDC clock enable clken_ctrl_X60_Y9_N0|ClkEn, from clock Internal_generated_clock_example_board|ESP32_SPI2_CS_N to ESP_SPI_SCK.
Warn: Found CDC clock enable clken_ctrl_X61_Y11_N0|ClkEn, from clock Internal_generated_clock_example_board|ESP32_SPI2_CS_N to ESP_SPI_SCK.
Warn: Found CDC clock enable clken_ctrl_X61_Y11_N0|ClkEn, from clock Internal_generated_clock_example_board|ESP32_SPI2_CS_N to ESP_SPI_SCK.
Warn: Found CDC clock enable clken_ctrl_X61_Y11_N0|ClkEn, from clock PIN_HSI to ESP_SPI_SCK.
Warn: Found CDC clock enable clken_ctrl_X61_Y11_N0|ClkEn, from clock PIN_HSE to ESP_SPI_SCK.
Warn: Found CDC clock enable clken_ctrl_X61_Y11_N0|ClkEn, from clock pll_inst|auto_generated|pll1|clk[0] to ESP_SPI_SCK.
Warn: Found CDC clock enable clken_ctrl_X61_Y4_N1|ClkEn, from clock Internal_generated_clock_example_board|ESP32_SPI2_CS_N to ESP_SPI_SCK.
Warn: Found CDC clock enable clken_ctrl_X61_Y4_N1|ClkEn, from clock Internal_generated_clock_example_board|ESP32_SPI2_CS_N to ESP_SPI_SCK.
Warn: Found CDC clock enable clken_ctrl_X61_Y4_N1|ClkEn, from clock Internal_generated_clock_example_board|ESP32_SPI_CS1 to ESP_SPI_SCK.
Warn: Found CDC clock enable clken_ctrl_X61_Y4_N1|ClkEn, from clock Internal_generated_clock_example_board|ESP32_SPI_CS1 to ESP_SPI_SCK.
Warn: Found CDC clock enable clken_ctrl_X61_Y4_N1|ClkEn, from clock PIN_HSI to ESP_SPI_SCK.
Warn: Found CDC clock enable clken_ctrl_X61_Y4_N1|ClkEn, from clock PIN_HSE to ESP_SPI_SCK.
Warn: Found CDC clock enable clken_ctrl_X61_Y4_N1|ClkEn, from clock pll_inst|auto_generated|pll1|clk[0] to ESP_SPI_SCK.
Warn: Found CDC clock enable clken_ctrl_X61_Y7_N0|ClkEn, from clock Internal_generated_clock_example_board|ESP32_SPI2_CS_N to ESP_SPI_SCK.
Warn: Found CDC clock enable clken_ctrl_X61_Y7_N0|ClkEn, from clock Internal_generated_clock_example_board|ESP32_SPI2_CS_N to ESP_SPI_SCK.
Warn: Found CDC clock enable clken_ctrl_X61_Y7_N0|ClkEn, from clock Internal_generated_clock_example_board|ESP32_SPI_CS1 to ESP_SPI_SCK.
Warn: Found CDC clock enable clken_ctrl_X61_Y7_N0|ClkEn, from clock Internal_generated_clock_example_board|ESP32_SPI_CS1 to ESP_SPI_SCK.
Warn: Found CDC clock enable clken_ctrl_X61_Y7_N0|ClkEn, from clock PIN_HSI to ESP_SPI_SCK.
Warn: Found CDC clock enable clken_ctrl_X61_Y7_N0|ClkEn, from clock PIN_HSE to ESP_SPI_SCK.
Warn: Found CDC clock enable clken_ctrl_X61_Y7_N0|ClkEn, from clock pll_inst|auto_generated|pll1|clk[0] to ESP_SPI_SCK.
Warn: Found CDC clock enable clken_ctrl_X62_Y10_N1|ClkEn, from clock Internal_generated_clock_example_board|ESP32_SPI2_CS_N to Internal_generated_clock_macro_inst|core_inst|osc|Q.
Warn: Found CDC clock enable clken_ctrl_X62_Y10_N1|ClkEn, from clock Internal_generated_clock_example_board|ESP32_SPI2_CS_N to Internal_generated_clock_macro_inst|core_inst|osc|Q.
Warn: Found CDC clock enable clken_ctrl_X62_Y10_N1|ClkEn, from clock Internal_generated_clock_example_board|ESP32_SPI_CS1 to Internal_generated_clock_macro_inst|core_inst|osc|Q.
Warn: Found CDC clock enable clken_ctrl_X62_Y10_N1|ClkEn, from clock Internal_generated_clock_example_board|ESP32_SPI_CS1 to Internal_generated_clock_macro_inst|core_inst|osc|Q.
Warn: Found CDC clock enable clken_ctrl_X62_Y11_N1|ClkEn, from clock Internal_generated_clock_example_board|ESP32_SPI2_CS_N to Internal_generated_clock_macro_inst|core_inst|osc|Q.
Warn: Found CDC clock enable clken_ctrl_X62_Y11_N1|ClkEn, from clock Internal_generated_clock_example_board|ESP32_SPI2_CS_N to Internal_generated_clock_macro_inst|core_inst|osc|Q.
Warn: Found CDC clock enable clken_ctrl_X62_Y11_N1|ClkEn, from clock Internal_generated_clock_example_board|ESP32_SPI_CS1 to Internal_generated_clock_macro_inst|core_inst|osc|Q.
Warn: Found CDC clock enable clken_ctrl_X62_Y11_N1|ClkEn, from clock Internal_generated_clock_example_board|ESP32_SPI_CS1 to Internal_generated_clock_macro_inst|core_inst|osc|Q.
Warn: Found CDC clock enable clken_ctrl_X62_Y12_N1|ClkEn, from clock Internal_generated_clock_example_board|ESP32_SPI2_CS_N to Internal_generated_clock_macro_inst|core_inst|osc|Q.
Warn: Found CDC clock enable clken_ctrl_X62_Y12_N1|ClkEn, from clock Internal_generated_clock_example_board|ESP32_SPI2_CS_N to Internal_generated_clock_macro_inst|core_inst|osc|Q.
Warn: Found CDC clock enable clken_ctrl_X62_Y12_N1|ClkEn, from clock Internal_generated_clock_example_board|ESP32_SPI_CS1 to Internal_generated_clock_macro_inst|core_inst|osc|Q.
Warn: Found CDC clock enable clken_ctrl_X62_Y12_N1|ClkEn, from clock Internal_generated_clock_example_board|ESP32_SPI_CS1 to Internal_generated_clock_macro_inst|core_inst|osc|Q.
Warn: Found CDC clock enable clken_ctrl_X62_Y8_N0|ClkEn, from clock Internal_generated_clock_example_board|ESP32_SPI2_CS_N to ESP_SPI_SCK.
Warn: Found CDC clock enable clken_ctrl_X62_Y8_N0|ClkEn, from clock Internal_generated_clock_example_board|ESP32_SPI2_CS_N to ESP_SPI_SCK.
Warn: Found CDC clock enable clken_ctrl_X62_Y8_N0|ClkEn, from clock PIN_HSI to ESP_SPI_SCK.
Warn: Found CDC clock enable clken_ctrl_X62_Y8_N0|ClkEn, from clock PIN_HSE to ESP_SPI_SCK.
Warn: Found CDC clock enable clken_ctrl_X62_Y8_N0|ClkEn, from clock pll_inst|auto_generated|pll1|clk[0] to ESP_SPI_SCK.
Warn: Found CDC clock enable clken_ctrl_X62_Y8_N0|ClkEn, from clock Internal_generated_clock_example_board|ESP32_SPI_CS1 to ESP_SPI_SCK.
Warn: Found CDC clock enable clken_ctrl_X62_Y8_N0|ClkEn, from clock Internal_generated_clock_example_board|ESP32_SPI_CS1 to ESP_SPI_SCK.
Warn: Found CDC clock enable clken_ctrl_X62_Y8_N1|ClkEn, from clock Internal_generated_clock_example_board|ESP32_SPI2_CS_N to ESP_SPI_SCK.
Warn: Found CDC clock enable clken_ctrl_X62_Y8_N1|ClkEn, from clock Internal_generated_clock_example_board|ESP32_SPI2_CS_N to ESP_SPI_SCK.
Warn: Found CDC clock enable clken_ctrl_X62_Y8_N1|ClkEn, from clock PIN_HSI to ESP_SPI_SCK.
Warn: Found CDC clock enable clken_ctrl_X62_Y8_N1|ClkEn, from clock PIN_HSE to ESP_SPI_SCK.
Warn: Found CDC clock enable clken_ctrl_X62_Y8_N1|ClkEn, from clock pll_inst|auto_generated|pll1|clk[0] to ESP_SPI_SCK.
Warn: Found CDC clock enable clken_ctrl_X62_Y8_N1|ClkEn, from clock Internal_generated_clock_example_board|ESP32_SPI_CS1 to ESP_SPI_SCK.
Warn: Found CDC clock enable clken_ctrl_X62_Y8_N1|ClkEn, from clock Internal_generated_clock_example_board|ESP32_SPI_CS1 to ESP_SPI_SCK.
Iter #1/1 ...
Pass 1 #1/2 ...
Partitioning...
 step = 3, partition : 2,2
....................
 step = 4, partition : 2,2
....................

## CPU time: 0:0:3, REAL time: 0:0:3
Pass 1 #2/2 ...
Partitioning...
 step = 3, partition : 2,2
....................
 step = 4, partition : 2,2
....................

## CPU time: 0:0:3, REAL time: 0:0:3
Pass 2 #1/1 ...
Legalization and Swapping...
..........

## CPU time: 0:0:2, REAL time: 0:0:3
Pass 3 #1/1 ...
Touchup...


## CPU time: 0:0:0, REAL time: 0:0:0
Pass 4 #1/1 ...
Optimization...
............................................................
Finishing...

## CPU time: 0:0:6, REAL time: 0:0:7
Total wire cost after placement: -0.753333:-0.113:0.644(-0.753333:-0.113) 6347.48(945.717)+21239(23)+8918.65 7622.57(3560.11)+3506.25


*** Post Placement Timing Report ***

=== User constraints ===
Fmax report
  User constraint:  40.000MHz, Fmax: 100.230MHz, Clock: ESP_SPI_SCK
  User constraint:   8.000MHz, Fmax: 135.777MHz, Clock: PIN_HSE
  User constraint:  10.000MHz, Fmax: 135.777MHz, Clock: PIN_HSI
  User constraint: 150.000MHz, Fmax: 135.777MHz, Clock: pll_inst|auto_generated|pll1|clk[0]

Clock transfer report:
  Worst setup:  15.023, with clock ESP_SPI_SCK
  Worst setup: 117.635, with clock PIN_HSE
  Worst setup:  92.635, with clock PIN_HSI
  Worst setup:  -0.698, with clock pll_inst|auto_generated|pll1|clk[0]

  Worst  hold:   0.615, with clock ESP_SPI_SCK
  Worst  hold:   0.615, with clock PIN_HSE
  Worst  hold:   0.615, with clock PIN_HSI
  Worst  hold:   0.615, with clock pll_inst|auto_generated|pll1|clk[0]

=== Auto constraints ===
Fmax report
  User constraint:  75.000MHz, Fmax: 118.906MHz, Clock: Internal_generated_clock_macro_inst|core_inst|osc|Q

Clock transfer report:
  Worst setup:   4.923, with clock Internal_generated_clock_macro_inst|core_inst|osc|Q
  Worst setup: 998.394, from clock Internal_generated_clock_example_board|ESP32_SPI2_CS_N to Internal_generated_clock_example_board|ESP32_SPI_CS1
  Worst setup:  10.662, from clock Internal_generated_clock_example_board|ESP32_SPI2_CS_N to Internal_generated_clock_macro_inst|core_inst|osc|Q
  Worst setup:   0.275, from clock Internal_generated_clock_example_board|ESP32_SPI2_CS_N to pll_inst|auto_generated|pll1|clk[0]
  Worst setup:  10.651, from clock Internal_generated_clock_example_board|ESP32_SPI_CS1 to Internal_generated_clock_macro_inst|core_inst|osc|Q
  Worst setup:  -0.072, from clock Internal_generated_clock_example_board|ESP32_SPI_CS1 to pll_inst|auto_generated|pll1|clk[0]
  Worst setup:   5.854, from clock Internal_generated_clock_macro_inst|core_inst|osc|Q to pll_inst|auto_generated|pll1|clk[0]

  Worst  hold:   0.615, with clock Internal_generated_clock_macro_inst|core_inst|osc|Q
  Worst  hold:  -3.612, from clock Internal_generated_clock_example_board|ESP32_SPI2_CS_N to Internal_generated_clock_example_board|ESP32_SPI_CS1
  Worst  hold:  -0.040, from clock Internal_generated_clock_example_board|ESP32_SPI2_CS_N to Internal_generated_clock_macro_inst|core_inst|osc|Q
  Worst  hold:   3.123, from clock Internal_generated_clock_example_board|ESP32_SPI2_CS_N to pll_inst|auto_generated|pll1|clk[0]
  Worst  hold:   0.031, from clock Internal_generated_clock_example_board|ESP32_SPI_CS1 to Internal_generated_clock_macro_inst|core_inst|osc|Q
  Worst  hold:   3.573, from clock Internal_generated_clock_example_board|ESP32_SPI_CS1 to pll_inst|auto_generated|pll1|clk[0]
  Worst  hold:   0.615, from clock Internal_generated_clock_macro_inst|core_inst|osc|Q to pll_inst|auto_generated|pll1|clk[0]

Coverage report
  User constraints covered 7731 connections out of 8616 total, coverage: 89.7%
  Auto constraints covered 8194 connections out of 8616 total, coverage: 95.1%


Hold from ESP32_SPI2_CS_N to macro_inst|core_inst|buf_miso_cs1[1]~1, clock Internal_generated_clock_example_board|ESP32_SPI2_CS_N to Internal_generated_clock_example_board|ESP32_SPI_CS1, constraint 0.000, skew 9.403, data 5.465
  Slack:  -3.612
    Arrival Time:  505.455
    Required Time: 509.067

*** End Timing Report ***



route_design -dump ./alta_db/route.tx -replace ./alta_db/replace.tx 

Route Design Statistics
 Total Routing Nets : 2534
 Fanout     Average : 3.42 (1..160)
 Max   Fanout  Net  : macro_inst|mode_guard|cpld_mode~q
 Logic       Slices : 1930/2112 (91.4%)

Routing...
 Budget Useful Skew...
## CPU time: 0:0:0, REAL time: 0:0:1
 iter = 1/1, route#: 2534, violation# : 1945, overflow# : 1689, conflict# : 1328, node#: 16102
## CPU time: 0:0:0, REAL time: 0:0:1
 iter = 2/2, route#: 2534, violation# : 1348, overflow# : 1300, conflict# : 1079, node#: 17088
## CPU time: 0:0:1, REAL time: 0:0:1
 iter = 3/3, route#: 2534, violation# : 726, overflow# : 712, conflict# : 685, node#: 17898
## CPU time: 0:0:1, REAL time: 0:0:2
 iter = 4/4, route#: 2534, violation# : 316, overflow# : 316, conflict# : 372, node#: 18500
## CPU time: 0:0:2, REAL time: 0:0:2
 iter = 5/5, route#: 2534, violation# : 208, overflow# : 208, conflict# : 270, node#: 18756
## CPU time: 0:0:2, REAL time: 0:0:2
 iter = 6/6, route#: 2534, violation# : 130, overflow# : 130, conflict# : 189, node#: 18978
## CPU time: 0:0:2, REAL time: 0:0:3
 iter = 7/7, route#: 2534, violation# : 124, overflow# : 124, conflict# : 183, node#: 19062
## CPU time: 0:0:2, REAL time: 0:0:3
 iter = 8/4, route#: 381, violation# : 231, overflow# : 231, conflict# : 268, node#: 18718
## CPU time: 0:0:3, REAL time: 0:0:3
 iter = 9/5, route#: 312, violation# : 121, overflow# : 121, conflict# : 172, node#: 18911
## CPU time: 0:0:3, REAL time: 0:0:3
 iter = 10/6, route#: 248, violation# : 83, overflow# : 83, conflict# : 128, node#: 19073
## CPU time: 0:0:3, REAL time: 0:0:4
 iter = 11/7, route#: 247, violation# : 77, overflow# : 77, conflict# : 118, node#: 19193
## CPU time: 0:0:3, REAL time: 0:0:4
 iter = 12/8, route#: 227, violation# : 59, overflow# : 59, conflict# : 97, node#: 19274
## CPU time: 0:0:3, REAL time: 0:0:4
 iter = 13/9, route#: 229, violation# : 50, overflow# : 50, conflict# : 78, node#: 19313
## CPU time: 0:0:4, REAL time: 0:0:4
 iter = 14/4, route#: 345, violation# : 181, overflow# : 181, conflict# : 227, node#: 18884
## CPU time: 0:0:4, REAL time: 0:0:4
 iter = 15/5, route#: 264, violation# : 79, overflow# : 79, conflict# : 131, node#: 19020
## CPU time: 0:0:4, REAL time: 0:0:5
 iter = 16/6, route#: 229, violation# : 69, overflow# : 69, conflict# : 113, node#: 19104
## CPU time: 0:0:4, REAL time: 0:0:5
 iter = 17/7, route#: 215, violation# : 45, overflow# : 45, conflict# : 77, node#: 19169
## CPU time: 0:0:4, REAL time: 0:0:5
 iter = 18/8, route#: 190, violation# : 38, overflow# : 38, conflict# : 69, node#: 19272
## CPU time: 0:0:4, REAL time: 0:0:5
 iter = 19/9, route#: 183, violation# : 34, overflow# : 34, conflict# : 59, node#: 19320
## CPU time: 0:0:5, REAL time: 0:0:5
 iter = 20/5, route#: 83, violation# : 64, overflow# : 64, conflict# : 83, node#: 19181
## CPU time: 0:0:5, REAL time: 0:0:5
 iter = 21/6, route#: 96, violation# : 56, overflow# : 56, conflict# : 81, node#: 19288
## CPU time: 0:0:5, REAL time: 0:0:5
 iter = 22/7, route#: 96, violation# : 36, overflow# : 36, conflict# : 60, node#: 19293
## CPU time: 0:0:5, REAL time: 0:0:5
 iter = 23/8, route#: 75, violation# : 35, overflow# : 35, conflict# : 57, node#: 19383
## CPU time: 0:0:5, REAL time: 0:0:5
 iter = 24/9, route#: 66, violation# : 29, overflow# : 29, conflict# : 51, node#: 19421
## CPU time: 0:0:5, REAL time: 0:0:6
 iter = 25/10, route#: 63, violation# : 33, overflow# : 33, conflict# : 53, node#: 19423
## CPU time: 0:0:5, REAL time: 0:0:6
 iter = 26/5, route#: 71, violation# : 46, overflow# : 46, conflict# : 68, node#: 19318
## CPU time: 0:0:5, REAL time: 0:0:6
 iter = 27/6, route#: 77, violation# : 35, overflow# : 35, conflict# : 56, node#: 19333
## CPU time: 0:0:5, REAL time: 0:0:6
 iter = 28/7, route#: 71, violation# : 27, overflow# : 27, conflict# : 47, node#: 19364
## CPU time: 0:0:5, REAL time: 0:0:6
 iter = 29/8, route#: 48, violation# : 21, overflow# : 21, conflict# : 37, node#: 19388
## CPU time: 0:0:5, REAL time: 0:0:6
 iter = 30/9, route#: 47, violation# : 19, overflow# : 19, conflict# : 34, node#: 19424
## CPU time: 0:0:5, REAL time: 0:0:6
 iter = 31/10, route#: 42, violation# : 19, overflow# : 19, conflict# : 33, node#: 19432
## CPU time: 0:0:5, REAL time: 0:0:6
 iter = 32/5, route#: 68, violation# : 40, overflow# : 40, conflict# : 59, node#: 19347
## CPU time: 0:0:5, REAL time: 0:0:6
 iter = 33/6, route#: 52, violation# : 23, overflow# : 23, conflict# : 39, node#: 19382
## CPU time: 0:0:5, REAL time: 0:0:6
 iter = 34/7, route#: 48, violation# : 21, overflow# : 21, conflict# : 37, node#: 19407
## CPU time: 0:0:5, REAL time: 0:0:6
 iter = 35/8, route#: 43, violation# : 18, overflow# : 18, conflict# : 35, node#: 19427
## CPU time: 0:0:6, REAL time: 0:0:6
 iter = 36/9, route#: 42, violation# : 21, overflow# : 21, conflict# : 35, node#: 19434
## CPU time: 0:0:6, REAL time: 0:0:6
 iter = 37/10, route#: 37, violation# : 17, overflow# : 17, conflict# : 31, node#: 19430
## CPU time: 0:0:6, REAL time: 0:0:6
 iter = 38/5, route#: 40, violation# : 29, overflow# : 29, conflict# : 43, node#: 19377
## CPU time: 0:0:6, REAL time: 0:0:6
 iter = 39/6, route#: 55, violation# : 25, overflow# : 25, conflict# : 39, node#: 19384
## CPU time: 0:0:6, REAL time: 0:0:6
 iter = 40/7, route#: 51, violation# : 26, overflow# : 26, conflict# : 36, node#: 19414
## CPU time: 0:0:6, REAL time: 0:0:6
 iter = 41/8, route#: 40, violation# : 17, overflow# : 17, conflict# : 27, node#: 19427
## CPU time: 0:0:6, REAL time: 0:0:6
 iter = 42/9, route#: 37, violation# : 19, overflow# : 19, conflict# : 30, node#: 19482
## CPU time: 0:0:6, REAL time: 0:0:7
 iter = 43/10, route#: 34, violation# : 12, overflow# : 12, conflict# : 24, node#: 19520
## CPU time: 0:0:6, REAL time: 0:0:7
 iter = 44/5, route#: 82, violation# : 62, overflow# : 62, conflict# : 61, node#: 19337
## CPU time: 0:0:6, REAL time: 0:0:7
 iter = 45/6, route#: 64, violation# : 26, overflow# : 26, conflict# : 40, node#: 19407
## CPU time: 0:0:6, REAL time: 0:0:7
 iter = 46/7, route#: 46, violation# : 21, overflow# : 21, conflict# : 34, node#: 19432
## CPU time: 0:0:6, REAL time: 0:0:7
 iter = 47/8, route#: 39, violation# : 19, overflow# : 19, conflict# : 30, node#: 19459
## CPU time: 0:0:6, REAL time: 0:0:7
 iter = 48/9, route#: 38, violation# : 22, overflow# : 22, conflict# : 33, node#: 19472
## CPU time: 0:0:6, REAL time: 0:0:7
 iter = 49/10, route#: 36, violation# : 15, overflow# : 15, conflict# : 26, node#: 19498
## CPU time: 0:0:6, REAL time: 0:0:7
 iter = 50/5, route#: 55, violation# : 32, overflow# : 32, conflict# : 50, node#: 19413
## CPU time: 0:0:7, REAL time: 0:0:7
 iter = 51/6, route#: 47, violation# : 21, overflow# : 21, conflict# : 36, node#: 19457
## CPU time: 0:0:7, REAL time: 0:0:7
 iter = 52/7, route#: 38, violation# : 20, overflow# : 20, conflict# : 30, node#: 19455
## CPU time: 0:0:7, REAL time: 0:0:7
 iter = 53/8, route#: 35, violation# : 15, overflow# : 15, conflict# : 24, node#: 19491
## CPU time: 0:0:7, REAL time: 0:0:7
 iter = 54/9, route#: 29, violation# : 13, overflow# : 13, conflict# : 22, node#: 19526
## CPU time: 0:0:7, REAL time: 0:0:7
 iter = 55/10, route#: 24, violation# : 10, overflow# : 10, conflict# : 17, node#: 19511
## CPU time: 0:0:7, REAL time: 0:0:7
 iter = 56/5, route#: 22, violation# : 13, overflow# : 13, conflict# : 22, node#: 19474
## CPU time: 0:0:7, REAL time: 0:0:7
 iter = 57/6, route#: 34, violation# : 17, overflow# : 17, conflict# : 30, node#: 19471
## CPU time: 0:0:7, REAL time: 0:0:7
 iter = 58/7, route#: 47, violation# : 20, overflow# : 20, conflict# : 29, node#: 19496
## CPU time: 0:0:7, REAL time: 0:0:7
 iter = 59/8, route#: 26, violation# : 12, overflow# : 12, conflict# : 20, node#: 19517
## CPU time: 0:0:7, REAL time: 0:0:7
 iter = 60/9, route#: 24, violation# : 13, overflow# : 13, conflict# : 21, node#: 19534
## CPU time: 0:0:7, REAL time: 0:0:7
 iter = 61/10, route#: 28, violation# : 13, overflow# : 13, conflict# : 21, node#: 19555
## CPU time: 0:0:7, REAL time: 0:0:7
 iter = 62/5, route#: 33, violation# : 27, overflow# : 27, conflict# : 37, node#: 19499
## CPU time: 0:0:7, REAL time: 0:0:7
 iter = 63/6, route#: 39, violation# : 19, overflow# : 19, conflict# : 33, node#: 19509
## CPU time: 0:0:7, REAL time: 0:0:8
 iter = 64/7, route#: 32, violation# : 16, overflow# : 16, conflict# : 27, node#: 19533
## CPU time: 0:0:7, REAL time: 0:0:8
 iter = 65/8, route#: 29, violation# : 16, overflow# : 16, conflict# : 26, node#: 19542
## CPU time: 0:0:7, REAL time: 0:0:8
 iter = 66/9, route#: 27, violation# : 12, overflow# : 12, conflict# : 21, node#: 19550
## CPU time: 0:0:7, REAL time: 0:0:8
 iter = 67/10, route#: 30, violation# : 15, overflow# : 15, conflict# : 23, node#: 19571
## CPU time: 0:0:7, REAL time: 0:0:8
 iter = 68/5, route#: 25, violation# : 16, overflow# : 16, conflict# : 25, node#: 19543
## CPU time: 0:0:7, REAL time: 0:0:8
 iter = 69/6, route#: 37, violation# : 21, overflow# : 21, conflict# : 31, node#: 19508
## CPU time: 0:0:7, REAL time: 0:0:8
 iter = 70/7, route#: 51, violation# : 27, overflow# : 27, conflict# : 37, node#: 19522
## CPU time: 0:0:7, REAL time: 0:0:8
 iter = 71/8, route#: 42, violation# : 23, overflow# : 23, conflict# : 33, node#: 19541
## CPU time: 0:0:7, REAL time: 0:0:8
 iter = 72/9, route#: 46, violation# : 23, overflow# : 23, conflict# : 33, node#: 19565
## CPU time: 0:0:7, REAL time: 0:0:8
 iter = 73/10, route#: 30, violation# : 15, overflow# : 15, conflict# : 25, node#: 19606
## CPU time: 0:0:7, REAL time: 0:0:8
 iter = 74/5, route#: 35, violation# : 24, overflow# : 24, conflict# : 36, node#: 19537
## CPU time: 0:0:7, REAL time: 0:0:8
 iter = 75/6, route#: 43, violation# : 20, overflow# : 20, conflict# : 31, node#: 19554
## CPU time: 0:0:7, REAL time: 0:0:8
 iter = 76/7, route#: 35, violation# : 18, overflow# : 18, conflict# : 26, node#: 19574
## CPU time: 0:0:7, REAL time: 0:0:8
 iter = 77/8, route#: 29, violation# : 14, overflow# : 14, conflict# : 24, node#: 19600
## CPU time: 0:0:7, REAL time: 0:0:8
 iter = 78/9, route#: 30, violation# : 10, overflow# : 10, conflict# : 18, node#: 19621
## CPU time: 0:0:7, REAL time: 0:0:8
 iter = 79/10, route#: 20, violation# : 12, overflow# : 12, conflict# : 16, node#: 19641
## CPU time: 0:0:8, REAL time: 0:0:8
 iter = 80/5, route#: 39, violation# : 24, overflow# : 24, conflict# : 34, node#: 19598
## CPU time: 0:0:8, REAL time: 0:0:8
 iter = 81/6, route#: 46, violation# : 25, overflow# : 25, conflict# : 37, node#: 19595
## CPU time: 0:0:8, REAL time: 0:0:8
 iter = 82/7, route#: 36, violation# : 14, overflow# : 14, conflict# : 23, node#: 19593
## CPU time: 0:0:8, REAL time: 0:0:8
 iter = 83/8, route#: 26, violation# : 10, overflow# : 10, conflict# : 16, node#: 19641
## CPU time: 0:0:8, REAL time: 0:0:8
 iter = 84/9, route#: 27, violation# : 14, overflow# : 14, conflict# : 23, node#: 19604
## CPU time: 0:0:8, REAL time: 0:0:8
 iter = 85/10, route#: 27, violation# : 13, overflow# : 13, conflict# : 24, node#: 19611
## CPU time: 0:0:8, REAL time: 0:0:8
 iter = 86/5, route#: 37, violation# : 25, overflow# : 25, conflict# : 35, node#: 19551
## CPU time: 0:0:8, REAL time: 0:0:8
 iter = 87/6, route#: 35, violation# : 18, overflow# : 18, conflict# : 24, node#: 19546
## CPU time: 0:0:8, REAL time: 0:0:8
 iter = 88/7, route#: 32, violation# : 15, overflow# : 15, conflict# : 24, node#: 19581
## CPU time: 0:0:8, REAL time: 0:0:8
 iter = 89/8, route#: 21, violation# : 8, overflow# : 8, conflict# : 15, node#: 19577
## CPU time: 0:0:8, REAL time: 0:0:9
 iter = 90/9, route#: 16, violation# : 8, overflow# : 8, conflict# : 14, node#: 19596
## CPU time: 0:0:8, REAL time: 0:0:9
 iter = 91/10, route#: 15, violation# : 8, overflow# : 8, conflict# : 13, node#: 19602
## CPU time: 0:0:8, REAL time: 0:0:9
 iter = 92/5, route#: 15, violation# : 12, overflow# : 12, conflict# : 17, node#: 19586
## CPU time: 0:0:8, REAL time: 0:0:9
 iter = 93/6, route#: 26, violation# : 16, overflow# : 16, conflict# : 25, node#: 19586
## CPU time: 0:0:8, REAL time: 0:0:9
 iter = 94/7, route#: 24, violation# : 9, overflow# : 9, conflict# : 18, node#: 19605
## CPU time: 0:0:8, REAL time: 0:0:9
 iter = 95/8, route#: 19, violation# : 7, overflow# : 7, conflict# : 14, node#: 19622
## CPU time: 0:0:8, REAL time: 0:0:9
 iter = 96/9, route#: 19, violation# : 7, overflow# : 7, conflict# : 14, node#: 19633
## CPU time: 0:0:8, REAL time: 0:0:9
 iter = 97/10, route#: 15, violation# : 6, overflow# : 6, conflict# : 12, node#: 19626
## CPU time: 0:0:8, REAL time: 0:0:9
 iter = 98/5, route#: 17, violation# : 12, overflow# : 12, conflict# : 16, node#: 19603
## CPU time: 0:0:8, REAL time: 0:0:9
 iter = 99/6, route#: 22, violation# : 9, overflow# : 9, conflict# : 16, node#: 19624
## CPU time: 0:0:8, REAL time: 0:0:9
 iter = 100/7, route#: 25, violation# : 8, overflow# : 8, conflict# : 15, node#: 19595
## CPU time: 0:0:8, REAL time: 0:0:9
 iter = 101/8, route#: 18, violation# : 8, overflow# : 8, conflict# : 13, node#: 19607
## CPU time: 0:0:8, REAL time: 0:0:9
 iter = 102/9, route#: 17, violation# : 9, overflow# : 9, conflict# : 15, node#: 19615
## CPU time: 0:0:8, REAL time: 0:0:9
 iter = 103/10, route#: 17, violation# : 8, overflow# : 8, conflict# : 14, node#: 19615
## CPU time: 0:0:8, REAL time: 0:0:9
 iter = 104/5, route#: 16, violation# : 11, overflow# : 11, conflict# : 17, node#: 19597
## CPU time: 0:0:8, REAL time: 0:0:9
 iter = 105/6, route#: 20, violation# : 9, overflow# : 9, conflict# : 15, node#: 19602
## CPU time: 0:0:8, REAL time: 0:0:9
 iter = 106/7, route#: 16, violation# : 6, overflow# : 6, conflict# : 12, node#: 19615
## CPU time: 0:0:8, REAL time: 0:0:9
 iter = 107/8, route#: 15, violation# : 6, overflow# : 6, conflict# : 12, node#: 19631
## CPU time: 0:0:8, REAL time: 0:0:9
 iter = 108/9, route#: 14, violation# : 7, overflow# : 7, conflict# : 12, node#: 19639
## CPU time: 0:0:8, REAL time: 0:0:9
 iter = 109/10, route#: 20, violation# : 6, overflow# : 6, conflict# : 11, node#: 19625
## CPU time: 0:0:8, REAL time: 0:0:9
 iter = 110/5, route#: 13, violation# : 13, overflow# : 13, conflict# : 16, node#: 19594
## CPU time: 0:0:8, REAL time: 0:0:9
 iter = 111/6, route#: 14, violation# : 5, overflow# : 5, conflict# : 9, node#: 19607
## CPU time: 0:0:8, REAL time: 0:0:9
 iter = 112/7, route#: 10, violation# : 4, overflow# : 4, conflict# : 8, node#: 19609
## CPU time: 0:0:8, REAL time: 0:0:9
 iter = 113/8, route#: 10, violation# : 5, overflow# : 5, conflict# : 9, node#: 19613
## CPU time: 0:0:8, REAL time: 0:0:9
 iter = 114/9, route#: 8, violation# : 3, overflow# : 3, conflict# : 6, node#: 19618
## CPU time: 0:0:8, REAL time: 0:0:9
 iter = 115/10, route#: 8, violation# : 4, overflow# : 4, conflict# : 7, node#: 19631
## CPU time: 0:0:8, REAL time: 0:0:9
 iter = 116/5, route#: 6, violation# : 7, overflow# : 7, conflict# : 10, node#: 19618
## CPU time: 0:0:8, REAL time: 0:0:9
 iter = 117/6, route#: 19, violation# : 8, overflow# : 8, conflict# : 14, node#: 19627
## CPU time: 0:0:8, REAL time: 0:0:9
 iter = 118/7, route#: 22, violation# : 11, overflow# : 11, conflict# : 15, node#: 19614
## CPU time: 0:0:8, REAL time: 0:0:9
 iter = 119/8, route#: 15, violation# : 6, overflow# : 6, conflict# : 11, node#: 19643
## CPU time: 0:0:8, REAL time: 0:0:9
 iter = 120/9, route#: 16, violation# : 5, overflow# : 5, conflict# : 10, node#: 19655
## CPU time: 0:0:8, REAL time: 0:0:9
 iter = 121/10, route#: 10, violation# : 4, overflow# : 4, conflict# : 8, node#: 19662
## CPU time: 0:0:8, REAL time: 0:0:9
 iter = 122/5, route#: 9, violation# : 7, overflow# : 7, conflict# : 11, node#: 19659
## CPU time: 0:0:8, REAL time: 0:0:9
 iter = 123/6, route#: 9, violation# : 4, overflow# : 4, conflict# : 7, node#: 19655
## CPU time: 0:0:8, REAL time: 0:0:9
 iter = 124/7, route#: 8, violation# : 5, overflow# : 5, conflict# : 7, node#: 19651
## CPU time: 0:0:8, REAL time: 0:0:9
 iter = 125/8, route#: 10, violation# : 6, overflow# : 6, conflict# : 9, node#: 19671
## CPU time: 0:0:8, REAL time: 0:0:9
 iter = 126/9, route#: 8, violation# : 4, overflow# : 4, conflict# : 6, node#: 19661
## CPU time: 0:0:9, REAL time: 0:0:9
 iter = 127/10, route#: 6, violation# : 2, overflow# : 2, conflict# : 4, node#: 19662
## CPU time: 0:0:9, REAL time: 0:0:9
 iter = 128/5, route#: 6, violation# : 3, overflow# : 3, conflict# : 6, node#: 19662
## CPU time: 0:0:9, REAL time: 0:0:9
 iter = 129/6, route#: 7, violation# : 2, overflow# : 2, conflict# : 4, node#: 19665
## CPU time: 0:0:9, REAL time: 0:0:9
 iter = 130/7, route#: 6, violation# : 3, overflow# : 3, conflict# : 5, node#: 19665
## CPU time: 0:0:9, REAL time: 0:0:9
 iter = 131/8, route#: 5, violation# : 2, overflow# : 2, conflict# : 4, node#: 19665
## CPU time: 0:0:9, REAL time: 0:0:9
 iter = 132/9, route#: 7, violation# : 3, overflow# : 3, conflict# : 5, node#: 19672
## CPU time: 0:0:9, REAL time: 0:0:9
 iter = 133/10, route#: 6, violation# : 2, overflow# : 2, conflict# : 4, node#: 19662
## CPU time: 0:0:9, REAL time: 0:0:9
 iter = 134/5, route#: 6, violation# : 4, overflow# : 4, conflict# : 7, node#: 19659
## CPU time: 0:0:9, REAL time: 0:0:9
 iter = 135/6, route#: 12, violation# : 7, overflow# : 7, conflict# : 8, node#: 19664
## CPU time: 0:0:9, REAL time: 0:0:9
 iter = 136/7, route#: 8, violation# : 3, overflow# : 3, conflict# : 5, node#: 19671
## CPU time: 0:0:9, REAL time: 0:0:9
 iter = 137/8, route#: 6, violation# : 2, overflow# : 2, conflict# : 2, node#: 19679
## CPU time: 0:0:9, REAL time: 0:0:9
 iter = 138/9, route#: 4, violation# : 2, overflow# : 2, conflict# : 3, node#: 19688
## CPU time: 0:0:9, REAL time: 0:0:9
 iter = 139/10, route#: 4, violation# : 2, overflow# : 2, conflict# : 4, node#: 19686
## CPU time: 0:0:9, REAL time: 0:0:9
 iter = 140/5, route#: 5, violation# : 4, overflow# : 4, conflict# : 6, node#: 19680
## CPU time: 0:0:9, REAL time: 0:0:9
 iter = 141/6, route#: 17, violation# : 8, overflow# : 8, conflict# : 13, node#: 19692
## CPU time: 0:0:9, REAL time: 0:0:9
 iter = 142/7, route#: 24, violation# : 13, overflow# : 13, conflict# : 19, node#: 19676
## CPU time: 0:0:9, REAL time: 0:0:9
 iter = 143/8, route#: 19, violation# : 4, overflow# : 4, conflict# : 8, node#: 19690
## CPU time: 0:0:9, REAL time: 0:0:9
 iter = 144/9, route#: 9, violation# : 5, overflow# : 5, conflict# : 9, node#: 19696
## CPU time: 0:0:9, REAL time: 0:0:9
 iter = 145/10, route#: 13, violation# : 2, overflow# : 2, conflict# : 4, node#: 19693
## CPU time: 0:0:9, REAL time: 0:0:9
 iter = 146/5, route#: 7, violation# : 4, overflow# : 4, conflict# : 7, node#: 19681
## CPU time: 0:0:9, REAL time: 0:0:9
 iter = 147/6, route#: 6, violation# : 2, overflow# : 2, conflict# : 4, node#: 19687
## CPU time: 0:0:9, REAL time: 0:0:9
 iter = 148/7, route#: 4, violation# : 1, overflow# : 1, conflict# : 2, node#: 19700
## CPU time: 0:0:9, REAL time: 0:0:9
 iter = 149/8, route#: 2, violation# : 1, overflow# : 1, conflict# : 2, node#: 19698
## CPU time: 0:0:9, REAL time: 0:0:9
 iter = 150/9, route#: 3, violation# : 2, overflow# : 2, conflict# : 3, node#: 19697
## CPU time: 0:0:9, REAL time: 0:0:9
 iter = 151/10, route#: 3, violation# : 1, overflow# : 1, conflict# : 2, node#: 19717
## CPU time: 0:0:9, REAL time: 0:0:9
 iter = 152/5, route#: 3, violation# : 1, overflow# : 1, conflict# : 2, node#: 19699
## CPU time: 0:0:9, REAL time: 0:0:9
 iter = 153/6, route#: 3, violation# : 2, overflow# : 2, conflict# : 3, node#: 19707
## CPU time: 0:0:9, REAL time: 0:0:9
 iter = 154/7, route#: 2, violation# : 1, overflow# : 1, conflict# : 2, node#: 19705
## CPU time: 0:0:9, REAL time: 0:0:9
 iter = 155/8, route#: 2, violation# : 1, overflow# : 1, conflict# : 2, node#: 19717
## CPU time: 0:0:9, REAL time: 0:0:9
 iter = 156/9, route#: 2, violation# : 1, overflow# : 1, conflict# : 2, node#: 19699
## CPU time: 0:0:9, REAL time: 0:0:9
 iter = 157/10, route#: 2, violation# : 1, overflow# : 1, conflict# : 2, node#: 19706
## CPU time: 0:0:9, REAL time: 0:0:9
 iter = 158/5, route#: 2, violation# : 1, overflow# : 1, conflict# : 2, node#: 19701
## CPU time: 0:0:9, REAL time: 0:0:9
 iter = 159/6, route#: 3, violation# : 1, overflow# : 1, conflict# : 2, node#: 19707
## CPU time: 0:0:9, REAL time: 0:0:9
 iter = 160/7, route#: 2, violation# : 1, overflow# : 1, conflict# : 2, node#: 19707
## CPU time: 0:0:9, REAL time: 0:0:9
 iter = 161/8, route#: 2, violation# : 1, overflow# : 1, conflict# : 2, node#: 19705
## CPU time: 0:0:9, REAL time: 0:0:9
 iter = 162/9, route#: 2, violation# : 1, overflow# : 1, conflict# : 2, node#: 19706
## CPU time: 0:0:9, REAL time: 0:0:9
 iter = 163/10, route#: 5, violation# : 2, overflow# : 2, conflict# : 3, node#: 19706
## CPU time: 0:0:9, REAL time: 0:0:9
 iter = 164/5, route#: 2, violation# : 1, overflow# : 1, conflict# : 2, node#: 19707
## CPU time: 0:0:9, REAL time: 0:0:9
 iter = 165/6, route#: 2, violation# : 1, overflow# : 1, conflict# : 2, node#: 19706
## CPU time: 0:0:9, REAL time: 0:0:10
 iter = 166/7, route#: 2, violation# : 0, overflow# : 0, conflict# : 0, node#: 19706
## CPU time: 0:0:10, REAL time: 0:0:10
 iter = 167/2, route#: 607, violation# : 611, overflow# : 607, conflict# : 502, node#: 18293
## CPU time: 0:0:10, REAL time: 0:0:11
 iter = 168/3, route#: 486, violation# : 241, overflow# : 241, conflict# : 282, node#: 18808
## CPU time: 0:0:10, REAL time: 0:0:11
 iter = 169/4, route#: 326, violation# : 91, overflow# : 91, conflict# : 140, node#: 19098
## CPU time: 0:0:11, REAL time: 0:0:11
 iter = 170/5, route#: 240, violation# : 52, overflow# : 52, conflict# : 88, node#: 19272
## CPU time: 0:0:11, REAL time: 0:0:11
 iter = 171/6, route#: 227, violation# : 37, overflow# : 37, conflict# : 64, node#: 19340
## CPU time: 0:0:11, REAL time: 0:0:12
 iter = 172/4, route#: 240, violation# : 59, overflow# : 59, conflict# : 92, node#: 19165
## CPU time: 0:0:11, REAL time: 0:0:12
 iter = 173/5, route#: 201, violation# : 24, overflow# : 24, conflict# : 41, node#: 19252
## CPU time: 0:0:11, REAL time: 0:0:12
 iter = 174/6, route#: 165, violation# : 12, overflow# : 12, conflict# : 22, node#: 19296
## CPU time: 0:0:11, REAL time: 0:0:12
 iter = 175/7, route#: 168, violation# : 18, overflow# : 18, conflict# : 35, node#: 19319
## CPU time: 0:0:12, REAL time: 0:0:12
 iter = 176/8, route#: 161, violation# : 8, overflow# : 8, conflict# : 16, node#: 19358
## CPU time: 0:0:12, REAL time: 0:0:12
 iter = 177/9, route#: 157, violation# : 8, overflow# : 8, conflict# : 16, node#: 19369
## CPU time: 0:0:12, REAL time: 0:0:12
 iter = 178/4, route#: 209, violation# : 52, overflow# : 52, conflict# : 81, node#: 19185
## CPU time: 0:0:12, REAL time: 0:0:13
 iter = 179/5, route#: 163, violation# : 18, overflow# : 18, conflict# : 33, node#: 19240
## CPU time: 0:0:12, REAL time: 0:0:13
 iter = 180/6, route#: 152, violation# : 7, overflow# : 7, conflict# : 14, node#: 19277
## CPU time: 0:0:12, REAL time: 0:0:13
 iter = 181/7, route#: 142, violation# : 9, overflow# : 9, conflict# : 17, node#: 19279
## CPU time: 0:0:12, REAL time: 0:0:13
 iter = 182/8, route#: 143, violation# : 4, overflow# : 4, conflict# : 8, node#: 19303
## CPU time: 0:0:12, REAL time: 0:0:13
 iter = 183/9, route#: 139, violation# : 5, overflow# : 5, conflict# : 9, node#: 19302
## CPU time: 0:0:12, REAL time: 0:0:13
 iter = 184/5, route#: 7, violation# : 5, overflow# : 5, conflict# : 9, node#: 19302
## CPU time: 0:0:12, REAL time: 0:0:13
 iter = 185/6, route#: 10, violation# : 6, overflow# : 6, conflict# : 12, node#: 19303
## CPU time: 0:0:12, REAL time: 0:0:13
 iter = 186/7, route#: 11, violation# : 4, overflow# : 4, conflict# : 8, node#: 19305
## CPU time: 0:0:12, REAL time: 0:0:13
 iter = 187/8, route#: 9, violation# : 3, overflow# : 3, conflict# : 6, node#: 19311
## CPU time: 0:0:12, REAL time: 0:0:13
 iter = 188/9, route#: 6, violation# : 3, overflow# : 3, conflict# : 6, node#: 19311
## CPU time: 0:0:12, REAL time: 0:0:13
 iter = 189/10, route#: 7, violation# : 3, overflow# : 3, conflict# : 6, node#: 19319
## CPU time: 0:0:12, REAL time: 0:0:13
 iter = 190/5, route#: 7, violation# : 3, overflow# : 3, conflict# : 6, node#: 19313
## CPU time: 0:0:12, REAL time: 0:0:13
 iter = 191/6, route#: 5, violation# : 3, overflow# : 3, conflict# : 5, node#: 19320
## CPU time: 0:0:13, REAL time: 0:0:13
 iter = 192/7, route#: 7, violation# : 2, overflow# : 2, conflict# : 4, node#: 19317
## CPU time: 0:0:13, REAL time: 0:0:13
 iter = 193/8, route#: 4, violation# : 2, overflow# : 2, conflict# : 4, node#: 19317
## CPU time: 0:0:13, REAL time: 0:0:13
 iter = 194/9, route#: 4, violation# : 2, overflow# : 2, conflict# : 4, node#: 19317
## CPU time: 0:0:13, REAL time: 0:0:13
 iter = 195/10, route#: 4, violation# : 2, overflow# : 2, conflict# : 4, node#: 19322
## CPU time: 0:0:13, REAL time: 0:0:13
 iter = 196/5, route#: 3, violation# : 2, overflow# : 2, conflict# : 4, node#: 19318
## CPU time: 0:0:13, REAL time: 0:0:13
 iter = 197/6, route#: 4, violation# : 2, overflow# : 2, conflict# : 3, node#: 19321
## CPU time: 0:0:13, REAL time: 0:0:13
 iter = 198/7, route#: 4, violation# : 1, overflow# : 1, conflict# : 2, node#: 19323
## CPU time: 0:0:13, REAL time: 0:0:13
 iter = 199/8, route#: 2, violation# : 1, overflow# : 1, conflict# : 2, node#: 19323
## CPU time: 0:0:13, REAL time: 0:0:13
 iter = 200/9, route#: 2, violation# : 1, overflow# : 1, conflict# : 2, node#: 19323
## CPU time: 0:0:13, REAL time: 0:0:13
 iter = 201/10, route#: 4, violation# : 3, overflow# : 3, conflict# : 4, node#: 19315
## CPU time: 0:0:13, REAL time: 0:0:13
 iter = 202/5, route#: 1, violation# : 1, overflow# : 1, conflict# : 2, node#: 19316
## CPU time: 0:0:13, REAL time: 0:0:13
 iter = 203/6, route#: 2, violation# : 1, overflow# : 1, conflict# : 2, node#: 19317
## CPU time: 0:0:13, REAL time: 0:0:13
 iter = 204/7, route#: 5, violation# : 1, overflow# : 1, conflict# : 2, node#: 19314
## CPU time: 0:0:13, REAL time: 0:0:13
 iter = 205/8, route#: 2, violation# : 1, overflow# : 1, conflict# : 2, node#: 19314
## CPU time: 0:0:13, REAL time: 0:0:13
 iter = 206/9, route#: 2, violation# : 1, overflow# : 1, conflict# : 2, node#: 19314
## CPU time: 0:0:13, REAL time: 0:0:13
 iter = 207/10, route#: 2, violation# : 1, overflow# : 1, conflict# : 2, node#: 19314
## CPU time: 0:0:13, REAL time: 0:0:13
 iter = 208/5, route#: 1, violation# : 1, overflow# : 1, conflict# : 2, node#: 19314
## CPU time: 0:0:13, REAL time: 0:0:13
 iter = 209/6, route#: 2, violation# : 1, overflow# : 1, conflict# : 2, node#: 19315
## CPU time: 0:0:13, REAL time: 0:0:13
 iter = 210/7, route#: 2, violation# : 1, overflow# : 1, conflict# : 2, node#: 19316
## CPU time: 0:0:13, REAL time: 0:0:13
 iter = 211/8, route#: 2, violation# : 1, overflow# : 1, conflict# : 2, node#: 19314
## CPU time: 0:0:13, REAL time: 0:0:13
 iter = 212/9, route#: 2, violation# : 0, overflow# : 0, conflict# : 0, node#: 19327
## CPU time: 0:0:13, REAL time: 0:0:14
 iter = 213/2, route#: 420, violation# : 369, overflow# : 367, conflict# : 328, node#: 18597
## CPU time: 0:0:14, REAL time: 0:0:14
 iter = 214/3, route#: 398, violation# : 170, overflow# : 170, conflict# : 220, node#: 18883
## CPU time: 0:0:14, REAL time: 0:0:14
 iter = 215/4, route#: 263, violation# : 59, overflow# : 59, conflict# : 97, node#: 19097
## CPU time: 0:0:14, REAL time: 0:0:15
 iter = 216/5, route#: 192, violation# : 25, overflow# : 25, conflict# : 48, node#: 19188
## CPU time: 0:0:14, REAL time: 0:0:15
 iter = 217/6, route#: 172, violation# : 11, overflow# : 11, conflict# : 19, node#: 19243
## CPU time: 0:0:14, REAL time: 0:0:15
 iter = 218/4, route#: 192, violation# : 36, overflow# : 36, conflict# : 51, node#: 19178
## CPU time: 0:0:15, REAL time: 0:0:15
 iter = 219/5, route#: 174, violation# : 21, overflow# : 21, conflict# : 36, node#: 19223
## CPU time: 0:0:15, REAL time: 0:0:15
 iter = 220/6, route#: 152, violation# : 10, overflow# : 10, conflict# : 19, node#: 19246
## CPU time: 0:0:15, REAL time: 0:0:15
 iter = 221/7, route#: 148, violation# : 7, overflow# : 7, conflict# : 12, node#: 19268
## CPU time: 0:0:15, REAL time: 0:0:15
 iter = 222/8, route#: 142, violation# : 7, overflow# : 7, conflict# : 10, node#: 19297
## CPU time: 0:0:15, REAL time: 0:0:16
 iter = 223/9, route#: 140, violation# : 6, overflow# : 6, conflict# : 9, node#: 19299
## CPU time: 0:0:15, REAL time: 0:0:16
 iter = 224/4, route#: 163, violation# : 24, overflow# : 24, conflict# : 40, node#: 19208
## CPU time: 0:0:15, REAL time: 0:0:16
 iter = 225/5, route#: 146, violation# : 7, overflow# : 7, conflict# : 13, node#: 19262
## CPU time: 0:0:15, REAL time: 0:0:16
 iter = 226/6, route#: 134, violation# : 6, overflow# : 6, conflict# : 12, node#: 19277
## CPU time: 0:0:15, REAL time: 0:0:16
 iter = 227/7, route#: 134, violation# : 7, overflow# : 7, conflict# : 13, node#: 19269
## CPU time: 0:0:16, REAL time: 0:0:16
 iter = 228/8, route#: 131, violation# : 2, overflow# : 2, conflict# : 4, node#: 19315
## CPU time: 0:0:16, REAL time: 0:0:16
 iter = 229/9, route#: 129, violation# : 3, overflow# : 3, conflict# : 6, node#: 19316
## CPU time: 0:0:16, REAL time: 0:0:16
 iter = 230/5, route#: 9, violation# : 5, overflow# : 5, conflict# : 9, node#: 19301
## CPU time: 0:0:16, REAL time: 0:0:16
 iter = 231/6, route#: 14, violation# : 6, overflow# : 6, conflict# : 11, node#: 19301
## CPU time: 0:0:16, REAL time: 0:0:16
 iter = 232/7, route#: 12, violation# : 4, overflow# : 4, conflict# : 8, node#: 19330
## CPU time: 0:0:16, REAL time: 0:0:16
 iter = 233/8, route#: 12, violation# : 4, overflow# : 4, conflict# : 7, node#: 19354
## CPU time: 0:0:16, REAL time: 0:0:16
 iter = 234/9, route#: 13, violation# : 5, overflow# : 5, conflict# : 9, node#: 19341
## CPU time: 0:0:16, REAL time: 0:0:16
 iter = 235/10, route#: 14, violation# : 4, overflow# : 4, conflict# : 7, node#: 19348
## CPU time: 0:0:16, REAL time: 0:0:16
 iter = 236/5, route#: 7, violation# : 5, overflow# : 5, conflict# : 7, node#: 19340
## CPU time: 0:0:16, REAL time: 0:0:16
 iter = 237/6, route#: 8, violation# : 2, overflow# : 2, conflict# : 4, node#: 19361
## CPU time: 0:0:16, REAL time: 0:0:16
 iter = 238/7, route#: 5, violation# : 2, overflow# : 2, conflict# : 4, node#: 19371
## CPU time: 0:0:16, REAL time: 0:0:16
 iter = 239/8, route#: 4, violation# : 2, overflow# : 2, conflict# : 4, node#: 19373
## CPU time: 0:0:16, REAL time: 0:0:16
 iter = 240/9, route#: 7, violation# : 2, overflow# : 2, conflict# : 3, node#: 19393
## CPU time: 0:0:16, REAL time: 0:0:16
 iter = 241/10, route#: 3, violation# : 1, overflow# : 1, conflict# : 2, node#: 19403
## CPU time: 0:0:16, REAL time: 0:0:16
 iter = 242/5, route#: 5, violation# : 1, overflow# : 1, conflict# : 2, node#: 19395
## CPU time: 0:0:16, REAL time: 0:0:16
 iter = 243/6, route#: 3, violation# : 1, overflow# : 1, conflict# : 2, node#: 19396
## CPU time: 0:0:16, REAL time: 0:0:16
 iter = 244/7, route#: 2, violation# : 1, overflow# : 1, conflict# : 2, node#: 19396
## CPU time: 0:0:16, REAL time: 0:0:16
 iter = 245/8, route#: 2, violation# : 1, overflow# : 1, conflict# : 2, node#: 19396
## CPU time: 0:0:16, REAL time: 0:0:16
 iter = 246/9, route#: 2, violation# : 1, overflow# : 1, conflict# : 2, node#: 19395
## CPU time: 0:0:16, REAL time: 0:0:16
 iter = 247/10, route#: 3, violation# : 1, overflow# : 1, conflict# : 2, node#: 19396
## CPU time: 0:0:16, REAL time: 0:0:16
 iter = 248/5, route#: 2, violation# : 1, overflow# : 1, conflict# : 2, node#: 19396
## CPU time: 0:0:16, REAL time: 0:0:16
 iter = 249/6, route#: 2, violation# : 1, overflow# : 1, conflict# : 2, node#: 19399
## CPU time: 0:0:16, REAL time: 0:0:16
 iter = 250/7, route#: 2, violation# : 1, overflow# : 1, conflict# : 2, node#: 19397
## CPU time: 0:0:16, REAL time: 0:0:16
 iter = 251/8, route#: 2, violation# : 1, overflow# : 1, conflict# : 2, node#: 19403
## CPU time: 0:0:16, REAL time: 0:0:16
 iter = 252/9, route#: 2, violation# : 1, overflow# : 1, conflict# : 2, node#: 19395
## CPU time: 0:0:16, REAL time: 0:0:16
 iter = 253/10, route#: 2, violation# : 1, overflow# : 1, conflict# : 2, node#: 19397
## CPU time: 0:0:16, REAL time: 0:0:17
 iter = 254/5, route#: 2, violation# : 1, overflow# : 1, conflict# : 2, node#: 19397
## CPU time: 0:0:16, REAL time: 0:0:17
 iter = 255/6, route#: 2, violation# : 1, overflow# : 1, conflict# : 2, node#: 19397
## CPU time: 0:0:16, REAL time: 0:0:17
 iter = 256/7, route#: 3, violation# : 1, overflow# : 1, conflict# : 2, node#: 19396
## CPU time: 0:0:16, REAL time: 0:0:17
 iter = 257/8, route#: 2, violation# : 1, overflow# : 1, conflict# : 2, node#: 19396
## CPU time: 0:0:16, REAL time: 0:0:17
 iter = 258/9, route#: 2, violation# : 1, overflow# : 1, conflict# : 2, node#: 19396
## CPU time: 0:0:16, REAL time: 0:0:17
 iter = 259/10, route#: 2, violation# : 1, overflow# : 1, conflict# : 2, node#: 19396
## CPU time: 0:0:16, REAL time: 0:0:17
 iter = 260/5, route#: 2, violation# : 1, overflow# : 1, conflict# : 2, node#: 19402
## CPU time: 0:0:16, REAL time: 0:0:17
 iter = 261/6, route#: 2, violation# : 1, overflow# : 1, conflict# : 2, node#: 19407
## CPU time: 0:0:16, REAL time: 0:0:17
 iter = 262/7, route#: 3, violation# : 0, overflow# : 0, conflict# : 0, node#: 19410
## CPU time: 0:0:17, REAL time: 0:0:17
 iter = 263/2, route#: 436, violation# : 397, overflow# : 394, conflict# : 356, node#: 18617
## CPU time: 0:0:17, REAL time: 0:0:18
 iter = 264/3, route#: 402, violation# : 153, overflow# : 153, conflict# : 207, node#: 18926
## CPU time: 0:0:17, REAL time: 0:0:18
 iter = 265/4, route#: 274, violation# : 71, overflow# : 71, conflict# : 114, node#: 19107
## CPU time: 0:0:18, REAL time: 0:0:18
 iter = 266/5, route#: 209, violation# : 36, overflow# : 36, conflict# : 66, node#: 19235
## CPU time: 0:0:18, REAL time: 0:0:18
 iter = 267/6, route#: 183, violation# : 22, overflow# : 22, conflict# : 38, node#: 19293
## CPU time: 0:0:18, REAL time: 0:0:19
 iter = 268/4, route#: 194, violation# : 43, overflow# : 43, conflict# : 63, node#: 19153
## CPU time: 0:0:18, REAL time: 0:0:19
 iter = 269/5, route#: 174, violation# : 13, overflow# : 13, conflict# : 24, node#: 19227
## CPU time: 0:0:18, REAL time: 0:0:19
 iter = 270/6, route#: 142, violation# : 5, overflow# : 5, conflict# : 8, node#: 19274
## CPU time: 0:0:18, REAL time: 0:0:19
 iter = 271/7, route#: 148, violation# : 9, overflow# : 9, conflict# : 17, node#: 19283
## CPU time: 0:0:18, REAL time: 0:0:19
 iter = 272/8, route#: 141, violation# : 5, overflow# : 5, conflict# : 10, node#: 19331
## CPU time: 0:0:19, REAL time: 0:0:19
 iter = 273/9, route#: 147, violation# : 3, overflow# : 3, conflict# : 6, node#: 19319
## CPU time: 0:0:19, REAL time: 0:0:19
 iter = 274/4, route#: 171, violation# : 31, overflow# : 31, conflict# : 49, node#: 19198
## CPU time: 0:0:19, REAL time: 0:0:19
 iter = 275/5, route#: 159, violation# : 15, overflow# : 15, conflict# : 24, node#: 19259
## CPU time: 0:0:19, REAL time: 0:0:20
 iter = 276/6, route#: 143, violation# : 7, overflow# : 7, conflict# : 12, node#: 19290
## CPU time: 0:0:19, REAL time: 0:0:20
 iter = 277/7, route#: 131, violation# : 3, overflow# : 3, conflict# : 6, node#: 19293
## CPU time: 0:0:19, REAL time: 0:0:20
 iter = 278/8, route#: 133, violation# : 1, overflow# : 1, conflict# : 2, node#: 19331
## CPU time: 0:0:19, REAL time: 0:0:20
 iter = 279/9, route#: 127, violation# : 1, overflow# : 1, conflict# : 2, node#: 19322
## CPU time: 0:0:19, REAL time: 0:0:20
 iter = 280/5, route#: 1, violation# : 1, overflow# : 1, conflict# : 2, node#: 19324
## CPU time: 0:0:19, REAL time: 0:0:20
 iter = 281/6, route#: 5, violation# : 2, overflow# : 2, conflict# : 4, node#: 19325
## CPU time: 0:0:19, REAL time: 0:0:20
 iter = 282/7, route#: 5, violation# : 0, overflow# : 0, conflict# : 0, node#: 19331
## CPU time: 0:0:20, REAL time: 0:0:20
 iter = 283/2, route#: 374, violation# : 304, overflow# : 304, conflict# : 293, node#: 18697
## CPU time: 0:0:20, REAL time: 0:0:21
 iter = 284/3, route#: 313, violation# : 121, overflow# : 121, conflict# : 153, node#: 18953
## CPU time: 0:0:20, REAL time: 0:0:21
 iter = 285/4, route#: 228, violation# : 59, overflow# : 59, conflict# : 93, node#: 19078
## CPU time: 0:0:21, REAL time: 0:0:21
 iter = 286/5, route#: 182, violation# : 18, overflow# : 18, conflict# : 36, node#: 19199
## CPU time: 0:0:21, REAL time: 0:0:21
 iter = 287/6, route#: 157, violation# : 13, overflow# : 13, conflict# : 24, node#: 19207
## CPU time: 0:0:21, REAL time: 0:0:22
 iter = 288/4, route#: 185, violation# : 33, overflow# : 33, conflict# : 62, node#: 19138
## CPU time: 0:0:21, REAL time: 0:0:22
 iter = 289/5, route#: 144, violation# : 13, overflow# : 13, conflict# : 24, node#: 19199
## CPU time: 0:0:21, REAL time: 0:0:22
 iter = 290/6, route#: 128, violation# : 7, overflow# : 7, conflict# : 14, node#: 19220
## CPU time: 0:0:21, REAL time: 0:0:22
 iter = 291/7, route#: 133, violation# : 7, overflow# : 7, conflict# : 11, node#: 19231
## CPU time: 0:0:21, REAL time: 0:0:22
 iter = 292/8, route#: 134, violation# : 6, overflow# : 6, conflict# : 12, node#: 19250
## CPU time: 0:0:22, REAL time: 0:0:22
 iter = 293/9, route#: 126, violation# : 5, overflow# : 5, conflict# : 10, node#: 19288
## CPU time: 0:0:22, REAL time: 0:0:22
 iter = 294/4, route#: 154, violation# : 25, overflow# : 25, conflict# : 42, node#: 19145
## CPU time: 0:0:22, REAL time: 0:0:23
 iter = 295/5, route#: 139, violation# : 12, overflow# : 12, conflict# : 22, node#: 19185
## CPU time: 0:0:22, REAL time: 0:0:23
 iter = 296/6, route#: 130, violation# : 3, overflow# : 3, conflict# : 6, node#: 19217
## CPU time: 0:0:22, REAL time: 0:0:23
 iter = 297/7, route#: 128, violation# : 4, overflow# : 4, conflict# : 7, node#: 19210
## CPU time: 0:0:22, REAL time: 0:0:23
 iter = 298/8, route#: 125, violation# : 1, overflow# : 1, conflict# : 2, node#: 19229
## CPU time: 0:0:22, REAL time: 0:0:23
 iter = 299/9, route#: 117, violation# : 1, overflow# : 1, conflict# : 2, node#: 19228
## CPU time: 0:0:22, REAL time: 0:0:23
 iter = 300/5, route#: 2, violation# : 1, overflow# : 1, conflict# : 2, node#: 19228
## CPU time: 0:0:22, REAL time: 0:0:23
 iter = 301/6, route#: 5, violation# : 1, overflow# : 1, conflict# : 2, node#: 19239
## CPU time: 0:0:22, REAL time: 0:0:23
 iter = 302/7, route#: 2, violation# : 1, overflow# : 1, conflict# : 2, node#: 19239
## CPU time: 0:0:22, REAL time: 0:0:23
 iter = 303/8, route#: 2, violation# : 1, overflow# : 1, conflict# : 2, node#: 19239
## CPU time: 0:0:22, REAL time: 0:0:23
 iter = 304/9, route#: 2, violation# : 1, overflow# : 1, conflict# : 2, node#: 19239
## CPU time: 0:0:22, REAL time: 0:0:23
 iter = 305/10, route#: 3, violation# : 1, overflow# : 1, conflict# : 2, node#: 19245
## CPU time: 0:0:22, REAL time: 0:0:23
 iter = 306/5, route#: 1, violation# : 1, overflow# : 1, conflict# : 2, node#: 19239
## CPU time: 0:0:22, REAL time: 0:0:23
 iter = 307/6, route#: 2, violation# : 1, overflow# : 1, conflict# : 2, node#: 19239
## CPU time: 0:0:22, REAL time: 0:0:23
 iter = 308/7, route#: 3, violation# : 1, overflow# : 1, conflict# : 2, node#: 19267
## CPU time: 0:0:22, REAL time: 0:0:23
 iter = 309/8, route#: 2, violation# : 1, overflow# : 1, conflict# : 2, node#: 19267
## CPU time: 0:0:22, REAL time: 0:0:23
 iter = 310/9, route#: 3, violation# : 1, overflow# : 1, conflict# : 2, node#: 19270
## CPU time: 0:0:23, REAL time: 0:0:23
 iter = 311/10, route#: 2, violation# : 0, overflow# : 0, conflict# : 0, node#: 19268
## CPU time: 0:0:23, REAL time: 0:0:24
 iter = 312/2, route#: 360, violation# : 282, overflow# : 280, conflict# : 269, node#: 18741
## CPU time: 0:0:23, REAL time: 0:0:24
 iter = 313/3, route#: 316, violation# : 115, overflow# : 115, conflict# : 160, node#: 18958
## CPU time: 0:0:24, REAL time: 0:0:24
 iter = 314/4, route#: 221, violation# : 33, overflow# : 33, conflict# : 59, node#: 19142
## CPU time: 0:0:24, REAL time: 0:0:24
 iter = 315/5, route#: 166, violation# : 20, overflow# : 20, conflict# : 38, node#: 19185
## CPU time: 0:0:24, REAL time: 0:0:25
 iter = 316/6, route#: 147, violation# : 11, overflow# : 11, conflict# : 18, node#: 19253
## CPU time: 0:0:24, REAL time: 0:0:25
 iter = 317/4, route#: 169, violation# : 32, overflow# : 32, conflict# : 50, node#: 19193
## CPU time: 0:0:24, REAL time: 0:0:25
 iter = 318/5, route#: 147, violation# : 10, overflow# : 10, conflict# : 19, node#: 19263
## CPU time: 0:0:24, REAL time: 0:0:25
 iter = 319/6, route#: 135, violation# : 6, overflow# : 6, conflict# : 10, node#: 19301
## CPU time: 0:0:24, REAL time: 0:0:25
 iter = 320/7, route#: 143, violation# : 6, overflow# : 6, conflict# : 10, node#: 19313
## CPU time: 0:0:25, REAL time: 0:0:25
 iter = 321/8, route#: 132, violation# : 2, overflow# : 2, conflict# : 4, node#: 19313
## CPU time: 0:0:25, REAL time: 0:0:25
 iter = 322/9, route#: 126, violation# : 1, overflow# : 1, conflict# : 2, node#: 19312
## CPU time: 0:0:25, REAL time: 0:0:25
 iter = 323/5, route#: 132, violation# : 8, overflow# : 8, conflict# : 14, node#: 19309
## CPU time: 0:0:25, REAL time: 0:0:26
 iter = 324/6, route#: 125, violation# : 2, overflow# : 2, conflict# : 4, node#: 19326
## CPU time: 0:0:25, REAL time: 0:0:26
 iter = 325/7, route#: 133, violation# : 4, overflow# : 4, conflict# : 5, node#: 19345
## CPU time: 0:0:25, REAL time: 0:0:26
 iter = 326/8, route#: 126, violation# : 1, overflow# : 1, conflict# : 2, node#: 19363
## CPU time: 0:0:25, REAL time: 0:0:26
 iter = 327/9, route#: 122, violation# : 0, overflow# : 0, conflict# : 0, node#: 19351
## CPU time: 0:0:26, REAL time: 0:0:26
 iter = 328/2, route#: 367, violation# : 279, overflow# : 279, conflict# : 285, node#: 18772
## CPU time: 0:0:26, REAL time: 0:0:27
 iter = 329/3, route#: 330, violation# : 118, overflow# : 118, conflict# : 161, node#: 18975
## CPU time: 0:0:26, REAL time: 0:0:27
 iter = 330/4, route#: 243, violation# : 47, overflow# : 47, conflict# : 73, node#: 19128
## CPU time: 0:0:26, REAL time: 0:0:27
 iter = 331/5, route#: 161, violation# : 14, overflow# : 14, conflict# : 26, node#: 19221
## CPU time: 0:0:27, REAL time: 0:0:27
 iter = 332/6, route#: 146, violation# : 8, overflow# : 8, conflict# : 15, node#: 19225
## CPU time: 0:0:27, REAL time: 0:0:27
 iter = 333/4, route#: 165, violation# : 24, overflow# : 24, conflict# : 45, node#: 19141
## CPU time: 0:0:27, REAL time: 0:0:28
 iter = 334/5, route#: 142, violation# : 10, overflow# : 10, conflict# : 19, node#: 19228
## CPU time: 0:0:27, REAL time: 0:0:28
 iter = 335/6, route#: 143, violation# : 9, overflow# : 9, conflict# : 17, node#: 19214
## CPU time: 0:0:27, REAL time: 0:0:28
 iter = 336/7, route#: 142, violation# : 3, overflow# : 3, conflict# : 6, node#: 19260
## CPU time: 0:0:27, REAL time: 0:0:28
 iter = 337/8, route#: 140, violation# : 2, overflow# : 2, conflict# : 4, node#: 19243
## CPU time: 0:0:27, REAL time: 0:0:28
 iter = 338/9, route#: 133, violation# : 2, overflow# : 2, conflict# : 4, node#: 19263
## CPU time: 0:0:27, REAL time: 0:0:28
 iter = 339/5, route#: 140, violation# : 9, overflow# : 9, conflict# : 15, node#: 19213
## CPU time: 0:0:27, REAL time: 0:0:28
 iter = 340/6, route#: 136, violation# : 1, overflow# : 1, conflict# : 2, node#: 19239
## CPU time: 0:0:28, REAL time: 0:0:28
 iter = 341/7, route#: 132, violation# : 2, overflow# : 2, conflict# : 4, node#: 19253
## CPU time: 0:0:28, REAL time: 0:0:28
 iter = 342/8, route#: 131, violation# : 1, overflow# : 1, conflict# : 2, node#: 19256
## CPU time: 0:0:28, REAL time: 0:0:28
 iter = 343/9, route#: 131, violation# : 3, overflow# : 3, conflict# : 6, node#: 19279
## CPU time: 0:0:28, REAL time: 0:0:29
 iter = 344/10, route#: 130, violation# : 1, overflow# : 1, conflict# : 2, node#: 19309
## CPU time: 0:0:28, REAL time: 0:0:29
 iter = 345/5, route#: 1, violation# : 1, overflow# : 1, conflict# : 2, node#: 19308
## CPU time: 0:0:28, REAL time: 0:0:29
 iter = 346/6, route#: 2, violation# : 1, overflow# : 1, conflict# : 2, node#: 19310
## CPU time: 0:0:28, REAL time: 0:0:29
 iter = 347/7, route#: 2, violation# : 1, overflow# : 1, conflict# : 2, node#: 19308
## CPU time: 0:0:28, REAL time: 0:0:29
 iter = 348/8, route#: 2, violation# : 0, overflow# : 0, conflict# : 0, node#: 19320
Optimizing...
...

Done


*** Post Routing Timing Report ***

=== User constraints ===
Fmax report
  User constraint:  40.000MHz, Fmax:  91.735MHz, Clock: ESP_SPI_SCK
  User constraint:   8.000MHz, Fmax: 128.386MHz, Clock: PIN_HSE
  User constraint:  10.000MHz, Fmax: 128.386MHz, Clock: PIN_HSI
  User constraint: 150.000MHz, Fmax: 128.386MHz, Clock: pll_inst|auto_generated|pll1|clk[0]

Clock transfer report:
  Worst setup:  14.099, with clock ESP_SPI_SCK
  Worst setup: 117.211, with clock PIN_HSE
  Worst setup:  92.211, with clock PIN_HSI
  Worst setup:  -1.122, with clock pll_inst|auto_generated|pll1|clk[0]

  Worst  hold:   0.615, with clock ESP_SPI_SCK
  Worst  hold:   0.334, with clock PIN_HSE
  Worst  hold:   0.334, with clock PIN_HSI
  Worst  hold:   0.334, with clock pll_inst|auto_generated|pll1|clk[0]

=== Auto constraints ===
Fmax report
  User constraint:  75.000MHz, Fmax: 119.933MHz, Clock: Internal_generated_clock_macro_inst|core_inst|osc|Q

Clock transfer report:
  Worst setup:   4.995, with clock Internal_generated_clock_macro_inst|core_inst|osc|Q
  Worst setup: 997.517, from clock Internal_generated_clock_example_board|ESP32_SPI2_CS_N to Internal_generated_clock_example_board|ESP32_SPI_CS1
  Worst setup:   8.196, from clock Internal_generated_clock_example_board|ESP32_SPI2_CS_N to Internal_generated_clock_macro_inst|core_inst|osc|Q
  Worst setup:  -1.447, from clock Internal_generated_clock_example_board|ESP32_SPI2_CS_N to pll_inst|auto_generated|pll1|clk[0]
  Worst setup:   8.983, from clock Internal_generated_clock_example_board|ESP32_SPI_CS1 to Internal_generated_clock_macro_inst|core_inst|osc|Q
  Worst setup:  -1.255, from clock Internal_generated_clock_example_board|ESP32_SPI_CS1 to pll_inst|auto_generated|pll1|clk[0]
  Worst setup:   5.854, from clock Internal_generated_clock_macro_inst|core_inst|osc|Q to pll_inst|auto_generated|pll1|clk[0]

  Worst  hold:   0.615, with clock Internal_generated_clock_macro_inst|core_inst|osc|Q
  Worst  hold:  -2.696, from clock Internal_generated_clock_example_board|ESP32_SPI2_CS_N to Internal_generated_clock_example_board|ESP32_SPI_CS1
  Worst  hold:   1.188, from clock Internal_generated_clock_example_board|ESP32_SPI2_CS_N to Internal_generated_clock_macro_inst|core_inst|osc|Q
  Worst  hold:   4.104, from clock Internal_generated_clock_example_board|ESP32_SPI2_CS_N to pll_inst|auto_generated|pll1|clk[0]
  Worst  hold:   0.894, from clock Internal_generated_clock_example_board|ESP32_SPI_CS1 to Internal_generated_clock_macro_inst|core_inst|osc|Q
  Worst  hold:   4.357, from clock Internal_generated_clock_example_board|ESP32_SPI_CS1 to pll_inst|auto_generated|pll1|clk[0]
  Worst  hold:   0.615, from clock Internal_generated_clock_macro_inst|core_inst|osc|Q to pll_inst|auto_generated|pll1|clk[0]

Coverage report
  User constraints covered 7731 connections out of 8616 total, coverage: 89.7%
  Auto constraints covered 8194 connections out of 8616 total, coverage: 95.1%


Hold from ESP32_SPI2_CS_N to macro_inst|core_inst|buf_miso_cs1[1]~1, clock Internal_generated_clock_example_board|ESP32_SPI2_CS_N to Internal_generated_clock_example_board|ESP32_SPI_CS1, constraint 0.000, skew 10.296, data 7.276
  Slack:  -2.696
    Arrival Time:  507.264
    Required Time: 509.960

*** End Timing Report ***



Thu Sep 10 15:46:21 2026
Warn: User constraints coverage is too low at 89.7%.
Generating batch file: {C:/Users/mori/AgRV_pio/packages/tool-agrv_logic/python_dist/python.exe} {C:/Users/mori/AgRV_pio/packages/tool-agrv_logic/pio/gen_batch} -d 1075838977 -i 0xbff5105000730062aa234371030002b7 -o ./example_board_batch.bin --logic-config ./example_board.bin --logic-address 0x80007000 
Using post-ASF file example_board.post.asf.
Thu Sep 10 15:46:22 2026

Total 0 fatals, 0 errors, 99 warnings, 20 infos.
