=== User constraints ===
Fmax report
  User constraint:  40.000MHz, Fmax: 101.153MHz, Clock: ESP_SPI_SCK
  User constraint:   8.000MHz, Fmax: 106.496MHz, Clock: PIN_HSE
  User constraint:  10.000MHz, Fmax: 106.496MHz, Clock: PIN_HSI
  User constraint: 150.000MHz, Fmax: 106.496MHz, Clock: pll_inst|auto_generated|pll1|clk[0]

Clock transfer report:
  Worst setup:  15.114, with clock ESP_SPI_SCK
  Worst setup: 115.610, with clock PIN_HSE
  Worst setup:  90.610, with clock PIN_HSI
  Worst setup:  -2.723, with clock pll_inst|auto_generated|pll1|clk[0]


=== Auto constraints ===
Fmax report
  User constraint:  75.000MHz, Fmax: 130.107MHz, Clock: Internal_generated_clock_macro_inst|core_inst|osc|Q

Clock transfer report:
  Worst setup:   5.647, with clock Internal_generated_clock_macro_inst|core_inst|osc|Q
  Worst setup: 996.524, from clock Internal_generated_clock_example_board|ESP32_SPI2_CS_N to Internal_generated_clock_example_board|ESP32_SPI_CS1
  Worst setup:  12.827, from clock Internal_generated_clock_example_board|ESP32_SPI2_CS_N to Internal_generated_clock_macro_inst|core_inst|osc|Q
  Worst setup:   1.782, from clock Internal_generated_clock_example_board|ESP32_SPI2_CS_N to pll_inst|auto_generated|pll1|clk[0]
  Worst setup:  14.002, from clock Internal_generated_clock_example_board|ESP32_SPI_CS1 to Internal_generated_clock_macro_inst|core_inst|osc|Q
  Worst setup:   0.528, from clock Internal_generated_clock_example_board|ESP32_SPI_CS1 to pll_inst|auto_generated|pll1|clk[0]
  Worst setup:   5.854, from clock Internal_generated_clock_macro_inst|core_inst|osc|Q to pll_inst|auto_generated|pll1|clk[0]


Coverage report
  User constraints covered 7769 connections out of 8684 total, coverage: 89.5%
  Auto constraints covered 8231 connections out of 8684 total, coverage: 94.8%


Setup from macro_inst|cpld_stream|operation[2] to macro_inst|cpld_stream|ram_data[4], clock pll_inst|auto_generated|pll1|clk[0], constraint 6.667, skew -0.053, data 8.907
  Slack:  -2.723
    Arrival Time:    9.928
        0.000    0.000   R                         Launch Clock Edge
      Launch Clock Path:
        0.000    0.000   RR                  example_board|PLL_CLKIN =>                    PLL_CLKIN~input|padio 
        1.309    1.309   RR                    PLL_CLKIN~input|padio =>                  PLL_CLKIN~input|combout 
        1.546    0.237   RR                  PLL_CLKIN~input|combout =>       pll_inst|auto_generated|pll1|clkin 
      Compensation Path:
       -2.390   -3.936   RR       pll_inst|auto_generated|pll1|clkfb =>    pll_inst|auto_generated|pll1|clkfbout 
       -2.390   -0.000   RR    pll_inst|auto_generated|pll1|clkfbout =>       pll_inst|auto_generated|pll1|clkfb 
      Compensation Path End
       -1.410    0.980   RR       pll_inst|auto_generated|pll1|clkin =>     pll_inst|auto_generated|pll1|clkout0 D
       -1.410    0.000   RR     pll_inst|auto_generated|pll1|clkout0 => gclksw_inst|gclk_switch__alta_gclksw|clkin2 D
       -1.008    0.402   RR gclksw_inst|gclk_switch__alta_gclksw|clkin2 => gclksw_inst|gclk_switch__alta_gclksw|clkout 
       -0.895    0.113   RR gclksw_inst|gclk_switch__alta_gclksw|clkout =>            gclksw_inst|gclk_switch|inclk 
       -0.895    0.000   RR            gclksw_inst|gclk_switch|inclk =>           gclksw_inst|gclk_switch|outclk 
        0.656    1.551   RR           gclksw_inst|gclk_switch|outclk =>               clken_ctrl_X59_Y5_N0|ClkIn 
        0.804    0.148   RR               clken_ctrl_X59_Y5_N0|ClkIn =>              clken_ctrl_X59_Y5_N0|ClkOut 
        0.937    0.133   RR              clken_ctrl_X59_Y5_N0|ClkOut =>  macro_inst|cpld_stream|operation[2]|Clk 
      Data Path:
        1.172    0.235   RF  macro_inst|cpld_stream|operation[2]|Clk =>    macro_inst|cpld_stream|operation[2]|Q D
        2.535    1.363   FF    macro_inst|cpld_stream|operation[2]|Q => macro_inst|cpld_stream|status_snapshot[48]|A 
        3.092    0.557   FR macro_inst|cpld_stream|status_snapshot[48]|A => macro_inst|cpld_stream|status_snapshot[48]|LutOut 
        3.496    0.404   RR macro_inst|cpld_stream|status_snapshot[48]|LutOut => macro_inst|cpld_stream|finish_phase~14|B 
        4.015    0.519   RR macro_inst|cpld_stream|finish_phase~14|B => macro_inst|cpld_stream|finish_phase~14|LutOut 
        5.371    1.356   RR macro_inst|cpld_stream|finish_phase~14|LutOut =>   macro_inst|cpld_stream|ram_data[0]~2|B 
        5.890    0.519   RR   macro_inst|cpld_stream|ram_data[0]~2|B => macro_inst|cpld_stream|ram_data[0]~2|LutOut 
        7.115    1.225   RR macro_inst|cpld_stream|ram_data[0]~2|LutOut =>   macro_inst|cpld_stream|ram_data[0]~4|D 
        7.208    0.093   RF   macro_inst|cpld_stream|ram_data[0]~4|D => macro_inst|cpld_stream|ram_data[0]~4|LutOut 
        8.139    0.931   FF macro_inst|cpld_stream|ram_data[0]~4|LutOut =>   macro_inst|cpld_stream|Selector185~1|D 
        8.247    0.108   FF   macro_inst|cpld_stream|Selector185~1|D => macro_inst|cpld_stream|Selector185~1|LutOut 
        8.630    0.383   FF macro_inst|cpld_stream|Selector185~1|LutOut =>   macro_inst|cpld_stream|Selector185~2|C 
        8.956    0.326   FF   macro_inst|cpld_stream|Selector185~2|C => macro_inst|cpld_stream|Selector185~2|LutOut 
        9.928    0.972   FF macro_inst|cpld_stream|Selector185~2|LutOut =>     macro_inst|cpld_stream|ram_data[4]|D E
    Required Time:   7.205
        6.667    6.667   R                          Latch Clock Edge
      Latch Clock Path:
        6.667    0.000   RR                  example_board|PLL_CLKIN =>                    PLL_CLKIN~input|padio 
        7.976    1.309   RR                    PLL_CLKIN~input|padio =>                  PLL_CLKIN~input|combout 
        8.203    0.227   RR                  PLL_CLKIN~input|combout =>       pll_inst|auto_generated|pll1|clkin 
      Compensation Path:
        4.267   -3.936   RR       pll_inst|auto_generated|pll1|clkfb =>    pll_inst|auto_generated|pll1|clkfbout 
        4.267   -0.000   RR    pll_inst|auto_generated|pll1|clkfbout =>       pll_inst|auto_generated|pll1|clkfb 
      Compensation Path End
        5.247    0.980   RR       pll_inst|auto_generated|pll1|clkin =>     pll_inst|auto_generated|pll1|clkout0 D
        5.247    0.000   RR     pll_inst|auto_generated|pll1|clkout0 => gclksw_inst|gclk_switch__alta_gclksw|clkin2 D
        5.649    0.402   RR gclksw_inst|gclk_switch__alta_gclksw|clkin2 => gclksw_inst|gclk_switch__alta_gclksw|clkout 
        5.762    0.113   RR gclksw_inst|gclk_switch__alta_gclksw|clkout =>            gclksw_inst|gclk_switch|inclk 
        5.762    0.000   RR            gclksw_inst|gclk_switch|inclk =>           gclksw_inst|gclk_switch|outclk 
        7.272    1.510   RR           gclksw_inst|gclk_switch|outclk =>               clken_ctrl_X54_Y2_N0|ClkIn 
        7.420    0.148   RR               clken_ctrl_X54_Y2_N0|ClkIn =>              clken_ctrl_X54_Y2_N0|ClkOut 
        7.551    0.131   RR              clken_ctrl_X54_Y2_N0|ClkOut =>   macro_inst|cpld_stream|ram_data[4]|Clk 
        7.195   -0.356   R                                     Setup
        7.205    0.010                               Clock Variation

