esptool.py v4.12.dev2
Serial port COM26
Connecting...
Chip is ESP32-S3 (QFN56) (revision v0.2)
Features: WiFi, BLE, Embedded PSRAM 8MB (AP_3v3)
Crystal is 40MHz
USB mode: USB-Serial/JTAG
MAC: a4:cb:8f:f2:c4:c0
Uploading stub...
Running stub...
Stub running...
Changing baud rate to 460800
Changed.
Configuring flash size...
Flash will be erased from 0x00020000 to 0x002d7fff...
Compressed 2849696 bytes to 1868077...
Writing at 0x00020000... (0 %)
Writing at 0x0002bd40... (1 %)
Writing at 0x00038e4c... (2 %)
Writing at 0x000473e4... (3 %)
Writing at 0x00054f93... (4 %)
Writing at 0x0005fee5... (5 %)
Writing at 0x0006afe4... (6 %)
Writing at 0x0006f456... (6 %)
Writing at 0x00073892... (7 %)
Writing at 0x00077d10... (8 %)
Writing at 0x0007c19e... (9 %)
Writing at 0x000805f8... (10 %)
Writing at 0x00084ab4... (11 %)
Writing at 0x00088fba... (12 %)
Writing at 0x0008d495... (13 %)
Writing at 0x00091967... (13 %)
Writing at 0x0009606c... (14 %)
Writing at 0x0009a82f... (15 %)
Writing at 0x0009ea29... (16 %)
Writing at 0x000a2a93... (17 %)
Writing at 0x000a84db... (18 %)
Writing at 0x000accae... (19 %)
Writing at 0x000b2161... (20 %)
Writing at 0x000b67d2... (20 %)
Writing at 0x000bc8c7... (21 %)
Writing at 0x000c1deb... (22 %)
Writing at 0x000c66fd... (23 %)
Writing at 0x000cc16d... (24 %)
Writing at 0x000d48ab... (25 %)
Writing at 0x000dfdac... (26 %)
Writing at 0x000e5f7b... (26 %)
Writing at 0x000ec59c... (27 %)
Writing at 0x000f2ee5... (28 %)
Writing at 0x000f87cd... (29 %)
Writing at 0x000fd9aa... (30 %)
Writing at 0x0010334e... (31 %)
Writing at 0x00108520... (32 %)
Writing at 0x0010dda3... (33 %)
Writing at 0x001130a6... (33 %)
Writing at 0x00118449... (34 %)
Writing at 0x0011dc70... (35 %)
Writing at 0x00123f12... (36 %)
Writing at 0x0012a26d... (37 %)
Writing at 0x0012ff5e... (38 %)
Writing at 0x0013608d... (39 %)
Writing at 0x0013bcc4... (40 %)
Writing at 0x00141d03... (40 %)
Writing at 0x001474ee... (41 %)
Writing at 0x0014d4bf... (42 %)
Writing at 0x0015370a... (43 %)
Writing at 0x00159c84... (44 %)
Writing at 0x0015f74a... (45 %)
Writing at 0x0016520a... (46 %)
Writing at 0x0016ae46... (46 %)
Writing at 0x00170050... (47 %)
Writing at 0x0017531d... (48 %)
Writing at 0x0017a386... (49 %)
Writing at 0x0017f0db... (50 %)
Writing at 0x00183f69... (51 %)
Writing at 0x00189120... (52 %)
Writing at 0x0018e00d... (53 %)
Writing at 0x00192eaa... (53 %)
Writing at 0x00197e76... (54 %)
Writing at 0x0019d60d... (55 %)
Writing at 0x001a2da9... (56 %)
Writing at 0x001a7fab... (57 %)
Writing at 0x001acfd2... (58 %)
Writing at 0x001b1eae... (59 %)
Writing at 0x001b74b8... (60 %)
Writing at 0x001bd5be... (60 %)
Writing at 0x001c3b12... (61 %)
Writing at 0x001c9dcd... (62 %)
Writing at 0x001cf93d... (63 %)
Writing at 0x001d5bc5... (64 %)
Writing at 0x001dc3e3... (65 %)
Writing at 0x001e21fd... (66 %)
Writing at 0x001e7cef... (66 %)
Writing at 0x001ede71... (67 %)
Writing at 0x001f4eb8... (68 %)
Writing at 0x001fcf5e... (69 %)
Writing at 0x002030c0... (70 %)
Writing at 0x00208e91... (71 %)
Writing at 0x0020e9f6... (72 %)
Writing at 0x00214778... (73 %)
Writing at 0x0021a681... (73 %)
Writing at 0x0022040a... (74 %)
Writing at 0x00226772... (75 %)
Writing at 0x0022c931... (76 %)
Writing at 0x002328f4... (77 %)
Writing at 0x00238975... (78 %)
Writing at 0x0023dc14... (79 %)
Writing at 0x00242beb... (80 %)
Writing at 0x00248568... (80 %)
Writing at 0x0024dda7... (81 %)
Writing at 0x00253342... (82 %)
Writing at 0x0025895e... (83 %)
Writing at 0x0025e550... (84 %)
Writing at 0x002642c1... (85 %)
Writing at 0x00269e5c... (86 %)
Writing at 0x0026fce2... (86 %)
Writing at 0x00275ca3... (87 %)
Writing at 0x0027b3f2... (88 %)
Writing at 0x00281c04... (89 %)
Writing at 0x002881c8... (90 %)
Writing at 0x0028f317... (91 %)
Writing at 0x002963af... (92 %)
Writing at 0x0029b862... (93 %)
Writing at 0x002a2718... (93 %)
Writing at 0x002a83f4... (94 %)
Writing at 0x002b96e5... (95 %)
Writing at 0x002bf982... (96 %)
Writing at 0x002c5b2c... (97 %)
Writing at 0x002cbc5b... (98 %)
Writing at 0x002d1d89... (99 %)
Writing at 0x002d7a11... (100 %)
Wrote 2849696 bytes (1868077 compressed) at 0x00020000 in 15.5 seconds (effective 1467.3 kbit/s)...
Hash of data verified.

Leaving...
Hard resetting via RTS pin...
