=== User constraints ===

Clock transfer report:
  Worst  hold:   0.603, with clock ESP_SPI_SCK
  Worst  hold:   0.348, with clock PIN_HSE
  Worst  hold:   0.348, with clock PIN_HSI
  Worst  hold:   0.348, with clock pll_inst|auto_generated|pll1|clk[0]

=== Auto constraints ===

Clock transfer report:
  Worst  hold:   0.615, with clock Internal_generated_clock_macro_inst|core_inst|osc|Q
  Worst  hold:  -3.235, from clock Internal_generated_clock_example_board|ESP32_SPI2_CS_N to Internal_generated_clock_example_board|ESP32_SPI_CS1
  Worst  hold:  -2.648, from clock Internal_generated_clock_example_board|ESP32_SPI2_CS_N to Internal_generated_clock_macro_inst|core_inst|osc|Q
  Worst  hold:   2.428, from clock Internal_generated_clock_example_board|ESP32_SPI2_CS_N to pll_inst|auto_generated|pll1|clk[0]
  Worst  hold:  -2.396, from clock Internal_generated_clock_example_board|ESP32_SPI_CS1 to Internal_generated_clock_macro_inst|core_inst|osc|Q
  Worst  hold:   2.600, from clock Internal_generated_clock_example_board|ESP32_SPI_CS1 to pll_inst|auto_generated|pll1|clk[0]
  Worst  hold:   0.615, from clock Internal_generated_clock_macro_inst|core_inst|osc|Q to pll_inst|auto_generated|pll1|clk[0]

Coverage report
  User constraints covered 7700 connections out of 8581 total, coverage: 89.7%
  Auto constraints covered 8160 connections out of 8581 total, coverage: 95.1%


Hold from ESP32_SPI2_CS_N to macro_inst|core_inst|buf_miso_cs1[1]~1, clock Internal_generated_clock_example_board|ESP32_SPI2_CS_N to Internal_generated_clock_example_board|ESP32_SPI_CS1, constraint 0.000, skew 9.048, data 5.391
  Slack:  -3.235
    Arrival Time:  505.391
      500.000  500.000   R                         Launch Clock Edge
      Data Path:
      500.000    0.000   RR            example_board|ESP32_SPI2_CS_N =>              ESP32_SPI2_CS_N~input|padio 
      501.309    1.309   RR              ESP32_SPI2_CS_N~input|padio =>            ESP32_SPI2_CS_N~input|combout 
      502.568    1.259   RR            ESP32_SPI2_CS_N~input|combout =>            macro_inst|legacy_spi_cs0~0|C 
      502.851    0.283   RR            macro_inst|legacy_spi_cs0~0|C =>       macro_inst|legacy_spi_cs0~0|LutOut 
      504.075    1.224   RR       macro_inst|legacy_spi_cs0~0|LutOut =>    macro_inst|core_inst|cart_cs2_out~2|D 
      504.176    0.101   RR    macro_inst|core_inst|cart_cs2_out~2|D => macro_inst|core_inst|cart_cs2_out~2|LutOut 
      505.391    1.215   RR macro_inst|core_inst|cart_cs2_out~2|LutOut => macro_inst|core_inst|buf_miso_cs1[1]~1|A E
    Required Time: 508.626
      500.000  500.000   F                          Latch Clock Edge
      Latch Clock Path:
      500.000    0.000   FF              example_board|ESP32_SPI_CS1 =>                ESP32_SPI_CS1~input|padio 
      501.307    1.307   FF                ESP32_SPI_CS1~input|padio =>              ESP32_SPI_CS1~input|combout 
      503.159    1.852   FF              ESP32_SPI_CS1~input|combout =>         macro_inst|core_inst|ad_incr~0|C 
      503.485    0.326   FF         macro_inst|core_inst|ad_incr~0|C =>    macro_inst|core_inst|ad_incr~0|LutOut 
      506.898    3.413   FF    macro_inst|core_inst|ad_incr~0|LutOut => macro_inst|core_inst|ad_incr~0clkctrl|inclk 
      506.898    0.000   FF macro_inst|core_inst|ad_incr~0clkctrl|inclk => macro_inst|core_inst|ad_incr~0clkctrl|outclk 
      509.048    2.150   FF macro_inst|core_inst|ad_incr~0clkctrl|outclk => macro_inst|core_inst|buf_miso_cs1[1]~1|D 
      508.626   -0.422   F                                      Hold

