=== User constraints ===
Fmax report
  User constraint:  40.000MHz, Fmax: 103.520MHz, Clock: ESP_SPI_SCK
  User constraint:   8.000MHz, Fmax: 133.333MHz, Clock: PIN_HSE
  User constraint:  10.000MHz, Fmax: 133.333MHz, Clock: PIN_HSI
  User constraint: 150.000MHz, Fmax: 133.333MHz, Clock: pll_inst|auto_generated|pll1|clk[0]

Clock transfer report:
  Worst setup:  15.340, with clock ESP_SPI_SCK
  Worst setup: 117.500, with clock PIN_HSE
  Worst setup:  92.500, with clock PIN_HSI
  Worst setup:  -0.833, with clock pll_inst|auto_generated|pll1|clk[0]


=== Auto constraints ===
Fmax report
  User constraint:  75.000MHz, Fmax: 133.067MHz, Clock: Internal_generated_clock_macro_inst|core_inst|osc|Q

Clock transfer report:
  Worst setup:   5.818, with clock Internal_generated_clock_macro_inst|core_inst|osc|Q
  Worst setup: 996.820, from clock Internal_generated_clock_example_board|ESP32_SPI2_CS_N to Internal_generated_clock_example_board|ESP32_SPI_CS1
  Worst setup:  14.218, from clock Internal_generated_clock_example_board|ESP32_SPI2_CS_N to Internal_generated_clock_macro_inst|core_inst|osc|Q
  Worst setup:   2.804, from clock Internal_generated_clock_example_board|ESP32_SPI2_CS_N to pll_inst|auto_generated|pll1|clk[0]
  Worst setup:  13.503, from clock Internal_generated_clock_example_board|ESP32_SPI_CS1 to Internal_generated_clock_macro_inst|core_inst|osc|Q
  Worst setup:   3.223, from clock Internal_generated_clock_example_board|ESP32_SPI_CS1 to pll_inst|auto_generated|pll1|clk[0]
  Worst setup:   5.854, from clock Internal_generated_clock_macro_inst|core_inst|osc|Q to pll_inst|auto_generated|pll1|clk[0]


Coverage report
  User constraints covered 7700 connections out of 8581 total, coverage: 89.7%
  Auto constraints covered 8160 connections out of 8581 total, coverage: 95.1%


Setup from macro_inst|cpld_stream|state.READ_FINISH to macro_inst|cpld_stream|delay_count[0], clock pll_inst|auto_generated|pll1|clk[0], constraint 6.667, skew -0.053, data 6.682
  Slack:  -0.833
    Arrival Time:    7.619
        0.000    0.000   R                         Launch Clock Edge
      Launch Clock Path:
        0.000    0.000   RR                  example_board|PLL_CLKIN =>                    PLL_CLKIN~input|padio 
        1.309    1.309   RR                    PLL_CLKIN~input|padio =>                  PLL_CLKIN~input|combout 
        1.546    0.237   RR                  PLL_CLKIN~input|combout =>       pll_inst|auto_generated|pll1|clkin 
      Compensation Path:
       -2.390   -3.936   RR       pll_inst|auto_generated|pll1|clkfb =>    pll_inst|auto_generated|pll1|clkfbout 
       -2.390   -0.000   RR    pll_inst|auto_generated|pll1|clkfbout =>       pll_inst|auto_generated|pll1|clkfb 
      Compensation Path End
       -1.410    0.980   RR       pll_inst|auto_generated|pll1|clkin =>     pll_inst|auto_generated|pll1|clkout0 D
       -1.410    0.000   RR     pll_inst|auto_generated|pll1|clkout0 => gclksw_inst|gclk_switch__alta_gclksw|clkin2 D
       -1.008    0.402   RR gclksw_inst|gclk_switch__alta_gclksw|clkin2 => gclksw_inst|gclk_switch__alta_gclksw|clkout 
       -0.895    0.113   RR gclksw_inst|gclk_switch__alta_gclksw|clkout =>            gclksw_inst|gclk_switch|inclk 
       -0.895    0.000   RR            gclksw_inst|gclk_switch|inclk =>           gclksw_inst|gclk_switch|outclk 
        0.656    1.551   RR           gclksw_inst|gclk_switch|outclk =>               clken_ctrl_X59_Y7_N0|ClkIn 
        0.804    0.148   RR               clken_ctrl_X59_Y7_N0|ClkIn =>              clken_ctrl_X59_Y7_N0|ClkOut 
        0.937    0.133   RR              clken_ctrl_X59_Y7_N0|ClkOut => macro_inst|cpld_stream|state.READ_FINISH|Clk 
      Data Path:
        1.172    0.235   RF macro_inst|cpld_stream|state.READ_FINISH|Clk => macro_inst|cpld_stream|state.READ_FINISH|Q D
        3.050    1.878   FF macro_inst|cpld_stream|state.READ_FINISH|Q =>      macro_inst|cpld_stream|WideOr20~0|C 
        3.304    0.254   FR      macro_inst|cpld_stream|WideOr20~0|C => macro_inst|cpld_stream|WideOr20~0|LutOut 
        4.527    1.223   RR macro_inst|cpld_stream|WideOr20~0|LutOut =>        macro_inst|cpld_stream|WideOr20|D 
        4.620    0.093   RF        macro_inst|cpld_stream|WideOr20|D =>   macro_inst|cpld_stream|WideOr20|LutOut 
        5.978    1.358   FF   macro_inst|cpld_stream|WideOr20|LutOut => macro_inst|cpld_stream|delay_count[3]~3|C 
        6.232    0.254   FR macro_inst|cpld_stream|delay_count[3]~3|C => macro_inst|cpld_stream|delay_count[3]~3|LutOut 
        7.106    0.874   RR macro_inst|cpld_stream|delay_count[3]~3|LutOut => macro_inst|cpld_stream|delay_count[3]~5|D 
        7.207    0.101   RR macro_inst|cpld_stream|delay_count[3]~5|D => macro_inst|cpld_stream|delay_count[3]~5|LutOut 
        7.619    0.412   RR macro_inst|cpld_stream|delay_count[3]~5|LutOut =>  macro_inst|cpld_stream|delay_count[0]|A E
    Required Time:   6.786
        6.667    6.667   R                          Latch Clock Edge
      Latch Clock Path:
        6.667    0.000   RR                  example_board|PLL_CLKIN =>                    PLL_CLKIN~input|padio 
        7.976    1.309   RR                    PLL_CLKIN~input|padio =>                  PLL_CLKIN~input|combout 
        8.203    0.227   RR                  PLL_CLKIN~input|combout =>       pll_inst|auto_generated|pll1|clkin 
      Compensation Path:
        4.267   -3.936   RR       pll_inst|auto_generated|pll1|clkfb =>    pll_inst|auto_generated|pll1|clkfbout 
        4.267   -0.000   RR    pll_inst|auto_generated|pll1|clkfbout =>       pll_inst|auto_generated|pll1|clkfb 
      Compensation Path End
        5.247    0.980   RR       pll_inst|auto_generated|pll1|clkin =>     pll_inst|auto_generated|pll1|clkout0 D
        5.247    0.000   RR     pll_inst|auto_generated|pll1|clkout0 => gclksw_inst|gclk_switch__alta_gclksw|clkin2 D
        5.649    0.402   RR gclksw_inst|gclk_switch__alta_gclksw|clkin2 => gclksw_inst|gclk_switch__alta_gclksw|clkout 
        5.762    0.113   RR gclksw_inst|gclk_switch__alta_gclksw|clkout =>            gclksw_inst|gclk_switch|inclk 
        5.762    0.000   RR            gclksw_inst|gclk_switch|inclk =>           gclksw_inst|gclk_switch|outclk 
        7.272    1.510   RR           gclksw_inst|gclk_switch|outclk =>               clken_ctrl_X53_Y2_N0|ClkIn 
        7.420    0.148   RR               clken_ctrl_X53_Y2_N0|ClkIn =>              clken_ctrl_X53_Y2_N0|ClkOut 
        7.551    0.131   RR              clken_ctrl_X53_Y2_N0|ClkOut => macro_inst|cpld_stream|delay_count[0]|Clk 
        6.776   -0.775   R                                     Setup
        6.786    0.010                               Clock Variation

