Sat Sep 12 22:30:22 2026
Using pre-ASF file example_board.pre.asf.
Total IO  : 150
Total Pin : 128/17
Top array is built.
Loading architect libraries...

## CPU time: 0:0:0, REAL time: 0:0:0
## Memory Usage: 53MB (53MB)
Loading route table...

## CPU time: 0:0:1, REAL time: 0:0:2
## Memory Usage: 318MB (318MB)
Using design VERILOG file ./simulation/modelsim/example_board.vo.
Using design VE file example_board.vex.
Preparing design...

Info: Rename duplicated module cell alta_rv32 to alta_rv32_duplicated at ./alta_db/flatten.vx:1956.
Info: Removing bbox feeder slice sys_ctrl_clkSource[0] driven by BBOX rv32|sys_ctrl_clkSource[0].
Info: Removing bbox feeder slice sys_ctrl_clkSource[1] driven by BBOX rv32|sys_ctrl_clkSource[1].
## CPU time: 0:0:0, REAL time: 0:0:0
## Memory Usage: 339MB (339MB)
Pseudo pack design...

Using location file example_board.vex
VCO frequency: 300.000 Mhz
  clkout0: Enabled , 150.000 Mhz
  clkout1: Disabled, 0.586 Mhz
  clkout2: Disabled, 0.586 Mhz
  clkout3: Disabled, 0.586 Mhz
  clkout4: Disabled, 0.586 Mhz
Info: Instance gclksw_inst|gclk_switch is identified as a clock switch.
Packing Statistics
 Total      Logics : 1921/2112 ( 90%)
 Total        LUTs : 1918/2112 ( 90%)
 Total   Registers :  936/2112 ( 44%)
 Total  Block Rams :    2/   4 ( 50%)
 Total        PLLs :    1/   1 (100%)
 Total        Pins :   44/ 128 ( 34%)
 Global    Signals :    6/   5 (120%)
                     MCU_SPI_CLK~inputclkctrl_outclk (from:                              MCU_SPI_CLK~input_o)
      auto_generated_inst.hbo_22_f9ff3d300b43c0f2_bp (from:   auto_generated_inst.hbo_22_f9ff3d300b43c0f2_bp)
        macro_inst|core_inst|ad_incr~0clkctrl_outclk (from:           macro_inst|core_inst|ad_incr~0_combout)
             macro_inst|core_inst|osc~clkctrl_outclk (from:                       macro_inst|core_inst|osc~q)
           macro_inst|legacy_spi_cs0~0clkctrl_outclk (from:              macro_inst|legacy_spi_cs0~0_combout)
                           sys_resetn~clkctrl_outclk (from:                               sys_resetn~combout)
 Total Lonely   Datain   : 52
 Total Lonely   Register : 3
 Total LUT-FF   Pairs    : 770
 Total Register Packings : 111
 Registers with synchronous    reset : 0
 Registers with asynchronous   reset : 580
 Registers with sync and async reset : 167
## CPU time: 0:0:0, REAL time: 0:0:1
## Memory Usage: 337MB (339MB)
Filter verilog...

## CPU time: 0:0:0, REAL time: 0:0:0
## Memory Usage: 338MB (339MB)
Reading DB design...

## CPU time: 0:0:0, REAL time: 0:0:0
## Memory Usage: 341MB (341MB)
Processing design...

Info: Found GCLK net macro_inst|core_inst|ad_incr~0clkctrl_outclk (3).
Info: Found GCLK net macro_inst|legacy_spi_cs0~0clkctrl_outclk (8).
Info: Found GCLK net sys_resetn~clkctrl_outclk (100).
Info: Found GCLK net macro_inst|core_inst|osc~clkctrl_outclk (7).
Info: Found GCLK net MCU_SPI_CLK~inputclkctrl_outclk (34).
Info: Found GCLK net auto_generated_inst.hbo_22_f9ff3d300b43c0f2_bp (148).
Info: Fixing net rv32.resetn_out, from rv32|resetn_out to gclksw_inst|gclk_switch__alta_gclksw|resetn.
Info: Fixing net PIN_HSE~input_o, from PIN_HSE~input|combout to gclksw_inst|gclk_switch__alta_gclksw|clkin1.
Info: Fixing net gclksw_inst|gclk_switch__alta_gclksw__clkout, from gclksw_inst|gclk_switch__alta_gclksw|clkout to rv32|sys_clk.
Info: Fixing net auto_generated_inst.hbo_13_1bc039b416d3bc4a_bp, from pll_inst|auto_generated|pll1|lock to rv32|sys_ctrl_pllReady.
Info: Slice ~VCC is removed.
Info: The input of IO PHI is disabled since all input pins are unused.
## CPU time: 0:0:0, REAL time: 0:0:0
## Memory Usage: 342MB (342MB)
Using design SDC file ./example_board.sdc.
Info: The input of IO PHI is disabled since all input pins are unused.
Info: Auto constraint PLL: create_generated_clock -name pll_inst|auto_generated|pll1|clk[0] -divide_by 4 -multiply_by 75 -add -source PLL_CLKIN -master_clock PIN_OSC pll_inst|auto_generated|pll1|clkout0.
Using ASF file example_board.asf.
************ DESIGN ASF ************

Info: The input of IO PHI is disabled since all input pins are unused.
Warn: Logic slice macro_inst|core_inst|buf_miso_cs1[0]~5 is used as a latch, output net: macro_inst|core_inst|buf_miso_cs1[0]~5_combout.
Warn: Logic slice macro_inst|core_inst|buf_miso_cs1[1]~1 is used as a latch, output net: macro_inst|core_inst|buf_miso_cs1[1]~1_combout.
Warn: Logic slice macro_inst|core_inst|cart_cs1_out~1 is used as a latch, output net: macro_inst|core_inst|cart_cs1_out~1_combout.
Warn: Logic slice macro_inst|core_inst|cart_a_oe_shadow is used as a latch, output net: macro_inst|core_inst|cart_ad_oe~1_combout.
Warn: Logic slice macro_inst|core_inst|cart_nWR_out~1 is used as a latch, output net: macro_inst|core_inst|cart_nWR_out~1_combout.
Warn: Logic slice macro_inst|core_inst|cart_nRD_out~1 is used as a latch, output net: macro_inst|core_inst|cart_nRD_out~1_combout.
Warn: Logic slice macro_inst|core_inst|cart_cs2_out~1 is used as a latch, output net: macro_inst|core_inst|cart_cs2_out~1_combout.
Warn: Logic slice macro_inst|core_inst|cart_a_oe~1 is used as a latch, output net: macro_inst|core_inst|cart_a_oe~1_combout.
Info: macro_inst|mode_guard|cpld_mode|Q is identified as a clock gate signal.
Warn: Auto constraint INTERNAL: create_clock -name Internal_generated_clock_example_board|ESP32_SPI2_CS_N -period 1000.000 ESP32_SPI2_CS_N.
Warn: Auto constraint INTERNAL: create_clock -name Internal_generated_clock_example_board|ESP32_SPI_CS1 -period 1000.000 ESP32_SPI_CS1.
Warn: Auto constraint INTERNAL: create_generated_clock -name Internal_generated_clock_macro_inst|core_inst|osc|Q -divide_by 2 -add -source PIN_HSE -master_clock PIN_HSE macro_inst|core_inst|osc|Q.
Warn: Auto constraint INTERNAL: create_generated_clock -name Internal_generated_clock_macro_inst|core_inst|osc|Q -divide_by 2 -add -source PIN_HSI -master_clock PIN_HSI macro_inst|core_inst|osc|Q.
Warn: Auto constraint INTERNAL: create_generated_clock -name Internal_generated_clock_macro_inst|core_inst|osc|Q -divide_by 2 -add -source pll_inst|auto_generated|pll1|clkout0 -master_clock pll_inst|auto_generated|pll1|clk[0] macro_inst|core_inst|osc|Q.
Placement Statistics
 Total  Logic    Counts  : 1920/2112 (90.9%)
 Total  Logic    Tiles   : 127/132 (96.2%)
 Total  Other    Tiles   : 2/4 (50.0%)
 Total  Valid    Nets    : 2472 (1427+1045)
 Total  Valid    Fanouts : 11082 (6683+4399)
 Total  Tile     Fanouts : 3231
 Tile   Zip      Fanins  : 20 (2:35)
 Tile   Zip      Fanouts : 31 (0:214)
 Total  Ignored  Nets    : 1644
 Total  Valid    Blocks  : 144 (122/20)
 Total  Ignored  Blocks  : 0
 Total  Zip Complexities : 996/4185 2.00/1990.15
 Avg    Zip   Bottleneck : 5.66 55.11
 Avg    Net   Bottleneck : 20.45 685.33
Warn: Found CDC clock enable clken_ctrl_X43_Y1_N1|ClkEn, from clock Internal_generated_clock_example_board|ESP32_SPI_CS1 to Internal_generated_clock_macro_inst|core_inst|osc|Q.
Warn: Found CDC clock enable clken_ctrl_X43_Y1_N1|ClkEn, from clock Internal_generated_clock_example_board|ESP32_SPI_CS1 to Internal_generated_clock_macro_inst|core_inst|osc|Q.
Warn: Found CDC clock enable clken_ctrl_X43_Y1_N1|ClkEn, from clock Internal_generated_clock_example_board|ESP32_SPI2_CS_N to Internal_generated_clock_macro_inst|core_inst|osc|Q.
Warn: Found CDC clock enable clken_ctrl_X43_Y1_N1|ClkEn, from clock Internal_generated_clock_example_board|ESP32_SPI2_CS_N to Internal_generated_clock_macro_inst|core_inst|osc|Q.
Warn: Found CDC clock enable clken_ctrl_X43_Y2_N1|ClkEn, from clock Internal_generated_clock_example_board|ESP32_SPI_CS1 to Internal_generated_clock_macro_inst|core_inst|osc|Q.
Warn: Found CDC clock enable clken_ctrl_X43_Y2_N1|ClkEn, from clock Internal_generated_clock_example_board|ESP32_SPI_CS1 to Internal_generated_clock_macro_inst|core_inst|osc|Q.
Warn: Found CDC clock enable clken_ctrl_X43_Y2_N1|ClkEn, from clock Internal_generated_clock_example_board|ESP32_SPI2_CS_N to Internal_generated_clock_macro_inst|core_inst|osc|Q.
Warn: Found CDC clock enable clken_ctrl_X43_Y2_N1|ClkEn, from clock Internal_generated_clock_example_board|ESP32_SPI2_CS_N to Internal_generated_clock_macro_inst|core_inst|osc|Q.
Warn: Found CDC clock enable clken_ctrl_X44_Y2_N1|ClkEn, from clock Internal_generated_clock_example_board|ESP32_SPI_CS1 to ESP_SPI_SCK.
Warn: Found CDC clock enable clken_ctrl_X44_Y2_N1|ClkEn, from clock Internal_generated_clock_example_board|ESP32_SPI_CS1 to ESP_SPI_SCK.
Warn: Found CDC clock enable clken_ctrl_X44_Y2_N1|ClkEn, from clock Internal_generated_clock_example_board|ESP32_SPI2_CS_N to ESP_SPI_SCK.
Warn: Found CDC clock enable clken_ctrl_X44_Y2_N1|ClkEn, from clock Internal_generated_clock_example_board|ESP32_SPI2_CS_N to ESP_SPI_SCK.
Warn: Found CDC clock enable clken_ctrl_X44_Y2_N1|ClkEn, from clock PIN_HSI to ESP_SPI_SCK.
Warn: Found CDC clock enable clken_ctrl_X44_Y2_N1|ClkEn, from clock PIN_HSE to ESP_SPI_SCK.
Warn: Found CDC clock enable clken_ctrl_X44_Y2_N1|ClkEn, from clock pll_inst|auto_generated|pll1|clk[0] to ESP_SPI_SCK.
Warn: Found CDC clock enable clken_ctrl_X44_Y3_N1|ClkEn, from clock Internal_generated_clock_example_board|ESP32_SPI_CS1 to ESP_SPI_SCK.
Warn: Found CDC clock enable clken_ctrl_X44_Y3_N1|ClkEn, from clock Internal_generated_clock_example_board|ESP32_SPI_CS1 to ESP_SPI_SCK.
Warn: Found CDC clock enable clken_ctrl_X44_Y3_N1|ClkEn, from clock Internal_generated_clock_example_board|ESP32_SPI2_CS_N to ESP_SPI_SCK.
Warn: Found CDC clock enable clken_ctrl_X44_Y3_N1|ClkEn, from clock Internal_generated_clock_example_board|ESP32_SPI2_CS_N to ESP_SPI_SCK.
Warn: Found CDC clock enable clken_ctrl_X45_Y1_N0|ClkEn, from clock Internal_generated_clock_example_board|ESP32_SPI2_CS_N to Internal_generated_clock_macro_inst|core_inst|osc|Q.
Warn: Found CDC clock enable clken_ctrl_X45_Y1_N0|ClkEn, from clock Internal_generated_clock_example_board|ESP32_SPI2_CS_N to Internal_generated_clock_macro_inst|core_inst|osc|Q.
Warn: Found CDC clock enable clken_ctrl_X45_Y1_N0|ClkEn, from clock Internal_generated_clock_example_board|ESP32_SPI_CS1 to Internal_generated_clock_macro_inst|core_inst|osc|Q.
Warn: Found CDC clock enable clken_ctrl_X45_Y1_N0|ClkEn, from clock Internal_generated_clock_example_board|ESP32_SPI_CS1 to Internal_generated_clock_macro_inst|core_inst|osc|Q.
Warn: Found CDC clock enable clken_ctrl_X45_Y3_N1|ClkEn, from clock Internal_generated_clock_example_board|ESP32_SPI_CS1 to ESP_SPI_SCK.
Warn: Found CDC clock enable clken_ctrl_X45_Y3_N1|ClkEn, from clock Internal_generated_clock_example_board|ESP32_SPI_CS1 to ESP_SPI_SCK.
Warn: Found CDC clock enable clken_ctrl_X45_Y3_N1|ClkEn, from clock Internal_generated_clock_example_board|ESP32_SPI2_CS_N to ESP_SPI_SCK.
Warn: Found CDC clock enable clken_ctrl_X45_Y3_N1|ClkEn, from clock Internal_generated_clock_example_board|ESP32_SPI2_CS_N to ESP_SPI_SCK.
Warn: Found CDC clock enable clken_ctrl_X46_Y1_N1|ClkEn, from clock Internal_generated_clock_example_board|ESP32_SPI2_CS_N to Internal_generated_clock_macro_inst|core_inst|osc|Q.
Warn: Found CDC clock enable clken_ctrl_X46_Y1_N1|ClkEn, from clock Internal_generated_clock_example_board|ESP32_SPI2_CS_N to Internal_generated_clock_macro_inst|core_inst|osc|Q.
Warn: Found CDC clock enable clken_ctrl_X46_Y1_N1|ClkEn, from clock Internal_generated_clock_example_board|ESP32_SPI_CS1 to Internal_generated_clock_macro_inst|core_inst|osc|Q.
Warn: Found CDC clock enable clken_ctrl_X46_Y1_N1|ClkEn, from clock Internal_generated_clock_example_board|ESP32_SPI_CS1 to Internal_generated_clock_macro_inst|core_inst|osc|Q.
Warn: Found CDC clock enable clken_ctrl_X47_Y2_N0|ClkEn, from clock Internal_generated_clock_example_board|ESP32_SPI2_CS_N to ESP_SPI_SCK.
Warn: Found CDC clock enable clken_ctrl_X47_Y2_N0|ClkEn, from clock Internal_generated_clock_example_board|ESP32_SPI2_CS_N to ESP_SPI_SCK.
Warn: Found CDC clock enable clken_ctrl_X47_Y2_N0|ClkEn, from clock PIN_HSI to ESP_SPI_SCK.
Warn: Found CDC clock enable clken_ctrl_X47_Y2_N0|ClkEn, from clock PIN_HSE to ESP_SPI_SCK.
Warn: Found CDC clock enable clken_ctrl_X47_Y2_N0|ClkEn, from clock pll_inst|auto_generated|pll1|clk[0] to ESP_SPI_SCK.
Warn: Found CDC clock enable clken_ctrl_X48_Y1_N1|ClkEn, from clock Internal_generated_clock_example_board|ESP32_SPI_CS1 to Internal_generated_clock_macro_inst|core_inst|osc|Q.
Warn: Found CDC clock enable clken_ctrl_X48_Y1_N1|ClkEn, from clock Internal_generated_clock_example_board|ESP32_SPI_CS1 to Internal_generated_clock_macro_inst|core_inst|osc|Q.
Warn: Found CDC clock enable clken_ctrl_X48_Y1_N1|ClkEn, from clock Internal_generated_clock_example_board|ESP32_SPI2_CS_N to Internal_generated_clock_macro_inst|core_inst|osc|Q.
Warn: Found CDC clock enable clken_ctrl_X48_Y1_N1|ClkEn, from clock Internal_generated_clock_example_board|ESP32_SPI2_CS_N to Internal_generated_clock_macro_inst|core_inst|osc|Q.
Warn: Found CDC clock enable clken_ctrl_X48_Y4_N0|ClkEn, from clock Internal_generated_clock_example_board|ESP32_SPI_CS1 to ESP_SPI_SCK.
Warn: Found CDC clock enable clken_ctrl_X48_Y4_N0|ClkEn, from clock Internal_generated_clock_example_board|ESP32_SPI_CS1 to ESP_SPI_SCK.
Warn: Found CDC clock enable clken_ctrl_X48_Y4_N0|ClkEn, from clock Internal_generated_clock_example_board|ESP32_SPI2_CS_N to ESP_SPI_SCK.
Warn: Found CDC clock enable clken_ctrl_X48_Y4_N0|ClkEn, from clock Internal_generated_clock_example_board|ESP32_SPI2_CS_N to ESP_SPI_SCK.
Warn: Found CDC clock enable clken_ctrl_X48_Y4_N0|ClkEn, from clock PIN_HSI to ESP_SPI_SCK.
Warn: Found CDC clock enable clken_ctrl_X48_Y4_N0|ClkEn, from clock PIN_HSE to ESP_SPI_SCK.
Warn: Found CDC clock enable clken_ctrl_X48_Y4_N0|ClkEn, from clock pll_inst|auto_generated|pll1|clk[0] to ESP_SPI_SCK.
Warn: Found CDC clock enable clken_ctrl_X49_Y2_N1|ClkEn, from clock Internal_generated_clock_example_board|ESP32_SPI2_CS_N to ESP_SPI_SCK.
Warn: Found CDC clock enable clken_ctrl_X49_Y2_N1|ClkEn, from clock Internal_generated_clock_example_board|ESP32_SPI2_CS_N to ESP_SPI_SCK.
Warn: Found CDC clock enable clken_ctrl_X49_Y2_N1|ClkEn, from clock PIN_HSI to ESP_SPI_SCK.
Warn: Found CDC clock enable clken_ctrl_X49_Y2_N1|ClkEn, from clock PIN_HSE to ESP_SPI_SCK.
Warn: Found CDC clock enable clken_ctrl_X49_Y2_N1|ClkEn, from clock pll_inst|auto_generated|pll1|clk[0] to ESP_SPI_SCK.
Warn: Found CDC clock enable clken_ctrl_X50_Y1_N0|ClkEn, from clock Internal_generated_clock_example_board|ESP32_SPI_CS1 to ESP_SPI_SCK.
Warn: Found CDC clock enable clken_ctrl_X50_Y1_N0|ClkEn, from clock Internal_generated_clock_example_board|ESP32_SPI_CS1 to ESP_SPI_SCK.
Warn: Found CDC clock enable clken_ctrl_X50_Y1_N0|ClkEn, from clock PIN_HSI to ESP_SPI_SCK.
Warn: Found CDC clock enable clken_ctrl_X50_Y1_N0|ClkEn, from clock PIN_HSE to ESP_SPI_SCK.
Warn: Found CDC clock enable clken_ctrl_X50_Y1_N0|ClkEn, from clock pll_inst|auto_generated|pll1|clk[0] to ESP_SPI_SCK.
Warn: Found CDC clock enable clken_ctrl_X50_Y1_N0|ClkEn, from clock Internal_generated_clock_example_board|ESP32_SPI2_CS_N to ESP_SPI_SCK.
Warn: Found CDC clock enable clken_ctrl_X50_Y1_N0|ClkEn, from clock Internal_generated_clock_example_board|ESP32_SPI2_CS_N to ESP_SPI_SCK.
Warn: Found CDC clock enable clken_ctrl_X51_Y1_N1|ClkEn, from clock Internal_generated_clock_example_board|ESP32_SPI_CS1 to ESP_SPI_SCK.
Warn: Found CDC clock enable clken_ctrl_X51_Y1_N1|ClkEn, from clock Internal_generated_clock_example_board|ESP32_SPI_CS1 to ESP_SPI_SCK.
Warn: Found CDC clock enable clken_ctrl_X51_Y1_N1|ClkEn, from clock PIN_HSI to ESP_SPI_SCK.
Warn: Found CDC clock enable clken_ctrl_X51_Y1_N1|ClkEn, from clock PIN_HSE to ESP_SPI_SCK.
Warn: Found CDC clock enable clken_ctrl_X51_Y1_N1|ClkEn, from clock pll_inst|auto_generated|pll1|clk[0] to ESP_SPI_SCK.
Warn: Found CDC clock enable clken_ctrl_X51_Y1_N1|ClkEn, from clock Internal_generated_clock_example_board|ESP32_SPI2_CS_N to ESP_SPI_SCK.
Warn: Found CDC clock enable clken_ctrl_X51_Y1_N1|ClkEn, from clock Internal_generated_clock_example_board|ESP32_SPI2_CS_N to ESP_SPI_SCK.
Warn: Found CDC clock enable clken_ctrl_X52_Y3_N1|ClkEn, from clock Internal_generated_clock_example_board|ESP32_SPI_CS1 to ESP_SPI_SCK.
Warn: Found CDC clock enable clken_ctrl_X52_Y3_N1|ClkEn, from clock Internal_generated_clock_example_board|ESP32_SPI_CS1 to ESP_SPI_SCK.
Warn: Found CDC clock enable clken_ctrl_X52_Y3_N1|ClkEn, from clock Internal_generated_clock_example_board|ESP32_SPI2_CS_N to ESP_SPI_SCK.
Warn: Found CDC clock enable clken_ctrl_X52_Y3_N1|ClkEn, from clock Internal_generated_clock_example_board|ESP32_SPI2_CS_N to ESP_SPI_SCK.
Warn: Found CDC clock enable clken_ctrl_X52_Y3_N1|ClkEn, from clock PIN_HSI to ESP_SPI_SCK.
Warn: Found CDC clock enable clken_ctrl_X52_Y3_N1|ClkEn, from clock PIN_HSE to ESP_SPI_SCK.
Warn: Found CDC clock enable clken_ctrl_X52_Y3_N1|ClkEn, from clock pll_inst|auto_generated|pll1|clk[0] to ESP_SPI_SCK.
Warn: Found CDC clock enable clken_ctrl_X57_Y6_N0|ClkEn, from clock Internal_generated_clock_example_board|ESP32_SPI_CS1 to ESP_SPI_SCK.
Warn: Found CDC clock enable clken_ctrl_X57_Y6_N0|ClkEn, from clock Internal_generated_clock_example_board|ESP32_SPI_CS1 to ESP_SPI_SCK.
Warn: Found CDC clock enable clken_ctrl_X57_Y6_N0|ClkEn, from clock Internal_generated_clock_example_board|ESP32_SPI2_CS_N to ESP_SPI_SCK.
Warn: Found CDC clock enable clken_ctrl_X57_Y6_N0|ClkEn, from clock Internal_generated_clock_example_board|ESP32_SPI2_CS_N to ESP_SPI_SCK.
Warn: Found CDC clock enable clken_ctrl_X57_Y6_N0|ClkEn, from clock PIN_HSI to ESP_SPI_SCK.
Warn: Found CDC clock enable clken_ctrl_X57_Y6_N0|ClkEn, from clock PIN_HSE to ESP_SPI_SCK.
Warn: Found CDC clock enable clken_ctrl_X57_Y6_N0|ClkEn, from clock pll_inst|auto_generated|pll1|clk[0] to ESP_SPI_SCK.
Iter #1/1 ...
Pass 1 #1/2 ...
Partitioning...
 step = 3, partition : 2,2
....................
 step = 4, partition : 2,2
....................

## CPU time: 0:0:8, REAL time: 0:0:9
Pass 1 #2/2 ...
Partitioning...
 step = 3, partition : 2,2
....................
 step = 4, partition : 2,2
....................

## CPU time: 0:0:8, REAL time: 0:0:8
Pass 2 #1/1 ...
Legalization and Swapping...
..........

## CPU time: 0:0:5, REAL time: 0:0:5
Pass 3 #1/1 ...
Touchup...


## CPU time: 0:0:0, REAL time: 0:0:0
Pass 4 #1/1 ...
Optimization...
............................................................
Finishing...

## CPU time: 0:0:13, REAL time: 0:0:13
Total wire cost after placement: -0.523333:-0.0785:0.603(-0.523333:-0.0785) 6010.05(930.152)+17859(23)+7544.69 7354.34(3391.24)+3144.5


*** Post Placement Timing Report ***

=== User constraints ===
Fmax report
  User constraint:  40.000MHz, Fmax: 128.436MHz, Clock: ESP_SPI_SCK
  User constraint:   8.000MHz, Fmax: 139.082MHz, Clock: PIN_HSE
  User constraint:  10.000MHz, Fmax: 139.082MHz, Clock: PIN_HSI
  User constraint: 150.000MHz, Fmax: 139.082MHz, Clock: pll_inst|auto_generated|pll1|clk[0]

Clock transfer report:
  Worst setup:   8.607, with clock ESP_SPI_SCK
  Worst setup: 117.810, with clock PIN_HSE
  Worst setup:  92.810, with clock PIN_HSI
  Worst setup:  -0.523, with clock pll_inst|auto_generated|pll1|clk[0]

  Worst  hold:   0.603, with clock ESP_SPI_SCK
  Worst  hold:   0.615, with clock PIN_HSE
  Worst  hold:   0.615, with clock PIN_HSI
  Worst  hold:   0.615, with clock pll_inst|auto_generated|pll1|clk[0]

=== Auto constraints ===
Fmax report
  User constraint:  75.000MHz, Fmax: 128.386MHz, Clock: Internal_generated_clock_macro_inst|core_inst|osc|Q

Clock transfer report:
  Worst setup:   5.544, with clock Internal_generated_clock_macro_inst|core_inst|osc|Q
  Worst setup: 996.642, from clock Internal_generated_clock_example_board|ESP32_SPI2_CS_N to Internal_generated_clock_example_board|ESP32_SPI_CS1
  Worst setup:  12.536, from clock Internal_generated_clock_example_board|ESP32_SPI2_CS_N to Internal_generated_clock_macro_inst|core_inst|osc|Q
  Worst setup:   3.124, from clock Internal_generated_clock_example_board|ESP32_SPI2_CS_N to pll_inst|auto_generated|pll1|clk[0]
  Worst setup:  12.088, from clock Internal_generated_clock_example_board|ESP32_SPI_CS1 to Internal_generated_clock_macro_inst|core_inst|osc|Q
  Worst setup:   3.230, from clock Internal_generated_clock_example_board|ESP32_SPI_CS1 to pll_inst|auto_generated|pll1|clk[0]
  Worst setup:   5.854, from clock Internal_generated_clock_macro_inst|core_inst|osc|Q to pll_inst|auto_generated|pll1|clk[0]

  Worst  hold:   0.615, with clock Internal_generated_clock_macro_inst|core_inst|osc|Q
  Worst  hold:  -1.928, from clock Internal_generated_clock_example_board|ESP32_SPI2_CS_N to Internal_generated_clock_example_board|ESP32_SPI_CS1
  Worst  hold:  -1.775, from clock Internal_generated_clock_example_board|ESP32_SPI2_CS_N to Internal_generated_clock_macro_inst|core_inst|osc|Q
  Worst  hold:   2.191, from clock Internal_generated_clock_example_board|ESP32_SPI2_CS_N to pll_inst|auto_generated|pll1|clk[0]
  Worst  hold:  -1.308, from clock Internal_generated_clock_example_board|ESP32_SPI_CS1 to Internal_generated_clock_macro_inst|core_inst|osc|Q
  Worst  hold:   2.569, from clock Internal_generated_clock_example_board|ESP32_SPI_CS1 to pll_inst|auto_generated|pll1|clk[0]
  Worst  hold:   0.615, from clock Internal_generated_clock_macro_inst|core_inst|osc|Q to pll_inst|auto_generated|pll1|clk[0]

Coverage report
  User constraints covered 7700 connections out of 8581 total, coverage: 89.7%
  Auto constraints covered 8160 connections out of 8581 total, coverage: 95.1%


Hold from ESP32_SPI2_CS_N to macro_inst|core_inst|buf_miso_cs1[1]~1, clock Internal_generated_clock_example_board|ESP32_SPI2_CS_N to Internal_generated_clock_example_board|ESP32_SPI_CS1, constraint 0.000, skew 8.020, data 5.746
  Slack:  -1.928
    Arrival Time:  505.718
    Required Time: 507.646

*** End Timing Report ***



route_design -dump ./alta_db/route.tx -replace ./alta_db/replace.tx 

Route Design Statistics
 Total Routing Nets : 2473
 Fanout     Average : 3.49 (1..162)
 Max   Fanout  Net  : macro_inst|mode_guard|cpld_mode~q
 Logic       Slices : 1920/2112 (90.9%)

Routing...
 Budget Useful Skew...
## CPU time: 0:0:0, REAL time: 0:0:0
 iter = 1/1, route#: 2473, violation# : 1875, overflow# : 1637, conflict# : 1337, node#: 15847
## CPU time: 0:0:1, REAL time: 0:0:1
 iter = 2/2, route#: 2473, violation# : 1218, overflow# : 1187, conflict# : 1061, node#: 16921
## CPU time: 0:0:1, REAL time: 0:0:1
 iter = 3/3, route#: 2473, violation# : 649, overflow# : 643, conflict# : 671, node#: 17743
## CPU time: 0:0:1, REAL time: 0:0:2
 iter = 4/4, route#: 2473, violation# : 235, overflow# : 234, conflict# : 331, node#: 18315
## CPU time: 0:0:2, REAL time: 0:0:2
 iter = 5/5, route#: 2473, violation# : 129, overflow# : 129, conflict# : 202, node#: 18586
## CPU time: 0:0:2, REAL time: 0:0:3
 iter = 6/6, route#: 2473, violation# : 69, overflow# : 69, conflict# : 107, node#: 18672
## CPU time: 0:0:3, REAL time: 0:0:3
 iter = 7/7, route#: 2473, violation# : 65, overflow# : 65, conflict# : 106, node#: 18778
## CPU time: 0:0:3, REAL time: 0:0:4
 iter = 8/4, route#: 271, violation# : 133, overflow# : 133, conflict# : 171, node#: 18563
## CPU time: 0:0:4, REAL time: 0:0:4
 iter = 9/5, route#: 207, violation# : 63, overflow# : 63, conflict# : 94, node#: 18695
## CPU time: 0:0:4, REAL time: 0:0:4
 iter = 10/6, route#: 171, violation# : 44, overflow# : 44, conflict# : 71, node#: 18795
## CPU time: 0:0:4, REAL time: 0:0:4
 iter = 11/7, route#: 170, violation# : 42, overflow# : 42, conflict# : 67, node#: 18834
## CPU time: 0:0:4, REAL time: 0:0:5
 iter = 12/8, route#: 141, violation# : 29, overflow# : 29, conflict# : 48, node#: 18894
## CPU time: 0:0:5, REAL time: 0:0:5
 iter = 13/9, route#: 149, violation# : 27, overflow# : 27, conflict# : 51, node#: 18924
## CPU time: 0:0:5, REAL time: 0:0:5
 iter = 14/4, route#: 213, violation# : 104, overflow# : 104, conflict# : 136, node#: 18683
## CPU time: 0:0:5, REAL time: 0:0:5
 iter = 15/5, route#: 188, violation# : 55, overflow# : 55, conflict# : 86, node#: 18789
## CPU time: 0:0:5, REAL time: 0:0:6
 iter = 16/6, route#: 166, violation# : 39, overflow# : 39, conflict# : 66, node#: 18837
## CPU time: 0:0:6, REAL time: 0:0:6
 iter = 17/7, route#: 151, violation# : 29, overflow# : 29, conflict# : 45, node#: 18922
## CPU time: 0:0:6, REAL time: 0:0:6
 iter = 18/8, route#: 124, violation# : 16, overflow# : 16, conflict# : 28, node#: 18968
## CPU time: 0:0:6, REAL time: 0:0:6
 iter = 19/9, route#: 123, violation# : 14, overflow# : 14, conflict# : 26, node#: 18983
## CPU time: 0:0:6, REAL time: 0:0:6
 iter = 20/5, route#: 34, violation# : 26, overflow# : 26, conflict# : 34, node#: 18943
## CPU time: 0:0:6, REAL time: 0:0:6
 iter = 21/6, route#: 51, violation# : 23, overflow# : 23, conflict# : 38, node#: 18966
## CPU time: 0:0:6, REAL time: 0:0:7
 iter = 22/7, route#: 39, violation# : 16, overflow# : 16, conflict# : 26, node#: 18985
## CPU time: 0:0:6, REAL time: 0:0:7
 iter = 23/8, route#: 29, violation# : 13, overflow# : 13, conflict# : 21, node#: 19015
## CPU time: 0:0:6, REAL time: 0:0:7
 iter = 24/9, route#: 23, violation# : 13, overflow# : 13, conflict# : 20, node#: 19004
## CPU time: 0:0:7, REAL time: 0:0:7
 iter = 25/10, route#: 27, violation# : 13, overflow# : 13, conflict# : 22, node#: 19012
## CPU time: 0:0:7, REAL time: 0:0:7
 iter = 26/5, route#: 30, violation# : 18, overflow# : 18, conflict# : 26, node#: 18992
## CPU time: 0:0:7, REAL time: 0:0:7
 iter = 27/6, route#: 27, violation# : 11, overflow# : 11, conflict# : 20, node#: 19010
## CPU time: 0:0:7, REAL time: 0:0:7
 iter = 28/7, route#: 25, violation# : 13, overflow# : 13, conflict# : 22, node#: 19026
## CPU time: 0:0:7, REAL time: 0:0:7
 iter = 29/8, route#: 24, violation# : 10, overflow# : 10, conflict# : 17, node#: 19022
## CPU time: 0:0:7, REAL time: 0:0:7
 iter = 30/9, route#: 17, violation# : 10, overflow# : 10, conflict# : 17, node#: 19021
## CPU time: 0:0:7, REAL time: 0:0:7
 iter = 31/10, route#: 24, violation# : 11, overflow# : 11, conflict# : 19, node#: 19047
## CPU time: 0:0:7, REAL time: 0:0:7
 iter = 32/5, route#: 25, violation# : 15, overflow# : 15, conflict# : 26, node#: 19021
## CPU time: 0:0:7, REAL time: 0:0:7
 iter = 33/6, route#: 30, violation# : 13, overflow# : 13, conflict# : 21, node#: 19042
## CPU time: 0:0:7, REAL time: 0:0:7
 iter = 34/7, route#: 26, violation# : 14, overflow# : 14, conflict# : 21, node#: 19048
## CPU time: 0:0:7, REAL time: 0:0:7
 iter = 35/8, route#: 22, violation# : 12, overflow# : 12, conflict# : 20, node#: 19070
## CPU time: 0:0:7, REAL time: 0:0:8
 iter = 36/9, route#: 28, violation# : 14, overflow# : 14, conflict# : 21, node#: 19067
## CPU time: 0:0:7, REAL time: 0:0:8
 iter = 37/10, route#: 21, violation# : 10, overflow# : 10, conflict# : 15, node#: 19082
## CPU time: 0:0:7, REAL time: 0:0:8
 iter = 38/5, route#: 27, violation# : 17, overflow# : 17, conflict# : 25, node#: 19061
## CPU time: 0:0:8, REAL time: 0:0:8
 iter = 39/6, route#: 20, violation# : 10, overflow# : 10, conflict# : 17, node#: 19073
## CPU time: 0:0:8, REAL time: 0:0:8
 iter = 40/7, route#: 20, violation# : 7, overflow# : 7, conflict# : 13, node#: 19096
## CPU time: 0:0:8, REAL time: 0:0:8
 iter = 41/8, route#: 15, violation# : 7, overflow# : 7, conflict# : 13, node#: 19098
## CPU time: 0:0:8, REAL time: 0:0:8
 iter = 42/9, route#: 14, violation# : 6, overflow# : 6, conflict# : 10, node#: 19103
## CPU time: 0:0:8, REAL time: 0:0:8
 iter = 43/10, route#: 16, violation# : 6, overflow# : 6, conflict# : 10, node#: 19135
## CPU time: 0:0:8, REAL time: 0:0:8
 iter = 44/5, route#: 17, violation# : 12, overflow# : 12, conflict# : 17, node#: 19100
## CPU time: 0:0:8, REAL time: 0:0:8
 iter = 45/6, route#: 23, violation# : 14, overflow# : 14, conflict# : 22, node#: 19107
## CPU time: 0:0:8, REAL time: 0:0:8
 iter = 46/7, route#: 21, violation# : 8, overflow# : 8, conflict# : 13, node#: 19105
## CPU time: 0:0:8, REAL time: 0:0:8
 iter = 47/8, route#: 16, violation# : 7, overflow# : 7, conflict# : 12, node#: 19115
## CPU time: 0:0:8, REAL time: 0:0:8
 iter = 48/9, route#: 15, violation# : 11, overflow# : 11, conflict# : 15, node#: 19141
## CPU time: 0:0:8, REAL time: 0:0:8
 iter = 49/10, route#: 19, violation# : 10, overflow# : 10, conflict# : 16, node#: 19146
## CPU time: 0:0:8, REAL time: 0:0:9
 iter = 50/5, route#: 42, violation# : 26, overflow# : 26, conflict# : 35, node#: 19059
## CPU time: 0:0:8, REAL time: 0:0:9
 iter = 51/6, route#: 45, violation# : 14, overflow# : 14, conflict# : 20, node#: 19094
## CPU time: 0:0:8, REAL time: 0:0:9
 iter = 52/7, route#: 28, violation# : 11, overflow# : 11, conflict# : 17, node#: 19104
## CPU time: 0:0:8, REAL time: 0:0:9
 iter = 53/8, route#: 17, violation# : 8, overflow# : 8, conflict# : 12, node#: 19117
## CPU time: 0:0:8, REAL time: 0:0:9
 iter = 54/9, route#: 15, violation# : 9, overflow# : 9, conflict# : 14, node#: 19137
## CPU time: 0:0:8, REAL time: 0:0:9
 iter = 55/10, route#: 15, violation# : 8, overflow# : 8, conflict# : 14, node#: 19143
## CPU time: 0:0:9, REAL time: 0:0:9
 iter = 56/5, route#: 14, violation# : 8, overflow# : 8, conflict# : 16, node#: 19132
## CPU time: 0:0:9, REAL time: 0:0:9
 iter = 57/6, route#: 21, violation# : 6, overflow# : 6, conflict# : 10, node#: 19167
## CPU time: 0:0:9, REAL time: 0:0:9
 iter = 58/7, route#: 12, violation# : 5, overflow# : 5, conflict# : 9, node#: 19176
## CPU time: 0:0:9, REAL time: 0:0:9
 iter = 59/8, route#: 10, violation# : 5, overflow# : 5, conflict# : 9, node#: 19181
## CPU time: 0:0:9, REAL time: 0:0:9
 iter = 60/9, route#: 9, violation# : 5, overflow# : 5, conflict# : 7, node#: 19196
## CPU time: 0:0:9, REAL time: 0:0:9
 iter = 61/10, route#: 8, violation# : 4, overflow# : 4, conflict# : 8, node#: 19201
## CPU time: 0:0:9, REAL time: 0:0:9
 iter = 62/5, route#: 11, violation# : 6, overflow# : 6, conflict# : 11, node#: 19189
## CPU time: 0:0:9, REAL time: 0:0:9
 iter = 63/6, route#: 16, violation# : 7, overflow# : 7, conflict# : 11, node#: 19180
## CPU time: 0:0:9, REAL time: 0:0:9
 iter = 64/7, route#: 17, violation# : 3, overflow# : 3, conflict# : 6, node#: 19205
## CPU time: 0:0:9, REAL time: 0:0:9
 iter = 65/8, route#: 5, violation# : 1, overflow# : 1, conflict# : 2, node#: 19205
## CPU time: 0:0:9, REAL time: 0:0:9
 iter = 66/9, route#: 2, violation# : 0, overflow# : 0, conflict# : 0, node#: 19212
## CPU time: 0:0:10, REAL time: 0:0:10
 iter = 67/2, route#: 436, violation# : 399, overflow# : 396, conflict# : 365, node#: 18342
## CPU time: 0:0:11, REAL time: 0:0:11
 iter = 68/3, route#: 380, violation# : 139, overflow# : 139, conflict# : 186, node#: 18685
## CPU time: 0:0:11, REAL time: 0:0:11
 iter = 69/4, route#: 229, violation# : 44, overflow# : 44, conflict# : 73, node#: 18865
## CPU time: 0:0:11, REAL time: 0:0:12
 iter = 70/5, route#: 149, violation# : 12, overflow# : 12, conflict# : 21, node#: 18933
## CPU time: 0:0:11, REAL time: 0:0:12
 iter = 71/6, route#: 123, violation# : 12, overflow# : 12, conflict# : 21, node#: 18965
## CPU time: 0:0:12, REAL time: 0:0:12
 iter = 72/4, route#: 141, violation# : 27, overflow# : 27, conflict# : 41, node#: 18905
## CPU time: 0:0:12, REAL time: 0:0:12
 iter = 73/5, route#: 121, violation# : 8, overflow# : 8, conflict# : 15, node#: 18957
## CPU time: 0:0:12, REAL time: 0:0:12
 iter = 74/6, route#: 96, violation# : 5, overflow# : 5, conflict# : 10, node#: 18976
## CPU time: 0:0:12, REAL time: 0:0:12
 iter = 75/7, route#: 99, violation# : 6, overflow# : 6, conflict# : 10, node#: 18973
## CPU time: 0:0:12, REAL time: 0:0:13
 iter = 76/8, route#: 100, violation# : 5, overflow# : 5, conflict# : 10, node#: 18989
## CPU time: 0:0:12, REAL time: 0:0:13
 iter = 77/9, route#: 92, violation# : 4, overflow# : 4, conflict# : 8, node#: 18999
## CPU time: 0:0:13, REAL time: 0:0:13
 iter = 78/4, route#: 105, violation# : 14, overflow# : 14, conflict# : 21, node#: 18938
## CPU time: 0:0:13, REAL time: 0:0:13
 iter = 79/5, route#: 100, violation# : 8, overflow# : 8, conflict# : 9, node#: 18969
## CPU time: 0:0:13, REAL time: 0:0:13
 iter = 80/6, route#: 85, violation# : 1, overflow# : 1, conflict# : 2, node#: 18989
## CPU time: 0:0:13, REAL time: 0:0:13
 iter = 81/7, route#: 86, violation# : 2, overflow# : 2, conflict# : 4, node#: 19018
## CPU time: 0:0:13, REAL time: 0:0:13
 iter = 82/8, route#: 87, violation# : 2, overflow# : 2, conflict# : 4, node#: 18990
## CPU time: 0:0:13, REAL time: 0:0:14
 iter = 83/9, route#: 84, violation# : 2, overflow# : 2, conflict# : 4, node#: 18994
## CPU time: 0:0:13, REAL time: 0:0:14
 iter = 84/5, route#: 7, violation# : 4, overflow# : 4, conflict# : 6, node#: 18993
## CPU time: 0:0:13, REAL time: 0:0:14
 iter = 85/6, route#: 6, violation# : 2, overflow# : 2, conflict# : 4, node#: 19021
## CPU time: 0:0:13, REAL time: 0:0:14
 iter = 86/7, route#: 4, violation# : 2, overflow# : 2, conflict# : 3, node#: 19000
## CPU time: 0:0:13, REAL time: 0:0:14
 iter = 87/8, route#: 2, violation# : 2, overflow# : 2, conflict# : 2, node#: 19010
## CPU time: 0:0:13, REAL time: 0:0:14
 iter = 88/9, route#: 3, violation# : 1, overflow# : 1, conflict# : 2, node#: 19000
## CPU time: 0:0:14, REAL time: 0:0:14
 iter = 89/10, route#: 2, violation# : 0, overflow# : 0, conflict# : 0, node#: 19015
## CPU time: 0:0:14, REAL time: 0:0:15
 iter = 90/2, route#: 419, violation# : 304, overflow# : 303, conflict# : 327, node#: 18417
## CPU time: 0:0:15, REAL time: 0:0:15
 iter = 91/3, route#: 340, violation# : 106, overflow# : 106, conflict# : 155, node#: 18664
## CPU time: 0:0:15, REAL time: 0:0:16
 iter = 92/4, route#: 203, violation# : 29, overflow# : 29, conflict# : 53, node#: 18802
## CPU time: 0:0:15, REAL time: 0:0:16
 iter = 93/5, route#: 121, violation# : 11, overflow# : 11, conflict# : 22, node#: 18871
## CPU time: 0:0:16, REAL time: 0:0:16
 iter = 94/6, route#: 102, violation# : 6, overflow# : 6, conflict# : 10, node#: 18897
## CPU time: 0:0:16, REAL time: 0:0:16
 iter = 95/4, route#: 119, violation# : 22, overflow# : 22, conflict# : 34, node#: 18840
## CPU time: 0:0:16, REAL time: 0:0:16
 iter = 96/5, route#: 102, violation# : 8, overflow# : 8, conflict# : 14, node#: 18887
## CPU time: 0:0:16, REAL time: 0:0:16
 iter = 97/6, route#: 99, violation# : 4, overflow# : 4, conflict# : 8, node#: 18913
## CPU time: 0:0:16, REAL time: 0:0:16
 iter = 98/7, route#: 93, violation# : 2, overflow# : 2, conflict# : 4, node#: 18921
## CPU time: 0:0:16, REAL time: 0:0:16
 iter = 99/8, route#: 95, violation# : 3, overflow# : 3, conflict# : 6, node#: 18912
## CPU time: 0:0:16, REAL time: 0:0:17
 iter = 100/9, route#: 82, violation# : 1, overflow# : 1, conflict# : 2, node#: 18924
## CPU time: 0:0:16, REAL time: 0:0:17
 iter = 101/5, route#: 93, violation# : 11, overflow# : 11, conflict# : 16, node#: 18910
## CPU time: 0:0:17, REAL time: 0:0:17
 iter = 102/6, route#: 86, violation# : 2, overflow# : 2, conflict# : 3, node#: 18937
## CPU time: 0:0:17, REAL time: 0:0:17
 iter = 103/7, route#: 83, violation# : 2, overflow# : 2, conflict# : 4, node#: 18907
## CPU time: 0:0:17, REAL time: 0:0:17
 iter = 104/8, route#: 79, violation# : 0, overflow# : 0, conflict# : 0, node#: 18920
## CPU time: 0:0:17, REAL time: 0:0:18
 iter = 105/2, route#: 217, violation# : 157, overflow# : 157, conflict# : 180, node#: 18642
## CPU time: 0:0:18, REAL time: 0:0:18
 iter = 106/3, route#: 265, violation# : 66, overflow# : 66, conflict# : 102, node#: 18712
## CPU time: 0:0:18, REAL time: 0:0:18
 iter = 107/4, route#: 141, violation# : 16, overflow# : 16, conflict# : 29, node#: 18808
## CPU time: 0:0:18, REAL time: 0:0:18
 iter = 108/5, route#: 98, violation# : 3, overflow# : 3, conflict# : 6, node#: 18844
## CPU time: 0:0:18, REAL time: 0:0:19
 iter = 109/6, route#: 89, violation# : 3, overflow# : 3, conflict# : 6, node#: 18855
## CPU time: 0:0:18, REAL time: 0:0:19
 iter = 110/4, route#: 100, violation# : 11, overflow# : 11, conflict# : 18, node#: 18850
## CPU time: 0:0:19, REAL time: 0:0:19
 iter = 111/5, route#: 84, violation# : 2, overflow# : 2, conflict# : 4, node#: 18871
## CPU time: 0:0:19, REAL time: 0:0:19
 iter = 112/6, route#: 76, violation# : 0, overflow# : 0, conflict# : 0, node#: 18879
## CPU time: 0:0:20, REAL time: 0:0:20
 iter = 113/2, route#: 253, violation# : 175, overflow# : 175, conflict# : 188, node#: 18603
## CPU time: 0:0:20, REAL time: 0:0:20
 iter = 114/3, route#: 247, violation# : 55, overflow# : 55, conflict# : 85, node#: 18733
## CPU time: 0:0:20, REAL time: 0:0:20
 iter = 115/4, route#: 154, violation# : 19, overflow# : 19, conflict# : 37, node#: 18824
## CPU time: 0:0:20, REAL time: 0:0:21
 iter = 116/5, route#: 104, violation# : 8, overflow# : 8, conflict# : 15, node#: 18889
## CPU time: 0:0:21, REAL time: 0:0:21
 iter = 117/6, route#: 102, violation# : 2, overflow# : 2, conflict# : 4, node#: 18874
## CPU time: 0:0:21, REAL time: 0:0:21
 iter = 118/5, route#: 79, violation# : 4, overflow# : 4, conflict# : 8, node#: 18877
## CPU time: 0:0:21, REAL time: 0:0:21
 iter = 119/6, route#: 82, violation# : 1, overflow# : 1, conflict# : 2, node#: 18895
## CPU time: 0:0:21, REAL time: 0:0:21
 iter = 120/7, route#: 78, violation# : 1, overflow# : 1, conflict# : 2, node#: 18897
## CPU time: 0:0:21, REAL time: 0:0:21
 iter = 121/8, route#: 77, violation# : 2, overflow# : 2, conflict# : 3, node#: 18897
## CPU time: 0:0:21, REAL time: 0:0:21
 iter = 122/9, route#: 76, violation# : 1, overflow# : 1, conflict# : 2, node#: 18905
## CPU time: 0:0:21, REAL time: 0:0:21
 iter = 123/10, route#: 77, violation# : 2, overflow# : 2, conflict# : 3, node#: 18899
## CPU time: 0:0:21, REAL time: 0:0:21
 iter = 124/5, route#: 79, violation# : 5, overflow# : 5, conflict# : 5, node#: 18876
## CPU time: 0:0:21, REAL time: 0:0:21
 iter = 125/6, route#: 77, violation# : 1, overflow# : 1, conflict# : 2, node#: 18885
## CPU time: 0:0:22, REAL time: 0:0:22
 iter = 126/7, route#: 77, violation# : 0, overflow# : 0, conflict# : 0, node#: 18888
## CPU time: 0:0:22, REAL time: 0:0:22
 iter = 127/2, route#: 211, violation# : 148, overflow# : 148, conflict# : 165, node#: 18648
## CPU time: 0:0:22, REAL time: 0:0:23
 iter = 128/3, route#: 246, violation# : 67, overflow# : 67, conflict# : 104, node#: 18702
## CPU time: 0:0:23, REAL time: 0:0:23
 iter = 129/4, route#: 144, violation# : 22, overflow# : 22, conflict# : 36, node#: 18794
## CPU time: 0:0:23, REAL time: 0:0:23
 iter = 130/5, route#: 103, violation# : 7, overflow# : 7, conflict# : 13, node#: 18819
## CPU time: 0:0:23, REAL time: 0:0:23
 iter = 131/6, route#: 94, violation# : 4, overflow# : 4, conflict# : 8, node#: 18837
## CPU time: 0:0:23, REAL time: 0:0:23
 iter = 132/5, route#: 95, violation# : 5, overflow# : 5, conflict# : 10, node#: 18841
## CPU time: 0:0:23, REAL time: 0:0:24
 iter = 133/6, route#: 90, violation# : 4, overflow# : 4, conflict# : 8, node#: 18858
## CPU time: 0:0:23, REAL time: 0:0:24
 iter = 134/7, route#: 101, violation# : 5, overflow# : 5, conflict# : 8, node#: 18876
## CPU time: 0:0:23, REAL time: 0:0:24
 iter = 135/8, route#: 90, violation# : 3, overflow# : 3, conflict# : 6, node#: 18875
## CPU time: 0:0:24, REAL time: 0:0:24
 iter = 136/9, route#: 78, violation# : 0, overflow# : 0, conflict# : 0, node#: 18894
## CPU time: 0:0:24, REAL time: 0:0:25
 iter = 137/2, route#: 246, violation# : 180, overflow# : 180, conflict# : 206, node#: 18599
## CPU time: 0:0:25, REAL time: 0:0:25
 iter = 138/3, route#: 268, violation# : 75, overflow# : 75, conflict# : 118, node#: 18697
## CPU time: 0:0:25, REAL time: 0:0:25
 iter = 139/4, route#: 169, violation# : 21, overflow# : 21, conflict# : 34, node#: 18823
## CPU time: 0:0:25, REAL time: 0:0:26
 iter = 140/5, route#: 104, violation# : 4, overflow# : 4, conflict# : 8, node#: 18872
## CPU time: 0:0:25, REAL time: 0:0:26
 iter = 141/6, route#: 102, violation# : 4, overflow# : 4, conflict# : 7, node#: 18867
## CPU time: 0:0:26, REAL time: 0:0:26
 iter = 142/5, route#: 92, violation# : 3, overflow# : 3, conflict# : 5, node#: 18874
## CPU time: 0:0:26, REAL time: 0:0:26
 iter = 143/6, route#: 82, violation# : 1, overflow# : 1, conflict# : 2, node#: 18890
## CPU time: 0:0:26, REAL time: 0:0:26
 iter = 144/7, route#: 88, violation# : 2, overflow# : 2, conflict# : 3, node#: 18889
## CPU time: 0:0:26, REAL time: 0:0:27
 iter = 145/8, route#: 80, violation# : 0, overflow# : 0, conflict# : 0, node#: 18920
Optimizing...
...

Done


*** Post Routing Timing Report ***

=== User constraints ===
Fmax report
  User constraint:  40.000MHz, Fmax: 103.520MHz, Clock: ESP_SPI_SCK
  User constraint:   8.000MHz, Fmax: 133.333MHz, Clock: PIN_HSE
  User constraint:  10.000MHz, Fmax: 133.333MHz, Clock: PIN_HSI
  User constraint: 150.000MHz, Fmax: 133.333MHz, Clock: pll_inst|auto_generated|pll1|clk[0]

Clock transfer report:
  Worst setup:  15.340, with clock ESP_SPI_SCK
  Worst setup: 117.500, with clock PIN_HSE
  Worst setup:  92.500, with clock PIN_HSI
  Worst setup:  -0.833, with clock pll_inst|auto_generated|pll1|clk[0]

  Worst  hold:   0.603, with clock ESP_SPI_SCK
  Worst  hold:   0.348, with clock PIN_HSE
  Worst  hold:   0.348, with clock PIN_HSI
  Worst  hold:   0.348, with clock pll_inst|auto_generated|pll1|clk[0]

=== Auto constraints ===
Fmax report
  User constraint:  75.000MHz, Fmax: 133.067MHz, Clock: Internal_generated_clock_macro_inst|core_inst|osc|Q

Clock transfer report:
  Worst setup:   5.818, with clock Internal_generated_clock_macro_inst|core_inst|osc|Q
  Worst setup: 996.820, from clock Internal_generated_clock_example_board|ESP32_SPI2_CS_N to Internal_generated_clock_example_board|ESP32_SPI_CS1
  Worst setup:  14.218, from clock Internal_generated_clock_example_board|ESP32_SPI2_CS_N to Internal_generated_clock_macro_inst|core_inst|osc|Q
  Worst setup:   2.804, from clock Internal_generated_clock_example_board|ESP32_SPI2_CS_N to pll_inst|auto_generated|pll1|clk[0]
  Worst setup:  13.503, from clock Internal_generated_clock_example_board|ESP32_SPI_CS1 to Internal_generated_clock_macro_inst|core_inst|osc|Q
  Worst setup:   3.223, from clock Internal_generated_clock_example_board|ESP32_SPI_CS1 to pll_inst|auto_generated|pll1|clk[0]
  Worst setup:   5.854, from clock Internal_generated_clock_macro_inst|core_inst|osc|Q to pll_inst|auto_generated|pll1|clk[0]

  Worst  hold:   0.615, with clock Internal_generated_clock_macro_inst|core_inst|osc|Q
  Worst  hold:  -3.235, from clock Internal_generated_clock_example_board|ESP32_SPI2_CS_N to Internal_generated_clock_example_board|ESP32_SPI_CS1
  Worst  hold:  -2.648, from clock Internal_generated_clock_example_board|ESP32_SPI2_CS_N to Internal_generated_clock_macro_inst|core_inst|osc|Q
  Worst  hold:   2.428, from clock Internal_generated_clock_example_board|ESP32_SPI2_CS_N to pll_inst|auto_generated|pll1|clk[0]
  Worst  hold:  -2.396, from clock Internal_generated_clock_example_board|ESP32_SPI_CS1 to Internal_generated_clock_macro_inst|core_inst|osc|Q
  Worst  hold:   2.600, from clock Internal_generated_clock_example_board|ESP32_SPI_CS1 to pll_inst|auto_generated|pll1|clk[0]
  Worst  hold:   0.615, from clock Internal_generated_clock_macro_inst|core_inst|osc|Q to pll_inst|auto_generated|pll1|clk[0]

Coverage report
  User constraints covered 7700 connections out of 8581 total, coverage: 89.7%
  Auto constraints covered 8160 connections out of 8581 total, coverage: 95.1%


Hold from ESP32_SPI2_CS_N to macro_inst|core_inst|buf_miso_cs1[1]~1, clock Internal_generated_clock_example_board|ESP32_SPI2_CS_N to Internal_generated_clock_example_board|ESP32_SPI_CS1, constraint 0.000, skew 9.048, data 5.391
  Slack:  -3.235
    Arrival Time:  505.391
    Required Time: 508.626

*** End Timing Report ***



Sat Sep 12 22:31:38 2026
Warn: User constraints coverage is too low at 89.7%.
Generating batch file: {C:/Users/mori/AgRV_pio/packages/tool-agrv_logic/python_dist/python.exe} {C:/Users/mori/AgRV_pio/packages/tool-agrv_logic/pio/gen_batch} -d 1075838977 -i 0xbff5105000730062aa234371030002b7 -o ./example_board_batch.bin --logic-config ./example_board.bin --logic-address 0x80007000 
Using post-ASF file example_board.post.asf.
Sat Sep 12 22:31:40 2026

Total 0 fatals, 0 errors, 94 warnings, 20 infos.
