esptool.py v4.12.dev2
Serial port COM26
Connecting...
Chip is ESP32-S3 (QFN56) (revision v0.2)
Features: WiFi, BLE, Embedded PSRAM 8MB (AP_3v3)
Crystal is 40MHz
USB mode: USB-Serial/JTAG
MAC: a4:cb:8f:f2:c4:c0
Uploading stub...
Running stub...
Stub running...
Changing baud rate to 460800
Changed.
Configuring flash size...
Flash will be erased from 0x00020000 to 0x002d6fff...
Compressed 2843776 bytes to 1864239...
Writing at 0x00020000... (0 %)
Writing at 0x0002be3f... (1 %)
Writing at 0x00038cda... (2 %)
Writing at 0x00047657... (3 %)
Writing at 0x00054fa1... (4 %)
Writing at 0x0005fd5c... (5 %)
Writing at 0x0006ad67... (6 %)
Writing at 0x0006f1ed... (7 %)
Writing at 0x00073616... (7 %)
Writing at 0x00077a86... (8 %)
Writing at 0x0007bf19... (9 %)
Writing at 0x0008035d... (10 %)
Writing at 0x00084848... (11 %)
Writing at 0x00088d4d... (12 %)
Writing at 0x0008d20c... (13 %)
Writing at 0x000916c3... (14 %)
Writing at 0x00095e74... (14 %)
Writing at 0x0009a55e... (15 %)
Writing at 0x0009e7ad... (16 %)
Writing at 0x000a2837... (17 %)
Writing at 0x000a8201... (18 %)
Writing at 0x000ac9de... (19 %)
Writing at 0x000b1ea6... (20 %)
Writing at 0x000b65e1... (21 %)
Writing at 0x000bc654... (21 %)
Writing at 0x000c1b98... (22 %)
Writing at 0x000c6435... (23 %)
Writing at 0x000cc013... (24 %)
Writing at 0x000d4734... (25 %)
Writing at 0x000dfbb6... (26 %)
Writing at 0x000e5f14... (27 %)
Writing at 0x000ec6c6... (28 %)
Writing at 0x000f2ee7... (28 %)
Writing at 0x000f8605... (29 %)
Writing at 0x000fd9a8... (30 %)
Writing at 0x001030b1... (31 %)
Writing at 0x001083e4... (32 %)
Writing at 0x0010dbe5... (33 %)
Writing at 0x00112d8e... (34 %)
Writing at 0x0011827d... (35 %)
Writing at 0x0011dbfc... (35 %)
Writing at 0x001243f7... (36 %)
Writing at 0x0012a23a... (37 %)
Writing at 0x0013004b... (38 %)
Writing at 0x00135e91... (39 %)
Writing at 0x0013bdbd... (40 %)
Writing at 0x00141ac9... (41 %)
Writing at 0x0014753a... (42 %)
Writing at 0x0014d42e... (42 %)
Writing at 0x00153906... (43 %)
Writing at 0x00159b7b... (44 %)
Writing at 0x0015f645... (45 %)
Writing at 0x001652a1... (46 %)
Writing at 0x0016acd2... (47 %)
Writing at 0x0016fd13... (48 %)
Writing at 0x0017515d... (49 %)
Writing at 0x0017a0a4... (50 %)
Writing at 0x0017edcf... (50 %)
Writing at 0x00183e27... (51 %)
Writing at 0x00188e9c... (52 %)
Writing at 0x0018de22... (53 %)
Writing at 0x00192d3a... (54 %)
Writing at 0x00198081... (55 %)
Writing at 0x0019d3af... (56 %)
Writing at 0x001a2d11... (57 %)
Writing at 0x001a7fca... (57 %)
Writing at 0x001acca1... (58 %)
Writing at 0x001b1c00... (59 %)
Writing at 0x001b7348... (60 %)
Writing at 0x001bd5e3... (61 %)
Writing at 0x001c39e8... (62 %)
Writing at 0x001c9d81... (63 %)
Writing at 0x001cf8ac... (64 %)
Writing at 0x001d6379... (64 %)
Writing at 0x001dc372... (65 %)
Writing at 0x001e21ec... (66 %)
Writing at 0x001e7e23... (67 %)
Writing at 0x001ede2c... (68 %)
Writing at 0x001f5743... (69 %)
Writing at 0x001fd178... (70 %)
Writing at 0x002031ab... (71 %)
Writing at 0x00208e7d... (71 %)
Writing at 0x0020e9f5... (72 %)
Writing at 0x00214727... (73 %)
Writing at 0x0021a61f... (74 %)
Writing at 0x00220421... (75 %)
Writing at 0x00226825... (76 %)
Writing at 0x0022c9fd... (77 %)
Writing at 0x002328b7... (78 %)
Writing at 0x00238737... (78 %)
Writing at 0x0023d9c0... (79 %)
Writing at 0x00242d6c... (80 %)
Writing at 0x0024866f... (81 %)
Writing at 0x0024dce5... (82 %)
Writing at 0x00253168... (83 %)
Writing at 0x002587a8... (84 %)
Writing at 0x0025e68e... (85 %)
Writing at 0x00264293... (85 %)
Writing at 0x00269fc3... (86 %)
Writing at 0x0026fe91... (87 %)
Writing at 0x00275d51... (88 %)
Writing at 0x0027b243... (89 %)
Writing at 0x002828bd... (90 %)
Writing at 0x00287f63... (91 %)
Writing at 0x0028fe17... (92 %)
Writing at 0x002962b4... (92 %)
Writing at 0x0029bd35... (93 %)
Writing at 0x002a24b4... (94 %)
Writing at 0x002a86f6... (95 %)
Writing at 0x002b9c31... (96 %)
Writing at 0x002bf73d... (97 %)
Writing at 0x002c5974... (98 %)
Writing at 0x002cc072... (99 %)
Writing at 0x002d194c... (100 %)
Wrote 2843776 bytes (1864239 compressed) at 0x00020000 in 15.6 seconds (effective 1461.2 kbit/s)...
Hash of data verified.

Leaving...
Hard resetting via RTS pin...
