esptool.py v4.12.dev2
Serial port COM26
Connecting...
Chip is ESP32-S3 (QFN56) (revision v0.2)
Features: WiFi, BLE, Embedded PSRAM 8MB (AP_3v3)
Crystal is 40MHz
USB mode: USB-Serial/JTAG
MAC: a4:cb:8f:f2:c4:c0
Uploading stub...
Running stub...
Stub running...
Changing baud rate to 460800
Changed.
Configuring flash size...
Flash will be erased from 0x00020000 to 0x002d5fff...
Compressed 2840976 bytes to 1862247...
Writing at 0x00020000... (0 %)
Writing at 0x0002bebf... (1 %)
Writing at 0x00038d28... (2 %)
Writing at 0x000477c4... (3 %)
Writing at 0x00055068... (4 %)
Writing at 0x0005fce4... (5 %)
Writing at 0x0006ac7e... (6 %)
Writing at 0x0006f138... (7 %)
Writing at 0x00073555... (7 %)
Writing at 0x000779b4... (8 %)
Writing at 0x0007be5e... (9 %)
Writing at 0x0008028c... (10 %)
Writing at 0x00084782... (11 %)
Writing at 0x00088c6d... (12 %)
Writing at 0x0008d12a... (13 %)
Writing at 0x000915e3... (14 %)
Writing at 0x00095dbf... (14 %)
Writing at 0x0009a475... (15 %)
Writing at 0x0009e6c5... (16 %)
Writing at 0x000a2771... (17 %)
Writing at 0x000a8124... (18 %)
Writing at 0x000ac8f9... (19 %)
Writing at 0x000b1dc0... (20 %)
Writing at 0x000b656d... (21 %)
Writing at 0x000bc587... (21 %)
Writing at 0x000c1ab5... (22 %)
Writing at 0x000c6360... (23 %)
Writing at 0x000cbf88... (24 %)
Writing at 0x000d463e... (25 %)
Writing at 0x000dfca3... (26 %)
Writing at 0x000e5fd6... (27 %)
Writing at 0x000ec6d5... (28 %)
Writing at 0x000f2f78... (28 %)
Writing at 0x000f8612... (29 %)
Writing at 0x000fd9c0... (30 %)
Writing at 0x001030e7... (31 %)
Writing at 0x001086d3... (32 %)
Writing at 0x0010da7a... (33 %)
Writing at 0x00112d04... (34 %)
Writing at 0x001182a3... (35 %)
Writing at 0x0011dc24... (35 %)
Writing at 0x00124565... (36 %)
Writing at 0x0012a2c3... (37 %)
Writing at 0x0013013d... (38 %)
Writing at 0x00135f2f... (39 %)
Writing at 0x0013be54... (40 %)
Writing at 0x0014198c... (41 %)
Writing at 0x0014762d... (42 %)
Writing at 0x0014d57e... (42 %)
Writing at 0x00153be7... (43 %)
Writing at 0x00159bfc... (44 %)
Writing at 0x0015f5bb... (45 %)
Writing at 0x001652c4... (46 %)
Writing at 0x0016ac18... (47 %)
Writing at 0x0016fb8f... (48 %)
Writing at 0x00175020... (49 %)
Writing at 0x00179fa6... (50 %)
Writing at 0x0017ec72... (50 %)
Writing at 0x00183d6e... (51 %)
Writing at 0x00188dcb... (52 %)
Writing at 0x0018dce5... (53 %)
Writing at 0x00192cf8... (54 %)
Writing at 0x001980bf... (55 %)
Writing at 0x0019d339... (56 %)
Writing at 0x001a2575... (57 %)
Writing at 0x001a7f30... (57 %)
Writing at 0x001acbbb... (58 %)
Writing at 0x001b1b96... (59 %)
Writing at 0x001b744f... (60 %)
Writing at 0x001bd7d8... (61 %)
Writing at 0x001c3d12... (62 %)
Writing at 0x001c9e73... (63 %)
Writing at 0x001cfa78... (64 %)
Writing at 0x001d6a18... (64 %)
Writing at 0x001dc436... (65 %)
Writing at 0x001e23ad... (66 %)
Writing at 0x001e7e66... (67 %)
Writing at 0x001edf40... (68 %)
Writing at 0x001f5c13... (69 %)
Writing at 0x001fd1cc... (70 %)
Writing at 0x0020324a... (71 %)
Writing at 0x00208f0d... (71 %)
Writing at 0x0020ebb4... (72 %)
Writing at 0x0021496e... (73 %)
Writing at 0x0021a755... (74 %)
Writing at 0x0022066f... (75 %)
Writing at 0x00226abf... (76 %)
Writing at 0x0022cb67... (77 %)
Writing at 0x00232920... (78 %)
Writing at 0x00238631... (78 %)
Writing at 0x0023d8f0... (79 %)
Writing at 0x00242d7e... (80 %)
Writing at 0x002486d2... (81 %)
Writing at 0x0024dce1... (82 %)
Writing at 0x002530f1... (83 %)
Writing at 0x00258806... (84 %)
Writing at 0x0025eacc... (85 %)
Writing at 0x0026425e... (85 %)
Writing at 0x0026a06d... (86 %)
Writing at 0x002700f9... (87 %)
Writing at 0x00275d70... (88 %)
Writing at 0x0027b1fb... (89 %)
Writing at 0x00282958... (90 %)
Writing at 0x00287fcd... (91 %)
Writing at 0x002901b1... (92 %)
Writing at 0x0029618f... (92 %)
Writing at 0x0029c026... (93 %)
Writing at 0x002a24df... (94 %)
Writing at 0x002a8901... (95 %)
Writing at 0x002b9c40... (96 %)
Writing at 0x002bf993... (97 %)
Writing at 0x002c5992... (98 %)
Writing at 0x002cc445... (99 %)
Writing at 0x002d182f... (100 %)
Wrote 2840976 bytes (1862247 compressed) at 0x00020000 in 15.5 seconds (effective 1464.5 kbit/s)...
Hash of data verified.

Leaving...
Hard resetting via RTS pin...
