Thu Sep 10 14:51:16 2026
Using pre-ASF file example_board.pre.asf.
Total IO  : 150
Total Pin : 128/17
Top array is built.
Loading architect libraries...

## CPU time: 0:0:0, REAL time: 0:0:0
## Memory Usage: 53MB (53MB)
Loading route table...

## CPU time: 0:0:1, REAL time: 0:0:2
## Memory Usage: 318MB (318MB)
Using design VERILOG file ./simulation/modelsim/example_board.vo.
Using design VE file example_board.vex.
Preparing design...

Info: Rename duplicated module cell alta_rv32 to alta_rv32_duplicated at ./alta_db/flatten.vx:1956.
Info: Removing bbox feeder slice sys_ctrl_clkSource[0] driven by BBOX rv32|sys_ctrl_clkSource[0].
Info: Removing bbox feeder slice sys_ctrl_clkSource[1] driven by BBOX rv32|sys_ctrl_clkSource[1].
## CPU time: 0:0:0, REAL time: 0:0:0
## Memory Usage: 339MB (339MB)
Pseudo pack design...

Using location file example_board.vex
VCO frequency: 300.000 Mhz
  clkout0: Enabled , 150.000 Mhz
  clkout1: Disabled, 0.586 Mhz
  clkout2: Disabled, 0.586 Mhz
  clkout3: Disabled, 0.586 Mhz
  clkout4: Disabled, 0.586 Mhz
Info: Instance gclksw_inst|gclk_switch is identified as a clock switch.
Packing Statistics
 Total      Logics : 2025/2112 ( 95%)
 Total        LUTs : 2023/2112 ( 95%)
 Total   Registers :  967/2112 ( 45%)
 Total  Block Rams :    2/   4 ( 50%)
 Total        PLLs :    1/   1 (100%)
 Total        Pins :   44/ 128 ( 34%)
 Global    Signals :    6/   5 (120%)
                     MCU_SPI_CLK~inputclkctrl_outclk (from:                              MCU_SPI_CLK~input_o)
      auto_generated_inst.hbo_22_f9ff3d300b43c0f2_bp (from:   auto_generated_inst.hbo_22_f9ff3d300b43c0f2_bp)
        macro_inst|core_inst|ad_incr~0clkctrl_outclk (from:           macro_inst|core_inst|ad_incr~0_combout)
             macro_inst|core_inst|osc~clkctrl_outclk (from:                       macro_inst|core_inst|osc~q)
           macro_inst|legacy_spi_cs0~0clkctrl_outclk (from:              macro_inst|legacy_spi_cs0~0_combout)
                           sys_resetn~clkctrl_outclk (from:                               sys_resetn~combout)
 Total Lonely   Datain   : 20
 Total Lonely   Register : 2
 Total LUT-FF   Pairs    : 792
 Total Register Packings : 153
 Registers with synchronous    reset : 0
 Registers with asynchronous   reset : 642
 Registers with sync and async reset : 164
## CPU time: 0:0:0, REAL time: 0:0:0
## Memory Usage: 337MB (339MB)
Filter verilog...

## CPU time: 0:0:0, REAL time: 0:0:1
## Memory Usage: 337MB (339MB)
Reading DB design...

## CPU time: 0:0:0, REAL time: 0:0:0
## Memory Usage: 339MB (339MB)
Processing design...

Info: Found GCLK net macro_inst|core_inst|ad_incr~0clkctrl_outclk (4).
Info: Found GCLK net macro_inst|legacy_spi_cs0~0clkctrl_outclk (8).
Info: Found GCLK net sys_resetn~clkctrl_outclk (108).
Info: Found GCLK net macro_inst|core_inst|osc~clkctrl_outclk (7).
Info: Found GCLK net MCU_SPI_CLK~inputclkctrl_outclk (47).
Info: Found GCLK net auto_generated_inst.hbo_22_f9ff3d300b43c0f2_bp (153).
Info: Fixing net rv32.resetn_out, from rv32|resetn_out to gclksw_inst|gclk_switch__alta_gclksw|resetn.
Info: Fixing net PIN_HSE~input_o, from PIN_HSE~input|combout to gclksw_inst|gclk_switch__alta_gclksw|clkin1.
Info: Fixing net gclksw_inst|gclk_switch__alta_gclksw__clkout, from gclksw_inst|gclk_switch__alta_gclksw|clkout to rv32|sys_clk.
Info: Fixing net auto_generated_inst.hbo_13_1bc039b416d3bc4a_bp, from pll_inst|auto_generated|pll1|lock to rv32|sys_ctrl_pllReady.
Info: Slice ~VCC is removed.
Info: The input of IO PHI is disabled since all input pins are unused.
## CPU time: 0:0:0, REAL time: 0:0:0
## Memory Usage: 339MB (339MB)
Using design SDC file ./example_board.sdc.
Info: The input of IO PHI is disabled since all input pins are unused.
Info: Auto constraint PLL: create_generated_clock -name pll_inst|auto_generated|pll1|clk[0] -divide_by 4 -multiply_by 75 -add -source PLL_CLKIN -master_clock PIN_OSC pll_inst|auto_generated|pll1|clkout0.
Using ASF file example_board.asf.
************ DESIGN ASF ************

Info: The input of IO PHI is disabled since all input pins are unused.
Warn: Logic slice macro_inst|core_inst|cart_ad_oe~1 is used as a latch, output net: macro_inst|core_inst|cart_ad_oe~1_combout.
Warn: Logic slice macro_inst|core_inst|cart_cs1_out~1 is used as a latch, output net: macro_inst|core_inst|cart_cs1_out~1_combout.
Warn: Logic slice macro_inst|core_inst|cart_nWR_out~1 is used as a latch, output net: macro_inst|core_inst|cart_nWR_out~1_combout.
Warn: Logic slice macro_inst|core_inst|buf_mosi[3] is used as a latch, output net: macro_inst|core_inst|cart_cs2_out~1_combout.
Warn: Logic slice macro_inst|core_inst|cart_nRD_out~1 is used as a latch, output net: macro_inst|core_inst|cart_nRD_out~1_combout.
Warn: Logic slice macro_inst|core_inst|cart_a_oe~1 is used as a latch, output net: macro_inst|core_inst|cart_a_oe~1_combout.
Warn: Logic slice macro_inst|core_inst|buf_mosi[7] is used as a latch, output net: macro_inst|core_inst|buf_miso_cs1[1]~1_combout.
Warn: Logic slice macro_inst|core_inst|buf_miso_cs1[4] is used as a latch, output net: macro_inst|core_inst|buf_miso_cs1[0]~5_combout.
Info: macro_inst|mode_guard|cpld_mode|Q is identified as a clock gate signal.
Warn: Auto constraint INTERNAL: create_clock -name Internal_generated_clock_example_board|ESP32_SPI2_CS_N -period 1000.000 ESP32_SPI2_CS_N.
Warn: Auto constraint INTERNAL: create_clock -name Internal_generated_clock_example_board|ESP32_SPI_CS1 -period 1000.000 ESP32_SPI_CS1.
Warn: Auto constraint INTERNAL: create_generated_clock -name Internal_generated_clock_macro_inst|core_inst|osc|Q -divide_by 2 -add -source pll_inst|auto_generated|pll1|clkout0 -master_clock pll_inst|auto_generated|pll1|clk[0] macro_inst|core_inst|osc|Q.
Warn: Auto constraint INTERNAL: create_generated_clock -name Internal_generated_clock_macro_inst|core_inst|osc|Q -divide_by 2 -add -source PIN_HSE -master_clock PIN_HSE macro_inst|core_inst|osc|Q.
Warn: Auto constraint INTERNAL: create_generated_clock -name Internal_generated_clock_macro_inst|core_inst|osc|Q -divide_by 2 -add -source PIN_HSI -master_clock PIN_HSI macro_inst|core_inst|osc|Q.
Placement Statistics
 Total  Logic    Counts  : 2024/2112 (95.8%)
 Total  Logic    Tiles   : 130/132 (98.5%)
 Total  Other    Tiles   : 2/4 (50.0%)
 Total  Valid    Nets    : 2691 (1524+1167)
 Total  Valid    Fanouts : 12004 (7178+4826)
 Total  Tile     Fanouts : 3557
 Tile   Zip      Fanins  : 22 (1:36)
 Tile   Zip      Fanouts : 33 (0:179)
 Total  Ignored  Nets    : 1667
 Total  Valid    Blocks  : 146 (124/20)
 Total  Ignored  Blocks  : 0
 Total  Zip Complexities : 1287/4655 1.80/2319.89
 Avg    Zip   Bottleneck : 6.35 67.87
 Avg    Net   Bottleneck : 19.18 621.80
Warn: Found CDC clock enable clken_ctrl_X43_Y2_N1|ClkEn, from clock Internal_generated_clock_example_board|ESP32_SPI_CS1 to Internal_generated_clock_macro_inst|core_inst|osc|Q.
Warn: Found CDC clock enable clken_ctrl_X43_Y2_N1|ClkEn, from clock Internal_generated_clock_example_board|ESP32_SPI_CS1 to Internal_generated_clock_macro_inst|core_inst|osc|Q.
Warn: Found CDC clock enable clken_ctrl_X43_Y2_N1|ClkEn, from clock Internal_generated_clock_example_board|ESP32_SPI2_CS_N to Internal_generated_clock_macro_inst|core_inst|osc|Q.
Warn: Found CDC clock enable clken_ctrl_X43_Y2_N1|ClkEn, from clock Internal_generated_clock_example_board|ESP32_SPI2_CS_N to Internal_generated_clock_macro_inst|core_inst|osc|Q.
Warn: Found CDC clock enable clken_ctrl_X43_Y3_N1|ClkEn, from clock Internal_generated_clock_example_board|ESP32_SPI_CS1 to Internal_generated_clock_macro_inst|core_inst|osc|Q.
Warn: Found CDC clock enable clken_ctrl_X43_Y3_N1|ClkEn, from clock Internal_generated_clock_example_board|ESP32_SPI_CS1 to Internal_generated_clock_macro_inst|core_inst|osc|Q.
Warn: Found CDC clock enable clken_ctrl_X43_Y3_N1|ClkEn, from clock Internal_generated_clock_example_board|ESP32_SPI2_CS_N to Internal_generated_clock_macro_inst|core_inst|osc|Q.
Warn: Found CDC clock enable clken_ctrl_X43_Y3_N1|ClkEn, from clock Internal_generated_clock_example_board|ESP32_SPI2_CS_N to Internal_generated_clock_macro_inst|core_inst|osc|Q.
Warn: Found CDC clock enable clken_ctrl_X44_Y1_N0|ClkEn, from clock Internal_generated_clock_example_board|ESP32_SPI2_CS_N to Internal_generated_clock_macro_inst|core_inst|osc|Q.
Warn: Found CDC clock enable clken_ctrl_X44_Y1_N0|ClkEn, from clock Internal_generated_clock_example_board|ESP32_SPI2_CS_N to Internal_generated_clock_macro_inst|core_inst|osc|Q.
Warn: Found CDC clock enable clken_ctrl_X44_Y1_N0|ClkEn, from clock Internal_generated_clock_example_board|ESP32_SPI_CS1 to Internal_generated_clock_macro_inst|core_inst|osc|Q.
Warn: Found CDC clock enable clken_ctrl_X44_Y1_N0|ClkEn, from clock Internal_generated_clock_example_board|ESP32_SPI_CS1 to Internal_generated_clock_macro_inst|core_inst|osc|Q.
Warn: Found CDC clock enable clken_ctrl_X44_Y2_N1|ClkEn, from clock Internal_generated_clock_example_board|ESP32_SPI_CS1 to Internal_generated_clock_macro_inst|core_inst|osc|Q.
Warn: Found CDC clock enable clken_ctrl_X44_Y2_N1|ClkEn, from clock Internal_generated_clock_example_board|ESP32_SPI_CS1 to Internal_generated_clock_macro_inst|core_inst|osc|Q.
Warn: Found CDC clock enable clken_ctrl_X44_Y2_N1|ClkEn, from clock Internal_generated_clock_example_board|ESP32_SPI2_CS_N to Internal_generated_clock_macro_inst|core_inst|osc|Q.
Warn: Found CDC clock enable clken_ctrl_X44_Y2_N1|ClkEn, from clock Internal_generated_clock_example_board|ESP32_SPI2_CS_N to Internal_generated_clock_macro_inst|core_inst|osc|Q.
Warn: Found CDC clock enable clken_ctrl_X45_Y3_N1|ClkEn, from clock Internal_generated_clock_example_board|ESP32_SPI2_CS_N to Internal_generated_clock_macro_inst|core_inst|osc|Q.
Warn: Found CDC clock enable clken_ctrl_X45_Y3_N1|ClkEn, from clock Internal_generated_clock_example_board|ESP32_SPI2_CS_N to Internal_generated_clock_macro_inst|core_inst|osc|Q.
Warn: Found CDC clock enable clken_ctrl_X45_Y3_N1|ClkEn, from clock Internal_generated_clock_example_board|ESP32_SPI_CS1 to Internal_generated_clock_macro_inst|core_inst|osc|Q.
Warn: Found CDC clock enable clken_ctrl_X45_Y3_N1|ClkEn, from clock Internal_generated_clock_example_board|ESP32_SPI_CS1 to Internal_generated_clock_macro_inst|core_inst|osc|Q.
Warn: Found CDC clock enable clken_ctrl_X46_Y2_N1|ClkEn, from clock Internal_generated_clock_example_board|ESP32_SPI2_CS_N to ESP_SPI_SCK.
Warn: Found CDC clock enable clken_ctrl_X46_Y2_N1|ClkEn, from clock Internal_generated_clock_example_board|ESP32_SPI2_CS_N to ESP_SPI_SCK.
Warn: Found CDC clock enable clken_ctrl_X46_Y2_N1|ClkEn, from clock PIN_HSI to ESP_SPI_SCK.
Warn: Found CDC clock enable clken_ctrl_X46_Y2_N1|ClkEn, from clock PIN_HSE to ESP_SPI_SCK.
Warn: Found CDC clock enable clken_ctrl_X46_Y2_N1|ClkEn, from clock pll_inst|auto_generated|pll1|clk[0] to ESP_SPI_SCK.
Warn: Found CDC clock enable clken_ctrl_X47_Y1_N0|ClkEn, from clock Internal_generated_clock_example_board|ESP32_SPI_CS1 to ESP_SPI_SCK.
Warn: Found CDC clock enable clken_ctrl_X47_Y1_N0|ClkEn, from clock Internal_generated_clock_example_board|ESP32_SPI_CS1 to ESP_SPI_SCK.
Warn: Found CDC clock enable clken_ctrl_X47_Y1_N0|ClkEn, from clock PIN_HSI to ESP_SPI_SCK.
Warn: Found CDC clock enable clken_ctrl_X47_Y1_N0|ClkEn, from clock PIN_HSE to ESP_SPI_SCK.
Warn: Found CDC clock enable clken_ctrl_X47_Y1_N0|ClkEn, from clock pll_inst|auto_generated|pll1|clk[0] to ESP_SPI_SCK.
Warn: Found CDC clock enable clken_ctrl_X47_Y1_N0|ClkEn, from clock Internal_generated_clock_example_board|ESP32_SPI2_CS_N to ESP_SPI_SCK.
Warn: Found CDC clock enable clken_ctrl_X47_Y1_N0|ClkEn, from clock Internal_generated_clock_example_board|ESP32_SPI2_CS_N to ESP_SPI_SCK.
Warn: Found CDC clock enable clken_ctrl_X47_Y2_N1|ClkEn, from clock Internal_generated_clock_example_board|ESP32_SPI2_CS_N to ESP_SPI_SCK.
Warn: Found CDC clock enable clken_ctrl_X47_Y2_N1|ClkEn, from clock Internal_generated_clock_example_board|ESP32_SPI2_CS_N to ESP_SPI_SCK.
Warn: Found CDC clock enable clken_ctrl_X47_Y2_N1|ClkEn, from clock PIN_HSI to ESP_SPI_SCK.
Warn: Found CDC clock enable clken_ctrl_X47_Y2_N1|ClkEn, from clock PIN_HSE to ESP_SPI_SCK.
Warn: Found CDC clock enable clken_ctrl_X47_Y2_N1|ClkEn, from clock pll_inst|auto_generated|pll1|clk[0] to ESP_SPI_SCK.
Warn: Found CDC clock enable clken_ctrl_X47_Y3_N0|ClkEn, from clock Internal_generated_clock_example_board|ESP32_SPI2_CS_N to ESP_SPI_SCK.
Warn: Found CDC clock enable clken_ctrl_X47_Y3_N0|ClkEn, from clock Internal_generated_clock_example_board|ESP32_SPI2_CS_N to ESP_SPI_SCK.
Warn: Found CDC clock enable clken_ctrl_X47_Y3_N0|ClkEn, from clock PIN_HSI to ESP_SPI_SCK.
Warn: Found CDC clock enable clken_ctrl_X47_Y3_N0|ClkEn, from clock PIN_HSE to ESP_SPI_SCK.
Warn: Found CDC clock enable clken_ctrl_X47_Y3_N0|ClkEn, from clock pll_inst|auto_generated|pll1|clk[0] to ESP_SPI_SCK.
Warn: Found CDC clock enable clken_ctrl_X47_Y3_N1|ClkEn, from clock Internal_generated_clock_example_board|ESP32_SPI_CS1 to ESP_SPI_SCK.
Warn: Found CDC clock enable clken_ctrl_X47_Y3_N1|ClkEn, from clock Internal_generated_clock_example_board|ESP32_SPI_CS1 to ESP_SPI_SCK.
Warn: Found CDC clock enable clken_ctrl_X47_Y3_N1|ClkEn, from clock PIN_HSI to ESP_SPI_SCK.
Warn: Found CDC clock enable clken_ctrl_X47_Y3_N1|ClkEn, from clock PIN_HSE to ESP_SPI_SCK.
Warn: Found CDC clock enable clken_ctrl_X47_Y3_N1|ClkEn, from clock pll_inst|auto_generated|pll1|clk[0] to ESP_SPI_SCK.
Warn: Found CDC clock enable clken_ctrl_X47_Y3_N1|ClkEn, from clock Internal_generated_clock_example_board|ESP32_SPI2_CS_N to ESP_SPI_SCK.
Warn: Found CDC clock enable clken_ctrl_X47_Y3_N1|ClkEn, from clock Internal_generated_clock_example_board|ESP32_SPI2_CS_N to ESP_SPI_SCK.
Warn: Found CDC clock enable clken_ctrl_X49_Y1_N0|ClkEn, from clock Internal_generated_clock_example_board|ESP32_SPI_CS1 to ESP_SPI_SCK.
Warn: Found CDC clock enable clken_ctrl_X49_Y1_N0|ClkEn, from clock Internal_generated_clock_example_board|ESP32_SPI_CS1 to ESP_SPI_SCK.
Warn: Found CDC clock enable clken_ctrl_X49_Y1_N0|ClkEn, from clock Internal_generated_clock_example_board|ESP32_SPI2_CS_N to ESP_SPI_SCK.
Warn: Found CDC clock enable clken_ctrl_X49_Y1_N0|ClkEn, from clock Internal_generated_clock_example_board|ESP32_SPI2_CS_N to ESP_SPI_SCK.
Warn: Found CDC clock enable clken_ctrl_X49_Y1_N0|ClkEn, from clock PIN_HSI to ESP_SPI_SCK.
Warn: Found CDC clock enable clken_ctrl_X49_Y1_N0|ClkEn, from clock PIN_HSE to ESP_SPI_SCK.
Warn: Found CDC clock enable clken_ctrl_X49_Y1_N0|ClkEn, from clock pll_inst|auto_generated|pll1|clk[0] to ESP_SPI_SCK.
Warn: Found CDC clock enable clken_ctrl_X53_Y4_N0|ClkEn, from clock PIN_HSI to ESP_SPI_SCK.
Warn: Found CDC clock enable clken_ctrl_X53_Y4_N0|ClkEn, from clock PIN_HSE to ESP_SPI_SCK.
Warn: Found CDC clock enable clken_ctrl_X53_Y4_N0|ClkEn, from clock pll_inst|auto_generated|pll1|clk[0] to ESP_SPI_SCK.
Warn: Found CDC clock enable clken_ctrl_X53_Y4_N0|ClkEn, from clock Internal_generated_clock_example_board|ESP32_SPI_CS1 to ESP_SPI_SCK.
Warn: Found CDC clock enable clken_ctrl_X53_Y4_N0|ClkEn, from clock Internal_generated_clock_example_board|ESP32_SPI_CS1 to ESP_SPI_SCK.
Warn: Found CDC clock enable clken_ctrl_X53_Y4_N0|ClkEn, from clock Internal_generated_clock_example_board|ESP32_SPI2_CS_N to ESP_SPI_SCK.
Warn: Found CDC clock enable clken_ctrl_X53_Y4_N0|ClkEn, from clock Internal_generated_clock_example_board|ESP32_SPI2_CS_N to ESP_SPI_SCK.
Warn: Found CDC clock enable clken_ctrl_X53_Y4_N1|ClkEn, from clock PIN_HSI to ESP_SPI_SCK.
Warn: Found CDC clock enable clken_ctrl_X53_Y4_N1|ClkEn, from clock PIN_HSE to ESP_SPI_SCK.
Warn: Found CDC clock enable clken_ctrl_X53_Y4_N1|ClkEn, from clock pll_inst|auto_generated|pll1|clk[0] to ESP_SPI_SCK.
Warn: Found CDC clock enable clken_ctrl_X53_Y4_N1|ClkEn, from clock Internal_generated_clock_example_board|ESP32_SPI_CS1 to ESP_SPI_SCK.
Warn: Found CDC clock enable clken_ctrl_X53_Y4_N1|ClkEn, from clock Internal_generated_clock_example_board|ESP32_SPI_CS1 to ESP_SPI_SCK.
Warn: Found CDC clock enable clken_ctrl_X53_Y4_N1|ClkEn, from clock Internal_generated_clock_example_board|ESP32_SPI2_CS_N to ESP_SPI_SCK.
Warn: Found CDC clock enable clken_ctrl_X53_Y4_N1|ClkEn, from clock Internal_generated_clock_example_board|ESP32_SPI2_CS_N to ESP_SPI_SCK.
Warn: Found CDC clock enable clken_ctrl_X57_Y3_N1|ClkEn, from clock PIN_HSI to ESP_SPI_SCK.
Warn: Found CDC clock enable clken_ctrl_X57_Y3_N1|ClkEn, from clock PIN_HSE to ESP_SPI_SCK.
Warn: Found CDC clock enable clken_ctrl_X57_Y3_N1|ClkEn, from clock pll_inst|auto_generated|pll1|clk[0] to ESP_SPI_SCK.
Warn: Found CDC clock enable clken_ctrl_X57_Y3_N1|ClkEn, from clock Internal_generated_clock_example_board|ESP32_SPI_CS1 to ESP_SPI_SCK.
Warn: Found CDC clock enable clken_ctrl_X57_Y3_N1|ClkEn, from clock Internal_generated_clock_example_board|ESP32_SPI_CS1 to ESP_SPI_SCK.
Warn: Found CDC clock enable clken_ctrl_X57_Y3_N1|ClkEn, from clock Internal_generated_clock_example_board|ESP32_SPI2_CS_N to ESP_SPI_SCK.
Warn: Found CDC clock enable clken_ctrl_X57_Y3_N1|ClkEn, from clock Internal_generated_clock_example_board|ESP32_SPI2_CS_N to ESP_SPI_SCK.
Warn: Found CDC clock enable clken_ctrl_X59_Y4_N0|ClkEn, from clock PIN_HSI to ESP_SPI_SCK.
Warn: Found CDC clock enable clken_ctrl_X59_Y4_N0|ClkEn, from clock PIN_HSE to ESP_SPI_SCK.
Warn: Found CDC clock enable clken_ctrl_X59_Y4_N0|ClkEn, from clock pll_inst|auto_generated|pll1|clk[0] to ESP_SPI_SCK.
Warn: Found CDC clock enable clken_ctrl_X59_Y4_N0|ClkEn, from clock Internal_generated_clock_example_board|ESP32_SPI_CS1 to ESP_SPI_SCK.
Warn: Found CDC clock enable clken_ctrl_X59_Y4_N0|ClkEn, from clock Internal_generated_clock_example_board|ESP32_SPI_CS1 to ESP_SPI_SCK.
Warn: Found CDC clock enable clken_ctrl_X59_Y4_N0|ClkEn, from clock Internal_generated_clock_example_board|ESP32_SPI2_CS_N to ESP_SPI_SCK.
Warn: Found CDC clock enable clken_ctrl_X59_Y4_N0|ClkEn, from clock Internal_generated_clock_example_board|ESP32_SPI2_CS_N to ESP_SPI_SCK.
Iter #1/1 ...
Pass 1 #1/2 ...
Partitioning...
 step = 3, partition : 2,2
....................
 step = 4, partition : 2,2
....................

## CPU time: 0:0:4, REAL time: 0:0:5
Pass 1 #2/2 ...
Partitioning...
 step = 3, partition : 2,2
....................
 step = 4, partition : 2,2
....................

## CPU time: 0:0:4, REAL time: 0:0:4
Pass 2 #1/1 ...
Legalization and Swapping...
..........

## CPU time: 0:0:2, REAL time: 0:0:2
Pass 3 #1/1 ...
Touchup...


## CPU time: 0:0:0, REAL time: 0:0:0
Pass 4 #1/1 ...
Optimization...
............................................................
Finishing...

## CPU time: 0:0:5, REAL time: 0:0:5
Total wire cost after placement: -2.49433:-0.37415:0.644(-2.49433:-0.37415) 7290.58(948.522)+26085(23)+11232.3 10639.5(8996.36)+6793.25


*** Post Placement Timing Report ***

=== User constraints ===
Fmax report
  User constraint:  40.000MHz, Fmax:  90.375MHz, Clock: ESP_SPI_SCK
  User constraint:   8.000MHz, Fmax: 109.158MHz, Clock: PIN_HSE
  User constraint:  10.000MHz, Fmax: 109.158MHz, Clock: PIN_HSI
  User constraint: 150.000MHz, Fmax: 109.158MHz, Clock: pll_inst|auto_generated|pll1|clk[0]

Clock transfer report:
  Worst setup:  13.935, with clock ESP_SPI_SCK
  Worst setup: 115.839, with clock PIN_HSE
  Worst setup:  90.839, with clock PIN_HSI
  Worst setup:  -2.494, with clock pll_inst|auto_generated|pll1|clk[0]

  Worst  hold:   0.603, with clock ESP_SPI_SCK
  Worst  hold:   0.615, with clock PIN_HSE
  Worst  hold:   0.615, with clock PIN_HSI
  Worst  hold:   0.615, with clock pll_inst|auto_generated|pll1|clk[0]

=== Auto constraints ===
Fmax report
  User constraint:   5.000MHz, Fmax: 112.625MHz, Clock: Internal_generated_clock_macro_inst|core_inst|osc|Q

Clock transfer report:
  Worst setup: 191.121, with clock Internal_generated_clock_macro_inst|core_inst|osc|Q
  Worst setup: 997.426, from clock Internal_generated_clock_example_board|ESP32_SPI2_CS_N to Internal_generated_clock_example_board|ESP32_SPI_CS1
  Worst setup: 200.933, from clock Internal_generated_clock_example_board|ESP32_SPI2_CS_N to Internal_generated_clock_macro_inst|core_inst|osc|Q
  Worst setup:   0.079, from clock Internal_generated_clock_example_board|ESP32_SPI2_CS_N to pll_inst|auto_generated|pll1|clk[0]
  Worst setup: 200.815, from clock Internal_generated_clock_example_board|ESP32_SPI_CS1 to Internal_generated_clock_macro_inst|core_inst|osc|Q
  Worst setup:   0.062, from clock Internal_generated_clock_example_board|ESP32_SPI_CS1 to pll_inst|auto_generated|pll1|clk[0]
  Worst setup:   3.130, from clock Internal_generated_clock_macro_inst|core_inst|osc|Q to pll_inst|auto_generated|pll1|clk[0]

  Worst  hold:   0.615, with clock Internal_generated_clock_macro_inst|core_inst|osc|Q
  Worst  hold:  -2.292, from clock Internal_generated_clock_example_board|ESP32_SPI2_CS_N to Internal_generated_clock_example_board|ESP32_SPI_CS1
  Worst  hold:  -4.592, from clock Internal_generated_clock_example_board|ESP32_SPI2_CS_N to Internal_generated_clock_macro_inst|core_inst|osc|Q
  Worst  hold:   4.014, from clock Internal_generated_clock_example_board|ESP32_SPI2_CS_N to pll_inst|auto_generated|pll1|clk[0]
  Worst  hold:  -4.779, from clock Internal_generated_clock_example_board|ESP32_SPI_CS1 to Internal_generated_clock_macro_inst|core_inst|osc|Q
  Worst  hold:   4.330, from clock Internal_generated_clock_example_board|ESP32_SPI_CS1 to pll_inst|auto_generated|pll1|clk[0]
  Worst  hold:   3.339, from clock Internal_generated_clock_macro_inst|core_inst|osc|Q to pll_inst|auto_generated|pll1|clk[0]

Coverage report
  User constraints covered 8204 connections out of 9218 total, coverage: 89.0%
  Auto constraints covered 8763 connections out of 9218 total, coverage: 95.1%


Hold from ESP32_SPI_CS1 to macro_inst|core_inst|led1_breathe_dir, clock Internal_generated_clock_example_board|ESP32_SPI_CS1 to Internal_generated_clock_macro_inst|core_inst|osc|Q, constraint 0.000, skew 8.499, data 3.498
  Slack:  -4.779
    Arrival Time:    3.498
    Required Time:   8.277

*** End Timing Report ***



route_design -dump ./alta_db/route.tx -replace ./alta_db/replace.tx 

Route Design Statistics
 Total Routing Nets : 2692
 Fanout     Average : 3.46 (1..152)
 Max   Fanout  Net  : auto_generated_inst.hbo_22_f9ff3d300b43c0f2_bp
 Logic       Slices : 2024/2112 (95.8%)

Routing...
 Budget Useful Skew...
## CPU time: 0:0:0, REAL time: 0:0:0
 iter = 1/1, route#: 2692, violation# : 2858, overflow# : 2267, conflict# : 1627, node#: 17439
## CPU time: 0:0:1, REAL time: 0:0:1
 iter = 2/2, route#: 2692, violation# : 2134, overflow# : 1973, conflict# : 1420, node#: 18585
## CPU time: 0:0:1, REAL time: 0:0:1
 iter = 3/3, route#: 2692, violation# : 1493, overflow# : 1469, conflict# : 1169, node#: 19569
## CPU time: 0:0:2, REAL time: 0:0:2
 iter = 4/4, route#: 2692, violation# : 932, overflow# : 929, conflict# : 905, node#: 20383
## CPU time: 0:0:3, REAL time: 0:0:3
 iter = 5/5, route#: 2692, violation# : 767, overflow# : 767, conflict# : 796, node#: 20782
## CPU time: 0:0:4, REAL time: 0:0:4
 iter = 6/6, route#: 2692, violation# : 618, overflow# : 618, conflict# : 671, node#: 21158
## CPU time: 0:0:4, REAL time: 0:0:4
 iter = 7/7, route#: 2692, violation# : 664, overflow# : 664, conflict# : 721, node#: 21343
## CPU time: 0:0:5, REAL time: 0:0:5
 iter = 8/4, route#: 883, violation# : 849, overflow# : 845, conflict# : 795, node#: 20746
## CPU time: 0:0:6, REAL time: 0:0:6
 iter = 9/5, route#: 836, violation# : 660, overflow# : 660, conflict# : 669, node#: 21096
## CPU time: 0:0:7, REAL time: 0:0:7
 iter = 10/6, route#: 714, violation# : 536, overflow# : 536, conflict# : 578, node#: 21391
## CPU time: 0:0:7, REAL time: 0:0:8
 iter = 11/7, route#: 711, violation# : 526, overflow# : 526, conflict# : 565, node#: 21551
## CPU time: 0:0:8, REAL time: 0:0:8
 iter = 12/8, route#: 700, violation# : 531, overflow# : 531, conflict# : 528, node#: 21750
## CPU time: 0:0:9, REAL time: 0:0:9
 iter = 13/9, route#: 697, violation# : 471, overflow# : 471, conflict# : 505, node#: 21867
## CPU time: 0:0:10, REAL time: 0:0:10
 iter = 14/4, route#: 825, violation# : 855, overflow# : 853, conflict# : 730, node#: 20780
## CPU time: 0:0:11, REAL time: 0:0:11
 iter = 15/5, route#: 741, violation# : 572, overflow# : 572, conflict# : 581, node#: 21261
## CPU time: 0:0:12, REAL time: 0:0:12
 iter = 16/6, route#: 692, violation# : 523, overflow# : 523, conflict# : 552, node#: 21518
## CPU time: 0:0:12, REAL time: 0:0:12
 iter = 17/7, route#: 719, violation# : 520, overflow# : 520, conflict# : 572, node#: 21672
## CPU time: 0:0:13, REAL time: 0:0:13
 iter = 18/8, route#: 717, violation# : 487, overflow# : 487, conflict# : 537, node#: 21922
## CPU time: 0:0:14, REAL time: 0:0:14
 iter = 19/9, route#: 710, violation# : 501, overflow# : 501, conflict# : 515, node#: 22017
## CPU time: 0:0:14, REAL time: 0:0:15
 iter = 20/5, route#: 682, violation# : 679, overflow# : 678, conflict# : 619, node#: 21418
## CPU time: 0:0:15, REAL time: 0:0:15
 iter = 21/6, route#: 630, violation# : 509, overflow# : 509, conflict# : 545, node#: 21760
## CPU time: 0:0:16, REAL time: 0:0:16
 iter = 22/7, route#: 601, violation# : 491, overflow# : 491, conflict# : 515, node#: 21883
## CPU time: 0:0:17, REAL time: 0:0:17
 iter = 23/8, route#: 566, violation# : 478, overflow# : 478, conflict# : 494, node#: 22044
## CPU time: 0:0:17, REAL time: 0:0:17
 iter = 24/9, route#: 557, violation# : 471, overflow# : 471, conflict# : 489, node#: 22084
## CPU time: 0:0:18, REAL time: 0:0:18
 iter = 25/10, route#: 536, violation# : 449, overflow# : 449, conflict# : 475, node#: 22139
## CPU time: 0:0:19, REAL time: 0:0:19
 iter = 26/5, route#: 618, violation# : 697, overflow# : 696, conflict# : 583, node#: 21561
## CPU time: 0:0:20, REAL time: 0:0:20
 iter = 27/6, route#: 611, violation# : 518, overflow# : 518, conflict# : 512, node#: 21859
## CPU time: 0:0:20, REAL time: 0:0:21
 iter = 28/7, route#: 585, violation# : 468, overflow# : 468, conflict# : 483, node#: 22009
## CPU time: 0:0:21, REAL time: 0:0:21
 iter = 29/8, route#: 534, violation# : 470, overflow# : 470, conflict# : 471, node#: 22135
## CPU time: 0:0:22, REAL time: 0:0:22
 iter = 30/9, route#: 527, violation# : 484, overflow# : 484, conflict# : 478, node#: 22184
## CPU time: 0:0:22, REAL time: 0:0:22
 iter = 31/10, route#: 519, violation# : 447, overflow# : 447, conflict# : 475, node#: 22205
## CPU time: 0:0:23, REAL time: 0:0:23
 iter = 32/5, route#: 622, violation# : 617, overflow# : 615, conflict# : 578, node#: 21636
## CPU time: 0:0:24, REAL time: 0:0:24
 iter = 33/6, route#: 590, violation# : 473, overflow# : 473, conflict# : 491, node#: 21932
## CPU time: 0:0:25, REAL time: 0:0:25
 iter = 34/7, route#: 564, violation# : 435, overflow# : 435, conflict# : 480, node#: 22073
## CPU time: 0:0:25, REAL time: 0:0:25
 iter = 35/8, route#: 511, violation# : 391, overflow# : 391, conflict# : 457, node#: 22148
## CPU time: 0:0:26, REAL time: 0:0:26
 iter = 36/9, route#: 511, violation# : 397, overflow# : 397, conflict# : 448, node#: 22206
## CPU time: 0:0:26, REAL time: 0:0:26
 iter = 37/10, route#: 511, violation# : 398, overflow# : 398, conflict# : 470, node#: 22210
## CPU time: 0:0:27, REAL time: 0:0:27
 iter = 38/5, route#: 561, violation# : 590, overflow# : 587, conflict# : 545, node#: 21781
## CPU time: 0:0:28, REAL time: 0:0:28
 iter = 39/6, route#: 584, violation# : 476, overflow# : 475, conflict# : 513, node#: 21953
## CPU time: 0:0:29, REAL time: 0:0:29
 iter = 40/7, route#: 583, violation# : 467, overflow# : 467, conflict# : 521, node#: 22032
## CPU time: 0:0:29, REAL time: 0:0:29
 iter = 41/8, route#: 539, violation# : 424, overflow# : 424, conflict# : 469, node#: 22133
## CPU time: 0:0:30, REAL time: 0:0:30
 iter = 42/9, route#: 538, violation# : 434, overflow# : 434, conflict# : 474, node#: 22158
## CPU time: 0:0:30, REAL time: 0:0:31
 iter = 43/10, route#: 514, violation# : 409, overflow# : 409, conflict# : 448, node#: 22248
## CPU time: 0:0:31, REAL time: 0:0:31
 iter = 44/5, route#: 578, violation# : 580, overflow# : 580, conflict# : 552, node#: 21771
## CPU time: 0:0:32, REAL time: 0:0:32
 iter = 45/6, route#: 593, violation# : 463, overflow# : 462, conflict# : 517, node#: 21975
## CPU time: 0:0:33, REAL time: 0:0:33
 iter = 46/7, route#: 595, violation# : 467, overflow# : 467, conflict# : 505, node#: 22106
## CPU time: 0:0:33, REAL time: 0:0:34
 iter = 47/8, route#: 553, violation# : 436, overflow# : 436, conflict# : 494, node#: 22200
## CPU time: 0:0:34, REAL time: 0:0:34
 iter = 48/9, route#: 561, violation# : 456, overflow# : 456, conflict# : 491, node#: 22219
## CPU time: 0:0:34, REAL time: 0:0:35
 iter = 49/10, route#: 534, violation# : 442, overflow# : 442, conflict# : 487, node#: 22283
## CPU time: 0:0:35, REAL time: 0:0:36
 iter = 50/5, route#: 624, violation# : 607, overflow# : 606, conflict# : 589, node#: 21790
## CPU time: 0:0:36, REAL time: 0:0:36
 iter = 51/6, route#: 592, violation# : 488, overflow# : 488, conflict# : 501, node#: 22059
## CPU time: 0:0:37, REAL time: 0:0:37
 iter = 52/7, route#: 581, violation# : 458, overflow# : 458, conflict# : 495, node#: 22085
## CPU time: 0:0:37, REAL time: 0:0:38
 iter = 53/8, route#: 523, violation# : 434, overflow# : 434, conflict# : 460, node#: 22186
## CPU time: 0:0:38, REAL time: 0:0:38
 iter = 54/9, route#: 505, violation# : 435, overflow# : 435, conflict# : 465, node#: 22262
## CPU time: 0:0:39, REAL time: 0:0:39
 iter = 55/10, route#: 511, violation# : 424, overflow# : 424, conflict# : 468, node#: 22309
## CPU time: 0:0:40, REAL time: 0:0:40
 iter = 56/5, route#: 566, violation# : 550, overflow# : 550, conflict# : 532, node#: 21870
## CPU time: 0:0:40, REAL time: 0:0:41
 iter = 57/6, route#: 568, violation# : 459, overflow# : 459, conflict# : 490, node#: 22052
## CPU time: 0:0:41, REAL time: 0:0:41
 iter = 58/7, route#: 533, violation# : 443, overflow# : 443, conflict# : 482, node#: 22123
## CPU time: 0:0:42, REAL time: 0:0:42
 iter = 59/8, route#: 521, violation# : 421, overflow# : 421, conflict# : 455, node#: 22283
## CPU time: 0:0:42, REAL time: 0:0:43
 iter = 60/9, route#: 518, violation# : 392, overflow# : 392, conflict# : 467, node#: 22296
## CPU time: 0:0:43, REAL time: 0:0:43
 iter = 61/10, route#: 512, violation# : 406, overflow# : 406, conflict# : 464, node#: 22380
## CPU time: 0:0:44, REAL time: 0:0:44
 iter = 62/5, route#: 578, violation# : 540, overflow# : 539, conflict# : 535, node#: 21835
## CPU time: 0:0:44, REAL time: 0:0:45
 iter = 63/6, route#: 558, violation# : 434, overflow# : 434, conflict# : 477, node#: 22024
## CPU time: 0:0:45, REAL time: 0:0:45
 iter = 64/7, route#: 542, violation# : 423, overflow# : 423, conflict# : 463, node#: 22100
## CPU time: 0:0:45, REAL time: 0:0:46
 iter = 65/8, route#: 503, violation# : 386, overflow# : 386, conflict# : 446, node#: 22205
## CPU time: 0:0:46, REAL time: 0:0:46
 iter = 66/9, route#: 479, violation# : 388, overflow# : 388, conflict# : 444, node#: 22255
## CPU time: 0:0:47, REAL time: 0:0:47
 iter = 67/10, route#: 471, violation# : 379, overflow# : 379, conflict# : 432, node#: 22305
## CPU time: 0:0:47, REAL time: 0:0:48
 iter = 68/5, route#: 523, violation# : 562, overflow# : 562, conflict# : 518, node#: 21902
## CPU time: 0:0:48, REAL time: 0:0:49
 iter = 69/6, route#: 531, violation# : 424, overflow# : 424, conflict# : 453, node#: 22094
## CPU time: 0:0:49, REAL time: 0:0:49
 iter = 70/7, route#: 532, violation# : 409, overflow# : 409, conflict# : 456, node#: 22153
## CPU time: 0:0:49, REAL time: 0:0:50
 iter = 71/8, route#: 487, violation# : 394, overflow# : 394, conflict# : 441, node#: 22283
## CPU time: 0:0:50, REAL time: 0:0:50
 iter = 72/9, route#: 475, violation# : 381, overflow# : 381, conflict# : 429, node#: 22327
## CPU time: 0:0:50, REAL time: 0:0:51
 iter = 73/10, route#: 500, violation# : 389, overflow# : 389, conflict# : 462, node#: 22314
## CPU time: 0:0:51, REAL time: 0:0:52
 iter = 74/5, route#: 556, violation# : 519, overflow# : 518, conflict# : 524, node#: 21936
## CPU time: 0:0:52, REAL time: 0:0:53
 iter = 75/6, route#: 557, violation# : 434, overflow# : 433, conflict# : 480, node#: 22100
## CPU time: 0:0:53, REAL time: 0:0:53
 iter = 76/7, route#: 552, violation# : 421, overflow# : 421, conflict# : 490, node#: 22153
## CPU time: 0:0:53, REAL time: 0:0:54
 iter = 77/8, route#: 525, violation# : 393, overflow# : 393, conflict# : 462, node#: 22292
## CPU time: 0:0:54, REAL time: 0:0:54
 iter = 78/9, route#: 494, violation# : 377, overflow# : 377, conflict# : 450, node#: 22301
## CPU time: 0:0:54, REAL time: 0:0:55
 iter = 79/10, route#: 486, violation# : 383, overflow# : 383, conflict# : 442, node#: 22354
## CPU time: 0:0:55, REAL time: 0:0:56
 iter = 80/5, route#: 535, violation# : 502, overflow# : 502, conflict# : 500, node#: 21934
## CPU time: 0:0:56, REAL time: 0:0:56
 iter = 81/6, route#: 542, violation# : 427, overflow# : 427, conflict# : 463, node#: 22077
## CPU time: 0:0:57, REAL time: 0:0:57
 iter = 82/7, route#: 514, violation# : 397, overflow# : 397, conflict# : 446, node#: 22187
## CPU time: 0:0:57, REAL time: 0:0:58
 iter = 83/8, route#: 514, violation# : 398, overflow# : 398, conflict# : 457, node#: 22322
## CPU time: 0:0:58, REAL time: 0:0:58
 iter = 84/9, route#: 476, violation# : 370, overflow# : 370, conflict# : 424, node#: 22332
## CPU time: 0:0:58, REAL time: 0:0:59
 iter = 85/10, route#: 476, violation# : 373, overflow# : 373, conflict# : 429, node#: 22370
## CPU time: 0:0:59, REAL time: 0:0:59
 iter = 86/5, route#: 526, violation# : 491, overflow# : 491, conflict# : 488, node#: 22005
## CPU time: 0:1:0, REAL time: 0:1:0
 iter = 87/6, route#: 510, violation# : 398, overflow# : 398, conflict# : 446, node#: 22157
## CPU time: 0:1:0, REAL time: 0:1:1
 iter = 88/7, route#: 485, violation# : 379, overflow# : 379, conflict# : 425, node#: 22224
## CPU time: 0:1:1, REAL time: 0:1:1
 iter = 89/8, route#: 481, violation# : 355, overflow# : 355, conflict# : 419, node#: 22310
## CPU time: 0:1:1, REAL time: 0:1:2
 iter = 90/9, route#: 461, violation# : 343, overflow# : 343, conflict# : 414, node#: 22364
## CPU time: 0:1:2, REAL time: 0:1:2
 iter = 91/10, route#: 464, violation# : 352, overflow# : 352, conflict# : 425, node#: 22363
## CPU time: 0:1:3, REAL time: 0:1:3
 iter = 92/5, route#: 582, violation# : 554, overflow# : 554, conflict# : 548, node#: 21940
## CPU time: 0:1:4, REAL time: 0:1:4
 iter = 93/6, route#: 582, violation# : 445, overflow# : 444, conflict# : 504, node#: 22168
## CPU time: 0:1:4, REAL time: 0:1:5
 iter = 94/7, route#: 538, violation# : 427, overflow# : 427, conflict# : 475, node#: 22246
## CPU time: 0:1:5, REAL time: 0:1:5
 iter = 95/8, route#: 523, violation# : 388, overflow# : 388, conflict# : 457, node#: 22325
## CPU time: 0:1:5, REAL time: 0:1:6
 iter = 96/9, route#: 505, violation# : 401, overflow# : 401, conflict# : 445, node#: 22352
## CPU time: 0:1:6, REAL time: 0:1:6
 iter = 97/10, route#: 481, violation# : 388, overflow# : 388, conflict# : 434, node#: 22433
## CPU time: 0:1:7, REAL time: 0:1:7
 iter = 98/5, route#: 514, violation# : 470, overflow# : 470, conflict# : 469, node#: 21977
## CPU time: 0:1:7, REAL time: 0:1:8
 iter = 99/6, route#: 509, violation# : 397, overflow# : 397, conflict# : 435, node#: 22140
## CPU time: 0:1:8, REAL time: 0:1:8
 iter = 100/7, route#: 487, violation# : 392, overflow# : 392, conflict# : 428, node#: 22213
## CPU time: 0:1:9, REAL time: 0:1:9
 iter = 101/8, route#: 489, violation# : 376, overflow# : 376, conflict# : 434, node#: 22312
## CPU time: 0:1:9, REAL time: 0:1:10
 iter = 102/9, route#: 469, violation# : 371, overflow# : 371, conflict# : 416, node#: 22321
## CPU time: 0:1:10, REAL time: 0:1:10
 iter = 103/10, route#: 493, violation# : 409, overflow# : 409, conflict# : 460, node#: 22325
## CPU time: 0:1:11, REAL time: 0:1:11
 iter = 104/5, route#: 568, violation# : 550, overflow# : 549, conflict# : 516, node#: 21926
## CPU time: 0:1:11, REAL time: 0:1:12
 iter = 105/6, route#: 539, violation# : 456, overflow# : 456, conflict# : 469, node#: 22149
## CPU time: 0:1:12, REAL time: 0:1:13
 iter = 106/7, route#: 541, violation# : 441, overflow# : 441, conflict# : 470, node#: 22239
## CPU time: 0:1:13, REAL time: 0:1:13
 iter = 107/8, route#: 480, violation# : 385, overflow# : 385, conflict# : 429, node#: 22333
## CPU time: 0:1:13, REAL time: 0:1:14
 iter = 108/9, route#: 489, violation# : 401, overflow# : 401, conflict# : 448, node#: 22375
## CPU time: 0:1:14, REAL time: 0:1:14
 iter = 109/10, route#: 479, violation# : 408, overflow# : 408, conflict# : 441, node#: 22411
## CPU time: 0:1:15, REAL time: 0:1:15
 iter = 110/5, route#: 550, violation# : 557, overflow# : 555, conflict# : 523, node#: 21989
## CPU time: 0:1:15, REAL time: 0:1:16
 iter = 111/6, route#: 562, violation# : 445, overflow# : 445, conflict# : 485, node#: 22130
## CPU time: 0:1:16, REAL time: 0:1:16
 iter = 112/7, route#: 524, violation# : 404, overflow# : 404, conflict# : 463, node#: 22229
## CPU time: 0:1:17, REAL time: 0:1:17
 iter = 113/8, route#: 504, violation# : 415, overflow# : 415, conflict# : 442, node#: 22338
## CPU time: 0:1:17, REAL time: 0:1:18
 iter = 114/9, route#: 487, violation# : 390, overflow# : 390, conflict# : 417, node#: 22372
## CPU time: 0:1:18, REAL time: 0:1:18
 iter = 115/10, route#: 463, violation# : 392, overflow# : 392, conflict# : 425, node#: 22320
## CPU time: 0:1:19, REAL time: 0:1:19
 iter = 116/5, route#: 584, violation# : 578, overflow# : 577, conflict# : 543, node#: 21901
## CPU time: 0:1:19, REAL time: 0:1:20
 iter = 117/6, route#: 575, violation# : 432, overflow# : 432, conflict# : 473, node#: 22146
## CPU time: 0:1:20, REAL time: 0:1:21
 iter = 118/7, route#: 525, violation# : 417, overflow# : 417, conflict# : 453, node#: 22225
## CPU time: 0:1:21, REAL time: 0:1:21
 iter = 119/8, route#: 479, violation# : 373, overflow# : 373, conflict# : 441, node#: 22343
## CPU time: 0:1:21, REAL time: 0:1:22
 iter = 120/9, route#: 490, violation# : 371, overflow# : 371, conflict# : 435, node#: 22374
## CPU time: 0:1:22, REAL time: 0:1:22
 iter = 121/10, route#: 469, violation# : 369, overflow# : 369, conflict# : 433, node#: 22396
## CPU time: 0:1:23, REAL time: 0:1:23
 iter = 122/5, route#: 549, violation# : 510, overflow# : 510, conflict# : 512, node#: 22004
## CPU time: 0:1:23, REAL time: 0:1:24
 iter = 123/6, route#: 553, violation# : 402, overflow# : 402, conflict# : 460, node#: 22147
## CPU time: 0:1:24, REAL time: 0:1:24
 iter = 124/7, route#: 518, violation# : 391, overflow# : 391, conflict# : 454, node#: 22223
## CPU time: 0:1:24, REAL time: 0:1:25
 iter = 125/8, route#: 471, violation# : 343, overflow# : 343, conflict# : 420, node#: 22303
## CPU time: 0:1:25, REAL time: 0:1:25
 iter = 126/9, route#: 467, violation# : 349, overflow# : 349, conflict# : 429, node#: 22345
## CPU time: 0:1:25, REAL time: 0:1:26
 iter = 127/10, route#: 465, violation# : 376, overflow# : 376, conflict# : 427, node#: 22374
## CPU time: 0:1:26, REAL time: 0:1:27
 iter = 128/5, route#: 544, violation# : 509, overflow# : 509, conflict# : 506, node#: 22015
## CPU time: 0:1:27, REAL time: 0:1:28
 iter = 129/6, route#: 532, violation# : 390, overflow# : 390, conflict# : 449, node#: 22158
## CPU time: 0:1:28, REAL time: 0:1:28
 iter = 130/7, route#: 502, violation# : 365, overflow# : 365, conflict# : 448, node#: 22238
## CPU time: 0:1:28, REAL time: 0:1:29
 iter = 131/8, route#: 453, violation# : 332, overflow# : 332, conflict# : 396, node#: 22330
## CPU time: 0:1:29, REAL time: 0:1:29
 iter = 132/9, route#: 454, violation# : 357, overflow# : 357, conflict# : 406, node#: 22368
## CPU time: 0:1:29, REAL time: 0:1:30
 iter = 133/10, route#: 459, violation# : 354, overflow# : 354, conflict# : 416, node#: 22363
## CPU time: 0:1:30, REAL time: 0:1:31
 iter = 134/5, route#: 540, violation# : 487, overflow# : 487, conflict# : 500, node#: 22010
## CPU time: 0:1:31, REAL time: 0:1:31
 iter = 135/6, route#: 515, violation# : 383, overflow# : 383, conflict# : 445, node#: 22131
## CPU time: 0:1:31, REAL time: 0:1:32
 iter = 136/7, route#: 477, violation# : 351, overflow# : 351, conflict# : 426, node#: 22217
## CPU time: 0:1:32, REAL time: 0:1:32
 iter = 137/8, route#: 445, violation# : 326, overflow# : 326, conflict# : 398, node#: 22303
## CPU time: 0:1:32, REAL time: 0:1:33
 iter = 138/9, route#: 424, violation# : 326, overflow# : 326, conflict# : 386, node#: 22378
## CPU time: 0:1:33, REAL time: 0:1:34
 iter = 139/10, route#: 438, violation# : 358, overflow# : 358, conflict# : 402, node#: 22369
## CPU time: 0:1:34, REAL time: 0:1:34
 iter = 140/5, route#: 526, violation# : 475, overflow# : 475, conflict# : 490, node#: 22027
## CPU time: 0:1:35, REAL time: 0:1:35
 iter = 141/6, route#: 508, violation# : 373, overflow# : 373, conflict# : 435, node#: 22200
## CPU time: 0:1:35, REAL time: 0:1:36
 iter = 142/7, route#: 475, violation# : 332, overflow# : 332, conflict# : 411, node#: 22290
## CPU time: 0:1:36, REAL time: 0:1:36
 iter = 143/8, route#: 451, violation# : 338, overflow# : 338, conflict# : 412, node#: 22360
## CPU time: 0:1:36, REAL time: 0:1:37
 iter = 144/9, route#: 440, violation# : 342, overflow# : 342, conflict# : 413, node#: 22368
## CPU time: 0:1:37, REAL time: 0:1:37
 iter = 145/10, route#: 448, violation# : 345, overflow# : 345, conflict# : 421, node#: 22406
## CPU time: 0:1:38, REAL time: 0:1:38
 iter = 146/5, route#: 509, violation# : 444, overflow# : 444, conflict# : 479, node#: 22051
## CPU time: 0:1:38, REAL time: 0:1:39
 iter = 147/6, route#: 492, violation# : 365, overflow# : 365, conflict# : 442, node#: 22205
## CPU time: 0:1:39, REAL time: 0:1:39
 iter = 148/7, route#: 496, violation# : 358, overflow# : 358, conflict# : 435, node#: 22296
## CPU time: 0:1:39, REAL time: 0:1:40
 iter = 149/8, route#: 469, violation# : 348, overflow# : 348, conflict# : 437, node#: 22365
## CPU time: 0:1:40, REAL time: 0:1:40
 iter = 150/9, route#: 488, violation# : 356, overflow# : 356, conflict# : 443, node#: 22379
## CPU time: 0:1:40, REAL time: 0:1:41
 iter = 151/10, route#: 458, violation# : 350, overflow# : 350, conflict# : 427, node#: 22436
## CPU time: 0:1:41, REAL time: 0:1:42
 iter = 152/5, route#: 558, violation# : 492, overflow# : 492, conflict# : 530, node#: 22042
## CPU time: 0:1:42, REAL time: 0:1:43
 iter = 153/6, route#: 542, violation# : 394, overflow# : 394, conflict# : 464, node#: 22198
## CPU time: 0:1:43, REAL time: 0:1:43
 iter = 154/7, route#: 489, violation# : 371, overflow# : 371, conflict# : 442, node#: 22237
## CPU time: 0:1:43, REAL time: 0:1:44
 iter = 155/8, route#: 470, violation# : 358, overflow# : 358, conflict# : 432, node#: 22365
## CPU time: 0:1:44, REAL time: 0:1:44
 iter = 156/9, route#: 451, violation# : 329, overflow# : 329, conflict# : 417, node#: 22407
## CPU time: 0:1:44, REAL time: 0:1:45
 iter = 157/10, route#: 446, violation# : 330, overflow# : 330, conflict# : 417, node#: 22407
## CPU time: 0:1:45, REAL time: 0:1:45
 iter = 158/5, route#: 539, violation# : 488, overflow# : 488, conflict# : 517, node#: 22065
## CPU time: 0:1:46, REAL time: 0:1:46
 iter = 159/6, route#: 518, violation# : 406, overflow# : 406, conflict# : 453, node#: 22221
## CPU time: 0:1:46, REAL time: 0:1:47
 iter = 160/7, route#: 517, violation# : 404, overflow# : 404, conflict# : 454, node#: 22306
## CPU time: 0:1:47, REAL time: 0:1:47
 iter = 161/8, route#: 475, violation# : 361, overflow# : 361, conflict# : 431, node#: 22364
## CPU time: 0:1:47, REAL time: 0:1:48
 iter = 162/9, route#: 464, violation# : 355, overflow# : 355, conflict# : 426, node#: 22413
## CPU time: 0:1:48, REAL time: 0:1:48
 iter = 163/10, route#: 458, violation# : 345, overflow# : 345, conflict# : 423, node#: 22430
## CPU time: 0:1:48, REAL time: 0:1:49
 iter = 164/5, route#: 542, violation# : 485, overflow# : 485, conflict# : 500, node#: 22064
## CPU time: 0:1:49, REAL time: 0:1:50
 iter = 165/6, route#: 523, violation# : 404, overflow# : 404, conflict# : 466, node#: 22257
## CPU time: 0:1:50, REAL time: 0:1:50
 iter = 166/7, route#: 499, violation# : 360, overflow# : 360, conflict# : 433, node#: 22297
## CPU time: 0:1:50, REAL time: 0:1:51
 iter = 167/8, route#: 447, violation# : 340, overflow# : 340, conflict# : 414, node#: 22369
## CPU time: 0:1:51, REAL time: 0:1:51
 iter = 168/9, route#: 455, violation# : 352, overflow# : 352, conflict# : 428, node#: 22401
## CPU time: 0:1:51, REAL time: 0:1:52
 iter = 169/10, route#: 455, violation# : 344, overflow# : 343, conflict# : 415, node#: 22460
## CPU time: 0:1:52, REAL time: 0:1:53
 iter = 170/5, route#: 471, violation# : 432, overflow# : 432, conflict# : 458, node#: 22124
## CPU time: 0:1:53, REAL time: 0:1:54
 iter = 171/6, route#: 496, violation# : 388, overflow# : 388, conflict# : 437, node#: 22274
## CPU time: 0:1:54, REAL time: 0:1:54
 iter = 172/7, route#: 472, violation# : 365, overflow# : 365, conflict# : 429, node#: 22371
## CPU time: 0:1:54, REAL time: 0:1:55
 iter = 173/8, route#: 471, violation# : 344, overflow# : 344, conflict# : 416, node#: 22447
## CPU time: 0:1:54, REAL time: 0:1:55
 iter = 174/9, route#: 428, violation# : 312, overflow# : 312, conflict# : 395, node#: 22474
## CPU time: 0:1:55, REAL time: 0:1:56
 iter = 175/10, route#: 411, violation# : 306, overflow# : 306, conflict# : 377, node#: 22470
## CPU time: 0:1:56, REAL time: 0:1:56
 iter = 176/5, route#: 490, violation# : 460, overflow# : 460, conflict# : 494, node#: 22168
## CPU time: 0:1:56, REAL time: 0:1:57
 iter = 177/6, route#: 513, violation# : 377, overflow# : 377, conflict# : 441, node#: 22266
## CPU time: 0:1:57, REAL time: 0:1:58
 iter = 178/7, route#: 493, violation# : 380, overflow# : 380, conflict# : 431, node#: 22325
## CPU time: 0:1:58, REAL time: 0:1:58
 iter = 179/8, route#: 462, violation# : 334, overflow# : 334, conflict# : 402, node#: 22436
## CPU time: 0:1:58, REAL time: 0:1:59
 iter = 180/9, route#: 436, violation# : 336, overflow# : 336, conflict# : 401, node#: 22460
## CPU time: 0:1:59, REAL time: 0:1:59
 iter = 181/10, route#: 438, violation# : 341, overflow# : 341, conflict# : 412, node#: 22475
## CPU time: 0:1:59, REAL time: 0:2:0
 iter = 182/5, route#: 485, violation# : 460, overflow# : 460, conflict# : 470, node#: 22137
## CPU time: 0:2:0, REAL time: 0:2:1
 iter = 183/6, route#: 508, violation# : 385, overflow# : 385, conflict# : 436, node#: 22263
## CPU time: 0:2:1, REAL time: 0:2:1
 iter = 184/7, route#: 464, violation# : 345, overflow# : 345, conflict# : 415, node#: 22340
## CPU time: 0:2:1, REAL time: 0:2:2
 iter = 185/8, route#: 445, violation# : 333, overflow# : 333, conflict# : 405, node#: 22407
## CPU time: 0:2:2, REAL time: 0:2:2
 iter = 186/9, route#: 429, violation# : 323, overflow# : 323, conflict# : 401, node#: 22415
## CPU time: 0:2:2, REAL time: 0:2:3
 iter = 187/10, route#: 421, violation# : 323, overflow# : 323, conflict# : 402, node#: 22453
## CPU time: 0:2:3, REAL time: 0:2:4
 iter = 188/5, route#: 476, violation# : 418, overflow# : 418, conflict# : 451, node#: 22160
