=== User constraints ===

Clock transfer report:
  Worst  hold:   0.603, with clock ESP_SPI_SCK
  Worst  hold:   0.355, with clock PIN_HSE
  Worst  hold:   0.355, with clock PIN_HSI
  Worst  hold:   0.355, with clock pll_inst|auto_generated|pll1|clk[0]

=== Auto constraints ===

Clock transfer report:
  Worst  hold:   0.615, with clock Internal_generated_clock_macro_inst|core_inst|osc|Q
  Worst  hold:  -0.296, from clock Internal_generated_clock_example_board|ESP32_SPI2_CS_N to Internal_generated_clock_example_board|ESP32_SPI_CS1
  Worst  hold:  -3.867, from clock Internal_generated_clock_example_board|ESP32_SPI2_CS_N to Internal_generated_clock_macro_inst|core_inst|osc|Q
  Worst  hold:   2.595, from clock Internal_generated_clock_example_board|ESP32_SPI2_CS_N to pll_inst|auto_generated|pll1|clk[0]
  Worst  hold:  -3.235, from clock Internal_generated_clock_example_board|ESP32_SPI_CS1 to Internal_generated_clock_macro_inst|core_inst|osc|Q
  Worst  hold:   2.488, from clock Internal_generated_clock_example_board|ESP32_SPI_CS1 to pll_inst|auto_generated|pll1|clk[0]
  Worst  hold:   0.615, from clock Internal_generated_clock_macro_inst|core_inst|osc|Q to pll_inst|auto_generated|pll1|clk[0]

Coverage report
  User constraints covered 7707 connections out of 8591 total, coverage: 89.7%
  Auto constraints covered 8170 connections out of 8591 total, coverage: 95.1%


Hold from ESP32_SPI2_CS_N to clken_ctrl_X59_Y11_N1, clock Internal_generated_clock_example_board|ESP32_SPI2_CS_N to Internal_generated_clock_macro_inst|core_inst|osc|Q, constraint 0.000, skew 6.402, data 2.667
  Slack:  -3.867
    Arrival Time:    2.625
        0.000    0.000   R                         Launch Clock Edge
      Data Path:
        0.000    0.000   RR            example_board|ESP32_SPI2_CS_N =>              ESP32_SPI2_CS_N~input|padio 
        1.309    1.309   RR              ESP32_SPI2_CS_N~input|padio =>            ESP32_SPI2_CS_N~input|combout 
        1.961    0.652   RR            ESP32_SPI2_CS_N~input|combout => macro_inst|core_inst|led1_breathe_level[5]~20|D 
        2.054    0.093   RF macro_inst|core_inst|led1_breathe_level[5]~20|D => macro_inst|core_inst|led1_breathe_level[5]~20|LutOut 
        2.625    0.571   FF macro_inst|core_inst|led1_breathe_level[5]~20|LutOut =>              clken_ctrl_X59_Y11_N1|ClkEn E
    Required Time:   6.492
        0.000    0.000   R                          Latch Clock Edge
      Latch Clock Path:
        0.000    0.000   RR                  example_board|PLL_CLKIN =>                    PLL_CLKIN~input|padio 
        1.309    1.309   RR                    PLL_CLKIN~input|padio =>                  PLL_CLKIN~input|combout 
        1.546    0.237   RR                  PLL_CLKIN~input|combout =>       pll_inst|auto_generated|pll1|clkin 
      Compensation Path:
       -2.390   -3.936   RR       pll_inst|auto_generated|pll1|clkfb =>    pll_inst|auto_generated|pll1|clkfbout 
       -2.390   -0.000   RR    pll_inst|auto_generated|pll1|clkfbout =>       pll_inst|auto_generated|pll1|clkfb 
      Compensation Path End
       -1.410    0.980   RR       pll_inst|auto_generated|pll1|clkin =>     pll_inst|auto_generated|pll1|clkout0 D
       -1.410    0.000   RR     pll_inst|auto_generated|pll1|clkout0 => gclksw_inst|gclk_switch__alta_gclksw|clkin2 D
       -1.008    0.402   RR gclksw_inst|gclk_switch__alta_gclksw|clkin2 => gclksw_inst|gclk_switch__alta_gclksw|clkout 
       -0.895    0.113   RR gclksw_inst|gclk_switch__alta_gclksw|clkout =>            gclksw_inst|gclk_switch|inclk 
       -0.895    0.000   RR            gclksw_inst|gclk_switch|inclk =>           gclksw_inst|gclk_switch|outclk 
        0.656    1.551   RR           gclksw_inst|gclk_switch|outclk =>               clken_ctrl_X50_Y4_N0|ClkIn 
        0.804    0.148   RR               clken_ctrl_X50_Y4_N0|ClkIn =>              clken_ctrl_X50_Y4_N0|ClkOut 
        0.937    0.133   RR              clken_ctrl_X50_Y4_N0|ClkOut =>             macro_inst|core_inst|osc|Clk 
        1.152    0.215   RR             macro_inst|core_inst|osc|Clk =>               macro_inst|core_inst|osc|Q D
        4.851    3.699   RR               macro_inst|core_inst|osc|Q =>   macro_inst|core_inst|osc~clkctrl|inclk D
        4.851    0.000   RR   macro_inst|core_inst|osc~clkctrl|inclk =>  macro_inst|core_inst|osc~clkctrl|outclk 
        6.402    1.551   RR  macro_inst|core_inst|osc~clkctrl|outclk =>              clken_ctrl_X59_Y11_N1|ClkIn 
        6.492    0.090   R                                      Hold

