=== User constraints ===
Fmax report
  User constraint:  40.000MHz, Fmax:  78.740MHz, Clock: ESP_SPI_SCK
  User constraint:   8.000MHz, Fmax: 112.259MHz, Clock: PIN_HSE
  User constraint:  10.000MHz, Fmax: 112.259MHz, Clock: PIN_HSI
  User constraint: 150.000MHz, Fmax: 112.259MHz, Clock: pll_inst|auto_generated|pll1|clk[0]

Clock transfer report:
  Worst setup:  12.300, with clock ESP_SPI_SCK
  Worst setup: 116.092, with clock PIN_HSE
  Worst setup:  91.092, with clock PIN_HSI
  Worst setup:  -2.241, with clock pll_inst|auto_generated|pll1|clk[0]


=== Auto constraints ===
Fmax report
  User constraint:  75.000MHz, Fmax:  68.376MHz, Clock: Internal_generated_clock_macro_inst|core_inst|osc|Q

Clock transfer report:
  Worst setup:  -1.292, with clock Internal_generated_clock_macro_inst|core_inst|osc|Q
  Worst setup: 995.875, from clock Internal_generated_clock_example_board|ESP32_SPI2_CS_N to Internal_generated_clock_example_board|ESP32_SPI_CS1
  Worst setup:   7.506, from clock Internal_generated_clock_example_board|ESP32_SPI2_CS_N to Internal_generated_clock_macro_inst|core_inst|osc|Q
  Worst setup:   1.701, from clock Internal_generated_clock_example_board|ESP32_SPI2_CS_N to pll_inst|auto_generated|pll1|clk[0]
  Worst setup:   6.584, from clock Internal_generated_clock_example_board|ESP32_SPI_CS1 to Internal_generated_clock_macro_inst|core_inst|osc|Q
  Worst setup:   1.673, from clock Internal_generated_clock_example_board|ESP32_SPI_CS1 to pll_inst|auto_generated|pll1|clk[0]
  Worst setup:   5.854, from clock Internal_generated_clock_macro_inst|core_inst|osc|Q to pll_inst|auto_generated|pll1|clk[0]


Coverage report
  User constraints covered 7707 connections out of 8591 total, coverage: 89.7%
  Auto constraints covered 8170 connections out of 8591 total, coverage: 95.1%


Setup from macro_inst|cpld_stream|transfer_length[1] to macro_inst|cpld_stream|cycle_value[8], clock pll_inst|auto_generated|pll1|clk[0], constraint 6.667, skew -0.053, data 8.069
  Slack:  -2.241
    Arrival Time:    8.990
        0.000    0.000   R                         Launch Clock Edge
      Launch Clock Path:
        0.000    0.000   RR                  example_board|PLL_CLKIN =>                    PLL_CLKIN~input|padio 
        1.309    1.309   RR                    PLL_CLKIN~input|padio =>                  PLL_CLKIN~input|combout 
        1.546    0.237   RR                  PLL_CLKIN~input|combout =>       pll_inst|auto_generated|pll1|clkin 
      Compensation Path:
       -2.390   -3.936   RR       pll_inst|auto_generated|pll1|clkfb =>    pll_inst|auto_generated|pll1|clkfbout 
       -2.390   -0.000   RR    pll_inst|auto_generated|pll1|clkfbout =>       pll_inst|auto_generated|pll1|clkfb 
      Compensation Path End
       -1.410    0.980   RR       pll_inst|auto_generated|pll1|clkin =>     pll_inst|auto_generated|pll1|clkout0 D
       -1.410    0.000   RR     pll_inst|auto_generated|pll1|clkout0 => gclksw_inst|gclk_switch__alta_gclksw|clkin2 D
       -1.008    0.402   RR gclksw_inst|gclk_switch__alta_gclksw|clkin2 => gclksw_inst|gclk_switch__alta_gclksw|clkout 
       -0.895    0.113   RR gclksw_inst|gclk_switch__alta_gclksw|clkout =>            gclksw_inst|gclk_switch|inclk 
       -0.895    0.000   RR            gclksw_inst|gclk_switch|inclk =>           gclksw_inst|gclk_switch|outclk 
        0.656    1.551   RR           gclksw_inst|gclk_switch|outclk =>               clken_ctrl_X60_Y7_N0|ClkIn 
        0.804    0.148   RR               clken_ctrl_X60_Y7_N0|ClkIn =>              clken_ctrl_X60_Y7_N0|ClkOut 
        0.937    0.133   RR              clken_ctrl_X60_Y7_N0|ClkOut => macro_inst|cpld_stream|transfer_length[1]|Clk 
      Data Path:
        1.172    0.235   RF macro_inst|cpld_stream|transfer_length[1]|Clk => macro_inst|cpld_stream|transfer_length[1]|Q D
        2.573    1.401   FF macro_inst|cpld_stream|transfer_length[1]|Q =>         macro_inst|cpld_stream|Add28~3|A 
        3.055    0.482   FF         macro_inst|cpld_stream|Add28~3|A =>    macro_inst|cpld_stream|Add28~3|LutOut 
        7.269    4.214   FF    macro_inst|cpld_stream|Add28~3|LutOut =>         macro_inst|cpld_stream|Add28~4|B 
        7.834    0.565   FR         macro_inst|cpld_stream|Add28~4|B =>      macro_inst|cpld_stream|Add28~4|Cout 
        7.834    0.000   RR      macro_inst|cpld_stream|Add28~4|Cout =>       macro_inst|cpld_stream|Add28~7|Cin 
        7.899    0.065   RF       macro_inst|cpld_stream|Add28~7|Cin =>      macro_inst|cpld_stream|Add28~7|Cout 
        7.899    0.000   FF      macro_inst|cpld_stream|Add28~7|Cout =>      macro_inst|cpld_stream|Add28~10|Cin 
        7.965    0.066   FR      macro_inst|cpld_stream|Add28~10|Cin =>     macro_inst|cpld_stream|Add28~10|Cout 
        7.965    0.000   RR     macro_inst|cpld_stream|Add28~10|Cout =>      macro_inst|cpld_stream|Add28~13|Cin 
        8.030    0.065   RF      macro_inst|cpld_stream|Add28~13|Cin =>     macro_inst|cpld_stream|Add28~13|Cout 
        8.030    0.000   FF     macro_inst|cpld_stream|Add28~13|Cout =>      macro_inst|cpld_stream|Add28~16|Cin 
        8.096    0.066   FR      macro_inst|cpld_stream|Add28~16|Cin =>     macro_inst|cpld_stream|Add28~16|Cout 
        8.096    0.000   RR     macro_inst|cpld_stream|Add28~16|Cout =>      macro_inst|cpld_stream|Add28~19|Cin 
        8.161    0.065   RF      macro_inst|cpld_stream|Add28~19|Cin =>     macro_inst|cpld_stream|Add28~19|Cout 
        8.161    0.000   FF     macro_inst|cpld_stream|Add28~19|Cout =>      macro_inst|cpld_stream|Add28~22|Cin 
        8.227    0.066   FR      macro_inst|cpld_stream|Add28~22|Cin =>     macro_inst|cpld_stream|Add28~22|Cout 
        8.227    0.000   RR     macro_inst|cpld_stream|Add28~22|Cout =>      macro_inst|cpld_stream|Add28~25|Cin 
        8.607    0.380   RF      macro_inst|cpld_stream|Add28~25|Cin =>   macro_inst|cpld_stream|Add28~25|LutOut 
        8.990    0.383   FF   macro_inst|cpld_stream|Add28~25|LutOut =>  macro_inst|cpld_stream|cycle_value[8]|A E
    Required Time:   6.749
        6.667    6.667   R                          Latch Clock Edge
      Latch Clock Path:
        6.667    0.000   RR                  example_board|PLL_CLKIN =>                    PLL_CLKIN~input|padio 
        7.976    1.309   RR                    PLL_CLKIN~input|padio =>                  PLL_CLKIN~input|combout 
        8.203    0.227   RR                  PLL_CLKIN~input|combout =>       pll_inst|auto_generated|pll1|clkin 
      Compensation Path:
        4.267   -3.936   RR       pll_inst|auto_generated|pll1|clkfb =>    pll_inst|auto_generated|pll1|clkfbout 
        4.267   -0.000   RR    pll_inst|auto_generated|pll1|clkfbout =>       pll_inst|auto_generated|pll1|clkfb 
      Compensation Path End
        5.247    0.980   RR       pll_inst|auto_generated|pll1|clkin =>     pll_inst|auto_generated|pll1|clkout0 D
        5.247    0.000   RR     pll_inst|auto_generated|pll1|clkout0 => gclksw_inst|gclk_switch__alta_gclksw|clkin2 D
        5.649    0.402   RR gclksw_inst|gclk_switch__alta_gclksw|clkin2 => gclksw_inst|gclk_switch__alta_gclksw|clkout 
        5.762    0.113   RR gclksw_inst|gclk_switch__alta_gclksw|clkout =>            gclksw_inst|gclk_switch|inclk 
        5.762    0.000   RR            gclksw_inst|gclk_switch|inclk =>           gclksw_inst|gclk_switch|outclk 
        7.272    1.510   RR           gclksw_inst|gclk_switch|outclk =>               clken_ctrl_X52_Y3_N0|ClkIn 
        7.420    0.148   RR               clken_ctrl_X52_Y3_N0|ClkIn =>              clken_ctrl_X52_Y3_N0|ClkOut 
        7.551    0.131   RR              clken_ctrl_X52_Y3_N0|ClkOut => macro_inst|cpld_stream|cycle_value[8]|Clk 
        6.739   -0.812   R                                     Setup
        6.749    0.010                               Clock Variation

