=== User constraints ===

Clock transfer report:
  Worst  hold:   0.603, with clock ESP_SPI_SCK
  Worst  hold:   0.323, with clock PIN_HSE
  Worst  hold:   0.323, with clock PIN_HSI
  Worst  hold:   0.323, with clock pll_inst|auto_generated|pll1|clk[0]

=== Auto constraints ===

Clock transfer report:
  Worst  hold:   0.615, with clock Internal_generated_clock_macro_inst|core_inst|osc|Q
  Worst  hold:   0.024, from clock Internal_generated_clock_example_board|ESP32_SPI2_CS_N to Internal_generated_clock_example_board|ESP32_SPI_CS1
  Worst  hold:  -2.505, from clock Internal_generated_clock_example_board|ESP32_SPI2_CS_N to Internal_generated_clock_macro_inst|core_inst|osc|Q
  Worst  hold:   2.142, from clock Internal_generated_clock_example_board|ESP32_SPI2_CS_N to pll_inst|auto_generated|pll1|clk[0]
  Worst  hold:  -2.521, from clock Internal_generated_clock_example_board|ESP32_SPI_CS1 to Internal_generated_clock_macro_inst|core_inst|osc|Q
  Worst  hold:   2.478, from clock Internal_generated_clock_example_board|ESP32_SPI_CS1 to pll_inst|auto_generated|pll1|clk[0]
  Worst  hold:   0.615, from clock Internal_generated_clock_macro_inst|core_inst|osc|Q to pll_inst|auto_generated|pll1|clk[0]

Coverage report
  User constraints covered 7655 connections out of 8540 total, coverage: 89.6%
  Auto constraints covered 8118 connections out of 8540 total, coverage: 95.1%


Hold from ESP32_SPI_CS1 to macro_inst|core_inst|led_idle_ready, clock Internal_generated_clock_example_board|ESP32_SPI_CS1 to Internal_generated_clock_macro_inst|core_inst|osc|Q, constraint 0.000, skew 6.345, data 3.640
  Slack:  -2.521
    Arrival Time:    3.373
        0.000    0.000   R                         Launch Clock Edge
      Data Path:
        0.000    0.000   RR              example_board|ESP32_SPI_CS1 =>                ESP32_SPI_CS1~input|padio 
        1.309    1.309   RR                ESP32_SPI_CS1~input|padio =>              ESP32_SPI_CS1~input|combout 
        2.633    1.324   RR              ESP32_SPI_CS1~input|combout =>  macro_inst|core_inst|led_idle_ready~2|A 
        3.030    0.397   RF  macro_inst|core_inst|led_idle_ready~2|A => macro_inst|core_inst|led_idle_ready~2|LutOut 
        3.373    0.343   FF macro_inst|core_inst|led_idle_ready~2|LutOut =>    macro_inst|core_inst|led_idle_ready|C E
    Required Time:   5.894
        0.000    0.000   R                          Latch Clock Edge
      Latch Clock Path:
        0.000    0.000   RR                  example_board|PLL_CLKIN =>                    PLL_CLKIN~input|padio 
        1.309    1.309   RR                    PLL_CLKIN~input|padio =>                  PLL_CLKIN~input|combout 
        1.546    0.237   RR                  PLL_CLKIN~input|combout =>       pll_inst|auto_generated|pll1|clkin 
      Compensation Path:
       -2.390   -3.936   RR       pll_inst|auto_generated|pll1|clkfb =>    pll_inst|auto_generated|pll1|clkfbout 
       -2.390   -0.000   RR    pll_inst|auto_generated|pll1|clkfbout =>       pll_inst|auto_generated|pll1|clkfb 
      Compensation Path End
       -1.410    0.980   RR       pll_inst|auto_generated|pll1|clkin =>     pll_inst|auto_generated|pll1|clkout0 D
       -1.410    0.000   RR     pll_inst|auto_generated|pll1|clkout0 => gclksw_inst|gclk_switch__alta_gclksw|clkin2 D
       -1.008    0.402   RR gclksw_inst|gclk_switch__alta_gclksw|clkin2 => gclksw_inst|gclk_switch__alta_gclksw|clkout 
       -0.895    0.113   RR gclksw_inst|gclk_switch__alta_gclksw|clkout =>            gclksw_inst|gclk_switch|inclk 
       -0.895    0.000   RR            gclksw_inst|gclk_switch|inclk =>           gclksw_inst|gclk_switch|outclk 
        0.656    1.551   RR           gclksw_inst|gclk_switch|outclk =>               clken_ctrl_X50_Y1_N0|ClkIn 
        0.804    0.148   RR               clken_ctrl_X50_Y1_N0|ClkIn =>              clken_ctrl_X50_Y1_N0|ClkOut 
        0.937    0.133   RR              clken_ctrl_X50_Y1_N0|ClkOut =>             macro_inst|core_inst|osc|Clk 
        1.152    0.215   RR             macro_inst|core_inst|osc|Clk =>               macro_inst|core_inst|osc|Q D
        4.513    3.361   RR               macro_inst|core_inst|osc|Q =>   macro_inst|core_inst|osc~clkctrl|inclk D
        4.513    0.000   RR   macro_inst|core_inst|osc~clkctrl|inclk =>  macro_inst|core_inst|osc~clkctrl|outclk 
        6.064    1.551   RR  macro_inst|core_inst|osc~clkctrl|outclk =>               clken_ctrl_X46_Y2_N0|ClkIn 
        6.212    0.148   RR               clken_ctrl_X46_Y2_N0|ClkIn =>              clken_ctrl_X46_Y2_N0|ClkOut 
        6.345    0.133   RR              clken_ctrl_X46_Y2_N0|ClkOut =>  macro_inst|core_inst|led_idle_ready|Clk 
        5.894   -0.451   R                                      Hold

