=== User constraints ===
Fmax report
  User constraint:  40.000MHz, Fmax:  80.828MHz, Clock: ESP_SPI_SCK
  User constraint:   8.000MHz, Fmax: 120.178MHz, Clock: PIN_HSE
  User constraint:  10.000MHz, Fmax: 120.178MHz, Clock: PIN_HSI
  User constraint: 150.000MHz, Fmax: 120.178MHz, Clock: pll_inst|auto_generated|pll1|clk[0]

Clock transfer report:
  Worst setup:   6.314, with clock ESP_SPI_SCK
  Worst setup: 116.679, with clock PIN_HSE
  Worst setup:  91.679, with clock PIN_HSI
  Worst setup:  -1.654, with clock pll_inst|auto_generated|pll1|clk[0]


=== Auto constraints ===
Fmax report
  User constraint:  75.000MHz, Fmax: 128.502MHz, Clock: Internal_generated_clock_macro_inst|core_inst|osc|Q

Clock transfer report:
  Worst setup:   5.551, with clock Internal_generated_clock_macro_inst|core_inst|osc|Q
  Worst setup: 994.790, from clock Internal_generated_clock_example_board|ESP32_SPI2_CS_N to Internal_generated_clock_example_board|ESP32_SPI_CS1
  Worst setup:  13.677, from clock Internal_generated_clock_example_board|ESP32_SPI2_CS_N to Internal_generated_clock_macro_inst|core_inst|osc|Q
  Worst setup:   2.235, from clock Internal_generated_clock_example_board|ESP32_SPI2_CS_N to pll_inst|auto_generated|pll1|clk[0]
  Worst setup:  13.835, from clock Internal_generated_clock_example_board|ESP32_SPI_CS1 to Internal_generated_clock_macro_inst|core_inst|osc|Q
  Worst setup:   1.851, from clock Internal_generated_clock_example_board|ESP32_SPI_CS1 to pll_inst|auto_generated|pll1|clk[0]
  Worst setup:   5.854, from clock Internal_generated_clock_macro_inst|core_inst|osc|Q to pll_inst|auto_generated|pll1|clk[0]


Coverage report
  User constraints covered 7655 connections out of 8540 total, coverage: 89.6%
  Auto constraints covered 8118 connections out of 8540 total, coverage: 95.1%


Setup from macro_inst|cpld_stream|receive_remaining[10] to clken_ctrl_X59_Y8_N0, clock pll_inst|auto_generated|pll1|clk[0], constraint 6.667, skew -0.332, data 7.600
  Slack:  -1.654
    Arrival Time:    8.846
        0.000    0.000   R                         Launch Clock Edge
      Launch Clock Path:
        0.000    0.000   RR                  example_board|PLL_CLKIN =>                    PLL_CLKIN~input|padio 
        1.309    1.309   RR                    PLL_CLKIN~input|padio =>                  PLL_CLKIN~input|combout 
        1.546    0.237   RR                  PLL_CLKIN~input|combout =>       pll_inst|auto_generated|pll1|clkin 
      Compensation Path:
       -2.390   -3.936   RR       pll_inst|auto_generated|pll1|clkfb =>    pll_inst|auto_generated|pll1|clkfbout 
       -2.390   -0.000   RR    pll_inst|auto_generated|pll1|clkfbout =>       pll_inst|auto_generated|pll1|clkfb 
      Compensation Path End
       -1.410    0.980   RR       pll_inst|auto_generated|pll1|clkin =>     pll_inst|auto_generated|pll1|clkout0 D
       -1.410    0.000   RR     pll_inst|auto_generated|pll1|clkout0 => gclksw_inst|gclk_switch__alta_gclksw|clkin2 D
       -1.008    0.402   RR gclksw_inst|gclk_switch__alta_gclksw|clkin2 => gclksw_inst|gclk_switch__alta_gclksw|clkout 
       -0.895    0.113   RR gclksw_inst|gclk_switch__alta_gclksw|clkout =>            gclksw_inst|gclk_switch|inclk 
       -0.895    0.000   RR            gclksw_inst|gclk_switch|inclk =>           gclksw_inst|gclk_switch|outclk 
        0.656    1.551   RR           gclksw_inst|gclk_switch|outclk =>               clken_ctrl_X60_Y7_N0|ClkIn 
        0.804    0.148   RR               clken_ctrl_X60_Y7_N0|ClkIn =>              clken_ctrl_X60_Y7_N0|ClkOut 
        0.937    0.133   RR              clken_ctrl_X60_Y7_N0|ClkOut => macro_inst|cpld_stream|receive_remaining[10]|Clk 
      Data Path:
        1.172    0.235   RF macro_inst|cpld_stream|receive_remaining[10]|Clk => macro_inst|cpld_stream|receive_remaining[10]|Q D
        2.530    1.358   FF macro_inst|cpld_stream|receive_remaining[10]|Q =>       macro_inst|cpld_stream|Equal16~5|D 
        2.634    0.104   FR       macro_inst|cpld_stream|Equal16~5|D =>  macro_inst|cpld_stream|Equal16~5|LutOut 
        3.042    0.408   RR  macro_inst|cpld_stream|Equal16~5|LutOut =>       macro_inst|cpld_stream|Equal16~8|B 
        3.561    0.519   RR       macro_inst|cpld_stream|Equal16~8|B =>  macro_inst|cpld_stream|Equal16~8|LutOut 
        3.962    0.401   RR  macro_inst|cpld_stream|Equal16~8|LutOut =>      macro_inst|cpld_stream|always13~8|A 
        4.359    0.397   RF      macro_inst|cpld_stream|always13~8|A => macro_inst|cpld_stream|always13~8|LutOut 
        5.397    1.038   FF macro_inst|cpld_stream|always13~8|LutOut =>     macro_inst|cpld_stream|always13~24|D 
        5.505    0.108   FF     macro_inst|cpld_stream|always13~24|D => macro_inst|cpld_stream|always13~24|LutOut 
        5.890    0.385   FF macro_inst|cpld_stream|always13~24|LutOut =>    macro_inst|cpld_stream|Selector73~0|D 
        5.998    0.108   FF    macro_inst|cpld_stream|Selector73~0|D => macro_inst|cpld_stream|Selector73~0|LutOut 
        7.093    1.095   FF macro_inst|cpld_stream|Selector73~0|LutOut =>    macro_inst|cpld_stream|cycle_read~0|D 
        7.201    0.108   FF    macro_inst|cpld_stream|cycle_read~0|D => macro_inst|cpld_stream|cycle_read~0|LutOut 
        8.846    1.645   FF macro_inst|cpld_stream|cycle_read~0|LutOut =>               clken_ctrl_X59_Y8_N0|ClkEn E
    Required Time:   7.192
        6.667    6.667   R                          Latch Clock Edge
      Latch Clock Path:
        6.667    0.000   RR                  example_board|PLL_CLKIN =>                    PLL_CLKIN~input|padio 
        7.976    1.309   RR                    PLL_CLKIN~input|padio =>                  PLL_CLKIN~input|combout 
        8.203    0.227   RR                  PLL_CLKIN~input|combout =>       pll_inst|auto_generated|pll1|clkin 
      Compensation Path:
        4.267   -3.936   RR       pll_inst|auto_generated|pll1|clkfb =>    pll_inst|auto_generated|pll1|clkfbout 
        4.267   -0.000   RR    pll_inst|auto_generated|pll1|clkfbout =>       pll_inst|auto_generated|pll1|clkfb 
      Compensation Path End
        5.247    0.980   RR       pll_inst|auto_generated|pll1|clkin =>     pll_inst|auto_generated|pll1|clkout0 D
        5.247    0.000   RR     pll_inst|auto_generated|pll1|clkout0 => gclksw_inst|gclk_switch__alta_gclksw|clkin2 D
        5.649    0.402   RR gclksw_inst|gclk_switch__alta_gclksw|clkin2 => gclksw_inst|gclk_switch__alta_gclksw|clkout 
        5.762    0.113   RR gclksw_inst|gclk_switch__alta_gclksw|clkout =>            gclksw_inst|gclk_switch|inclk 
        5.762    0.000   RR            gclksw_inst|gclk_switch|inclk =>           gclksw_inst|gclk_switch|outclk 
        7.272    1.510   RR           gclksw_inst|gclk_switch|outclk =>               clken_ctrl_X59_Y8_N0|ClkIn 
        7.182   -0.090   R                                     Setup
        7.192    0.010                               Clock Variation

