2026-09-10 08:39:54  (69332) burner_web: bacon idle timeout reached, cartridge power rails off
2026-09-10 08:39:54 I (210255) mcu_debug: SWD DP IDCODE=0x2ba01477
2026-09-10 08:39:54 I (210256) mcu_debug: SWD DP status after ABORT=0xf0000041
2026-09-10 08:39:54 I (210258) mcu_debug: SWD DP CTRL/STAT=0xf0000041
2026-09-10 08:39:54 I (210260) mcu_debug: SWD AP IDR=0x1fff0011 CSW=0x23000042
2026-09-10 08:39:54 I (210265) mcu_debug: DMI DMSTATUS before halt=0x000f0ca2
2026-09-10 08:39:54 I (408972) burner_web: MCU SPI init: host=1 cs0=21 cs1=1 clk=47 miso=48 mosi=45 freq=40000000Hz
2026-09-10 08:39:54 I (408974) burner_web: MCU SPI CS idle readback: cs0=1 cs1=1
2026-09-10 08:39:54 I (408977) burner_web: MCU SPI ready: actual=40000000Hz dma_scratch_tx=16384 dma_scratch_rw=16384
2026-09-10 08:39:54 I (408985) ag32_program: batch result=ESP_OK records=3 programmed=106776 verified=106776
2026-09-10 08:39:54 I (469434) burner_web: bacon idle timeout reached, cartridge power rails off
2026-09-10 08:39:54 I (505772) ag32_mcu_link: MCU protocol v1 capabilities=0x0000007e
2026-09-10 08:39:54 
2026-09-10 08:39:54 @mori {"event":"ag32_ping","ok":true,"error":"ESP_OK","used_mcu":true,"preference":"mcu","active":"mcu","capabilities":126,"protocol_version":1,"max_payload":8192,"ag32_clock_hz":150000000,"identity":827671373}
2026-09-10 08:39:55 I (506104) mcu_debug: SWD DP IDCODE=0x2ba01477
2026-09-10 08:39:55 I (506106) mcu_debug: SWD DP status after ABORT=0xf0000041
2026-09-10 08:39:55 I (506107) mcu_debug: SWD DP CTRL/STAT=0xf0000041
2026-09-10 08:39:55 I (506109) mcu_debug: SWD AP IDR=0x1fff0011 CSW=0x23000042
2026-09-10 08:39:55 I (506114) mcu_debug: DMI DMSTATUS before halt=0x000f0ca2
2026-09-10 08:39:55 I (506221) burner_web: MCU SPI init: host=1 cs0=21 cs1=1 clk=47 miso=48 mosi=45 freq=40000000Hz
2026-09-10 08:39:55 I (506223) burner_web: MCU SPI CS idle readback: cs0=1 cs1=1
2026-09-10 08:39:55 I (506226) burner_web: MCU SPI ready: actual=40000000Hz dma_scratch_tx=16384 dma_scratch_rw=16384
2026-09-10 08:39:55 
2026-09-10 08:39:55 @mori {"event":"ag32_regs","ok":true,"error":"ESP_OK","status":"ok","dp_idcode":731911287,"device_id":1075838977,"registers":["0x00000840","0x20002234","0x00000808","0x00000000","0x20004254","0x0000000d","0x3155434d"],"request_words":["0x32514741","0x00000101","0x00000003","0x00000000","0x00000010","0x00000064","0x00000000","0x80407480","0x00000000","0x00000000","0x00000000","0x00000000"],"response_words":["0x00000000","0x32524741","0x00010001","0x00000003","0x00000010","0x0000007e","0x329290b2","0x00000000","0x7dfdc3ed","0x00000001","0x00002000","0x08f0d180"]}
2026-09-10 08:40:06 I (516907) ag32_mcu_link: MCU protocol v1 capabilities=0x0000007e
2026-09-10 08:40:06 
2026-09-10 08:40:06 @mori {"event":"ag32_test","ok":true,"error":"ESP_OK","passes":100,"bytes_each_direction":131590,"elapsed_ms":461.36}
2026-09-10 08:41:19 
2026-09-10 08:41:19 @mori {"event":"ready","message":"Mori serial debug v1; type help"}
2026-09-10 08:41:19 I (1280) pm: Frequency switching config: CPU_MAX: 160, APB_MAX: 80, APB_MIN: 80, Light sleep: DISABLED
2026-09-10 08:41:19 I (1289) power_manager: CPU DFS enabled: idle=80MHz max=160MHz light_sleep=off
2026-09-10 08:41:19 I (1296) main: timezone configured: CST-8
2026-09-10 08:41:19 I (1300) main: boot step: mount assets
2026-09-10 08:41:19 I (1395) assets: mounted /assets: total=1438481 used=763291
2026-09-10 08:41:19 I (1396) main: boot step: mount sdcard
2026-09-10 08:41:19 I (1444) SDCARD: SD card mounted
2026-09-10 08:41:19 I (1445) SDCARD: Total: 59638MB
2026-09-10 08:41:19 W (1608) main: repaired legacy lang_zh_cn.ini
2026-09-10 08:41:19 I (3418) burner_web: burn config loaded: erase=smart write_path=psram recipe=chis psram_mb=auto mbc5_chunk=16 dump_chunk=64 voltage=3v3 settle=100ms cores=cpu1/cpu1/cpu1 ag32_link=mcu
2026-09-10 08:41:19 I (3424) main: GBX cache auto rebuild disabled; update manually from system menu
2026-09-10 08:41:19 I (3436) main: UI language=1 (zh)
2026-09-10 08:41:19 I (3443) main: boot step: init i2c peripherals
2026-09-10 08:41:19 W (3444) i2c.master: Please check pull-up resistances whether be connected properly. Otherwise unexpected behavior would happen. For more detailed information, please read docs
2026-09-10 08:41:19 I (3455) mori_i2c: I2C bus ready. SDA=18, SCL=8, freq=100000
2026-09-10 08:41:19 I (3462) axp209: AXP209 ready at 0x34, charge current fixed to 500mA
2026-09-10 08:41:19 I (3465) power_manager: detected AXP209 at 0x34
2026-09-10 08:41:19 I (3469) main: AXP209 power manager ready at 0x34
2026-09-10 08:41:19 I (3474) tca9555: TCA9555 ready at 0x20
2026-09-10 08:41:19 I (3482) main: tca9555.ini apply=0, skip register apply
2026-09-10 08:41:19 I (3485) main: TCA9555@0x20 input=0xFFFF cfg=0xEFFF
2026-09-10 08:41:19 I (3488) tca9555: IRQ enabled on GPIO 17
2026-09-10 08:41:19 I (3491) main: boot step: init usb msc manager
2026-09-10 08:41:19 I (3495) usb_msc_tf: USB MSC manager ready (default: disabled)
2026-09-10 08:41:19 I (3501) main: USB MSC manager ready, pass-through default is disabled
2026-09-10 08:41:19 I (3507) main: boot step: init nvs
2026-09-10 08:41:19 I (3538) main: boot step: init mcu debug
2026-09-10 08:41:19 I (3539) main: boot step: init lvgl/display
2026-09-10 08:41:19 I (3782) lcd_display: LCD init done (ST7789, 320x240, rot=270), pins CLK=6 MOSI=4 CS=5 DC=13 BK=14, bk_pwm=1
2026-09-10 08:41:19 I (3783) lvgl_port: draw_buf1 allocated in internal DMA (12800 bytes)
2026-09-10 08:41:19 I (3787) lvgl_port: using single LVGL draw buffer (20 
2026-09-10 08:41:19 @mori {"event":"status","version":"v2.32-91-g490b25e-dirty","uptime_ms":52315,"internal_free":101987,"internal_largest":31744,"psram_free":7557308,"burn_running":false,"patch_running":false,"cancel_requested":false,"phase":"","detail":"","offset":0,"total":0,"passes":0,"read_bytes":0,"read_ms":0,"elapsed_ms":0,"result":0,"ag32_link":"mcu","ag32_link_active":"unknown","ag32_capabilities":0,"ag32_capabilities_known":false}
