2026-09-10 08:41:55 
2026-09-10 08:41:55 @mori {"event":"ready","message":"Mori serial debug v1; type help"}
2026-09-10 08:41:55 I (1280) pm: Frequency switching config: CPU_MAX: 160, APB_MAX: 80, APB_MIN: 80, Light sleep: DISABLED
2026-09-10 08:41:55 I (1289) power_manager: CPU DFS enabled: idle=80MHz max=160MHz light_sleep=off
2026-09-10 08:41:55 I (1296) main: timezone configured: CST-8
2026-09-10 08:41:55 I (1300) main: boot step: mount assets
2026-09-10 08:41:55 I (1395) assets: mounted /assets: total=1438481 used=763291
2026-09-10 08:41:55 I (1396) main: boot step: mount sdcard
2026-09-10 08:41:55 I (1444) SDCARD: SD card mounted
2026-09-10 08:41:55 I (1444) SDCARD: Total: 59638MB
2026-09-10 08:41:55 W (1606) main: repaired legacy lang_zh_cn.ini
2026-09-10 08:41:55 I (3416) burner_web: burn config loaded: erase=smart write_path=psram recipe=chis psram_mb=auto mbc5_chunk=16 dump_chunk=64 voltage=3v3 settle=100ms cores=cpu1/cpu1/cpu1 ag32_link=mcu
2026-09-10 08:41:55 I (3422) main: GBX cache auto rebuild disabled; update manually from system menu
2026-09-10 08:41:55 I (3433) main: UI language=1 (zh)
2026-09-10 08:41:55 I (3441) main: boot step: init i2c peripherals
2026-09-10 08:41:55 W (3442) i2c.master: Please check pull-up resistances whether be connected properly. Otherwise unexpected behavior would happen. For more detailed information, please read docs
2026-09-10 08:41:55 I (3452) mori_i2c: I2C bus ready. SDA=18, SCL=8, freq=100000
2026-09-10 08:41:55 I (3460) axp209: AXP209 ready at 0x34, charge current fixed to 500mA
2026-09-10 08:41:55 I (3463) power_manager: detected AXP209 at 0x34
2026-09-10 08:41:55 I (3467) main: AXP209 power manager ready at 0x34
2026-09-10 08:41:55 I (3472) tca9555: TCA9555 ready at 0x20
2026-09-10 08:41:55 I (3480) main: tca9555.ini apply=0, skip register apply
2026-09-10 08:41:55 I (3482) main: TCA9555@0x20 input=0xFFFF cfg=0xEFFF
2026-09-10 08:41:55 I (3485) tca9555: IRQ enabled on GPIO 17
2026-09-10 08:41:55 I (3488) main: boot step: init usb msc manager
2026-09-10 08:41:55 I (3492) usb_msc_tf: USB MSC manager ready (default: disabled)
2026-09-10 08:41:55 I (3498) main: USB MSC manager ready, pass-through default is disabled
2026-09-10 08:41:55 I (3504) main: boot step: init nvs
2026-09-10 08:41:55 I (3535) main: boot step: init mcu debug
2026-09-10 08:41:55 I (3536) main: boot step: init lvgl/display
2026-09-10 08:41:55 I (3780) lcd_display: LCD init done (ST7789, 320x240, rot=270), pins CLK=6 MOSI=4 CS=5 DC=13 BK=14, bk_pwm=1
2026-09-10 08:41:55 I (3781) lvgl_port: draw_buf1 allocated in internal DMA (12800 bytes)
2026-09-10 08:42:06 I (3785) lvgl_port: using single LVGL draw buffer (20 I (44904) burner_web: MCU SPI init: host=1 cs0=21 cs1=1 clk=47 miso=48 mosi=45 freq=40000000Hz
2026-09-10 08:42:06 I (44906) burner_web: MCU SPI CS idle readback: cs0=1 cs1=1
2026-09-10 08:42:06 I (44909) burner_web: MCU SPI ready: actual=40000000Hz dma_scratch_tx=16384 dma_scratch_rw=16384
2026-09-10 08:42:06 I (45117) burner_web: GBA D0/D1 swap detection starting...
2026-09-10 08:42:06 I (45118) burner_web: D0/D1 swap detection: entering CFI mode (word addr 0x055)
2026-09-10 08:42:06 I (45121) ag32_mcu_link: MCU protocol v1 capabilities=0x0000007e
2026-09-10 08:42:06 I (45129) burner_web: D0/D1 swap detection: CFI 'QRY' detected (normal, low-byte lane) [010]=0051 [011]=0052 [012]=0059
2026-09-10 08:42:06 I (45137) burner_web: GBA D0/D1 swap detection: NORMAL (no swap), lane=low
2026-09-10 08:42:06 I (45142) burner_web: GBA ReadID trace begin t=43924189us
2026-09-10 08:42:06 I (45150) burner_web: GBA ReadID trace write addr=0x555 data=0x00AA dt=7761us (0.007761s)
2026-09-10 08:42:06 I (45156) burner_web: GBA ReadID trace write addr=0x2AA data=0x0055 dt=5912us (0.005912s)
2026-09-10 08:42:06 I (45164) burner_web: GBA ReadID trace write addr=0x555 data=0x0090 dt=8080us (0.008080s)
2026-09-10 08:42:06 I (45172) burner_web: GBA ReadID trace read addr=0x000 data=0x0001 dt=7935us (0.007935s)
2026-09-10 08:42:06 I (45180) burner_web: GBA ReadID trace read addr=0x001 data=0x227E dt=8044us (0.008044s)
2026-09-10 08:42:06 I (45188) burner_web: GBA ReadID trace read addr=0x00E data=0x2228 dt=7981us (0.007981s)
2026-09-10 08:42:06 I (45196) burner_web: GBA ReadID trace read addr=0x00F data=0x2201 dt=8017us (0.008017s)
2026-09-10 08:42:06 I (45203) burner_web: GBA ReadID trace write addr=0x000 data=0x00F0 dt=7450us (0.007450s)
2026-09-10 08:42:06 I (45210) burner_web: GBA ReadID trace end status=ESP_OK total=68175us (0.068175s)
2026-09-10 08:42:06 I (45222) burner_web: GBA word-address probe @40000000Hz try=1 id=01 00 7E 22 28 22 01 22 (candidate-id)
2026-09-10 08:42:06 I (45227) burner_web: GBA Intel ReadID trace begin t=44009072us
2026-09-10 08:42:06 I (45233) burner_web: GBA Intel ReadID trace write addr=0x000 data=0x0050 dt=5855us (0.005855s)
2026-09-10 08:42:06 I (45242) burner_web: GBA Intel ReadID trace write addr=0x000 data=0x00FF dt=8990us (0.008990s)
2026-09-10 08:42:06 I (45251) burner_web: GBA Intel ReadID trace write addr=0x000 data=0x0090 dt=8994us (0.008994s)
2026-09-10 08:42:06 I (45259) burner_web: GBA Intel ReadID trace read addr=0x000 data=0x002E dt=8003us (0.008003s)
2026-09-10 08:42:06 I (45267) burner_web: GBA Intel ReadID trace read addr=0x001 data=0xEA00 dt=7991us (0.007991s)
2026-09-10 08:42:06 I (45276) burner_web: GBA Intel ReadID trace read addr=0x00E data=0x52A3 dt=9013us (0.009013s)
2026-09-10 08:42:06 I (45284) burner_web: GBA Intel ReadID trace read addr=0x00F data=0x19BE dt=7985us (0.007985s)
2026-09-10 08:42:06 I (45293) burner_web: GBA Intel ReadID trace write addr=0x000 data=0x0050 dt=8998us (0.008998s)
2026-09-10 08:42:06 I (45300) burner_web: GBA Intel ReadID trace write addr=0x000 data=0x00FF dt=7194us (0.007194s)
2026-09-10 08:42:06 I (45308) burner_web: GBA Intel ReadID trace end status=ESP_OK total=81001us (0.081001s)
2026-09-10 08:42:06 I (45316) burner_web: GBA intel-id probe @40000000Hz try=1 id=2E 00 00 EA A3 52 BE 19 (candidate-id)
2026-09-10 08:42:06 I (45432) burner_web: GBA raw ID method scan summary @40000000Hz try=1: candidates=0 best=AMD standard
2026-09-10 08:42:06 I (45457) burner_web: GBA profile match @40000000Hz try=1: chip=S29GL01GP/GS profile=AGB:AMD:555/2AA:AA/55 cmdset=amd method=AMD standard
2026-09-10 08:42:06 I (45464) burner_web: GBA auto probe @40000000Hz try=1 id=01 00 7E 22 28 22 01 22 (candidate-id)
2026-09-10 08:42:06 I (45468) burner_web: GBA CFI ok in word-address mode @40000000Hz try=1: chip=S29GL01GP/GS profile=AGB:AMD:555/2AA:AA/55 flash=134217728 sector=131072 geom=uniform largest=131072 regions=1 buf=512 cmdset=amd lane=low primary=0x0002
2026-09-10 08:42:06 I (45788) burner_web: GBA D0/D1 swap detection starting...
2026-09-10 08:42:06 I (45789) burner_web: D0/D1 swap detection: entering CFI mode (word addr 0x055)
2026-09-10 08:42:06 I (45795) burner_web: D0/D1 swap detection: CFI 'QRY' detected (normal, low-byte lane) [010]=0051 [011]=0052 [012]=0059
2026-09-10 08:42:06 I (45803) burner_web: GBA D0/D1 swap detection: NORMAL (no swap), lane=low
2026-09-10 08:42:06 I (45807) burner_web: GBA ReadID trace begin t=44589421us
2026-09-10 08:42:06 I (45814) burner_web: GBA ReadID trace write addr=0x555 data=0x00AA dt=6511us (0.006511s)
2026-09-10 08:42:06 I (45822) burner_web: GBA ReadID trace write addr=0x2AA data=0x0055 dt=8017us (0.008017s)
2026-09-10 08:42:06 I (45830) burner_web: GBA ReadID trace write addr=0x555 data=0x0090 dt=7957us (0.007957s)
2026-09-10 08:42:06 I (45838) burner_web: GBA ReadID trace read addr=0x000 data=0x0001 dt=8017us (0.008017s)
2026-09-10 08:42:06 I (45845) burner_web: GBA ReadID trace read addr=0x001 data=0x227E dt=6980us (0.006980s)
2026-09-10 08:42:06 I (45853) burner_web: GBA ReadID trace read addr=0x00E data=0x2228 dt=8013us (0.008013s)
2026-09-10 08:42:06 I (45861) burner_web: GBA ReadID trace read addr=0x00F data=0x2201 dt=7986us (0.007986s)
2026-09-10 08:42:06 I (45869) burner_web: GBA ReadID trace write addr=0x000 data=0x00F0 dt=8022us (0.008022s)
2026-09-10 08:42:06 I (45875) burner_web: GBA ReadID trace end status=ESP_OK total=68098us (0.068098s)
2026-09-10 08:42:06 I (45887) burner_web: GBA word-address probe @40000000Hz try=1 id=01 00 7E 22 28 22 01 22 (candidate-id)
2026-09-10 08:42:06 I (45892) burner_web: GBA Intel ReadID trace begin t=44674227us
2026-09-10 08:42:06 I (45898) burner_web: GBA Intel ReadID trace write addr=0x000 data=0x0050 dt=5832us (0.005832s)
2026-09-10 08:42:06 I (45907) burner_web: GBA Intel ReadID trace write addr=0x000 data=0x00FF dt=8851us (0.008851s)
2026-09-10 08:42:06 I (45916) burner_web: GBA Intel ReadID trace write addr=0x000 data=0x0090 dt=9039us (0.009039s)
2026-09-10 08:42:07 I (45924) burner_web: GBA Intel ReadID trace read addr=0x000 data=0x002E dt=7962us (0.007962s)
2026-09-10 08:42:07 I (45932) burner_web: GBA Intel ReadID trace read addr=0x001 data=0xEA00 dt=8033us (0.008033s)
2026-09-10 08:42:07 I (45941) burner_web: GBA Intel ReadID trace read addr=0x00E data=0x52A3 dt=8932us (0.008932s)
2026-09-10 08:42:07 I (45949) burner_web: GBA Intel ReadID trace read addr=0x00F data=0x19BE dt=8039us (0.008039s)
2026-09-10 08:42:07 I (45958) burner_web: GBA Intel ReadID trace write addr=0x000 data=0x0050 dt=8985us (0.008985s)
2026-09-10 08:42:07 I (45965) burner_web: GBA Intel ReadID trace write addr=0x000 data=0x00FF dt=6865us (0.006865s)
2026-09-10 08:42:07 I (45973) burner_web: GBA Intel ReadID trace end status=ESP_OK total=80939us (0.080939s)
2026-09-10 08:42:07 I (45981) burner_web: GBA intel-id probe @40000000Hz try=1 id=2E 00 00 EA A3 52 BE 19 (candidate-id)
2026-09-10 08:42:07 I (46088) burner_web: GBA raw ID method scan summary @40000000Hz try=1: candidates=0 best=AMD standard
2026-09-10 08:42:07 I (46113) burner_web: GBA profile match @40000000Hz try=1: chip=S29GL01GP/GS profile=AGB:AMD:555/2AA:AA/55 cmdset=amd method=AMD standard
2026-09-10 08:42:07 I (46121) burner_web: GBA auto probe @40000000Hz try=1 id=01 00 7E 22 28 22 01 22 (candidate-id)
2026-09-10 08:42:07 I (46126) burner_web: GBA CFI ok in word-address mode @40000000Hz try=1: chip=S29GL01GP/GS profile=AGB:AMD:555/2AA:AA/55 flash=134217728 sector=131072 geom=uniform largest=131072 regions=1 buf=512 cmdset=amd lane=low primary=0x0002
2026-09-10 08:42:07 I (46144) burner_web: GBA AMD Bacon compatibility: keep flash size 134217728, use 32MB banked writes
2026-09-10 08:42:07 I (46153) burner_web: GBA AMD runtime commands: standard AMD source=AMD standard
2026-09-10 08:42:07 I (46160) burner_web: GBA prepared: chip=S29GL01GP/GS profile=AGB:AMD:555/2AA:AA/55 flash=134217728 sector=131072 geom=uniform largest=131072 regions=1 buf=512 prog_buf=512 cfi=ok nor=amd cmd=word-address low-lane id=01 00 7E 22 28 22 01 22
2026-09-10 08:42:07 I (46181) burner_web: GBA mapping: Bacon AMD 32MB-bank bank=32MB force_multi=0 range=0x00000000-0x07FFFFFF
2026-09-10 08:42:07 Guru Meditation Error: Core  1 panic'ed (LoadProhibited). Exception was unhandled.
2026-09-10 08:42:07 
2026-09-10 08:42:07 Core  1 register dump:
2026-09-10 08:42:07 PC      : 0x4038343a  PS      : 0x00060033  A0      : 0x80383eb1  A1      : 0x3fcbbfd0  
2026-09-10 08:42:07 A2      : 0xa5a5a5a5  A3      : 0xa5a5a5a5  A4      : 0x00000000  A5      : 0x00060023  
2026-09-10 08:42:07 A6      : 0x00000001  A7      : 0x00000000  A8      : 0x00000002  A9      : 0x00000004  
2026-09-10 08:42:07 A10     : 0x3fcdfe10  A11     : 0x00000000  A12     : 0x00000001  A13     : 0x3fcb1854  
2026-09-10 08:42:07 A14     : 0x00000000  A15     : 0x00000001  SAR     : 0x0000000e  EXCCAUSE: 0x0000001c  
2026-09-10 08:42:07 EXCVADDR: 0x00000044  LBEG    : 0x00000000  LEND    : 0x00000000  LCOUNT  : 0x00000000  
2026-09-10 08:42:07 
2026-09-10 08:42:07 
2026-09-10 08:42:07 Backtrace: 0x40383437:0x3fcbbfd0 0x40383eae:0x3fcbbff0 0x40382638:0x3fcbc010 0x4038262e:0x3fca1740 0x01fffffc:0x00000000 |<-CORRUPTED
2026-09-10 08:42:07 
2026-09-10 08:42:07 
2026-09-10 08:42:07 
2026-09-10 08:42:07 
2026-09-10 08:42:07 ELF file SHA256: 864963493
2026-09-10 08:42:07 
2026-09-10 08:42:07 Rebooting...
2026-09-10 08:42:07 ESP-ROM:esp32s3-20210327
2026-09-10 08:42:07 Build:Mar 27 2021
2026-09-10 08:42:07 rst:0xc (RTC_SW_CPU_RST),boot:0x8 (SPI_FAST_FLASH_BOOT)
2026-09-10 08:42:07 Saved PC:0x40381f5d
2026-09-10 08:42:07 SPIWP:0xee
2026-09-10 08:42:07 mode:DIO, clock div:1
2026-09-10 08:42:07 load:0x3fce2820,len:0x158c
2026-09-10 08:42:07 load:0x403c8700,len:0xd24
2026-09-10 08:42:07 load:0x403cb700,len:0x2f34
2026-09-10 08:42:07 entry 0x403c8924
2026-09-10 08:42:07 I (24) boot: ESP-IDF v5.5.1 2nd stage bootloader
2026-09-10 08:42:07 I (24) boot: compile time Jun 16 2026 21:55:18
2026-09-10 08:42:07 I (24) boot: Multicore bootloader
2026-09-10 08:42:07 I (25) boot: chip revision: v0.2
2026-09-10 08:42:07 I (27) boot: efuse block revision: v1.4
2026-09-10 08:42:07 I (31) boot.esp32s3: Boot SPI Speed : 80MHz
2026-09-10 08:42:07 I (34) boot.esp32s3: SPI Mode       : DIO
2026-09-10 08:42:07 I (38) boot.esp32s3: SPI Flash Size : 16MB
2026-09-10 08:42:07 I (42) boot: Enabling RNG early entropy source...
2026-09-10 08:42:07 I (47) boot: Partition Table:
2026-09-10 08:42:07 I (49) boot: ## Label            Usage          Type ST Offset   Length
2026-09-10 08:42:07 I (55) boot:  0 nvs              WiFi data        01 02 00009000 00006000
2026-09-10 08:42:07 I (62) boot:  1 otadata          OTA data         01 00 0000f000 00002000
2026-09-10 08:42:07 I (68) boot:  2 phy_init         RF data          01 01 00011000 00001000
2026-09-10 08:42:07 I (75) boot:  3 factory          factory app      00 00 00020000 00800000
2026-09-10 08:42:07 I (81) boot:  4 assets           Unknown data     01 82 00820000 00180000
2026-09-10 08:42:07 I (88) boot:  5 launcher         OTA app          00 10 009a0000 00140000
2026-09-10 08:42:07 I (95) boot:  6 retro-core       OTA app          00 11 00ae0000 00140000
2026-09-10 08:42:07 I (101) boot:  7 gwenesis         OTA app          00 12 00c20000 00140000
2026-09-10 08:42:07 I (108) boot:  8 prboom-go        OTA app          00 13 00d60000 00140000
2026-09-10 08:42:07 I (114) boot:  9 fmsx             OTA app          00 14 00ea0000 00140000
2026-09-10 08:42:07 I (121) boot: End of partition table
2026-09-10 08:42:07 I (124) boot: Defaulting to factory image
2026-09-10 08:42:07 I (128) esp_image: segment 0: paddr=00020020 vaddr=3c1d0020 size=bb5b0h (767408) map
2026-09-10 08:42:07 I (271) esp_image: segment 1: paddr=000db5d8 vaddr=3fca1600 size=04a40h ( 19008) load
2026-09-10 08:42:07 I (276) esp_image: segment 2: paddr=000e0020 vaddr=42000020 size=1c022ch (1835564) map
2026-09-10 08:42:07 I (601) esp_image: segment 3: paddr=002a0254 vaddr=3fca6040 size=0b3f0h ( 46064) load
2026-09-10 08:42:07 I (610) esp_image: segment 4: paddr=002ab64c vaddr=40374000 size=1d5b0h (120240) load
2026-09-10 08:42:07 I (637) esp_image: segment 5: paddr=002c8c04 vaddr=50000000 size=00020h (    32) load
2026-09-10 08:42:07 I (651) boot: Loaded app from partition at offset 0x20000
2026-09-10 08:42:07 I (651) boot: Disabling RNG early entropy source...
2026-09-10 08:42:07 I (661) octal_psram: vendor id    : 0x0d (AP)
2026-09-10 08:42:07 I (661) octal_psram: dev id       : 0x02 (generation 3)
2026-09-10 08:42:07 I (662) octal_psram: density      : 0x03 (64 Mbit)
2026-09-10 08:42:07 I (664) octal_psram: good-die     : 0x01 (Pass)
2026-09-10 08:42:07 I (668) octal_psram: Latency      : 0x01 (Fixed)
2026-09-10 08:42:07 I (672) octal_psram: VCC          : 0x01 (3V)
2026-09-10 08:42:08 I (676) octal_psram: SRF          : 0x01 (Fast Refresh)
2026-09-10 08:42:08 I (681) octal_psram: BurstType    : 0x01 (Hybrid Wrap)
2026-09-10 08:42:08 I (686) octal_psram: BurstLen     : 0x01 (32 Byte)
2026-09-10 08:42:08 I (691) octal_psram: Readlatency  : 0x02 (10 cycles@Fixed)
2026-09-10 08:42:08 I (696) octal_psram: DriveStrength: 0x00 (1/1)
2026-09-10 08:42:08 I (701) MSPI Timing: PSRAM timing tuning index: 5
2026-09-10 08:42:08 I (704) esp_psram: Found 8MB PSRAM device
2026-09-10 08:42:08 I (708) esp_psram: Speed: 80MHz
2026-09-10 08:42:08 I (711) cpu_start: Multicore app
2026-09-10 08:42:08 I (1147) esp_psram: SPI SRAM memory test OK
2026-09-10 08:42:08 I (1159) cpu_start: Pro cpu start user code
2026-09-10 08:42:08 I (1159) cpu_start: cpu freq: 160000000 Hz
2026-09-10 08:42:08 I (1159) app_init: Application information:
2026-09-10 08:42:08 I (1159) app_init: Project name:     moriburnner
2026-09-10 08:42:08 I (1163) app_init: App version:      v2.32-91-g490b25e-dirty
2026-09-10 08:42:08 I (1169) app_init: Compile time:     Sep 10 2026 08:19:29
2026-09-10 08:42:08 I (1174) app_init: ELF file SHA256:  864963493...
2026-09-10 08:42:08 I (1178) app_init: ESP-IDF:          v5.5.1
2026-09-10 08:42:08 I (1182) efuse_init: Min chip rev:     v0.0
2026-09-10 08:42:08 I (1186) efuse_init: Max chip rev:     v0.99 
2026-09-10 08:42:08 I (1190) efuse_init: Chip rev:         v0.2
2026-09-10 08:42:08 I (1194) heap_init: Initializing. RAM available for dynamic allocation:
2026-09-10 08:42:08 I (1201) heap_init: At 3FCB7A38 len 00031CD8 (199 KiB): RAM
2026-09-10 08:42:08 I (1206) heap_init: At 3FCE9710 len 00005724 (21 KiB): RAM
2026-09-10 08:42:08 I (1211) heap_init: At 3FCF0000 len 00008000 (32 KiB): DRAM
2026-09-10 08:42:08 I (1216) heap_init: At 600FE000 len 00001FE8 (7 KiB): RTCRAM
2026-09-10 08:42:08 I (1222) esp_psram: Adding pool of 8079K of PSRAM memory to heap allocator
2026-09-10 08:42:08 I (1229) spi_flash: detected chip: generic
2026-09-10 08:42:08 I (1232) spi_flash: flash io: dio
2026-09-10 08:42:08 I (1236) sleep_gpio: Configure to isolate all GPIO pins in sleep state
2026-09-10 08:42:08 I (1242) sleep_gpio: Enable automatic switching of GPIO sleep configuration
2026-09-10 08:42:08 I (1260) main_task: Started on CPU0
2026-09-10 08:42:08 I (1261) esp_psram: Reserving pool of 32K of internal memory for DMA/internal allocations
2026-09-10 08:42:08 I (1262) main_task: Calling app_main()
2026-09-10 08:42:08 I (1264) main: boot start, reset_reason=panic (4)
2026-09-10 08:42:08 
2026-09-10 08:42:08 @mori {"event":"ready","message":"Mori serial debug v1; type help"}
2026-09-10 08:42:08 I (1276) pm: Frequency switching config: CPU_MAX: 160, APB_MAX: 80, APB_MIN: 80, Light sleep: DISABLED
2026-09-10 08:42:08 I (1285) power_manager: CPU DFS enabled: idle=80MHz max=160MHz light_sleep=off
2026-09-10 08:42:08 I (1292) main: timezone configured: CST-8
2026-09-10 08:42:08 I (1295) main: boot step: mount assets
2026-09-10 08:42:08 I (1391) assets: mounted /assets: total=1438481 used=763291
2026-09-10 08:42:08 I (1392) main: boot step: mount sdcard
2026-09-10 08:42:08 I (1440) SDCARD: SD card mounted
2026-09-10 08:42:08 I (1441) SDCARD: Total: 59638MB
2026-09-10 08:42:09 W (1602) main: repaired legacy lang_zh_cn.ini
2026-09-10 08:42:10 I (3413) burner_web: burn config loaded: erase=smart write_path=psram recipe=chis psram_mb=auto mbc5_chunk=16 dump_chunk=64 voltage=3v3 settle=100ms cores=cpu1/cpu1/cpu1 ag32_link=mcu
2026-09-10 08:42:10 I (3419) main: GBX cache auto rebuild disabled; update manually from system menu
2026-09-10 08:42:10 I (3430) main: UI language=1 (zh)
2026-09-10 08:42:10 I (3438) main: boot step: init i2c peripherals
2026-09-10 08:42:10 W (3439) i2c.master: Please check pull-up resistances whether be connected properly. Otherwise unexpected behavior would happen. For more detailed information, please read docs
2026-09-10 08:42:10 I (3449) mori_i2c: I2C bus ready. SDA=18, SCL=8, freq=100000
2026-09-10 08:42:10 I (3457) axp209: AXP209 ready at 0x34, charge current fixed to 500mA
2026-09-10 08:42:10 I (3460) power_manager: detected AXP209 at 0x34
2026-09-10 08:42:10 I (3464) main: AXP209 power manager ready at 0x34
2026-09-10 08:42:10 I (3469) tca9555: TCA9555 ready at 0x20
2026-09-10 08:42:10 I (3477) main: tca9555.ini apply=0, skip register apply
2026-09-10 08:42:10 I (3479) main: TCA9555@0x20 input=0xFFFF cfg=0xEFFF
2026-09-10 08:42:10 I (3482) tca9555: IRQ enabled on GPIO 17
2026-09-10 08:42:10 I (3485) main: boot step: init usb msc manager
2026-09-10 08:42:10 I (3489) usb_msc_tf: USB MSC manager ready (default: disabled)
2026-09-10 08:42:10 I (3495) main: USB MSC manager ready, pass-through default is disabled
2026-09-10 08:42:10 I (3501) main: boot step: init nvs
2026-09-10 08:42:10 I (3532) main: boot step: init mcu debug
2026-09-10 08:42:10 I (3533) main: boot step: init lvgl/display
2026-09-10 08:42:11 I (3777) lcd_display: LCD init done (ST7789, 320x240, rot=270), pins CLK=6 MOSI=4 CS=5 DC=13 BK=14, bk_pwm=1
2026-09-10 08:42:11 I (3779) lvgl_port: draw_buf1 allocated in internal DMA (12800 bytes)
2026-09-10 08:42:11 I (3783) lvgl_port: using single LVGL draw buffer (20 lines)
2026-09-10 08:42:11 I (3788) lvgl_port: LVGL PSRAM heap pool added (1/4, 49152 bytes)
2026-09-10 08:42:11 I (3794) lvgl_port: LVGL PSRAM heap pool added (2/4, 49152 bytes)
2026-09-10 08:42:11 I (3800) lvgl_port: LVGL PSRAM heap pool added (3/4, 49152 bytes)
2026-09-10 08:42:11 I (3805) lvgl_port: LVGL PSRAM heap pool added (4/4, 49152 bytes)
2026-09-10 08:42:11 I (3821) ui: home launcher items=5 apps=2
2026-09-10 08:42:11 I (3997) ui: Chinese font loaded: /assets/hzk16.bin (261696 bytes)
2026-09-10 08:42:11 I (4002) ui: Astra pixel canvas UI initialized
2026-09-10 08:42:11 I (4008) lvgl_port: LVGL started on 320x240 core=0
2026-09-10 08:42:11 I (4022) main: boot step: init wifi manager
2026-09-10 08:42:11 I (4028) pp: pp rom version: e7ae62f
2026-09-10 08:42:11 I (4033) net80211: net80211 rom version: e7ae62f
2026-09-10 08:42:11 I (4062) phy_init: phy_version 701,f4f1da3a,Mar  3 2025,15:50:10
2026-09-10 08:42:11 I (4116) wifi_manager: Found saved Wi-Fi config, connecting...
2026-09-10 08:42:11 W (4123) wifi:Password length matches WPA2 standards, authmode threshold changes from OPEN to WPA2
2026-09-10 08:42:11 I (4298) wifi_manager: STA connected to AP
2026-09-10 08:42:12 I (5307) wifi_manager: STA got IP: 192.168.1.134
2026-09-10 08:42:12 I (5309) wifi_manager: Wi-Fi connected
2026-09-10 08:42:12 I (5314) main: NTP started, server=ntp.aliyun.com interval=21600000ms
2026-09-10 08:42:12 I (5338) burner_web: Burner web portal started. Open http://<esp-ip>/
2026-09-10 08:42:12 I (5340) wifi_manager: Connected with saved Wi-Fi profile
2026-09-10 08:42:12 I (5341) main_task: Returned from app_main()
2026-09-10 08:42:12 I (5407) main: NTP sync completed (local): 2026-09-10 08:42:12
