2026-09-10 16:01:06 
2026-09-10 16:01:06 @mori {"event":"patch_started","message":"patch and save new ROM"}
2026-09-10 16:01:08 
2026-09-10 16:01:08 @mori {"event":"status","version":"v2.32-98-ge10b510-dirty","uptime_ms":3413901,"internal_free":58619,"internal_largest":31744,"psram_free":7490800,"burn_running":false,"patch_running":true,"cancel_requested":false,"phase":"sram_identifier","detail":"all save types (one pass)","offset":8159232,"total":33554432,"passes":2,"read_bytes":8159232,"read_ms":996,"elapsed_ms":2036,"result":0,"ag32_link":"cpld","ag32_link_active":"cpld","ag32_capabilities":0,"ag32_capabilities_known":false}
2026-09-10 16:01:10 
2026-09-10 16:01:10 @mori {"event":"status","version":"v2.32-98-ge10b510-dirty","uptime_ms":3415940,"internal_free":58619,"internal_largest":31744,"psram_free":7490800,"burn_running":false,"patch_running":true,"cancel_requested":false,"phase":"sram_identifier","detail":"all save types (one pass)","offset":16187392,"total":33554432,"passes":2,"read_bytes":16187392,"read_ms":1974,"elapsed_ms":4075,"result":0,"ag32_link":"cpld","ag32_link_active":"cpld","ag32_capabilities":0,"ag32_capabilities_known":false}
2026-09-10 16:01:12 
2026-09-10 16:01:12 @mori {"event":"status","version":"v2.32-98-ge10b510-dirty","uptime_ms":3417960,"internal_free":58619,"internal_largest":31744,"psram_free":7490800,"burn_running":false,"patch_running":true,"cancel_requested":false,"phase":"sram_identifier","detail":"all save types (one pass)","offset":25362432,"total":33554432,"passes":2,"read_bytes":25362432,"read_ms":2916,"elapsed_ms":6095,"result":0,"ag32_link":"cpld","ag32_link_active":"cpld","ag32_capabilities":0,"ag32_capabilities_known":false}
2026-09-10 16:01:14 
2026-09-10 16:01:14 @mori {"event":"status","version":"v2.32-98-ge10b510-dirty","uptime_ms":3420002,"internal_free":58619,"internal_largest":31744,"psram_free":7490800,"burn_running":false,"patch_running":true,"cancel_requested":false,"phase":"sram_marker","detail":"CreateFlash512-5","offset":425984,"total":33554432,"passes":7,"read_bytes":36241408,"read_ms":3961,"elapsed_ms":8137,"result":0,"ag32_link":"cpld","ag32_link_active":"cpld","ag32_capabilities":0,"ag32_capabilities_known":false}
2026-09-10 16:01:16 
2026-09-10 16:01:16 @mori {"event":"status","version":"v2.32-98-ge10b510-dirty","uptime_ms":3422045,"internal_free":57659,"internal_largest":31744,"psram_free":7459056,"burn_running":false,"patch_running":true,"cancel_requested":false,"phase":"batteryless_space","detail":"payload and save reserve","offset":13694792,"total":33554432,"passes":8,"read_bytes":41552056,"read_ms":5182,"elapsed_ms":10180,"result":0,"ag32_link":"cpld","ag32_link_active":"cpld","ag32_capabilities":0,"ag32_capabilities_known":false}
2026-09-10 16:01:18 
2026-09-10 16:01:18 @mori {"event":"status","version":"v2.32-98-ge10b510-dirty","uptime_ms":3424078,"internal_free":58175,"internal_largest":31744,"psram_free":7459056,"burn_running":false,"patch_running":true,"cancel_requested":false,"phase":"batteryless_space","detail":"payload and save reserve","offset":1636168,"total":33554432,"passes":8,"read_bytes":44566712,"read_ms":6360,"elapsed_ms":12214,"result":0,"ag32_link":"cpld","ag32_link_active":"cpld","ag32_capabilities":0,"ag32_capabilities_known":false}
2026-09-10 16:01:18 
2026-09-10 16:01:18 @mori {"event":"patch_done","result":262,"error":"batteryless payload and save cannot fit within 32 MiB","elapsed_ms":12265,"save_type":"FLASH512","sram":true,"batteryless":false,"waitcnt_count":0,"output_size":0}
2026-09-10 16:03:15 
2026-09-10 16:03:15 @mori {"event":"patch_started","message":"patch and save new ROM"}
2026-09-10 16:03:17 
2026-09-10 16:03:17 @mori {"event":"status","version":"v2.32-98-ge10b510-dirty","uptime_ms":3542442,"internal_free":58183,"internal_largest":31744,"psram_free":7491824,"burn_running":false,"patch_running":true,"cancel_requested":false,"phase":"waitcnt","detail":"literal references","offset":13631488,"total":33554432,"passes":2,"read_bytes":13673984,"read_ms":1568,"elapsed_ms":2047,"result":0,"ag32_link":"cpld","ag32_link_active":"cpld","ag32_capabilities":0,"ag32_capabilities_known":false}
2026-09-10 16:03:19 
2026-09-10 16:03:19 @mori {"event":"status","version":"v2.32-98-ge10b510-dirty","uptime_ms":3544483,"internal_free":58183,"internal_largest":31744,"psram_free":7491824,"burn_running":false,"patch_running":true,"cancel_requested":false,"phase":"waitcnt","detail":"literal references","offset":30769152,"total":33554432,"passes":2,"read_bytes":30811648,"read_ms":3171,"elapsed_ms":4088,"result":0,"ag32_link":"cpld","ag32_link_active":"cpld","ag32_capabilities":0,"ag32_capabilities_known":false}
2026-09-10 16:03:19 
2026-09-10 16:03:19 @mori {"event":"save_progress","percent":0,"done":0,"total":33554432}
2026-09-10 16:03:21 
2026-09-10 16:03:21 @mori {"event":"status","version":"v2.32-98-ge10b510-dirty","uptime_ms":3546524,"internal_free":57447,"internal_largest":31744,"psram_free":7524596,"burn_running":false,"patch_running":true,"cancel_requested":false,"phase":"saving_rom","detail":"/sdcard/地球冒险3.patched-2.gba","offset":360448,"total":33554432,"passes":3,"read_bytes":34028032,"read_ms":3558,"elapsed_ms":6129,"result":0,"ag32_link":"cpld","ag32_link_active":"cpld","ag32_capabilities":0,"ag32_capabilities_known":false}
2026-09-10 16:03:21 
2026-09-10 16:03:21 @mori {"event":"save_progress","percent":1,"done":360448,"total":33554432}
2026-09-10 16:03:22 
2026-09-10 16:03:22 @mori {"event":"save_progress","percent":2,"done":688128,"total":33554432}
2026-09-10 16:03:22 
2026-09-10 16:03:22 @mori {"event":"save_progress","percent":3,"done":1015808,"total":33554432}
2026-09-10 16:03:23 
2026-09-10 16:03:23 @mori {"event":"status","version":"v2.32-98-ge10b510-dirty","uptime_ms":3548569,"internal_free":57447,"internal_largest":31744,"psram_free":7524596,"burn_running":false,"patch_running":true,"cancel_requested":false,"phase":"saving_rom","detail":"/sdcard/地球冒险3.patched-2.gba","offset":1245184,"total":33554432,"passes":3,"read_bytes":34912768,"read_ms":3717,"elapsed_ms":8174,"result":0,"ag32_link":"cpld","ag32_link_active":"cpld","ag32_capabilities":0,"ag32_capabilities_known":false}
2026-09-10 16:03:23 
2026-09-10 16:03:23 @mori {"event":"save_progress","percent":4,"done":1343488,"total":33554432}
2026-09-10 16:03:24 
2026-09-10 16:03:24 @mori {"event":"save_progress","percent":5,"done":1703936,"total":33554432}
2026-09-10 16:03:25 
2026-09-10 16:03:25 @mori {"event":"status","version":"v2.32-98-ge10b510-dirty","uptime_ms":3550595,"internal_free":57447,"internal_largest":31744,"psram_free":7524596,"burn_running":false,"patch_running":true,"cancel_requested":false,"phase":"saving_rom","detail":"/sdcard/地球冒险3.patched-2.gba","offset":1900544,"total":33554432,"passes":3,"read_bytes":35568128,"read_ms":4045,"elapsed_ms":10200,"result":0,"ag32_link":"cpld","ag32_link_active":"cpld","ag32_capabilities":0,"ag32_capabilities_known":false}
2026-09-10 16:03:25 
2026-09-10 16:03:25 @mori {"event":"save_progress","percent":6,"done":2031616,"total":33554432}
2026-09-10 16:03:26 
2026-09-10 16:03:26 @mori {"event":"save_progress","percent":7,"done":2359296,"total":33554432}
2026-09-10 16:03:27 
2026-09-10 16:03:27 @mori {"event":"status","version":"v2.32-98-ge10b510-dirty","uptime_ms":3552637,"internal_free":57447,"internal_largest":31744,"psram_free":7524596,"burn_running":false,"patch_running":true,"cancel_requested":false,"phase":"saving_rom","detail":"/sdcard/地球冒险3.patched-2.gba","offset":2588672,"total":33554432,"passes":3,"read_bytes":36256256,"read_ms":4406,"elapsed_ms":12242,"result":0,"ag32_link":"cpld","ag32_link_active":"cpld","ag32_capabilities":0,"ag32_capabilities_known":false}
2026-09-10 16:03:27 
2026-09-10 16:03:27 @mori {"event":"save_progress","percent":8,"done":2686976,"total":33554432}
2026-09-10 16:03:28 
2026-09-10 16:03:28 @mori {"event":"save_progress","percent":9,"done":3047424,"total":33554432}
2026-09-10 16:03:29 
2026-09-10 16:03:29 @mori {"event":"status","version":"v2.32-98-ge10b510-dirty","uptime_ms":3554667,"internal_free":57447,"internal_largest":31744,"psram_free":7524596,"burn_running":false,"patch_running":true,"cancel_requested":false,"phase":"saving_rom","detail":"/sdcard/地球冒险3.patched-2.gba","offset":3244032,"total":33554432,"passes":3,"read_bytes":36911616,"read_ms":4873,"elapsed_ms":14272,"result":0,"ag32_link":"cpld","ag32_link_active":"cpld","ag32_capabilities":0,"ag32_capabilities_known":false}
2026-09-10 16:03:29 
2026-09-10 16:03:29 @mori {"event":"save_progress","percent":10,"done":3375104,"total":33554432}
2026-09-10 16:03:31 
2026-09-10 16:03:31 @mori {"event":"save_progress","percent":11,"done":3702784,"total":33554432}
2026-09-10 16:03:31 
2026-09-10 16:03:31 @mori {"event":"status","version":"v2.32-98-ge10b510-dirty","uptime_ms":3556705,"internal_free":57415,"internal_largest":31744,"psram_free":7524596,"burn_running":false,"patch_running":true,"cancel_requested":false,"phase":"saving_rom","detail":"/sdcard/地球冒险3.patched-2.gba","offset":3866624,"total":33554432,"passes":3,"read_bytes":37534208,"read_ms":5433,"elapsed_ms":16310,"result":0,"ag32_link":"cpld","ag32_link_active":"cpld","ag32_capabilities":0,"ag32_capabilities_known":false}
2026-09-10 16:03:32 
2026-09-10 16:03:32 @mori {"event":"save_progress","percent":12,"done":4030464,"total":33554432}
2026-09-10 16:03:33 
2026-09-10 16:03:33 @mori {"event":"save_progress","percent":13,"done":4390912,"total":33554432}
2026-09-10 16:03:33 
2026-09-10 16:03:33 @mori {"event":"status","version":"v2.32-98-ge10b510-dirty","uptime_ms":3558748,"internal_free":57415,"internal_largest":31744,"psram_free":7524596,"burn_running":false,"patch_running":true,"cancel_requested":false,"phase":"saving_rom","detail":"/sdcard/地球冒险3.patched-2.gba","offset":4489216,"total":33554432,"passes":3,"read_bytes":38156800,"read_ms":5921,"elapsed_ms":18353,"result":0,"ag32_link":"cpld","ag32_link_active":"cpld","ag32_capabilities":0,"ag32_capabilities_known":false}
2026-09-10 16:03:34 
2026-09-10 16:03:34 @mori {"event":"save_progress","percent":14,"done":4718592,"total":33554432}
2026-09-10 16:03:34 
2026-09-10 16:03:34 @mori {"event":"save_progress","percent":15,"done":5046272,"total":33554432}
2026-09-10 16:03:35 
2026-09-10 16:03:35 @mori {"event":"status","version":"v2.32-98-ge10b510-dirty","uptime_ms":3560793,"internal_free":57931,"internal_largest":31744,"psram_free":7524596,"burn_running":false,"patch_running":true,"cancel_requested":false,"phase":"saving_rom","detail":"/sdcard/地球冒险3.patched-2.gba","offset":5308416,"total":33554432,"passes":3,"read_bytes":38976000,"read_ms":6101,"elapsed_ms":20398,"result":0,"ag32_link":"cpld","ag32_link_active":"cpld","ag32_capabilities":0,"ag32_capabilities_known":false}
2026-09-10 16:03:35 
2026-09-10 16:03:35 @mori {"event":"save_progress","percent":16,"done":5373952,"total":33554432}
2026-09-10 16:03:37 
2026-09-10 16:03:37 @mori {"event":"save_progress","percent":17,"done":5734400,"total":33554432}
2026-09-10 16:03:37 
2026-09-10 16:03:37 @mori {"event":"status","version":"v2.32-98-ge10b510-dirty","uptime_ms":3562838,"internal_free":57963,"internal_largest":31744,"psram_free":7524596,"burn_running":false,"patch_running":true,"cancel_requested":false,"phase":"saving_rom","detail":"/sdcard/地球冒险3.patched-2.gba","offset":5898240,"total":33554432,"passes":3,"read_bytes":39565824,"read_ms":6690,"elapsed_ms":22444,"result":0,"ag32_link":"cpld","ag32_link_active":"cpld","ag32_capabilities":0,"ag32_capabilities_known":false}
2026-09-10 16:03:38 
2026-09-10 16:03:38 @mori {"event":"save_progress","percent":18,"done":6062080,"total":33554432}
2026-09-10 16:03:39 
2026-09-10 16:03:39 @mori {"event":"save_progress","percent":19,"done":6389760,"total":33554432}
2026-09-10 16:03:39 
2026-09-10 16:03:39 @mori {"event":"status","version":"v2.32-98-ge10b510-dirty","uptime_ms":3564872,"internal_free":57447,"internal_largest":31744,"psram_free":7524596,"burn_running":false,"patch_running":true,"cancel_requested":false,"phase":"saving_rom","detail":"/sdcard/地球冒险3.patched-2.gba","offset":6488064,"total":33554432,"passes":3,"read_bytes":40155648,"read_ms":7248,"elapsed_ms":24478,"result":0,"ag32_link":"cpld","ag32_link_active":"cpld","ag32_capabilities":0,"ag32_capabilities_known":false}
2026-09-10 16:03:40 
2026-09-10 16:03:40 @mori {"event":"save_progress","percent":20,"done":6717440,"total":33554432}
2026-09-10 16:03:41 
2026-09-10 16:03:41 @mori {"event":"status","version":"v2.32-98-ge10b510-dirty","uptime_ms":3566927,"internal_free":57447,"internal_largest":31744,"psram_free":7524596,"burn_running":false,"patch_running":true,"cancel_requested":false,"phase":"saving_rom","detail":"/sdcard/地球冒险3.patched-2.gba","offset":7077888,"total":33554432,"passes":3,"read_bytes":40745472,"read_ms":7847,"elapsed_ms":26532,"result":0,"ag32_link":"cpld","ag32_link_active":"cpld","ag32_capabilities":0,"ag32_capabilities_known":false}
2026-09-10 16:03:41 
2026-09-10 16:03:41 @mori {"event":"save_progress","percent":21,"done":7077888,"total":33554432}
2026-09-10 16:03:42 
2026-09-10 16:03:42 @mori {"event":"save_progress","percent":22,"done":7405568,"total":33554432}
2026-09-10 16:03:43 
2026-09-10 16:03:43 @mori {"event":"save_progress","percent":23,"done":7733248,"total":33554432}
2026-09-10 16:03:43 
2026-09-10 16:03:43 @mori {"event":"status","version":"v2.32-98-ge10b510-dirty","uptime_ms":3568976,"internal_free":57447,"internal_largest":31744,"psram_free":7524596,"burn_running":false,"patch_running":true,"cancel_requested":false,"phase":"saving_rom","detail":"/sdcard/地球冒险3.patched-2.gba","offset":7831552,"total":33554432,"passes":3,"read_bytes":41499136,"read_ms":8253,"elapsed_ms":28581,"result":0,"ag32_link":"cpld","ag32_link_active":"cpld","ag32_capabilities":0,"ag32_capabilities_known":false}
2026-09-10 16:03:45 
2026-09-10 16:03:45 @mori {"event":"save_progress","percent":24,"done":8060928,"total":33554432}
2026-09-10 16:03:45 
2026-09-10 16:03:45 @mori {"event":"status","version":"v2.32-98-ge10b510-dirty","uptime_ms":3571011,"internal_free":57447,"internal_largest":31744,"psram_free":7524596,"burn_running":false,"patch_running":true,"cancel_requested":false,"phase":"saving_rom","detail":"/sdcard/地球冒险3.patched-2.gba","offset":8192000,"total":33554432,"passes":3,"read_bytes":41859584,"read_ms":8530,"elapsed_ms":30616,"result":0,"ag32_link":"cpld","ag32_link_active":"cpld","ag32_capabilities":0,"ag32_capabilities_known":false}
2026-09-10 16:03:47 
2026-09-10 16:03:47 @mori {"event":"save_progress","percent":25,"done":8388608,"total":33554432}
2026-09-10 16:03:47 
2026-09-10 16:03:47 @mori {"event":"status","version":"v2.32-98-ge10b510-dirty","uptime_ms":3573063,"internal_free":57447,"internal_largest":31744,"psram_free":7524596,"burn_running":false,"patch_running":true,"cancel_requested":false,"phase":"saving_rom","detail":"/sdcard/地球冒险3.patched-2.gba","offset":8486912,"total":33554432,"passes":3,"read_bytes":42154496,"read_ms":8761,"elapsed_ms":32668,"result":0,"ag32_link":"cpld","ag32_link_active":"cpld","ag32_capabilities":0,"ag32_capabilities_known":false}
2026-09-10 16:03:49 
2026-09-10 16:03:49 @mori {"event":"save_progress","percent":26,"done":8749056,"total":33554432}
2026-09-10 16:03:50 
2026-09-10 16:03:50 @mori {"event":"status","version":"v2.32-98-ge10b510-dirty","uptime_ms":3575117,"internal_free":57447,"internal_largest":31744,"psram_free":7524596,"burn_running":false,"patch_running":true,"cancel_requested":false,"phase":"saving_rom","detail":"/sdcard/地球冒险3.patched-2.gba","offset":8945664,"total":33554432,"passes":3,"read_bytes":42613248,"read_ms":9264,"elapsed_ms":34722,"result":0,"ag32_link":"cpld","ag32_link_active":"cpld","ag32_capabilities":0,"ag32_capabilities_known":false}
2026-09-10 16:03:50 
2026-09-10 16:03:50 @mori {"event":"save_progress","percent":27,"done":9076736,"total":33554432}
2026-09-10 16:03:51 
2026-09-10 16:03:51 @mori {"event":"save_progress","percent":28,"done":9404416,"total":33554432}
2026-09-10 16:03:52 
2026-09-10 16:03:52 @mori {"event":"status","version":"v2.32-98-ge10b510-dirty","uptime_ms":3577162,"internal_free":57447,"internal_largest":31744,"psram_free":7524596,"burn_running":false,"patch_running":true,"cancel_requested":false,"phase":"saving_rom","detail":"/sdcard/地球冒险3.patched-2.gba","offset":9535488,"total":33554432,"passes":3,"read_bytes":43203072,"read_ms":9842,"elapsed_ms":36767,"result":0,"ag32_link":"cpld","ag32_link_active":"cpld","ag32_capabilities":0,"ag32_capabilities_known":false}
2026-09-10 16:03:52 
2026-09-10 16:03:52 @mori {"event":"save_progress","percent":29,"done":9732096,"total":33554432}
2026-09-10 16:03:53 
2026-09-10 16:03:53 @mori {"event":"save_progress","percent":30,"done":10092544,"total":33554432}
2026-09-10 16:03:54 
2026-09-10 16:03:54 @mori {"event":"status","version":"v2.32-98-ge10b510-dirty","uptime_ms":3579194,"internal_free":57447,"internal_largest":31744,"psram_free":7524596,"burn_running":false,"patch_running":true,"cancel_requested":false,"phase":"saving_rom","detail":"/sdcard/地球冒险3.patched-2.gba","offset":10125312,"total":33554432,"passes":3,"read_bytes":43792896,"read_ms":10479,"elapsed_ms":38799,"result":0,"ag32_link":"cpld","ag32_link_active":"cpld","ag32_capabilities":0,"ag32_capabilities_known":false}
2026-09-10 16:03:55 
2026-09-10 16:03:55 @mori {"event":"save_progress","percent":31,"done":10420224,"total":33554432}
2026-09-10 16:03:56 
2026-09-10 16:03:56 @mori {"event":"status","version":"v2.32-98-ge10b510-dirty","uptime_ms":3581229,"internal_free":57447,"internal_largest":31744,"psram_free":7524596,"burn_running":false,"patch_running":true,"cancel_requested":false,"phase":"saving_rom","detail":"/sdcard/地球冒险3.patched-2.gba","offset":10715136,"total":33554432,"passes":3,"read_bytes":44382720,"read_ms":10971,"elapsed_ms":40834,"result":0,"ag32_link":"cpld","ag32_link_active":"cpld","ag32_capabilities":0,"ag32_capabilities_known":false}
2026-09-10 16:03:56 
2026-09-10 16:03:56 @mori {"event":"save_progress","percent":32,"done":10747904,"total":33554432}
2026-09-10 16:03:57 
2026-09-10 16:03:57 @mori {"event":"save_progress","percent":33,"done":11075584,"total":33554432}
2026-09-10 16:03:58 
2026-09-10 16:03:58 @mori {"event":"status","version":"v2.32-98-ge10b510-dirty","uptime_ms":3583263,"internal_free":57447,"internal_largest":31744,"psram_free":7524596,"burn_running":false,"patch_running":true,"cancel_requested":false,"phase":"saving_rom","detail":"/sdcard/地球冒险3.patched-2.gba","offset":11370496,"total":33554432,"passes":3,"read_bytes":45038080,"read_ms":11349,"elapsed_ms":42868,"result":0,"ag32_link":"cpld","ag32_link_active":"cpld","ag32_capabilities":0,"ag32_capabilities_known":false}
2026-09-10 16:03:58 
2026-09-10 16:03:58 @mori {"event":"save_progress","percent":34,"done":11436032,"total":33554432}
2026-09-10 16:03:59 
2026-09-10 16:03:59 @mori {"event":"save_progress","percent":35,"done":11763712,"total":33554432}
2026-09-10 16:04:00 
2026-09-10 16:04:00 @mori {"event":"status","version":"v2.32-98-ge10b510-dirty","uptime_ms":3585315,"internal_free":57447,"internal_largest":31744,"psram_free":7524596,"burn_running":false,"patch_running":true,"cancel_requested":false,"phase":"saving_rom","detail":"/sdcard/地球冒险3.patched-2.gba","offset":12058624,"total":33554432,"passes":3,"read_bytes":45726208,"read_ms":11924,"elapsed_ms":44920,"result":0,"ag32_link":"cpld","ag32_link_active":"cpld","ag32_capabilities":0,"ag32_capabilities_known":false}
2026-09-10 16:04:00 
2026-09-10 16:04:00 @mori {"event":"save_progress","percent":36,"done":12091392,"total":33554432}
2026-09-10 16:04:01 
2026-09-10 16:04:01 @mori {"event":"save_progress","percent":37,"done":12419072,"total":33554432}
2026-09-10 16:04:02 
2026-09-10 16:04:02 @mori {"event":"status","version":"v2.32-98-ge10b510-dirty","uptime_ms":3587365,"internal_free":57447,"internal_largest":31744,"psram_free":7524596,"burn_running":false,"patch_running":true,"cancel_requested":false,"phase":"saving_rom","detail":"/sdcard/地球冒险3.patched-2.gba","offset":12615680,"total":33554432,"passes":3,"read_bytes":46283264,"read_ms":12517,"elapsed_ms":46970,"result":0,"ag32_link":"cpld","ag32_link_active":"cpld","ag32_capabilities":0,"ag32_capabilities_known":false}
2026-09-10 16:04:02 
2026-09-10 16:04:02 @mori {"event":"save_progress","percent":38,"done":12779520,"total":33554432}
2026-09-10 16:04:04 
2026-09-10 16:04:04 @mori {"event":"save_progress","percent":39,"done":13107200,"total":33554432}
2026-09-10 16:04:04 
2026-09-10 16:04:04 @mori {"event":"status","version":"v2.32-98-ge10b510-dirty","uptime_ms":3589404,"internal_free":57447,"internal_largest":31744,"psram_free":7524596,"burn_running":false,"patch_running":true,"cancel_requested":false,"phase":"saving_rom","detail":"/sdcard/地球冒险3.patched-2.gba","offset":13172736,"total":33554432,"passes":3,"read_bytes":46840320,"read_ms":13020,"elapsed_ms":49009,"result":0,"ag32_link":"cpld","ag32_link_active":"cpld","ag32_capabilities":0,"ag32_capabilities_known":false}
2026-09-10 16:04:05 
2026-09-10 16:04:05 @mori {"event":"save_progress","percent":40,"done":13434880,"total":33554432}
2026-09-10 16:04:06 
2026-09-10 16:04:06 @mori {"event":"status","version":"v2.32-98-ge10b510-dirty","uptime_ms":3591430,"internal_free":57447,"internal_largest":31744,"psram_free":7524596,"burn_running":false,"patch_running":true,"cancel_requested":false,"phase":"saving_rom","detail":"/sdcard/地球冒险3.patched-2.gba","offset":13762560,"total":33554432,"passes":3,"read_bytes":47430144,"read_ms":13567,"elapsed_ms":51035,"result":0,"ag32_link":"cpld","ag32_link_active":"cpld","ag32_capabilities":0,"ag32_capabilities_known":false}
2026-09-10 16:04:06 
2026-09-10 16:04:06 @mori {"event":"save_progress","percent":41,"done":13762560,"total":33554432}
2026-09-10 16:04:07 
2026-09-10 16:04:07 @mori {"event":"save_progress","percent":42,"done":14123008,"total":33554432}
2026-09-10 16:04:08 
2026-09-10 16:04:08 @mori {"event":"status","version":"v2.32-98-ge10b510-dirty","uptime_ms":3593469,"internal_free":57415,"internal_largest":31744,"psram_free":7524596,"burn_running":false,"patch_running":true,"cancel_requested":false,"phase":"saving_rom","detail":"/sdcard/地球冒险3.patched-2.gba","offset":14352384,"total":33554432,"passes":3,"read_bytes":48019968,"read_ms":14142,"elapsed_ms":53074,"result":0,"ag32_link":"cpld","ag32_link_active":"cpld","ag32_capabilities":0,"ag32_capabilities_known":false}
2026-09-10 16:04:08 
2026-09-10 16:04:08 @mori {"event":"save_progress","percent":43,"done":14450688,"total":33554432}
2026-09-10 16:04:09 
2026-09-10 16:04:09 @mori {"event":"save_progress","percent":44,"done":14778368,"total":33554432}
2026-09-10 16:04:10 
2026-09-10 16:04:10 @mori {"event":"status","version":"v2.32-98-ge10b510-dirty","uptime_ms":3595514,"internal_free":57447,"internal_largest":31744,"psram_free":7524596,"burn_running":false,"patch_running":true,"cancel_requested":false,"phase":"saving_rom","detail":"/sdcard/地球冒险3.patched-2.gba","offset":14942208,"total":33554432,"passes":3,"read_bytes":48609792,"read_ms":14625,"elapsed_ms":55119,"result":0,"ag32_link":"cpld","ag32_link_active":"cpld","ag32_capabilities":0,"ag32_capabilities_known":false}
2026-09-10 16:04:11 
2026-09-10 16:04:11 @mori {"event":"save_progress","percent":45,"done":15106048,"total":33554432}
2026-09-10 16:04:12 
2026-09-10 16:04:12 @mori {"event":"save_progress","percent":46,"done":15466496,"total":33554432}
2026-09-10 16:04:12 
2026-09-10 16:04:12 @mori {"event":"status","version":"v2.32-98-ge10b510-dirty","uptime_ms":3597555,"internal_free":57415,"internal_largest":31744,"psram_free":7524596,"burn_running":false,"patch_running":true,"cancel_requested":false,"phase":"saving_rom","detail":"/sdcard/地球冒险3.patched-2.gba","offset":15499264,"total":33554432,"passes":3,"read_bytes":49166848,"read_ms":15065,"elapsed_ms":57160,"result":0,"ag32_link":"cpld","ag32_link_active":"cpld","ag32_capabilities":0,"ag32_capabilities_known":false}
2026-09-10 16:04:13 
2026-09-10 16:04:13 @mori {"event":"save_progress","percent":47,"done":15794176,"total":33554432}
2026-09-10 16:04:14 
2026-09-10 16:04:14 @mori {"event":"status","version":"v2.32-98-ge10b510-dirty","uptime_ms":3599593,"internal_free":57447,"internal_largest":31744,"psram_free":7524596,"burn_running":false,"patch_running":true,"cancel_requested":false,"phase":"saving_rom","detail":"/sdcard/地球冒险3.patched-2.gba","offset":16121856,"total":33554432,"passes":3,"read_bytes":49789440,"read_ms":15552,"elapsed_ms":59198,"result":0,"ag32_link":"cpld","ag32_link_active":"cpld","ag32_capabilities":0,"ag32_capabilities_known":false}
2026-09-10 16:04:14 
2026-09-10 16:04:14 @mori {"event":"save_progress","percent":48,"done":16121856,"total":33554432}
2026-09-10 16:04:15 
2026-09-10 16:04:15 @mori {"event":"save_progress","percent":49,"done":16449536,"total":33554432}
2026-09-10 16:04:16 
2026-09-10 16:04:16 @mori {"event":"status","version":"v2.32-98-ge10b510-dirty","uptime_ms":3601643,"internal_free":57447,"internal_largest":31744,"psram_free":7524596,"burn_running":false,"patch_running":true,"cancel_requested":false,"phase":"saving_rom","detail":"/sdcard/地球冒险3.patched-2.gba","offset":16515072,"total":33554432,"passes":3,"read_bytes":50182656,"read_ms":15892,"elapsed_ms":61248,"result":0,"ag32_link":"cpld","ag32_link_active":"cpld","ag32_capabilities":0,"ag32_capabilities_known":false}
2026-09-10 16:04:18 
2026-09-10 16:04:18 @mori {"event":"save_progress","percent":50,"done":16777216,"total":33554432}
2026-09-10 16:04:18 
2026-09-10 16:04:18 @mori {"event":"status","version":"v2.32-98-ge10b510-dirty","uptime_ms":3603685,"internal_free":57447,"internal_largest":31744,"psram_free":7524596,"burn_running":false,"patch_running":true,"cancel_requested":false,"phase":"saving_rom","detail":"/sdcard/地球冒险3.patched-2.gba","offset":16842752,"total":33554432,"passes":3,"read_bytes":50510336,"read_ms":16189,"elapsed_ms":63290,"result":0,"ag32_link":"cpld","ag32_link_active":"cpld","ag32_capabilities":0,"ag32_capabilities_known":false}
2026-09-10 16:04:20 
2026-09-10 16:04:20 @mori {"event":"save_progress","percent":51,"done":17137664,"total":33554432}
2026-09-10 16:04:20 
2026-09-10 16:04:20 @mori {"event":"status","version":"v2.32-98-ge10b510-dirty","uptime_ms":3605738,"internal_free":57447,"internal_largest":31744,"psram_free":7524596,"burn_running":false,"patch_running":true,"cancel_requested":false,"phase":"saving_rom","detail":"/sdcard/地球冒险3.patched-2.gba","offset":17235968,"total":33554432,"passes":3,"read_bytes":50903552,"read_ms":16595,"elapsed_ms":65343,"result":0,"ag32_link":"cpld","ag32_link_active":"cpld","ag32_capabilities":0,"ag32_capabilities_known":false}
2026-09-10 16:04:21 
2026-09-10 16:04:21 @mori {"event":"save_progress","percent":52,"done":17465344,"total":33554432}
2026-09-10 16:04:22 
2026-09-10 16:04:22 @mori {"event":"save_progress","percent":53,"done":17793024,"total":33554432}
2026-09-10 16:04:22 
2026-09-10 16:04:22 @mori {"event":"status","version":"v2.32-98-ge10b510-dirty","uptime_ms":3607783,"internal_free":57447,"internal_largest":31744,"psram_free":7524596,"burn_running":false,"patch_running":true,"cancel_requested":false,"phase":"saving_rom","detail":"/sdcard/地球冒险3.patched-2.gba","offset":17825792,"total":33554432,"passes":3,"read_bytes":51493376,"read_ms":17124,"elapsed_ms":67388,"result":0,"ag32_link":"cpld","ag32_link_active":"cpld","ag32_capabilities":0,"ag32_capabilities_known":false}
2026-09-10 16:04:23 
2026-09-10 16:04:23 @mori {"event":"save_progress","percent":54,"done":18120704,"total":33554432}
2026-09-10 16:04:24 
2026-09-10 16:04:24 @mori {"event":"status","version":"v2.32-98-ge10b510-dirty","uptime_ms":3609830,"internal_free":57447,"internal_largest":31744,"psram_free":7524596,"burn_running":false,"patch_running":true,"cancel_requested":false,"phase":"saving_rom","detail":"/sdcard/地球冒险3.patched-2.gba","offset":18448384,"total":33554432,"passes":3,"read_bytes":52115968,"read_ms":17639,"elapsed_ms":69435,"result":0,"ag32_link":"cpld","ag32_link_active":"cpld","ag32_capabilities":0,"ag32_capabilities_known":false}
2026-09-10 16:04:24 
2026-09-10 16:04:24 @mori {"event":"save_progress","percent":55,"done":18481152,"total":33554432}
2026-09-10 16:04:25 
2026-09-10 16:04:25 @mori {"event":"save_progress","percent":56,"done":18808832,"total":33554432}
2026-09-10 16:04:26 
2026-09-10 16:04:26 @mori {"event":"status","version":"v2.32-98-ge10b510-dirty","uptime_ms":3611870,"internal_free":57963,"internal_largest":31744,"psram_free":7524596,"burn_running":false,"patch_running":true,"cancel_requested":false,"phase":"saving_rom","detail":"/sdcard/地球冒险3.patched-2.gba","offset":19038208,"total":33554432,"passes":3,"read_bytes":52705792,"read_ms":18092,"elapsed_ms":71475,"result":0,"ag32_link":"cpld","ag32_link_active":"cpld","ag32_capabilities":0,"ag32_capabilities_known":false}
2026-09-10 16:04:26 
2026-09-10 16:04:26 @mori {"event":"save_progress","percent":57,"done":19136512,"total":33554432}
2026-09-10 16:04:28 
2026-09-10 16:04:28 @mori {"event":"save_progress","percent":58,"done":19464192,"total":33554432}
2026-09-10 16:04:28 
2026-09-10 16:04:28 @mori {"event":"status","version":"v2.32-98-ge10b510-dirty","uptime_ms":3613920,"internal_free":57447,"internal_largest":31744,"psram_free":7524596,"burn_running":false,"patch_running":true,"cancel_requested":false,"phase":"saving_rom","detail":"/sdcard/地球冒险3.patched-2.gba","offset":19660800,"total":33554432,"passes":3,"read_bytes":53328384,"read_ms":18551,"elapsed_ms":73525,"result":0,"ag32_link":"cpld","ag32_link_active":"cpld","ag32_capabilities":0,"ag32_capabilities_known":false}
2026-09-10 16:04:29 
2026-09-10 16:04:29 @mori {"event":"save_progress","percent":59,"done":19824640,"total":33554432}
2026-09-10 16:04:30 
2026-09-10 16:04:30 @mori {"event":"save_progress","percent":60,"done":20152320,"total":33554432}
2026-09-10 16:04:30 
2026-09-10 16:04:30 @mori {"event":"status","version":"v2.32-98-ge10b510-dirty","uptime_ms":3615961,"internal_free":57447,"internal_largest":31744,"psram_free":7524596,"burn_running":false,"patch_running":true,"cancel_requested":false,"phase":"saving_rom","detail":"/sdcard/地球冒险3.patched-2.gba","offset":20348928,"total":33554432,"passes":3,"read_bytes":54016512,"read_ms":19014,"elapsed_ms":75566,"result":0,"ag32_link":"cpld","ag32_link_active":"cpld","ag32_capabilities":0,"ag32_capabilities_known":false}
2026-09-10 16:04:31 
2026-09-10 16:04:31 @mori {"event":"save_progress","percent":61,"done":20480000,"total":33554432}
2026-09-10 16:04:32 
2026-09-10 16:04:32 @mori {"event":"save_progress","percent":62,"done":20807680,"total":33554432}
2026-09-10 16:04:32 
2026-09-10 16:04:32 @mori {"event":"status","version":"v2.32-98-ge10b510-dirty","uptime_ms":3617995,"internal_free":57447,"internal_largest":31744,"psram_free":7524596,"burn_running":false,"patch_running":true,"cancel_requested":false,"phase":"saving_rom","detail":"/sdcard/地球冒险3.patched-2.gba","offset":20971520,"total":33554432,"passes":3,"read_bytes":54639104,"read_ms":19506,"elapsed_ms":77600,"result":0,"ag32_link":"cpld","ag32_link_active":"cpld","ag32_capabilities":0,"ag32_capabilities_known":false}
2026-09-10 16:04:33 
2026-09-10 16:04:33 @mori {"event":"save_progress","percent":63,"done":21168128,"total":33554432}
2026-09-10 16:04:34 
2026-09-10 16:04:34 @mori {"event":"save_progress","percent":64,"done":21495808,"total":33554432}
2026-09-10 16:04:34 
2026-09-10 16:04:34 @mori {"event":"status","version":"v2.32-98-ge10b510-dirty","uptime_ms":3620040,"internal_free":57963,"internal_largest":31744,"psram_free":7524596,"burn_running":false,"patch_running":true,"cancel_requested":false,"phase":"saving_rom","detail":"/sdcard/地球冒险3.patched-2.gba","offset":21594112,"total":33554432,"passes":3,"read_bytes":55261696,"read_ms":20036,"elapsed_ms":79645,"result":0,"ag32_link":"cpld","ag32_link_active":"cpld","ag32_capabilities":0,"ag32_capabilities_known":false}
2026-09-10 16:04:35 
2026-09-10 16:04:35 @mori {"event":"save_progress","percent":65,"done":21823488,"total":33554432}
2026-09-10 16:04:36 
2026-09-10 16:04:36 @mori {"event":"save_progress","percent":66,"done":22151168,"total":33554432}
2026-09-10 16:04:36 
2026-09-10 16:04:36 @mori {"event":"status","version":"v2.32-98-ge10b510-dirty","uptime_ms":3622082,"internal_free":57447,"internal_largest":31744,"psram_free":7524596,"burn_running":false,"patch_running":true,"cancel_requested":false,"phase":"saving_rom","detail":"/sdcard/地球冒险3.patched-2.gba","offset":22347776,"total":33554432,"passes":3,"read_bytes":56015360,"read_ms":20415,"elapsed_ms":81687,"result":0,"ag32_link":"cpld","ag32_link_active":"cpld","ag32_capabilities":0,"ag32_capabilities_known":false}
2026-09-10 16:04:37 
2026-09-10 16:04:37 @mori {"event":"save_progress","percent":67,"done":22511616,"total":33554432}
2026-09-10 16:04:38 
2026-09-10 16:04:38 @mori {"event":"save_progress","percent":68,"done":22839296,"total":33554432}
2026-09-10 16:04:39 
2026-09-10 16:04:39 @mori {"event":"status","version":"v2.32-98-ge10b510-dirty","uptime_ms":3624127,"internal_free":57447,"internal_largest":31744,"psram_free":7524596,"burn_running":false,"patch_running":true,"cancel_requested":false,"phase":"saving_rom","detail":"/sdcard/地球冒险3.patched-2.gba","offset":23134208,"total":33554432,"passes":3,"read_bytes":56801792,"read_ms":20651,"elapsed_ms":83732,"result":0,"ag32_link":"cpld","ag32_link_active":"cpld","ag32_capabilities":0,"ag32_capabilities_known":false}
2026-09-10 16:04:39 
2026-09-10 16:04:39 @mori {"event":"save_progress","percent":69,"done":23166976,"total":33554432}
2026-09-10 16:04:40 
2026-09-10 16:04:40 @mori {"event":"save_progress","percent":70,"done":23494656,"total":33554432}
2026-09-10 16:04:41 
2026-09-10 16:04:41 @mori {"event":"status","version":"v2.32-98-ge10b510-dirty","uptime_ms":3626167,"internal_free":57447,"internal_largest":31744,"psram_free":7524596,"burn_running":false,"patch_running":true,"cancel_requested":false,"phase":"saving_rom","detail":"/sdcard/地球冒险3.patched-2.gba","offset":23756800,"total":33554432,"passes":3,"read_bytes":57424384,"read_ms":21093,"elapsed_ms":85772,"result":0,"ag32_link":"cpld","ag32_link_active":"cpld","ag32_capabilities":0,"ag32_capabilities_known":false}
2026-09-10 16:04:41 
2026-09-10 16:04:41 @mori {"event":"save_progress","percent":71,"done":23855104,"total":33554432}
2026-09-10 16:04:42 
2026-09-10 16:04:42 @mori {"event":"save_progress","percent":72,"done":24182784,"total":33554432}
2026-09-10 16:04:43 
2026-09-10 16:04:43 @mori {"event":"status","version":"v2.32-98-ge10b510-dirty","uptime_ms":3628220,"internal_free":57447,"internal_largest":31744,"psram_free":7524596,"burn_running":false,"patch_running":true,"cancel_requested":false,"phase":"saving_rom","detail":"/sdcard/地球冒险3.patched-2.gba","offset":24477696,"total":33554432,"passes":3,"read_bytes":58145280,"read_ms":21447,"elapsed_ms":87825,"result":0,"ag32_link":"cpld","ag32_link_active":"cpld","ag32_capabilities":0,"ag32_capabilities_known":false}
2026-09-10 16:04:43 
2026-09-10 16:04:43 @mori {"event":"save_progress","percent":73,"done":24510464,"total":33554432}
2026-09-10 16:04:44 
2026-09-10 16:04:44 @mori {"event":"save_progress","percent":74,"done":24838144,"total":33554432}
2026-09-10 16:04:45 
2026-09-10 16:04:45 @mori {"event":"status","version":"v2.32-98-ge10b510-dirty","uptime_ms":3630265,"internal_free":57447,"internal_largest":31744,"psram_free":7524596,"burn_running":false,"patch_running":true,"cancel_requested":false,"phase":"saving_rom","detail":"/sdcard/地球冒险3.patched-2.gba","offset":24969216,"total":33554432,"passes":3,"read_bytes":58636800,"read_ms":21606,"elapsed_ms":89870,"result":0,"ag32_link":"cpld","ag32_link_active":"cpld","ag32_capabilities":0,"ag32_capabilities_known":false}
2026-09-10 16:04:46 
2026-09-10 16:04:46 @mori {"event":"save_progress","percent":75,"done":25165824,"total":33554432}
2026-09-10 16:04:47 
2026-09-10 16:04:47 @mori {"event":"status","version":"v2.32-98-ge10b510-dirty","uptime_ms":3632298,"internal_free":57447,"internal_largest":31744,"psram_free":7524596,"burn_running":false,"patch_running":true,"cancel_requested":false,"phase":"saving_rom","detail":"/sdcard/地球冒险3.patched-2.gba","offset":25296896,"total":33554432,"passes":3,"read_bytes":58964480,"read_ms":21891,"elapsed_ms":91903,"result":0,"ag32_link":"cpld","ag32_link_active":"cpld","ag32_capabilities":0,"ag32_capabilities_known":false}
2026-09-10 16:04:48 
2026-09-10 16:04:48 @mori {"event":"save_progress","percent":76,"done":25526272,"total":33554432}
2026-09-10 16:04:49 
2026-09-10 16:04:49 @mori {"event":"status","version":"v2.32-98-ge10b510-dirty","uptime_ms":3634350,"internal_free":57447,"internal_largest":31744,"psram_free":7524596,"burn_running":false,"patch_running":true,"cancel_requested":false,"phase":"saving_rom","detail":"/sdcard/地球冒险3.patched-2.gba","offset":25755648,"total":33554432,"passes":3,"read_bytes":59423232,"read_ms":22317,"elapsed_ms":93955,"result":0,"ag32_link":"cpld","ag32_link_active":"cpld","ag32_capabilities":0,"ag32_capabilities_known":false}
2026-09-10 16:04:49 
2026-09-10 16:04:49 @mori {"event":"save_progress","percent":77,"done":25853952,"total":33554432}
2026-09-10 16:04:50 
2026-09-10 16:04:50 @mori {"event":"save_progress","percent":78,"done":26181632,"total":33554432}
2026-09-10 16:04:51 
2026-09-10 16:04:51 @mori {"event":"status","version":"v2.32-98-ge10b510-dirty","uptime_ms":3636383,"internal_free":57963,"internal_largest":31744,"psram_free":7524596,"burn_running":false,"patch_running":true,"cancel_requested":false,"phase":"saving_rom","detail":"/sdcard/地球冒险3.patched-2.gba","offset":26345472,"total":33554432,"passes":3,"read_bytes":60013056,"read_ms":22826,"elapsed_ms":95988,"result":0,"ag32_link":"cpld","ag32_link_active":"cpld","ag32_capabilities":0,"ag32_capabilities_known":false}
2026-09-10 16:04:51 
2026-09-10 16:04:51 @mori {"event":"save_progress","percent":79,"done":26509312,"total":33554432}
2026-09-10 16:04:52 
2026-09-10 16:04:52 @mori {"event":"save_progress","percent":80,"done":26869760,"total":33554432}
2026-09-10 16:04:53 
2026-09-10 16:04:53 @mori {"event":"status","version":"v2.32-98-ge10b510-dirty","uptime_ms":3638427,"internal_free":57447,"internal_largest":31744,"psram_free":7524596,"burn_running":false,"patch_running":true,"cancel_requested":false,"phase":"saving_rom","detail":"/sdcard/地球冒险3.patched-2.gba","offset":27164672,"total":33554432,"passes":3,"read_bytes":60832256,"read_ms":23190,"elapsed_ms":98033,"result":0,"ag32_link":"cpld","ag32_link_active":"cpld","ag32_capabilities":0,"ag32_capabilities_known":false}
2026-09-10 16:04:53 
2026-09-10 16:04:53 @mori {"event":"save_progress","percent":81,"done":27197440,"total":33554432}
2026-09-10 16:04:54 
2026-09-10 16:04:54 @mori {"event":"save_progress","percent":82,"done":27525120,"total":33554432}
2026-09-10 16:04:54 
2026-09-10 16:04:54 @mori {"event":"save_progress","percent":83,"done":27852800,"total":33554432}
2026-09-10 16:04:55 
2026-09-10 16:04:55 @mori {"event":"status","version":"v2.32-98-ge10b510-dirty","uptime_ms":3640471,"internal_free":57447,"internal_largest":31744,"psram_free":7524596,"burn_running":false,"patch_running":true,"cancel_requested":false,"phase":"saving_rom","detail":"/sdcard/地球冒险3.patched-2.gba","offset":27983872,"total":33554432,"passes":3,"read_bytes":61651456,"read_ms":23425,"elapsed_ms":100076,"result":0,"ag32_link":"cpld","ag32_link_active":"cpld","ag32_capabilities":0,"ag32_capabilities_known":false}
2026-09-10 16:04:55 
2026-09-10 16:04:55 @mori {"event":"save_progress","percent":84,"done":28213248,"total":33554432}
2026-09-10 16:04:56 
2026-09-10 16:04:56 @mori {"event":"save_progress","percent":85,"done":28540928,"total":33554432}
2026-09-10 16:04:57 
2026-09-10 16:04:57 @mori {"event":"status","version":"v2.32-98-ge10b510-dirty","uptime_ms":3642513,"internal_free":57447,"internal_largest":31744,"psram_free":7524596,"burn_running":false,"patch_running":true,"cancel_requested":false,"phase":"saving_rom","detail":"/sdcard/地球冒险3.patched-2.gba","offset":28835840,"total":33554432,"passes":3,"read_bytes":62503424,"read_ms":23617,"elapsed_ms":102118,"result":0,"ag32_link":"cpld","ag32_link_active":"cpld","ag32_capabilities":0,"ag32_capabilities_known":false}
2026-09-10 16:04:57 
2026-09-10 16:04:57 @mori {"event":"save_progress","percent":86,"done":28868608,"total":33554432}
2026-09-10 16:04:58 
2026-09-10 16:04:58 @mori {"event":"save_progress","percent":87,"done":29196288,"total":33554432}
2026-09-10 16:04:59 
2026-09-10 16:04:59 @mori {"event":"save_progress","percent":88,"done":29556736,"total":33554432}
2026-09-10 16:04:59 
2026-09-10 16:04:59 @mori {"event":"status","version":"v2.32-98-ge10b510-dirty","uptime_ms":3644557,"internal_free":57415,"internal_largest":31744,"psram_free":7524596,"burn_running":false,"patch_running":true,"cancel_requested":false,"phase":"saving_rom","detail":"/sdcard/地球冒险3.patched-2.gba","offset":29687808,"total":33554432,"passes":3,"read_bytes":63355392,"read_ms":23862,"elapsed_ms":104162,"result":0,"ag32_link":"cpld","ag32_link_active":"cpld","ag32_capabilities":0,"ag32_capabilities_known":false}
2026-09-10 16:05:00 
2026-09-10 16:05:00 @mori {"event":"save_progress","percent":89,"done":29884416,"total":33554432}
2026-09-10 16:05:01 
2026-09-10 16:05:01 @mori {"event":"save_progress","percent":90,"done":30212096,"total":33554432}
2026-09-10 16:05:01 
2026-09-10 16:05:01 @mori {"event":"status","version":"v2.32-98-ge10b510-dirty","uptime_ms":3646600,"internal_free":57447,"internal_largest":31744,"psram_free":7524596,"burn_running":false,"patch_running":true,"cancel_requested":false,"phase":"saving_rom","detail":"/sdcard/地球冒险3.patched-2.gba","offset":30310400,"total":33554432,"passes":3,"read_bytes":63977984,"read_ms":24274,"elapsed_ms":106205,"result":0,"ag32_link":"cpld","ag32_link_active":"cpld","ag32_capabilities":0,"ag32_capabilities_known":false}
2026-09-10 16:05:02 
2026-09-10 16:05:02 @mori {"event":"save_progress","percent":91,"done":30539776,"total":33554432}
2026-09-10 16:05:02 
2026-09-10 16:05:02 @mori {"event":"save_progress","percent":92,"done":30900224,"total":33554432}
2026-09-10 16:05:03 
2026-09-10 16:05:03 @mori {"event":"status","version":"v2.32-98-ge10b510-dirty","uptime_ms":3648652,"internal_free":57415,"internal_largest":31744,"psram_free":7524596,"burn_running":false,"patch_running":true,"cancel_requested":false,"phase":"saving_rom","detail":"/sdcard/地球冒险3.patched-2.gba","offset":31129600,"total":33554432,"passes":3,"read_bytes":64797184,"read_ms":24522,"elapsed_ms":108257,"result":0,"ag32_link":"cpld","ag32_link_active":"cpld","ag32_capabilities":0,"ag32_capabilities_known":false}
2026-09-10 16:05:03 
2026-09-10 16:05:03 @mori {"event":"save_progress","percent":93,"done":31227904,"total":33554432}
2026-09-10 16:05:04 
2026-09-10 16:05:04 @mori {"event":"save_progress","percent":94,"done":31555584,"total":33554432}
2026-09-10 16:05:05 
2026-09-10 16:05:05 @mori {"event":"save_progress","percent":95,"done":31883264,"total":33554432}
2026-09-10 16:05:05 
2026-09-10 16:05:05 @mori {"event":"status","version":"v2.32-98-ge10b510-dirty","uptime_ms":3650697,"internal_free":57447,"internal_largest":31744,"psram_free":7524596,"burn_running":false,"patch_running":true,"cancel_requested":false,"phase":"saving_rom","detail":"/sdcard/地球冒险3.patched-2.gba","offset":31883264,"total":33554432,"passes":3,"read_bytes":65550848,"read_ms":24846,"elapsed_ms":110302,"result":0,"ag32_link":"cpld","ag32_link_active":"cpld","ag32_capabilities":0,"ag32_capabilities_known":false}
2026-09-10 16:05:06 
2026-09-10 16:05:06 @mori {"event":"save_progress","percent":96,"done":32243712,"total":33554432}
2026-09-10 16:05:07 
2026-09-10 16:05:07 @mori {"event":"status","version":"v2.32-98-ge10b510-dirty","uptime_ms":3652736,"internal_free":57447,"internal_largest":31744,"psram_free":7524596,"burn_running":false,"patch_running":true,"cancel_requested":false,"phase":"saving_rom","detail":"/sdcard/地球冒险3.patched-2.gba","offset":32505856,"total":33554432,"passes":3,"read_bytes":66173440,"read_ms":25241,"elapsed_ms":112341,"result":0,"ag32_link":"cpld","ag32_link_active":"cpld","ag32_capabilities":0,"ag32_capabilities_known":false}
2026-09-10 16:05:07 
2026-09-10 16:05:07 @mori {"event":"save_progress","percent":97,"done":32571392,"total":33554432}
2026-09-10 16:05:08 
2026-09-10 16:05:08 @mori {"event":"save_progress","percent":98,"done":32899072,"total":33554432}
2026-09-10 16:05:09 
2026-09-10 16:05:09 @mori {"event":"status","version":"v2.32-98-ge10b510-dirty","uptime_ms":3654784,"internal_free":57447,"internal_largest":31744,"psram_free":7524596,"burn_running":false,"patch_running":true,"cancel_requested":false,"phase":"saving_rom","detail":"/sdcard/地球冒险3.patched-2.gba","offset":33193984,"total":33554432,"passes":3,"read_bytes":66861568,"read_ms":25459,"elapsed_ms":114389,"result":0,"ag32_link":"cpld","ag32_link_active":"cpld","ag32_capabilities":0,"ag32_capabilities_known":false}
2026-09-10 16:05:09 
2026-09-10 16:05:09 @mori {"event":"save_progress","percent":99,"done":33226752,"total":33554432}
2026-09-10 16:05:11 
2026-09-10 16:05:11 @mori {"event":"status","version":"v2.32-98-ge10b510-dirty","uptime_ms":3656827,"internal_free":57447,"internal_largest":31744,"psram_free":7524596,"burn_running":false,"patch_running":true,"cancel_requested":false,"phase":"saving_rom","detail":"/sdcard/地球冒险3.patched-2.gba","offset":33554432,"total":33554432,"passes":3,"read_bytes":67222016,"read_ms":25560,"elapsed_ms":116432,"result":0,"ag32_link":"cpld","ag32_link_active":"cpld","ag32_capabilities":0,"ag32_capabilities_known":false}
2026-09-10 16:05:11 
2026-09-10 16:05:11 @mori {"event":"save_progress","percent":100,"done":33554432,"total":33554432}
2026-09-10 16:05:11 
2026-09-10 16:05:11 @mori {"event":"patch_done","result":0,"error":"","elapsed_ms":116476,"save_type":"","sram":false,"batteryless":false,"waitcnt_count":14,"output_size":33554432,"output_path":"/sdcard/地球冒险3.patched-2.gba"}
2026-09-10 16:08:33
2026-09-10 16:08:33 @mori {"event":"patch_started","message":"patch and save new ROM"}
2026-09-10 16:08:35
2026-09-10 16:08:35 @mori {"event":"status","version":"v2.32-100-g035abfa-dirty","uptime_ms":96682,"internal_free":57947,"internal_largest":31744,"psram_free":7490740,"burn_running":false,"patch_running":true,"cancel_requested":false,"phase":"sram_identifier","detail":"all save types (one pass)","offset":8454144,"total":9256960,"passes":2,"read_bytes":8454144,"read_ms":924,"elapsed_ms":2036,"result":0,"ag32_link":"cpld","ag32_link_active":"unknown","ag32_capabilities":0,"ag32_capabilities_known":false}
2026-09-10 16:08:37
2026-09-10 16:08:37 @mori {"event":"status","version":"v2.32-100-g035abfa-dirty","uptime_ms":98725,"internal_free":57547,"internal_largest":31744,"psram_free":7456948,"burn_running":false,"patch_running":true,"cancel_requested":false,"phase":"batteryless_irq","detail":"IRQ literals","offset":1638400,"total":9256960,"passes":9,"read_bytes":13322428,"read_ms":2068,"elapsed_ms":4079,"result":0,"ag32_link":"cpld","ag32_link_active":"unknown","ag32_capabilities":0,"ag32_capabilities_known":false}
2026-09-10 16:08:39
2026-09-10 16:08:39 @mori {"event":"status","version":"v2.32-100-g035abfa-dirty","uptime_ms":100757,"internal_free":57547,"internal_largest":31744,"psram_free":7456948,"burn_running":false,"patch_running":true,"cancel_requested":false,"phase":"batteryless_hook","detail":"all save hooks (one pass)","offset":1310720,"total":9256960,"passes":10,"read_bytes":22251708,"read_ms":3127,"elapsed_ms":6111,"result":0,"ag32_link":"cpld","ag32_link_active":"unknown","ag32_capabilities":0,"ag32_capabilities_known":false}
2026-09-10 16:08:41
2026-09-10 16:08:41 @mori {"event":"status","version":"v2.32-100-g035abfa-dirty","uptime_ms":102790,"internal_free":57547,"internal_largest":31744,"psram_free":7456948,"burn_running":false,"patch_running":true,"cancel_requested":false,"phase":"batteryless_hook","detail":"all save hooks (one pass)","offset":5177344,"total":9256960,"passes":10,"read_bytes":26118332,"read_ms":3556,"elapsed_ms":8144,"result":0,"ag32_link":"cpld","ag32_link_active":"unknown","ag32_capabilities":0,"ag32_capabilities_known":false}
2026-09-10 16:08:43
2026-09-10 16:08:43 @mori {"event":"status","version":"v2.32-100-g035abfa-dirty","uptime_ms":104833,"internal_free":57547,"internal_largest":31744,"psram_free":7456948,"burn_running":false,"patch_running":true,"cancel_requested":false,"phase":"batteryless_hook","detail":"all save hooks (one pass)","offset":8847360,"total":9256960,"passes":10,"read_bytes":29788348,"read_ms":4008,"elapsed_ms":10187,"result":0,"ag32_link":"cpld","ag32_link_active":"unknown","ag32_capabilities":0,"ag32_capabilities_known":false}
2026-09-10 16:08:45
2026-09-10 16:08:45 @mori {"event":"save_progress","percent":0,"done":0,"total":9699328}
2026-09-10 16:08:45
2026-09-10 16:08:45 @mori {"event":"status","version":"v2.32-100-g035abfa-dirty","uptime_ms":106876,"internal_free":56819,"internal_largest":31744,"psram_free":7524536,"burn_running":false,"patch_running":true,"cancel_requested":false,"phase":"saving_rom","detail":"/sdcard/黄金太阳1 开启的封印.patched-3.gba","offset":32768,"total":9699328,"passes":12,"read_bytes":39495356,"read_ms":5314,"elapsed_ms":12230,"result":0,"ag32_link":"cpld","ag32_link_active":"unknown","ag32_capabilities":0,"ag32_capabilities_known":false}
2026-09-10 16:08:46
2026-09-10 16:08:46 @mori {"event":"save_progress","percent":1,"done":98304,"total":9699328}
2026-09-10 16:08:46
2026-09-10 16:08:46 @mori {"event":"save_progress","percent":2,"done":196608,"total":9699328}
2026-09-10 16:08:46
2026-09-10 16:08:46 @mori {"event":"save_progress","percent":3,"done":294912,"total":9699328}
2026-09-10 16:08:47
2026-09-10 16:08:47 @mori {"event":"save_progress","percent":4,"done":393216,"total":9699328}
2026-09-10 16:08:47
2026-09-10 16:08:47 @mori {"event":"save_progress","percent":5,"done":491520,"total":9699328}
2026-09-10 16:08:47
2026-09-10 16:08:47 @mori {"event":"status","version":"v2.32-100-g035abfa-dirty","uptime_ms":108922,"internal_free":56819,"internal_largest":31744,"psram_free":7524536,"burn_running":false,"patch_running":true,"cancel_requested":false,"phase":"saving_rom","detail":"/sdcard/黄金太阳1 开启的封印.patched-3.gba","offset":524288,"total":9699328,"passes":12,"read_bytes":39986876,"read_ms":5714,"elapsed_ms":14276,"result":0,"ag32_link":"cpld","ag32_link_active":"unknown","ag32_capabilities":0,"ag32_capabilities_known":false}
2026-09-10 16:08:47
2026-09-10 16:08:47 @mori {"event":"save_progress","percent":6,"done":589824,"total":9699328}
2026-09-10 16:08:48
2026-09-10 16:08:48 @mori {"event":"save_progress","percent":7,"done":688128,"total":9699328}
2026-09-10 16:08:48
2026-09-10 16:08:48 @mori {"event":"save_progress","percent":8,"done":786432,"total":9699328}
2026-09-10 16:08:48
2026-09-10 16:08:48 @mori {"event":"save_progress","percent":9,"done":884736,"total":9699328}
2026-09-10 16:08:49
2026-09-10 16:08:49 @mori {"event":"save_progress","percent":10,"done":983040,"total":9699328}
2026-09-10 16:08:49
2026-09-10 16:08:49 @mori {"event":"save_progress","percent":11,"done":1081344,"total":9699328}
2026-09-10 16:08:49
2026-09-10 16:08:49 @mori {"event":"status","version":"v2.32-100-g035abfa-dirty","uptime_ms":110959,"internal_free":56819,"internal_largest":31744,"psram_free":7524536,"burn_running":false,"patch_running":true,"cancel_requested":false,"phase":"saving_rom","detail":"/sdcard/黄金太阳1 开启的封印.patched-3.gba","offset":1114112,"total":9699328,"passes":12,"read_bytes":40576700,"read_ms":6202,"elapsed_ms":16313,"result":0,"ag32_link":"cpld","ag32_link_active":"unknown","ag32_capabilities":0,"ag32_capabilities_known":false}
2026-09-10 16:08:50
2026-09-10 16:08:50 @mori {"event":"save_progress","percent":12,"done":1179648,"total":9699328}
2026-09-10 16:08:50
2026-09-10 16:08:50 @mori {"event":"save_progress","percent":13,"done":1277952,"total":9699328}
2026-09-10 16:08:50
2026-09-10 16:08:50 @mori {"event":"save_progress","percent":14,"done":1376256,"total":9699328}
2026-09-10 16:08:50
2026-09-10 16:08:50 @mori {"event":"save_progress","percent":15,"done":1474560,"total":9699328}
2026-09-10 16:08:51
2026-09-10 16:08:51 @mori {"event":"save_progress","percent":16,"done":1572864,"total":9699328}
2026-09-10 16:08:51
2026-09-10 16:08:51 @mori {"event":"save_progress","percent":17,"done":1671168,"total":9699328}
2026-09-10 16:08:51
2026-09-10 16:08:51 @mori {"event":"save_progress","percent":18,"done":1769472,"total":9699328}
2026-09-10 16:08:51
2026-09-10 16:08:51 @mori {"event":"status","version":"v2.32-100-g035abfa-dirty","uptime_ms":113009,"internal_free":56819,"internal_largest":31744,"psram_free":7524536,"burn_running":false,"patch_running":true,"cancel_requested":false,"phase":"saving_rom","detail":"/sdcard/黄金太阳1 开启的封印.patched-3.gba","offset":1802240,"total":9699328,"passes":12,"read_bytes":41264828,"read_ms":6665,"elapsed_ms":18363,"result":0,"ag32_link":"cpld","ag32_link_active":"unknown","ag32_capabilities":0,"ag32_capabilities_known":false}
2026-09-10 16:08:52
2026-09-10 16:08:52 @mori {"event":"save_progress","percent":19,"done":1867776,"total":9699328}
2026-09-10 16:08:52
2026-09-10 16:08:52 @mori {"event":"save_progress","percent":20,"done":1966080,"total":9699328}
2026-09-10 16:08:52
2026-09-10 16:08:52 @mori {"event":"save_progress","percent":21,"done":2064384,"total":9699328}
2026-09-10 16:08:52
2026-09-10 16:08:52 @mori {"event":"save_progress","percent":22,"done":2162688,"total":9699328}
2026-09-10 16:08:53
2026-09-10 16:08:53 @mori {"event":"save_progress","percent":23,"done":2260992,"total":9699328}
2026-09-10 16:08:53
2026-09-10 16:08:53 @mori {"event":"save_progress","percent":24,"done":2359296,"total":9699328}
2026-09-10 16:08:53
2026-09-10 16:08:53 @mori {"event":"save_progress","percent":25,"done":2424832,"total":9699328}
2026-09-10 16:08:53
2026-09-10 16:08:53 @mori {"event":"save_progress","percent":26,"done":2523136,"total":9699328}
2026-09-10 16:08:53
2026-09-10 16:08:53 @mori {"event":"status","version":"v2.32-100-g035abfa-dirty","uptime_ms":115048,"internal_free":56819,"internal_largest":31744,"psram_free":7524536,"burn_running":false,"patch_running":true,"cancel_requested":false,"phase":"saving_rom","detail":"/sdcard/黄金太阳1 开启的封印.patched-3.gba","offset":2555904,"total":9699328,"passes":12,"read_bytes":42018492,"read_ms":6978,"elapsed_ms":20402,"result":0,"ag32_link":"cpld","ag32_link_active":"unknown","ag32_capabilities":0,"ag32_capabilities_known":false}
2026-09-10 16:08:54
2026-09-10 16:08:54 @mori {"event":"save_progress","percent":27,"done":2621440,"total":9699328}
2026-09-10 16:08:54
2026-09-10 16:08:54 @mori {"event":"save_progress","percent":28,"done":2719744,"total":9699328}
2026-09-10 16:08:54
2026-09-10 16:08:54 @mori {"event":"save_progress","percent":29,"done":2818048,"total":9699328}
2026-09-10 16:08:55
2026-09-10 16:08:55 @mori {"event":"save_progress","percent":30,"done":2916352,"total":9699328}
2026-09-10 16:08:55
2026-09-10 16:08:55 @mori {"event":"save_progress","percent":31,"done":3014656,"total":9699328}
2026-09-10 16:08:55
2026-09-10 16:08:55 @mori {"event":"save_progress","percent":32,"done":3112960,"total":9699328}
2026-09-10 16:08:55
2026-09-10 16:08:55 @mori {"event":"status","version":"v2.32-100-g035abfa-dirty","uptime_ms":117094,"internal_free":56819,"internal_largest":31744,"psram_free":7524536,"burn_running":false,"patch_running":true,"cancel_requested":false,"phase":"saving_rom","detail":"/sdcard/黄金太阳1 开启的封印.patched-3.gba","offset":3145728,"total":9699328,"passes":12,"read_bytes":42608316,"read_ms":7536,"elapsed_ms":22449,"result":0,"ag32_link":"cpld","ag32_link_active":"unknown","ag32_capabilities":0,"ag32_capabilities_known":false}
2026-09-10 16:08:56
2026-09-10 16:08:56 @mori {"event":"save_progress","percent":33,"done":3211264,"total":9699328}
2026-09-10 16:08:56
2026-09-10 16:08:56 @mori {"event":"save_progress","percent":34,"done":3309568,"total":9699328}
2026-09-10 16:08:56
2026-09-10 16:08:56 @mori {"event":"save_progress","percent":35,"done":3407872,"total":9699328}
2026-09-10 16:08:57
2026-09-10 16:08:57 @mori {"event":"save_progress","percent":36,"done":3506176,"total":9699328}
2026-09-10 16:08:57
2026-09-10 16:08:57 @mori {"event":"save_progress","percent":37,"done":3604480,"total":9699328}
2026-09-10 16:08:57
2026-09-10 16:08:57 @mori {"event":"save_progress","percent":38,"done":3702784,"total":9699328}
2026-09-10 16:08:57
2026-09-10 16:08:57 @mori {"event":"status","version":"v2.32-100-g035abfa-dirty","uptime_ms":119142,"internal_free":57335,"internal_largest":31744,"psram_free":7524536,"burn_running":false,"patch_running":true,"cancel_requested":false,"phase":"saving_rom","detail":"/sdcard/黄金太阳1 开启的封印.patched-3.gba","offset":3768320,"total":9699328,"passes":12,"read_bytes":43230908,"read_ms":7970,"elapsed_ms":24496,"result":0,"ag32_link":"cpld","ag32_link_active":"unknown","ag32_capabilities":0,"ag32_capabilities_known":false}
2026-09-10 16:08:57
2026-09-10 16:08:57 @mori {"event":"save_progress","percent":39,"done":3801088,"total":9699328}
2026-09-10 16:08:58
2026-09-10 16:08:58 @mori {"event":"save_progress","percent":40,"done":3899392,"total":9699328}
2026-09-10 16:08:58
2026-09-10 16:08:58 @mori {"event":"save_progress","percent":41,"done":3997696,"total":9699328}
2026-09-10 16:08:58
2026-09-10 16:08:58 @mori {"event":"save_progress","percent":42,"done":4096000,"total":9699328}
2026-09-10 16:08:58
2026-09-10 16:08:58 @mori {"event":"save_progress","percent":43,"done":4194304,"total":9699328}
2026-09-10 16:08:59
2026-09-10 16:08:59 @mori {"event":"save_progress","percent":44,"done":4292608,"total":9699328}
2026-09-10 16:08:59
2026-09-10 16:08:59 @mori {"event":"save_progress","percent":45,"done":4390912,"total":9699328}
2026-09-10 16:08:59
2026-09-10 16:08:59 @mori {"event":"save_progress","percent":46,"done":4489216,"total":9699328}
2026-09-10 16:08:59
2026-09-10 16:08:59 @mori {"event":"save_progress","percent":47,"done":4587520,"total":9699328}
2026-09-10 16:09:00
2026-09-10 16:09:00 @mori {"event":"status","version":"v2.32-100-g035abfa-dirty","uptime_ms":121185,"internal_free":56819,"internal_largest":31744,"psram_free":7524536,"burn_running":false,"patch_running":true,"cancel_requested":false,"phase":"saving_rom","detail":"/sdcard/黄金太阳1 开启的封印.patched-3.gba","offset":4620288,"total":9699328,"passes":12,"read_bytes":44082876,"read_ms":8225,"elapsed_ms":26539,"result":0,"ag32_link":"cpld","ag32_link_active":"unknown","ag32_capabilities":0,"ag32_capabilities_known":false}
2026-09-10 16:09:00
2026-09-10 16:09:00 @mori {"event":"save_progress","percent":48,"done":4685824,"total":9699328}
2026-09-10 16:09:00
2026-09-10 16:09:00 @mori {"event":"save_progress","percent":49,"done":4784128,"total":9699328}
2026-09-10 16:09:00
2026-09-10 16:09:00 @mori {"event":"save_progress","percent":50,"done":4849664,"total":9699328}
2026-09-10 16:09:01
2026-09-10 16:09:01 @mori {"event":"save_progress","percent":51,"done":4947968,"total":9699328}
2026-09-10 16:09:01
2026-09-10 16:09:01 @mori {"event":"save_progress","percent":52,"done":5046272,"total":9699328}
2026-09-10 16:09:01
2026-09-10 16:09:01 @mori {"event":"save_progress","percent":53,"done":5144576,"total":9699328}
2026-09-10 16:09:02
2026-09-10 16:09:02 @mori {"event":"status","version":"v2.32-100-g035abfa-dirty","uptime_ms":123230,"internal_free":56787,"internal_largest":31744,"psram_free":7524536,"burn_running":false,"patch_running":true,"cancel_requested":false,"phase":"saving_rom","detail":"/sdcard/黄金太阳1 开启的封印.patched-3.gba","offset":5210112,"total":9699328,"passes":12,"read_bytes":44672700,"read_ms":8845,"elapsed_ms":28584,"result":0,"ag32_link":"cpld","ag32_link_active":"unknown","ag32_capabilities":0,"ag32_capabilities_known":false}
2026-09-10 16:09:02
2026-09-10 16:09:02 @mori {"event":"save_progress","percent":54,"done":5242880,"total":9699328}
2026-09-10 16:09:02
2026-09-10 16:09:02 @mori {"event":"save_progress","percent":55,"done":5341184,"total":9699328}
2026-09-10 16:09:02
2026-09-10 16:09:02 @mori {"event":"save_progress","percent":56,"done":5439488,"total":9699328}
2026-09-10 16:09:03 I (125632) burner_web: bacon idle timeout reached, cartridge power rails off
2026-09-10 16:09:03
2026-09-10 16:09:03 @mori {"event":"save_progress","percent":57,"done":5537792,"total":9699328}
2026-09-10 16:09:03
2026-09-10 16:09:03 @mori {"event":"save_progress","percent":58,"done":5636096,"total":9699328}
2026-09-10 16:09:03
2026-09-10 16:09:03 @mori {"event":"save_progress","percent":59,"done":5734400,"total":9699328}
2026-09-10 16:09:04
2026-09-10 16:09:04 @mori {"event":"status","version":"v2.32-100-g035abfa-dirty","uptime_ms":125263,"internal_free":56819,"internal_largest":31744,"psram_free":7524564,"burn_running":false,"patch_running":true,"cancel_requested":false,"phase":"saving_rom","detail":"/sdcard/黄金太阳1 开启的封印.patched-3.gba","offset":5799936,"total":9699328,"passes":12,"read_bytes":45262524,"read_ms":9464,"elapsed_ms":30617,"result":0,"ag32_link":"cpld","ag32_link_active":"unknown","ag32_capabilities":0,"ag32_capabilities_known":false}
2026-09-10 16:09:04
2026-09-10 16:09:04 @mori {"event":"save_progress","percent":60,"done":5832704,"total":9699328}
2026-09-10 16:09:04
2026-09-10 16:09:04 @mori {"event":"save_progress","percent":61,"done":5931008,"total":9699328}
2026-09-10 16:09:04
2026-09-10 16:09:04 @mori {"event":"save_progress","percent":62,"done":6029312,"total":9699328}
2026-09-10 16:09:05
2026-09-10 16:09:05 @mori {"event":"save_progress","percent":63,"done":6127616,"total":9699328}
2026-09-10 16:09:05
2026-09-10 16:09:05 @mori {"event":"save_progress","percent":64,"done":6225920,"total":9699328}
2026-09-10 16:09:05
2026-09-10 16:09:05 @mori {"event":"save_progress","percent":65,"done":6324224,"total":9699328}
2026-09-10 16:09:06
2026-09-10 16:09:06 @mori {"event":"status","version":"v2.32-100-g035abfa-dirty","uptime_ms":127317,"internal_free":56819,"internal_largest":31744,"psram_free":7524564,"burn_running":false,"patch_running":true,"cancel_requested":false,"phase":"saving_rom","detail":"/sdcard/黄金太阳1 开启的封印.patched-3.gba","offset":6389760,"total":9699328,"passes":12,"read_bytes":45852348,"read_ms":10057,"elapsed_ms":32671,"result":0,"ag32_link":"cpld","ag32_link_active":"unknown","ag32_capabilities":0,"ag32_capabilities_known":false}
2026-09-10 16:09:06
2026-09-10 16:09:06 @mori {"event":"save_progress","percent":66,"done":6422528,"total":9699328}
2026-09-10 16:09:06
2026-09-10 16:09:06 @mori {"event":"save_progress","percent":67,"done":6520832,"total":9699328}
2026-09-10 16:09:06
2026-09-10 16:09:06 @mori {"event":"save_progress","percent":68,"done":6619136,"total":9699328}
2026-09-10 16:09:07
2026-09-10 16:09:07 @mori {"event":"save_progress","percent":69,"done":6717440,"total":9699328}
2026-09-10 16:09:07
2026-09-10 16:09:07 @mori {"event":"save_progress","percent":70,"done":6815744,"total":9699328}
2026-09-10 16:09:07
2026-09-10 16:09:07 @mori {"event":"save_progress","percent":71,"done":6914048,"total":9699328}
2026-09-10 16:09:08
2026-09-10 16:09:08 @mori {"event":"status","version":"v2.32-100-g035abfa-dirty","uptime_ms":129365,"internal_free":56819,"internal_largest":31744,"psram_free":7524564,"burn_running":false,"patch_running":true,"cancel_requested":false,"phase":"saving_rom","detail":"/sdcard/黄金太阳1 开启的封印.patched-3.gba","offset":6979584,"total":9699328,"passes":12,"read_bytes":46442172,"read_ms":10685,"elapsed_ms":34720,"result":0,"ag32_link":"cpld","ag32_link_active":"unknown","ag32_capabilities":0,"ag32_capabilities_known":false}
2026-09-10 16:09:08
2026-09-10 16:09:08 @mori {"event":"save_progress","percent":72,"done":7012352,"total":9699328}
2026-09-10 16:09:08
2026-09-10 16:09:08 @mori {"event":"save_progress","percent":73,"done":7110656,"total":9699328}
2026-09-10 16:09:09
2026-09-10 16:09:09 @mori {"event":"save_progress","percent":74,"done":7208960,"total":9699328}
2026-09-10 16:09:09
2026-09-10 16:09:09 @mori {"event":"save_progress","percent":75,"done":7274496,"total":9699328}
2026-09-10 16:09:09
2026-09-10 16:09:09 @mori {"event":"save_progress","percent":76,"done":7372800,"total":9699328}
2026-09-10 16:09:10
2026-09-10 16:09:10 @mori {"event":"save_progress","percent":77,"done":7471104,"total":9699328}
2026-09-10 16:09:10
2026-09-10 16:09:10 @mori {"event":"status","version":"v2.32-100-g035abfa-dirty","uptime_ms":131401,"internal_free":56787,"internal_largest":31744,"psram_free":7524564,"burn_running":false,"patch_running":true,"cancel_requested":false,"phase":"saving_rom","detail":"/sdcard/黄金太阳1 开启的封印.patched-3.gba","offset":7536640,"total":9699328,"passes":12,"read_bytes":46999228,"read_ms":11357,"elapsed_ms":36756,"result":0,"ag32_link":"cpld","ag32_link_active":"unknown","ag32_capabilities":0,"ag32_capabilities_known":false}
2026-09-10 16:09:10
2026-09-10 16:09:10 @mori {"event":"save_progress","percent":78,"done":7569408,"total":9699328}
2026-09-10 16:09:10
2026-09-10 16:09:10 @mori {"event":"save_progress","percent":79,"done":7667712,"total":9699328}
2026-09-10 16:09:11
2026-09-10 16:09:11 @mori {"event":"save_progress","percent":80,"done":7766016,"total":9699328}
2026-09-10 16:09:11
2026-09-10 16:09:11 @mori {"event":"save_progress","percent":81,"done":7864320,"total":9699328}
2026-09-10 16:09:12
2026-09-10 16:09:12 @mori {"event":"save_progress","percent":82,"done":7962624,"total":9699328}
2026-09-10 16:09:12
2026-09-10 16:09:12 @mori {"event":"status","version":"v2.32-100-g035abfa-dirty","uptime_ms":133453,"internal_free":57335,"internal_largest":31744,"psram_free":7524564,"burn_running":false,"patch_running":true,"cancel_requested":false,"phase":"saving_rom","detail":"/sdcard/黄金太阳1 开启的封印.patched-3.gba","offset":7962624,"total":9699328,"passes":12,"read_bytes":47425212,"read_ms":11851,"elapsed_ms":38807,"result":0,"ag32_link":"cpld","ag32_link_active":"unknown","ag32_capabilities":0,"ag32_capabilities_known":false}
2026-09-10 16:09:12
2026-09-10 16:09:12 @mori {"event":"save_progress","percent":83,"done":8060928,"total":9699328}
2026-09-10 16:09:13
2026-09-10 16:09:13 @mori {"event":"save_progress","percent":84,"done":8159232,"total":9699328}
2026-09-10 16:09:14
2026-09-10 16:09:14 @mori {"event":"save_progress","percent":85,"done":8257536,"total":9699328}
2026-09-10 16:09:14
2026-09-10 16:09:14 @mori {"event":"status","version":"v2.32-100-g035abfa-dirty","uptime_ms":135490,"internal_free":57303,"internal_largest":31744,"psram_free":7524564,"burn_running":false,"patch_running":true,"cancel_requested":false,"phase":"saving_rom","detail":"/sdcard/黄金太阳1 开启的封印.patched-3.gba","offset":8257536,"total":9699328,"passes":12,"read_bytes":47720124,"read_ms":12226,"elapsed_ms":40844,"result":0,"ag32_link":"cpld","ag32_link_active":"unknown","ag32_capabilities":0,"ag32_capabilities_known":false}
2026-09-10 16:09:14
2026-09-10 16:09:14 @mori {"event":"save_progress","percent":86,"done":8355840,"total":9699328}
2026-09-10 16:09:15
2026-09-10 16:09:15 @mori {"event":"save_progress","percent":87,"done":8454144,"total":9699328}
2026-09-10 16:09:16
2026-09-10 16:09:16 @mori {"event":"save_progress","percent":88,"done":8552448,"total":9699328}
2026-09-10 16:09:16
2026-09-10 16:09:16 @mori {"event":"status","version":"v2.32-100-g035abfa-dirty","uptime_ms":137539,"internal_free":56787,"internal_largest":31744,"psram_free":7524564,"burn_running":false,"patch_running":true,"cancel_requested":false,"phase":"saving_rom","detail":"/sdcard/黄金太阳1 开启的封印.patched-3.gba","offset":8585216,"total":9699328,"passes":12,"read_bytes":48047804,"read_ms":12621,"elapsed_ms":42893,"result":0,"ag32_link":"cpld","ag32_link_active":"unknown","ag32_capabilities":0,"ag32_capabilities_known":false}
2026-09-10 16:09:16
2026-09-10 16:09:16 @mori {"event":"save_progress","percent":89,"done":8650752,"total":9699328}
2026-09-10 16:09:16
2026-09-10 16:09:16 @mori {"event":"save_progress","percent":90,"done":8749056,"total":9699328}
2026-09-10 16:09:17
2026-09-10 16:09:17 @mori {"event":"save_progress","percent":91,"done":8847360,"total":9699328}
2026-09-10 16:09:17
2026-09-10 16:09:17 @mori {"event":"save_progress","percent":92,"done":8945664,"total":9699328}
2026-09-10 16:09:17
2026-09-10 16:09:17 @mori {"event":"save_progress","percent":93,"done":9043968,"total":9699328}
2026-09-10 16:09:18
2026-09-10 16:09:18 @mori {"event":"save_progress","percent":94,"done":9142272,"total":9699328}
2026-09-10 16:09:18
2026-09-10 16:09:18 @mori {"event":"status","version":"v2.32-100-g035abfa-dirty","uptime_ms":139576,"internal_free":56819,"internal_largest":31744,"psram_free":7524564,"burn_running":false,"patch_running":true,"cancel_requested":false,"phase":"saving_rom","detail":"/sdcard/黄金太阳1 开启的封印.patched-3.gba","offset":9175040,"total":9699328,"passes":12,"read_bytes":48637628,"read_ms":13259,"elapsed_ms":44930,"result":0,"ag32_link":"cpld","ag32_link_active":"unknown","ag32_capabilities":0,"ag32_capabilities_known":false}
2026-09-10 16:09:18
2026-09-10 16:09:18 @mori {"event":"save_progress","percent":95,"done":9240576,"total":9699328}
2026-09-10 16:09:18
2026-09-10 16:09:18 @mori {"event":"save_progress","percent":96,"done":9338880,"total":9699328}
2026-09-10 16:09:19
2026-09-10 16:09:19 @mori {"event":"save_progress","percent":97,"done":9437184,"total":9699328}
2026-09-10 16:09:19
2026-09-10 16:09:19 @mori {"event":"save_progress","percent":98,"done":9535488,"total":9699328}
2026-09-10 16:09:19
2026-09-10 16:09:19 @mori {"event":"save_progress","percent":99,"done":9633792,"total":9699328}
2026-09-10 16:09:19
2026-09-10 16:09:19 @mori {"event":"save_progress","percent":100,"done":9699328,"total":9699328}
2026-09-10 16:09:19
2026-09-10 16:09:19 @mori {"event":"patch_done","result":0,"error":"","elapsed_ms":46262,"save_type":"FLASH_V123","sram":true,"batteryless":true,"waitcnt_count":15,"output_size":9699328,"output_path":"/sdcard/黄金太阳1 开启的封印.patched-3.gba"}
