2026-09-12 23:05:33 @mori {"event":"status","version":"v2.32.131","uptime_ms":261920,"internal_free":83739,"internal_largest":31744,"psram_free":7539336,"burn_running":false,"patch_running":false,"cancel_requested":false,"phase":"","detail":"","offset":0,"total":0,"passes":0,"read_bytes":0,"read_ms":0,"elapsed_ms":0,"result":0,"ag32_link":"cpld","ag32_link_active":"unknown","ag32_capabilities":0,"ag32_capabilities_known":false}
2026-09-12 23:05:33 @mori {"event":"ui","process_calls":16135,"render_calls":221,"music_polls":2308,"model_bytes":15352,"directory_scans":0,"cache_hits":0,"page":0,"selected":0,"count":5,"preview_generation":0,"file_worker_stack_free":14760,"burn_info_focus":0,"burn_info_selected":0,"burn_info_count":2,"burn_info_nor_detail":0,"file_start_active":false,"preview_active":false,"preview_done":false,"preview_available":false,"screen_dimmed":true,"selection":"系统","status":"wifi provisioning mode","nor_model":"","nor_id":"","nor_device_size":0,"nor_sector_size":0,"nor_buffer_bytes":0}
2026-09-12 23:05:33 @mori {"event":"key","message":"b"}
2026-09-12 23:05:33 @mori {"event":"ui","process_calls":16145,"render_calls":221,"music_polls":2309,"model_bytes":15352,"directory_scans":0,"cache_hits":0,"page":0,"selected":0,"count":5,"preview_generation":0,"file_worker_stack_free":14760,"burn_info_focus":0,"burn_info_selected":0,"burn_info_count":2,"burn_info_nor_detail":0,"file_start_active":false,"preview_active":false,"preview_done":false,"preview_available":false,"screen_dimmed":false,"selection":"系统","status":"wifi provisioning mode","nor_model":"","nor_id":"","nor_device_size":0,"nor_sector_size":0,"nor_buffer_bytes":0}
2026-09-12 23:05:33 @mori {"event":"ui","process_calls":16149,"render_calls":221,"music_polls":2310,"model_bytes":15352,"directory_scans":0,"cache_hits":0,"page":0,"selected":0,"count":5,"preview_generation":0,"file_worker_stack_free":14760,"burn_info_focus":0,"burn_info_selected":0,"burn_info_count":2,"burn_info_nor_detail":0,"file_start_active":false,"preview_active":false,"preview_done":false,"preview_available":false,"screen_dimmed":false,"selection":"系统","status":"wifi provisioning mode","nor_model":"","nor_id":"","nor_device_size":0,"nor_sector_size":0,"nor_buffer_bytes":0}
2026-09-12 23:05:33 @mori {"event":"key","message":"right"}
2026-09-12 23:05:33 @mori {"event":"ui","process_calls":16158,"render_calls":227,"music_polls":2311,"model_bytes":15352,"directory_scans":0,"cache_hits":0,"page":0,"selected":1,"count":5,"preview_generation":0,"file_worker_stack_free":14760,"burn_info_focus":0,"burn_info_selected":0,"burn_info_count":2,"burn_info_nor_detail":0,"file_start_active":false,"preview_active":false,"preview_done":false,"preview_available":false,"screen_dimmed":false,"selection":"音乐","status":"wifi provisioning mode","nor_model":"","nor_id":"","nor_device_size":0,"nor_sector_size":0,"nor_buffer_bytes":0}
2026-09-12 23:05:33 @mori {"event":"key","message":"right"}
2026-09-12 23:05:33 @mori {"event":"ui","process_calls":16168,"render_calls":237,"music_polls":2313,"model_bytes":15352,"directory_scans":0,"cache_hits":0,"page":0,"selected":2,"count":5,"preview_generation":0,"file_worker_stack_free":14760,"burn_info_focus":0,"burn_info_selected":0,"burn_info_count":2,"burn_info_nor_detail":0,"file_start_active":false,"preview_active":false,"preview_done":false,"preview_available":false,"screen_dimmed":false,"selection":"阅读器","status":"wifi provisioning mode","nor_model":"","nor_id":"","nor_device_size":0,"nor_sector_size":0,"nor_buffer_bytes":0}
2026-09-12 23:05:33 @mori {"event":"key","message":"right"}
2026-09-12 23:05:33 @mori {"event":"ui","process_calls":16177,"render_calls":246,"music_polls":2314,"model_bytes":15352,"directory_scans":0,"cache_hits":0,"page":0,"selected":3,"count":5,"preview_generation":0,"file_worker_stack_free":14760,"burn_info_focus":0,"burn_info_selected":0,"burn_info_count":2,"burn_info_nor_detail":0,"file_start_active":false,"preview_active":false,"preview_done":false,"preview_available":false,"screen_dimmed":false,"selection":"烧录器","status":"wifi provisioning mode","nor_model":"","nor_id":"","nor_device_size":0,"nor_sector_size":0,"nor_buffer_bytes":0}
2026-09-12 23:05:34 @mori {"event":"key","message":"a"}
2026-09-12 23:05:34 @mori {"event":"ui","process_calls":16183,"render_calls":252,"music_polls":2316,"model_bytes":15352,"directory_scans":0,"cache_hits":0,"page":14,"selected":0,"count":2,"preview_generation":0,"file_worker_stack_free":14760,"burn_info_focus":0,"burn_info_selected":0,"burn_info_count":2,"burn_info_nor_detail":0,"file_start_active":false,"preview_active":false,"preview_done":false,"preview_available":false,"screen_dimmed":false,"selection":"","status":"wifi provisioning mode","nor_model":"","nor_id":"","nor_device_size":0,"nor_sector_size":0,"nor_buffer_bytes":0}
2026-09-12 23:05:34 @mori {"event":"ui","process_calls":16187,"render_calls":256,"music_polls":2316,"model_bytes":15352,"directory_scans":0,"cache_hits":0,"page":14,"selected":0,"count":2,"preview_generation":0,"file_worker_stack_free":14760,"burn_info_focus":0,"burn_info_selected":0,"burn_info_count":2,"burn_info_nor_detail":0,"file_start_active":false,"preview_active":false,"preview_done":false,"preview_available":false,"screen_dimmed":false,"selection":"","status":"wifi provisioning mode","nor_model":"","nor_id":"","nor_device_size":0,"nor_sector_size":0,"nor_buffer_bytes":0}
2026-09-12 23:05:34 @mori {"event":"key","message":"a"}
2026-09-12 23:05:34 @mori {"event":"ui","process_calls":16193,"render_calls":262,"music_polls":2318,"model_bytes":15352,"directory_scans":0,"cache_hits":0,"page":15,"selected":0,"count":4,"preview_generation":0,"file_worker_stack_free":14760,"burn_info_focus":0,"burn_info_selected":0,"burn_info_count":2,"burn_info_nor_detail":0,"file_start_active":false,"preview_active":false,"preview_done":false,"preview_available":false,"screen_dimmed":false,"selection":"分析卡带","status":"请先分析卡带","nor_model":"","nor_id":"","nor_device_size":0,"nor_sector_size":0,"nor_buffer_bytes":0}
2026-09-12 23:05:34 @mori {"event":"ui","process_calls":16194,"render_calls":263,"music_polls":2318,"model_bytes":15352,"directory_scans":0,"cache_hits":0,"page":15,"selected":0,"count":4,"preview_generation":0,"file_worker_stack_free":14760,"burn_info_focus":0,"burn_info_selected":0,"burn_info_count":2,"burn_info_nor_detail":0,"file_start_active":false,"preview_active":false,"preview_done":false,"preview_available":false,"screen_dimmed":false,"selection":"分析卡带","status":"请先分析卡带","nor_model":"","nor_id":"","nor_device_size":0,"nor_sector_size":0,"nor_buffer_bytes":0}
2026-09-12 23:05:34 I (264426) burner_web: MCU SPI init: host=1 cs0=21 cs1=1 clk=47 miso=48 mosi=45 freq=40000000Hz
2026-09-12 23:05:34 I (264430) burner_web: MCU SPI ready: actual=40000000Hz dma_scratch_tx=16384 dma_scratch_rw=16384
2026-09-12 23:05:34 @mori {"event":"key","message":"a"}
2026-09-12 23:05:34 @mori {"event":"ui","process_calls":16197,"render_calls":266,"music_polls":2319,"model_bytes":15352,"directory_scans":0,"cache_hits":0,"page":15,"selected":0,"count":4,"preview_generation":0,"file_worker_stack_free":14760,"burn_info_focus":0,"burn_info_selected":0,"burn_info_count":2,"burn_info_nor_detail":0,"file_start_active":false,"preview_active":false,"preview_done":false,"preview_available":false,"screen_dimmed":false,"selection":"分析卡带","status":"analyzing cart","nor_model":"","nor_id":"","nor_device_size":0,"nor_sector_size":0,"nor_buffer_bytes":0}
2026-09-12 23:05:34 @mori {"event":"ui","process_calls":16199,"render_calls":268,"music_polls":2320,"model_bytes":15352,"directory_scans":0,"cache_hits":0,"page":15,"selected":0,"count":4,"preview_generation":0,"file_worker_stack_free":14760,"burn_info_focus":0,"burn_info_selected":0,"burn_info_count":2,"burn_info_nor_detail":0,"file_start_active":false,"preview_active":false,"preview_done":false,"preview_available":false,"screen_dimmed":false,"selection":"分析卡带","status":"analyzing cart","nor_model":"","nor_id":"","nor_device_size":0,"nor_sector_size":0,"nor_buffer_bytes":0}
2026-09-12 23:05:34 I (264634) burner_web: GBA D0/D1 swap detection starting...
2026-09-12 23:05:34 I (264635) burner_web: D0/D1 swap detection: entering CFI mode (word addr 0x055)
2026-09-12 23:05:34 I (264643) burner_web: D0/D1 swap detection: CFI 'QRY' detected (normal, low-byte lane) [010]=0051 [011]=0052 [012]=0059
2026-09-12 23:05:34 I (264654) burner_web: GBA D0/D1 swap detection: NORMAL (no swap), lane=low
2026-09-12 23:05:34 I (264660) burner_web: GBA ReadID trace begin t=263430265us
2026-09-12 23:05:34 I (264665) burner_web: GBA ReadID trace write addr=0x555 data=0x00AA dt=5224us (0.005224s)
2026-09-12 23:05:34 I (264674) burner_web: GBA ReadID trace write addr=0x2AA data=0x0055 dt=8366us (0.008366s)
2026-09-12 23:05:34 I (264682) burner_web: GBA ReadID trace write addr=0x555 data=0x0090 dt=8055us (0.008055s)
2026-09-12 23:05:34 I (264690) burner_web: GBA ReadID trace read addr=0x000 data=0x0089 dt=7865us (0.007865s)
2026-09-12 23:05:34 I (264698) burner_web: GBA ReadID trace read addr=0x001 data=0x227E dt=8001us (0.008001s)
2026-09-12 23:05:34 I (264706) burner_web: GBA ReadID trace read addr=0x00E data=0x2228 dt=7967us (0.007967s)
2026-09-12 23:05:34 I (264713) burner_web: GBA ReadID trace read addr=0x00F data=0x2201 dt=7829us (0.007829s)
2026-09-12 23:05:34 I (264721) burner_web: GBA ReadID trace write addr=0x000 data=0x00F0 dt=7902us (0.007902s)
2026-09-12 23:05:34 I (264729) burner_web: GBA ReadID trace end status=ESP_OK total=69142us (0.069142s)
2026-09-12 23:05:34 I (264737) burner_web: GBA word-address probe @40000000Hz try=1 id=89 00 7E 22 28 22 01 22 (candidate-id)
2026-09-12 23:05:34 I (264746) burner_web: GBA Intel ReadID trace begin t=263516114us
2026-09-12 23:05:34 I (264751) burner_web: GBA Intel ReadID trace write addr=0x000 data=0x0050 dt=5448us (0.005448s)
2026-09-12 23:05:34 I (264760) burner_web: GBA Intel ReadID trace write addr=0x000 data=0x00FF dt=8895us (0.008895s)
2026-09-12 23:05:34 I (264769) burner_web: GBA Intel ReadID trace write addr=0x000 data=0x0090 dt=8499us (0.008499s)
2026-09-12 23:05:34 I (264777) burner_web: GBA Intel ReadID trace read addr=0x000 data=0x007F dt=8715us (0.008715s)
2026-09-12 23:05:34 I (264786) burner_web: GBA Intel ReadID trace read addr=0x001 data=0xEA00 dt=8319us (0.008319s)
2026-09-12 23:05:34 I (264794) burner_web: GBA Intel ReadID trace read addr=0x00E data=0x52A3 dt=8303us (0.008303s)
2026-09-12 23:05:34 I (264802) burner_web: GBA Intel ReadID trace read addr=0x00F data=0x19BE dt=8381us (0.008381s)
2026-09-12 23:05:34 I (264811) burner_web: GBA Intel ReadID trace write addr=0x000 data=0x0050 dt=8479us (0.008479s)
2026-09-12 23:05:34 I (264819) burner_web: GBA Intel ReadID trace write addr=0x000 data=0x00FF dt=8454us (0.008454s)
2026-09-12 23:05:34 I (264828) burner_web: GBA Intel ReadID trace end status=ESP_OK total=81977us (0.081977s)
2026-09-12 23:05:34 I (264836) burner_web: GBA intel-id probe @40000000Hz try=1 id=7F 00 00 EA A3 52 BE 19 (candidate-id)
2026-09-12 23:05:34 @mori {"event":"ui","process_calls":16205,"render_calls":274,"music_polls":2322,"model_bytes":15352,"directory_scans":0,"cache_hits":0,"page":15,"selected":0,"count":4,"preview_generation":0,"file_worker_stack_free":14760,"burn_info_focus":0,"burn_info_selected":0,"burn_info_count":2,"burn_info_nor_detail":0,"file_start_active":false,"preview_active":false,"preview_done":false,"preview_available":false,"screen_dimmed":false,"selection":"分析卡带","status":"analyzing cart","nor_model":"","nor_id":"","nor_device_size":0,"nor_sector_size":0,"nor_buffer_bytes":0}
2026-09-12 23:05:35 I (264857) burner_web: GBA raw ID method scan summary @40000000Hz try=1: candidates=0 best=AMD standard
2026-09-12 23:05:35 I (264905) burner_web: GBA profile match @40000000Hz try=1: chip=MT28EW01GABA profile=AGB:AMD:AAA/555:AA/55 cmdset=amd method=AMD standard
2026-09-12 23:05:35 I (264916) burner_web: GBA auto probe @40000000Hz try=1 id=89 00 7E 22 28 22 01 22 (candidate-id)
2026-09-12 23:05:35 I (264925) burner_web: GBA CFI ok in word-address mode @40000000Hz try=1: chip=MT28EW01GABA profile=AGB:AMD:AAA/555:AA/55 flash=134217728 sector=131072 geom=uniform largest=131072 regions=1 buf=1024 cmdset=amd lane=low primary=0x0002
2026-09-12 23:05:35 @mori {"event":"ui","process_calls":16213,"render_calls":282,"music_polls":2324,"model_bytes":15352,"directory_scans":0,"cache_hits":0,"page":15,"selected":0,"count":4,"preview_generation":0,"file_worker_stack_free":14760,"burn_info_focus":0,"burn_info_selected":0,"burn_info_count":2,"burn_info_nor_detail":0,"file_start_active":false,"preview_active":false,"preview_done":false,"preview_available":false,"screen_dimmed":false,"selection":"分析卡带","status":"analyzing cart","nor_model":"MT28EW01GABA","nor_id":"89 00 7E 22 28 22 01 22","nor_device_size":134217728,"nor_sector_size":131072,"nor_buffer_bytes":1024}
2026-09-12 23:05:35 I (265126) ui: UI probe task stack free min=9604 bytes
2026-09-12 23:05:35 @mori {"event":"ui","process_calls":16218,"render_calls":287,"music_polls":2326,"model_bytes":15352,"directory_scans":0,"cache_hits":0,"page":15,"selected":1,"count":9,"preview_generation":0,"file_worker_stack_free":14760,"burn_info_focus":0,"burn_info_selected":0,"burn_info_count":10,"burn_info_nor_detail":0,"file_start_active":false,"preview_active":false,"preview_done":false,"preview_available":false,"screen_dimmed":false,"selection":"ROM: 选择文件","status":"GBA ID 89 00 7E 22 CFI","nor_model":"MT28EW01GABA","nor_id":"89 00 7E 22 28 22 01 22","nor_device_size":134217728,"nor_sector_size":131072,"nor_buffer_bytes":1024}
2026-09-12 23:05:35 @mori {"event":"ui","process_calls":16220,"render_calls":289,"music_polls":2327,"model_bytes":15352,"directory_scans":0,"cache_hits":0,"page":15,"selected":1,"count":9,"preview_generation":0,"file_worker_stack_free":14760,"burn_info_focus":0,"burn_info_selected":0,"burn_info_count":10,"burn_info_nor_detail":0,"file_start_active":false,"preview_active":false,"preview_done":false,"preview_available":false,"screen_dimmed":false,"selection":"ROM: 选择文件","status":"GBA ID 89 00 7E 22 CFI","nor_model":"MT28EW01GABA","nor_id":"89 00 7E 22 28 22 01 22","nor_device_size":134217728,"nor_sector_size":131072,"nor_buffer_bytes":1024}
2026-09-12 23:05:35 @mori {"event":"key","message":"a"}
2026-09-12 23:05:35 @mori {"event":"ui","process_calls":16222,"render_calls":291,"music_polls":2328,"model_bytes":15352,"directory_scans":1,"cache_hits":0,"page":6,"selected":0,"count":45,"preview_generation":0,"file_worker_stack_free":14760,"burn_info_focus":0,"burn_info_selected":0,"burn_info_count":10,"burn_info_nor_detail":0,"file_start_active":false,"preview_active":false,"preview_done":false,"preview_available":false,"screen_dimmed":false,"selection":"_gba","status":"TF根目录","nor_model":"MT28EW01GABA","nor_id":"89 00 7E 22 28 22 01 22","nor_device_size":134217728,"nor_sector_size":131072,"nor_buffer_bytes":1024}
2026-09-12 23:05:35 @mori {"event":"ui","process_calls":16226,"render_calls":295,"music_polls":2329,"model_bytes":15352,"directory_scans":1,"cache_hits":0,"page":6,"selected":0,"count":45,"preview_generation":0,"file_worker_stack_free":14760,"burn_info_focus":0,"burn_info_selected":0,"burn_info_count":10,"burn_info_nor_detail":0,"file_start_active":false,"preview_active":false,"preview_done":false,"preview_available":false,"screen_dimmed":false,"selection":"_gba","status":"TF根目录","nor_model":"MT28EW01GABA","nor_id":"89 00 7E 22 28 22 01 22","nor_device_size":134217728,"nor_sector_size":131072,"nor_buffer_bytes":1024}
2026-09-12 23:05:35 @mori {"event":"key","message":"down"}
2026-09-12 23:05:35 @mori {"event":"ui","process_calls":16237,"render_calls":306,"music_polls":2330,"model_bytes":15352,"directory_scans":1,"cache_hits":0,"page":6,"selected":1,"count":45,"preview_generation":0,"file_worker_stack_free":14760,"burn_info_focus":0,"burn_info_selected":0,"burn_info_count":10,"burn_info_nor_detail":0,"file_start_active":false,"preview_active":false,"preview_done":false,"preview_available":false,"screen_dimmed":false,"selection":"_nds","status":"TF根目录","nor_model":"MT28EW01GABA","nor_id":"89 00 7E 22 28 22 01 22","nor_device_size":134217728,"nor_sector_size":131072,"nor_buffer_bytes":1024}
2026-09-12 23:05:35 @mori {"event":"key","message":"down"}
2026-09-12 23:05:36 @mori {"event":"ui","process_calls":16247,"render_calls":316,"music_polls":2332,"model_bytes":15352,"directory_scans":1,"cache_hits":0,"page":6,"selected":2,"count":45,"preview_generation":0,"file_worker_stack_free":14760,"burn_info_focus":0,"burn_info_selected":0,"burn_info_count":10,"burn_info_nor_detail":0,"file_start_active":false,"preview_active":false,"preview_done":false,"preview_available":false,"screen_dimmed":false,"selection":"dumps","status":"TF根目录","nor_model":"MT28EW01GABA","nor_id":"89 00 7E 22 28 22 01 22","nor_device_size":134217728,"nor_sector_size":131072,"nor_buffer_bytes":1024}
2026-09-12 23:05:36 @mori {"event":"key","message":"down"}
2026-09-12 23:05:36 @mori {"event":"ui","process_calls":16258,"render_calls":327,"music_polls":2334,"model_bytes":15352,"directory_scans":1,"cache_hits":0,"page":6,"selected":3,"count":45,"preview_generation":0,"file_worker_stack_free":14760,"burn_info_focus":0,"burn_info_selected":0,"burn_info_count":10,"burn_info_nor_detail":0,"file_start_active":false,"preview_active":false,"preview_done":false,"preview_available":false,"screen_dimmed":false,"selection":"GBA汉化","status":"TF根目录","nor_model":"MT28EW01GABA","nor_id":"89 00 7E 22 28 22 01 22","nor_device_size":134217728,"nor_sector_size":131072,"nor_buffer_bytes":1024}
2026-09-12 23:05:36 @mori {"event":"key","message":"down"}
2026-09-12 23:05:36 @mori {"event":"ui","process_calls":16269,"render_calls":338,"music_polls":2335,"model_bytes":15352,"directory_scans":1,"cache_hits":0,"page":6,"selected":4,"count":45,"preview_generation":0,"file_worker_stack_free":14760,"burn_info_focus":0,"burn_info_selected":0,"burn_info_count":10,"burn_info_nor_detail":0,"file_start_active":false,"preview_active":false,"preview_done":false,"preview_available":false,"screen_dimmed":false,"selection":"music","status":"TF根目录","nor_model":"MT28EW01GABA","nor_id":"89 00 7E 22 28 22 01 22","nor_device_size":134217728,"nor_sector_size":131072,"nor_buffer_bytes":1024}
2026-09-12 23:05:36 @mori {"event":"key","message":"down"}
2026-09-12 23:05:36 @mori {"event":"ui","process_calls":16280,"render_calls":349,"music_polls":2337,"model_bytes":15352,"directory_scans":1,"cache_hits":0,"page":6,"selected":5,"count":45,"preview_generation":0,"file_worker_stack_free":14760,"burn_info_focus":0,"burn_info_selected":0,"burn_info_count":10,"burn_info_nor_detail":0,"file_start_active":false,"preview_active":false,"preview_done":false,"preview_available":false,"screen_dimmed":false,"selection":"retro-go","status":"TF根目录","nor_model":"MT28EW01GABA","nor_id":"89 00 7E 22 28 22 01 22","nor_device_size":134217728,"nor_sector_size":131072,"nor_buffer_bytes":1024}
2026-09-12 23:05:36 @mori {"event":"key","message":"down"}
2026-09-12 23:05:36 @mori {"event":"ui","process_calls":16292,"render_calls":361,"music_polls":2338,"model_bytes":15352,"directory_scans":1,"cache_hits":0,"page":6,"selected":6,"count":45,"preview_generation":0,"file_worker_stack_free":14760,"burn_info_focus":0,"burn_info_selected":0,"burn_info_count":10,"burn_info_nor_detail":0,"file_start_active":false,"preview_active":false,"preview_done":false,"preview_available":false,"screen_dimmed":false,"selection":"ROM_OUTPUT","status":"TF根目录","nor_model":"MT28EW01GABA","nor_id":"89 00 7E 22 28 22 01 22","nor_device_size":134217728,"nor_sector_size":131072,"nor_buffer_bytes":1024}
2026-09-12 23:05:36 @mori {"event":"key","message":"a"}
2026-09-12 23:05:37 @mori {"event":"ui","process_calls":16299,"render_calls":368,"music_polls":2340,"model_bytes":15352,"directory_scans":2,"cache_hits":0,"page":6,"selected":0,"count":14,"preview_generation":0,"file_worker_stack_free":14760,"burn_info_focus":0,"burn_info_selected":0,"burn_info_count":10,"burn_info_nor_detail":0,"file_start_active":false,"preview_active":false,"preview_done":false,"preview_available":false,"screen_dimmed":false,"selection":"ag32_baseline32_0910.gba","status":"ROM_OUTPUT","nor_model":"MT28EW01GABA","nor_id":"89 00 7E 22 28 22 01 22","nor_device_size":134217728,"nor_sector_size":131072,"nor_buffer_bytes":1024}
2026-09-12 23:05:37 @mori {"event":"ui","process_calls":16304,"render_calls":373,"music_polls":2341,"model_bytes":15352,"directory_scans":2,"cache_hits":0,"page":6,"selected":0,"count":14,"preview_generation":0,"file_worker_stack_free":14760,"burn_info_focus":0,"burn_info_selected":0,"burn_info_count":10,"burn_info_nor_detail":0,"file_start_active":false,"preview_active":false,"preview_done":false,"preview_available":false,"screen_dimmed":false,"selection":"ag32_baseline32_0910.gba","status":"ROM_OUTPUT","nor_model":"MT28EW01GABA","nor_id":"89 00 7E 22 28 22 01 22","nor_device_size":134217728,"nor_sector_size":131072,"nor_buffer_bytes":1024}
2026-09-12 23:05:37 @mori {"event":"key","message":"down"}
2026-09-12 23:05:37 @mori {"event":"ui","process_calls":16316,"render_calls":385,"music_polls":2343,"model_bytes":15352,"directory_scans":2,"cache_hits":0,"page":6,"selected":1,"count":14,"preview_generation":0,"file_worker_stack_free":14760,"burn_info_focus":0,"burn_info_selected":0,"burn_info_count":10,"burn_info_nor_detail":0,"file_start_active":false,"preview_active":false,"preview_done":false,"preview_available":false,"screen_dimmed":false,"selection":"baseline_v112_gba.gba","status":"ROM_OUTPUT","nor_model":"MT28EW01GABA","nor_id":"89 00 7E 22 28 22 01 22","nor_device_size":134217728,"nor_sector_size":131072,"nor_buffer_bytes":1024}
2026-09-12 23:05:37 @mori {"event":"key","message":"down"}
2026-09-12 23:05:37 @mori {"event":"ui","process_calls":16328,"render_calls":397,"music_polls":2344,"model_bytes":15352,"directory_scans":2,"cache_hits":0,"page":6,"selected":2,"count":14,"preview_generation":0,"file_worker_stack_free":14760,"burn_info_focus":0,"burn_info_selected":0,"burn_info_count":10,"burn_info_nor_detail":0,"file_start_active":false,"preview_active":false,"preview_done":false,"preview_available":false,"screen_dimmed":false,"selection":"bsc2_before_20260912.gba","status":"ROM_OUTPUT","nor_model":"MT28EW01GABA","nor_id":"89 00 7E 22 28 22 01 22","nor_device_size":134217728,"nor_sector_size":131072,"nor_buffer_bytes":1024}
2026-09-12 23:05:37 @mori {"event":"key","message":"a"}
2026-09-12 23:05:37 @mori {"event":"ui","process_calls":16334,"render_calls":403,"music_polls":2345,"model_bytes":15352,"directory_scans":2,"cache_hits":0,"page":15,"selected":2,"count":9,"preview_generation":1,"file_worker_stack_free":13624,"burn_info_focus":0,"burn_info_selected":0,"burn_info_count":12,"burn_info_nor_detail":0,"file_start_active":false,"preview_active":true,"preview_done":false,"preview_available":false,"screen_dimmed":false,"selection":"ROM: 写入","status":"已选择ROM","nor_model":"MT28EW01GABA","nor_id":"89 00 7E 22 28 22 01 22","nor_device_size":134217728,"nor_sector_size":131072,"nor_buffer_bytes":1024}
2026-09-12 23:05:37 @mori {"event":"ui","process_calls":16336,"render_calls":405,"music_polls":2346,"model_bytes":15352,"directory_scans":2,"cache_hits":0,"page":15,"selected":2,"count":9,"preview_generation":1,"file_worker_stack_free":13624,"burn_info_focus":0,"burn_info_selected":0,"burn_info_count":12,"burn_info_nor_detail":0,"file_start_active":false,"preview_active":true,"preview_done":false,"preview_available":false,"screen_dimmed":false,"selection":"ROM: 写入","status":"已选择ROM","nor_model":"MT28EW01GABA","nor_id":"89 00 7E 22 28 22 01 22","nor_device_size":134217728,"nor_sector_size":131072,"nor_buffer_bytes":1024}
2026-09-12 23:05:37 @mori {"event":"key","message":"down"}
2026-09-12 23:05:38 @mori {"event":"ui","process_calls":16340,"render_calls":409,"music_polls":2347,"model_bytes":15352,"directory_scans":2,"cache_hits":0,"page":15,"selected":3,"count":9,"preview_generation":1,"file_worker_stack_free":13624,"burn_info_focus":0,"burn_info_selected":0,"burn_info_count":12,"burn_info_nor_detail":0,"file_start_active":false,"preview_active":true,"preview_done":false,"preview_available":false,"screen_dimmed":false,"selection":"ROM: 校验","status":"已选择ROM","nor_model":"MT28EW01GABA","nor_id":"89 00 7E 22 28 22 01 22","nor_device_size":134217728,"nor_sector_size":131072,"nor_buffer_bytes":1024}
2026-09-12 23:05:38 I (268000) ui: ROM preview generation=1 result=ESP_ERR_INVALID_STATE available=0 stack_free=13624
2026-09-12 23:05:38 I (268003) power_manager: CPU perf lock acquired by ui_file_start
2026-09-12 23:05:38 I (268006) ui: LCD start file action: action=校验ROM path=ROM_OUTPUT/bsc2_before_20260912.gba mode=gba write_path=direct
2026-09-12 23:05:38 I (268023) burner_web: PSRAM auto window: free=7539336 largest=7471104 reserve=262144 -> 6MB
2026-09-12 23:05:38 I (268027) ui: LCD file action task stack free min=10648 bytes
2026-09-12 23:05:38 @mori {"event":"key","message":"a"}
2026-09-12 23:05:38 @mori {"event":"ui","process_calls":16345,"render_calls":414,"music_polls":2349,"model_bytes":15352,"directory_scans":2,"cache_hits":0,"page":18,"selected":3,"count":12,"preview_generation":2,"file_worker_stack_free":10648,"burn_info_focus":0,"burn_info_selected":0,"burn_info_count":12,"burn_info_nor_detail":0,"file_start_active":false,"preview_active":false,"preview_done":false,"preview_available":false,"screen_dimmed":false,"selection":"","status":"校验ROM已启动","nor_model":"MT28EW01GABA","nor_id":"89 00 7E 22 28 22 01 22","nor_device_size":134217728,"nor_sector_size":131072,"nor_buffer_bytes":1024}
2026-09-12 23:05:38 @mori {"event":"ui","process_calls":16346,"render_calls":415,"music_polls":2349,"model_bytes":15352,"directory_scans":2,"cache_hits":0,"page":18,"selected":3,"count":12,"preview_generation":2,"file_worker_stack_free":10648,"burn_info_focus":0,"burn_info_selected":0,"burn_info_count":12,"burn_info_nor_detail":0,"file_start_active":false,"preview_active":false,"preview_done":false,"preview_available":false,"screen_dimmed":false,"selection":"","status":"校验ROM已启动","nor_model":"MT28EW01GABA","nor_id":"89 00 7E 22 28 22 01 22","nor_device_size":134217728,"nor_sector_size":131072,"nor_buffer_bytes":1024}
2026-09-12 23:05:38 I (268227) burner_web: GBA D0/D1 swap detection starting...
2026-09-12 23:05:38 I (268264) burner_web: D0/D1 swap detection: entering CFI mode (word addr 0x055)
2026-09-12 23:05:38 I (268272) burner_web: D0/D1 swap detection: CFI 'QRY' detected (normal, low-byte lane) [010]=0051 [011]=0052 [012]=0059
2026-09-12 23:05:38 @mori {"event":"status","version":"v2.32.131","uptime_ms":267045,"internal_free":81303,"internal_largest":31744,"psram_free":7522948,"burn_running":true,"patch_running":false,"cancel_requested":false,"phase":"","detail":"","offset":0,"total":0,"passes":0,"read_bytes":0,"read_ms":0,"elapsed_ms":0,"result":0,"ag32_link":"cpld","ag32_link_active":"legacy","ag32_capabilities":0,"ag32_capabilities_known":false}
2026-09-12 23:05:39 I (268283) burner_web: GBA D0/D1 swap detection: NORMAL (no swap), lane=low
2026-09-12 23:05:39 I (268325) burner_web: GBA ReadID trace begin t=267095013us
2026-09-12 23:05:39 I (268330) burner_web: GBA ReadID trace write addr=0x555 data=0x00AA dt=5090us (0.005090s)
2026-09-12 23:05:39 I (268338) burner_web: GBA ReadID trace write addr=0x2AA data=0x0055 dt=8496us (0.008496s)
2026-09-12 23:05:39 I (268346) burner_web: GBA ReadID trace write addr=0x555 data=0x0090 dt=7980us (0.007980s)
2026-09-12 23:05:39 I (268354) burner_web: GBA ReadID trace read addr=0x000 data=0x0089 dt=7875us (0.007875s)
2026-09-12 23:05:39 I (268362) burner_web: GBA ReadID trace read addr=0x001 data=0x227E dt=7653us (0.007653s)
2026-09-12 23:05:39 I (268370) burner_web: GBA ReadID trace read addr=0x00E data=0x2228 dt=8066us (0.008066s)
2026-09-12 23:05:39 I (268378) burner_web: GBA ReadID trace read addr=0x00F data=0x2201 dt=7724us (0.007724s)
2026-09-12 23:05:39 I (268386) burner_web: GBA ReadID trace write addr=0x000 data=0x00F0 dt=8357us (0.008357s)
2026-09-12 23:05:39 I (268394) burner_web: GBA ReadID trace end status=ESP_OK total=68829us (0.068829s)
2026-09-12 23:05:39 I (268401) burner_web: GBA word-address probe @40000000Hz try=1 id=89 00 7E 22 28 22 01 22 (candidate-id)
2026-09-12 23:05:39 I (268410) burner_web: GBA Intel ReadID trace begin t=267180579us
2026-09-12 23:05:39 I (268416) burner_web: GBA Intel ReadID trace write addr=0x000 data=0x0050 dt=5633us (0.005633s)
2026-09-12 23:05:39 I (268425) burner_web: GBA Intel ReadID trace write addr=0x000 data=0x00FF dt=8647us (0.008647s)
2026-09-12 23:05:39 I (268434) burner_web: GBA Intel ReadID trace write addr=0x000 data=0x0090 dt=8896us (0.008896s)
2026-09-12 23:05:39 I (268442) burner_web: GBA Intel ReadID trace read addr=0x000 data=0x007F dt=8299us (0.008299s)
2026-09-12 23:05:39 I (268450) burner_web: GBA Intel ReadID trace read addr=0x001 data=0xEA00 dt=8564us (0.008564s)
2026-09-12 23:05:39 I (268459) burner_web: GBA Intel ReadID trace read addr=0x00E data=0x52A3 dt=8307us (0.008307s)
2026-09-12 23:05:39 I (268467) burner_web: GBA Intel ReadID trace read addr=0x00F data=0x19BE dt=8394us (0.008394s)
2026-09-12 23:05:39 I (268476) burner_web: GBA Intel ReadID trace write addr=0x000 data=0x0050 dt=8553us (0.008553s)
2026-09-12 23:05:39 I (268484) burner_web: GBA Intel ReadID trace write addr=0x000 data=0x00FF dt=8395us (0.008395s)
2026-09-12 23:05:39 I (268492) burner_web: GBA Intel ReadID trace end status=ESP_OK total=81998us (0.081998s)
2026-09-12 23:05:39 I (268501) burner_web: GBA intel-id probe @40000000Hz try=1 id=7F 00 00 EA A3 52 BE 19 (candidate-id)
2026-09-12 23:05:39 I (268521) burner_web: GBA raw ID method scan summary @40000000Hz try=1: candidates=0 best=AMD standard
2026-09-12 23:05:39 I (268524) burner_web: GBA profile match @40000000Hz try=1: chip=MT28EW01GABA profile=AGB:AMD:AAA/555:AA/55 cmdset=amd method=AMD standard
2026-09-12 23:05:39 I (268533) burner_web: GBA auto probe @40000000Hz try=1 id=89 00 7E 22 28 22 01 22 (candidate-id)
2026-09-12 23:05:39 I (268542) burner_web: GBA CFI ok in word-address mode @40000000Hz try=1: chip=MT28EW01GABA profile=AGB:AMD:AAA/555:AA/55 flash=134217728 sector=131072 geom=uniform largest=131072 regions=1 buf=1024 cmdset=amd lane=low primary=0x0002
2026-09-12 23:05:39 I (268562) burner_web: GBA AMD Bacon compatibility: keep flash size 134217728, use 32MB banked writes
2026-09-12 23:05:39 I (268571) burner_web: GBA AMD runtime commands: standard AMD source=AMD standard
2026-09-12 23:05:39 I (268577) burner_web: GBA prepared: chip=MT28EW01GABA profile=AGB:AMD:AAA/555:AA/55 flash=134217728 sector=131072 geom=uniform largest=131072 regions=1 buf=1024 prog_buf=1024 cfi=ok nor=amd cmd=word-address low-lane id=89 00 7E 22 28 22 01 22
2026-09-12 23:05:39 I (268599) burner_web: GBA mapping: Bacon AMD 32MB-bank bank=32MB force_multi=0 range=0x00000000-0x01FFFFFF
2026-09-12 23:05:39 @mori {"event":"ui","process_calls":16374,"render_calls":441,"music_polls":2358,"model_bytes":15352,"directory_scans":2,"cache_hits":0,"page":18,"selected":3,"count":12,"preview_generation":2,"file_worker_stack_free":10648,"burn_info_focus":0,"burn_info_selected":0,"burn_info_count":12,"burn_info_nor_detail":0,"file_start_active":false,"preview_active":false,"preview_done":false,"preview_available":false,"screen_dimmed":false,"selection":"","status":"burner burning: file->cart verify running","nor_model":"MT28EW01GABA","nor_id":"89 00 7E 22 28 22 01 22","nor_device_size":134217728,"nor_sector_size":131072,"nor_buffer_bytes":1024}
2026-09-12 23:05:39 @mori {"event":"status","version":"v2.32.131","uptime_ms":268170,"internal_free":73107,"internal_largest":31744,"psram_free":7457408,"burn_running":true,"patch_running":false,"cancel_requested":false,"phase":"","detail":"","offset":0,"total":0,"passes":0,"read_bytes":0,"read_ms":0,"elapsed_ms":0,"result":0,"ag32_link":"cpld","ag32_link_active":"cpld","ag32_capabilities":0,"ag32_capabilities_known":false}
2026-09-12 23:05:40 @mori {"event":"ui","process_calls":16388,"render_calls":452,"music_polls":2369,"model_bytes":15352,"directory_scans":2,"cache_hits":0,"page":18,"selected":3,"count":12,"preview_generation":2,"file_worker_stack_free":10648,"burn_info_focus":0,"burn_info_selected":0,"burn_info_count":12,"burn_info_nor_detail":0,"file_start_active":false,"preview_active":false,"preview_done":false,"preview_available":false,"screen_dimmed":false,"selection":"","status":"burner burning: file->cart verify running","nor_model":"MT28EW01GABA","nor_id":"89 00 7E 22 28 22 01 22","nor_device_size":134217728,"nor_sector_size":131072,"nor_buffer_bytes":1024}
2026-09-12 23:05:40 @mori {"event":"status","version":"v2.32.131","uptime_ms":269367,"internal_free":73043,"internal_largest":31744,"psram_free":7457408,"burn_running":true,"patch_running":false,"cancel_requested":false,"phase":"","detail":"","offset":0,"total":0,"passes":0,"read_bytes":0,"read_ms":0,"elapsed_ms":0,"result":0,"ag32_link":"cpld","ag32_link_active":"cpld","ag32_capabilities":0,"ag32_capabilities_known":false}
2026-09-12 23:05:41 @mori {"event":"ui","process_calls":16402,"render_calls":464,"music_polls":2380,"model_bytes":15352,"directory_scans":2,"cache_hits":0,"page":18,"selected":3,"count":12,"preview_generation":2,"file_worker_stack_free":10648,"burn_info_focus":0,"burn_info_selected":0,"burn_info_count":12,"burn_info_nor_detail":0,"file_start_active":false,"preview_active":false,"preview_done":false,"preview_available":false,"screen_dimmed":false,"selection":"","status":"burner burning: file->cart verify running","nor_model":"MT28EW01GABA","nor_id":"89 00 7E 22 28 22 01 22","nor_device_size":134217728,"nor_sector_size":131072,"nor_buffer_bytes":1024}
2026-09-12 23:05:41 @mori {"event":"status","version":"v2.32.131","uptime_ms":270493,"internal_free":73043,"internal_largest":31744,"psram_free":7457408,"burn_running":true,"patch_running":false,"cancel_requested":false,"phase":"","detail":"","offset":0,"total":0,"passes":0,"read_bytes":0,"read_ms":0,"elapsed_ms":0,"result":0,"ag32_link":"cpld","ag32_link_active":"cpld","ag32_capabilities":0,"ag32_capabilities_known":false}
2026-09-12 23:05:42 @mori {"event":"ui","process_calls":16415,"render_calls":474,"music_polls":2389,"model_bytes":15352,"directory_scans":2,"cache_hits":0,"page":18,"selected":3,"count":12,"preview_generation":2,"file_worker_stack_free":10648,"burn_info_focus":0,"burn_info_selected":0,"burn_info_count":12,"burn_info_nor_detail":0,"file_start_active":false,"preview_active":false,"preview_done":false,"preview_available":false,"screen_dimmed":false,"selection":"","status":"burner burning: file->cart verify running","nor_model":"MT28EW01GABA","nor_id":"89 00 7E 22 28 22 01 22","nor_device_size":134217728,"nor_sector_size":131072,"nor_buffer_bytes":1024}
2026-09-12 23:05:42 @mori {"event":"status","version":"v2.32.131","uptime_ms":271624,"internal_free":73043,"internal_largest":31744,"psram_free":7457408,"burn_running":true,"patch_running":false,"cancel_requested":false,"phase":"","detail":"","offset":0,"total":0,"passes":0,"read_bytes":0,"read_ms":0,"elapsed_ms":0,"result":0,"ag32_link":"cpld","ag32_link_active":"cpld","ag32_capabilities":0,"ag32_capabilities_known":false}
2026-09-12 23:05:43 @mori {"event":"ui","process_calls":16430,"render_calls":485,"music_polls":2400,"model_bytes":15352,"directory_scans":2,"cache_hits":0,"page":18,"selected":3,"count":12,"preview_generation":2,"file_worker_stack_free":10648,"burn_info_focus":0,"burn_info_selected":0,"burn_info_count":12,"burn_info_nor_detail":0,"file_start_active":false,"preview_active":false,"preview_done":false,"preview_available":false,"screen_dimmed":false,"selection":"","status":"burner burning: file->cart verify running","nor_model":"MT28EW01GABA","nor_id":"89 00 7E 22 28 22 01 22","nor_device_size":134217728,"nor_sector_size":131072,"nor_buffer_bytes":1024}
2026-09-12 23:05:44 @mori {"event":"status","version":"v2.32.131","uptime_ms":272776,"internal_free":73043,"internal_largest":31744,"psram_free":7457408,"burn_running":true,"patch_running":false,"cancel_requested":false,"phase":"","detail":"","offset":0,"total":0,"passes":0,"read_bytes":0,"read_ms":0,"elapsed_ms":0,"result":0,"ag32_link":"cpld","ag32_link_active":"cpld","ag32_capabilities":0,"ag32_capabilities_known":false}
2026-09-12 23:05:45 @mori {"event":"ui","process_calls":16444,"render_calls":496,"music_polls":2409,"model_bytes":15352,"directory_scans":2,"cache_hits":0,"page":18,"selected":3,"count":12,"preview_generation":2,"file_worker_stack_free":10648,"burn_info_focus":0,"burn_info_selected":0,"burn_info_count":12,"burn_info_nor_detail":0,"file_start_active":false,"preview_active":false,"preview_done":false,"preview_available":false,"screen_dimmed":false,"selection":"","status":"burner burning: file->cart verify running","nor_model":"MT28EW01GABA","nor_id":"89 00 7E 22 28 22 01 22","nor_device_size":134217728,"nor_sector_size":131072,"nor_buffer_bytes":1024}
2026-09-12 23:05:45 @mori {"event":"status","version":"v2.32.131","uptime_ms":273938,"internal_free":73043,"internal_largest":31744,"psram_free":7457408,"burn_running":true,"patch_running":false,"cancel_requested":false,"phase":"","detail":"","offset":0,"total":0,"passes":0,"read_bytes":0,"read_ms":0,"elapsed_ms":0,"result":0,"ag32_link":"cpld","ag32_link_active":"cpld","ag32_capabilities":0,"ag32_capabilities_known":false}
2026-09-12 23:05:46 @mori {"event":"ui","process_calls":16458,"render_calls":506,"music_polls":2419,"model_bytes":15352,"directory_scans":2,"cache_hits":0,"page":18,"selected":3,"count":12,"preview_generation":2,"file_worker_stack_free":10648,"burn_info_focus":0,"burn_info_selected":0,"burn_info_count":12,"burn_info_nor_detail":0,"file_start_active":false,"preview_active":false,"preview_done":false,"preview_available":false,"screen_dimmed":false,"selection":"","status":"burner burning: file->cart verify running","nor_model":"MT28EW01GABA","nor_id":"89 00 7E 22 28 22 01 22","nor_device_size":134217728,"nor_sector_size":131072,"nor_buffer_bytes":1024}
2026-09-12 23:05:46 @mori {"event":"status","version":"v2.32.131","uptime_ms":275066,"internal_free":73043,"internal_largest":31744,"psram_free":7457408,"burn_running":true,"patch_running":false,"cancel_requested":false,"phase":"","detail":"","offset":0,"total":0,"passes":0,"read_bytes":0,"read_ms":0,"elapsed_ms":0,"result":0,"ag32_link":"cpld","ag32_link_active":"cpld","ag32_capabilities":0,"ag32_capabilities_known":false}
2026-09-12 23:05:47 @mori {"event":"ui","process_calls":16471,"render_calls":518,"music_polls":2430,"model_bytes":15352,"directory_scans":2,"cache_hits":0,"page":18,"selected":3,"count":12,"preview_generation":2,"file_worker_stack_free":10648,"burn_info_focus":0,"burn_info_selected":0,"burn_info_count":12,"burn_info_nor_detail":0,"file_start_active":false,"preview_active":false,"preview_done":false,"preview_available":false,"screen_dimmed":false,"selection":"","status":"burner burning: file->cart verify running","nor_model":"MT28EW01GABA","nor_id":"89 00 7E 22 28 22 01 22","nor_device_size":134217728,"nor_sector_size":131072,"nor_buffer_bytes":1024}
2026-09-12 23:05:47 @mori {"event":"status","version":"v2.32.131","uptime_ms":276228,"internal_free":73043,"internal_largest":31744,"psram_free":7457408,"burn_running":true,"patch_running":false,"cancel_requested":false,"phase":"","detail":"","offset":0,"total":0,"passes":0,"read_bytes":0,"read_ms":0,"elapsed_ms":0,"result":0,"ag32_link":"cpld","ag32_link_active":"cpld","ag32_capabilities":0,"ag32_capabilities_known":false}
2026-09-12 23:05:48 @mori {"event":"ui","process_calls":16485,"render_calls":528,"music_polls":2439,"model_bytes":15352,"directory_scans":2,"cache_hits":0,"page":18,"selected":3,"count":12,"preview_generation":2,"file_worker_stack_free":10648,"burn_info_focus":0,"burn_info_selected":0,"burn_info_count":12,"burn_info_nor_detail":0,"file_start_active":false,"preview_active":false,"preview_done":false,"preview_available":false,"screen_dimmed":false,"selection":"","status":"burner burning: file->cart verify running","nor_model":"MT28EW01GABA","nor_id":"89 00 7E 22 28 22 01 22","nor_device_size":134217728,"nor_sector_size":131072,"nor_buffer_bytes":1024}
2026-09-12 23:05:48 @mori {"event":"status","version":"v2.32.131","uptime_ms":277361,"internal_free":73043,"internal_largest":31744,"psram_free":7457408,"burn_running":true,"patch_running":false,"cancel_requested":false,"phase":"","detail":"","offset":0,"total":0,"passes":0,"read_bytes":0,"read_ms":0,"elapsed_ms":0,"result":0,"ag32_link":"cpld","ag32_link_active":"cpld","ag32_capabilities":0,"ag32_capabilities_known":false}
2026-09-12 23:05:49 @mori {"event":"ui","process_calls":16499,"render_calls":539,"music_polls":2450,"model_bytes":15352,"directory_scans":2,"cache_hits":0,"page":18,"selected":3,"count":12,"preview_generation":2,"file_worker_stack_free":10648,"burn_info_focus":0,"burn_info_selected":0,"burn_info_count":12,"burn_info_nor_detail":0,"file_start_active":false,"preview_active":false,"preview_done":false,"preview_available":false,"screen_dimmed":false,"selection":"","status":"burner burning: file->cart verify running","nor_model":"MT28EW01GABA","nor_id":"89 00 7E 22 28 22 01 22","nor_device_size":134217728,"nor_sector_size":131072,"nor_buffer_bytes":1024}
2026-09-12 23:05:49 @mori {"event":"status","version":"v2.32.131","uptime_ms":278515,"internal_free":73043,"internal_largest":31744,"psram_free":7457408,"burn_running":true,"patch_running":false,"cancel_requested":false,"phase":"","detail":"","offset":0,"total":0,"passes":0,"read_bytes":0,"read_ms":0,"elapsed_ms":0,"result":0,"ag32_link":"cpld","ag32_link_active":"cpld","ag32_capabilities":0,"ag32_capabilities_known":false}
2026-09-12 23:05:50 @mori {"event":"ui","process_calls":16513,"render_calls":550,"music_polls":2461,"model_bytes":15352,"directory_scans":2,"cache_hits":0,"page":18,"selected":3,"count":12,"preview_generation":2,"file_worker_stack_free":10648,"burn_info_focus":0,"burn_info_selected":0,"burn_info_count":12,"burn_info_nor_detail":0,"file_start_active":false,"preview_active":false,"preview_done":false,"preview_available":false,"screen_dimmed":false,"selection":"","status":"burner burning: file->cart verify running","nor_model":"MT28EW01GABA","nor_id":"89 00 7E 22 28 22 01 22","nor_device_size":134217728,"nor_sector_size":131072,"nor_buffer_bytes":1024}
2026-09-12 23:05:50 @mori {"event":"status","version":"v2.32.131","uptime_ms":279649,"internal_free":73043,"internal_largest":31744,"psram_free":7457408,"burn_running":true,"patch_running":false,"cancel_requested":false,"phase":"","detail":"","offset":0,"total":0,"passes":0,"read_bytes":0,"read_ms":0,"elapsed_ms":0,"result":0,"ag32_link":"cpld","ag32_link_active":"cpld","ag32_capabilities":0,"ag32_capabilities_known":false}
2026-09-12 23:05:52 @mori {"event":"ui","process_calls":16527,"render_calls":561,"music_polls":2472,"model_bytes":15352,"directory_scans":2,"cache_hits":0,"page":18,"selected":3,"count":12,"preview_generation":2,"file_worker_stack_free":10648,"burn_info_focus":0,"burn_info_selected":0,"burn_info_count":12,"burn_info_nor_detail":0,"file_start_active":false,"preview_active":false,"preview_done":false,"preview_available":false,"screen_dimmed":false,"selection":"","status":"burner burning: file->cart verify running","nor_model":"MT28EW01GABA","nor_id":"89 00 7E 22 28 22 01 22","nor_device_size":134217728,"nor_sector_size":131072,"nor_buffer_bytes":1024}
2026-09-12 23:05:52 @mori {"event":"status","version":"v2.32.131","uptime_ms":280859,"internal_free":73043,"internal_largest":31744,"psram_free":7457408,"burn_running":true,"patch_running":false,"cancel_requested":false,"phase":"","detail":"","offset":0,"total":0,"passes":0,"read_bytes":0,"read_ms":0,"elapsed_ms":0,"result":0,"ag32_link":"cpld","ag32_link_active":"cpld","ag32_capabilities":0,"ag32_capabilities_known":false}
2026-09-12 23:05:53 @mori {"event":"ui","process_calls":16539,"render_calls":572,"music_polls":2483,"model_bytes":15352,"directory_scans":2,"cache_hits":0,"page":18,"selected":3,"count":12,"preview_generation":2,"file_worker_stack_free":10648,"burn_info_focus":0,"burn_info_selected":0,"burn_info_count":12,"burn_info_nor_detail":0,"file_start_active":false,"preview_active":false,"preview_done":false,"preview_available":false,"screen_dimmed":false,"selection":"","status":"burner burning: file->cart verify running","nor_model":"MT28EW01GABA","nor_id":"89 00 7E 22 28 22 01 22","nor_device_size":134217728,"nor_sector_size":131072,"nor_buffer_bytes":1024}
2026-09-12 23:05:53 @mori {"event":"status","version":"v2.32.131","uptime_ms":281976,"internal_free":73043,"internal_largest":31744,"psram_free":7457408,"burn_running":true,"patch_running":false,"cancel_requested":false,"phase":"","detail":"","offset":0,"total":0,"passes":0,"read_bytes":0,"read_ms":0,"elapsed_ms":0,"result":0,"ag32_link":"cpld","ag32_link_active":"cpld","ag32_capabilities":0,"ag32_capabilities_known":false}
2026-09-12 23:05:54 @mori {"event":"ui","process_calls":16553,"render_calls":583,"music_polls":2492,"model_bytes":15352,"directory_scans":2,"cache_hits":0,"page":18,"selected":3,"count":12,"preview_generation":2,"file_worker_stack_free":10648,"burn_info_focus":0,"burn_info_selected":0,"burn_info_count":12,"burn_info_nor_detail":0,"file_start_active":false,"preview_active":false,"preview_done":false,"preview_available":false,"screen_dimmed":false,"selection":"","status":"burner burning: file->cart verify running","nor_model":"MT28EW01GABA","nor_id":"89 00 7E 22 28 22 01 22","nor_device_size":134217728,"nor_sector_size":131072,"nor_buffer_bytes":1024}
2026-09-12 23:05:54 @mori {"event":"status","version":"v2.32.131","uptime_ms":283117,"internal_free":73043,"internal_largest":31744,"psram_free":7457408,"burn_running":true,"patch_running":false,"cancel_requested":false,"phase":"","detail":"","offset":0,"total":0,"passes":0,"read_bytes":0,"read_ms":0,"elapsed_ms":0,"result":0,"ag32_link":"cpld","ag32_link_active":"cpld","ag32_capabilities":0,"ag32_capabilities_known":false}
2026-09-12 23:05:55 @mori {"event":"ui","process_calls":16567,"render_calls":594,"music_polls":2503,"model_bytes":15352,"directory_scans":2,"cache_hits":0,"page":18,"selected":3,"count":12,"preview_generation":2,"file_worker_stack_free":10648,"burn_info_focus":0,"burn_info_selected":0,"burn_info_count":12,"burn_info_nor_detail":0,"file_start_active":false,"preview_active":false,"preview_done":false,"preview_available":false,"screen_dimmed":false,"selection":"","status":"burner burning: file->cart verify running","nor_model":"MT28EW01GABA","nor_id":"89 00 7E 22 28 22 01 22","nor_device_size":134217728,"nor_sector_size":131072,"nor_buffer_bytes":1024}
2026-09-12 23:05:55 @mori {"event":"status","version":"v2.32.131","uptime_ms":284260,"internal_free":73043,"internal_largest":31744,"psram_free":7457408,"burn_running":true,"patch_running":false,"cancel_requested":false,"phase":"","detail":"","offset":0,"total":0,"passes":0,"read_bytes":0,"read_ms":0,"elapsed_ms":0,"result":0,"ag32_link":"cpld","ag32_link_active":"cpld","ag32_capabilities":0,"ag32_capabilities_known":false}
2026-09-12 23:05:56 @mori {"event":"ui","process_calls":16581,"render_calls":604,"music_polls":2512,"model_bytes":15352,"directory_scans":2,"cache_hits":0,"page":18,"selected":3,"count":12,"preview_generation":2,"file_worker_stack_free":10648,"burn_info_focus":0,"burn_info_selected":0,"burn_info_count":12,"burn_info_nor_detail":0,"file_start_active":false,"preview_active":false,"preview_done":false,"preview_available":false,"screen_dimmed":false,"selection":"","status":"burner burning: file->cart verify running","nor_model":"MT28EW01GABA","nor_id":"89 00 7E 22 28 22 01 22","nor_device_size":134217728,"nor_sector_size":131072,"nor_buffer_bytes":1024}
2026-09-12 23:05:56 @mori {"event":"status","version":"v2.32.131","uptime_ms":285399,"internal_free":73043,"internal_largest":31744,"psram_free":7457408,"burn_running":true,"patch_running":false,"cancel_requested":false,"phase":"","detail":"","offset":0,"total":0,"passes":0,"read_bytes":0,"read_ms":0,"elapsed_ms":0,"result":0,"ag32_link":"cpld","ag32_link_active":"cpld","ag32_capabilities":0,"ag32_capabilities_known":false}
2026-09-12 23:05:57 @mori {"event":"ui","process_calls":16595,"render_calls":616,"music_polls":2523,"model_bytes":15352,"directory_scans":2,"cache_hits":0,"page":18,"selected":3,"count":12,"preview_generation":2,"file_worker_stack_free":10648,"burn_info_focus":0,"burn_info_selected":0,"burn_info_count":12,"burn_info_nor_detail":0,"file_start_active":false,"preview_active":false,"preview_done":false,"preview_available":false,"screen_dimmed":false,"selection":"","status":"burner burning: file->cart verify running","nor_model":"MT28EW01GABA","nor_id":"89 00 7E 22 28 22 01 22","nor_device_size":134217728,"nor_sector_size":131072,"nor_buffer_bytes":1024}
2026-09-12 23:05:57 @mori {"event":"status","version":"v2.32.131","uptime_ms":286600,"internal_free":73043,"internal_largest":31744,"psram_free":7457408,"burn_running":true,"patch_running":false,"cancel_requested":false,"phase":"","detail":"","offset":0,"total":0,"passes":0,"read_bytes":0,"read_ms":0,"elapsed_ms":0,"result":0,"ag32_link":"cpld","ag32_link_active":"cpld","ag32_capabilities":0,"ag32_capabilities_known":false}
2026-09-12 23:05:58 @mori {"event":"ui","process_calls":16608,"render_calls":627,"music_polls":2533,"model_bytes":15352,"directory_scans":2,"cache_hits":0,"page":18,"selected":3,"count":12,"preview_generation":2,"file_worker_stack_free":10648,"burn_info_focus":0,"burn_info_selected":0,"burn_info_count":12,"burn_info_nor_detail":0,"file_start_active":false,"preview_active":false,"preview_done":false,"preview_available":false,"screen_dimmed":false,"selection":"","status":"burner burning: file->cart verify running","nor_model":"MT28EW01GABA","nor_id":"89 00 7E 22 28 22 01 22","nor_device_size":134217728,"nor_sector_size":131072,"nor_buffer_bytes":1024}
2026-09-12 23:05:59 @mori {"event":"status","version":"v2.32.131","uptime_ms":287726,"internal_free":73043,"internal_largest":31744,"psram_free":7457408,"burn_running":true,"patch_running":false,"cancel_requested":false,"phase":"","detail":"","offset":0,"total":0,"passes":0,"read_bytes":0,"read_ms":0,"elapsed_ms":0,"result":0,"ag32_link":"cpld","ag32_link_active":"cpld","ag32_capabilities":0,"ag32_capabilities_known":false}
2026-09-12 23:06:00 @mori {"event":"ui","process_calls":16620,"render_calls":637,"music_polls":2543,"model_bytes":15352,"directory_scans":2,"cache_hits":0,"page":18,"selected":3,"count":12,"preview_generation":2,"file_worker_stack_free":10648,"burn_info_focus":0,"burn_info_selected":0,"burn_info_count":12,"burn_info_nor_detail":0,"file_start_active":false,"preview_active":false,"preview_done":false,"preview_available":false,"screen_dimmed":false,"selection":"","status":"burner burning: file->cart verify running","nor_model":"MT28EW01GABA","nor_id":"89 00 7E 22 28 22 01 22","nor_device_size":134217728,"nor_sector_size":131072,"nor_buffer_bytes":1024}
2026-09-12 23:06:00 @mori {"event":"status","version":"v2.32.131","uptime_ms":288891,"internal_free":73043,"internal_largest":31744,"psram_free":7457408,"burn_running":true,"patch_running":false,"cancel_requested":false,"phase":"","detail":"","offset":0,"total":0,"passes":0,"read_bytes":0,"read_ms":0,"elapsed_ms":0,"result":0,"ag32_link":"cpld","ag32_link_active":"cpld","ag32_capabilities":0,"ag32_capabilities_known":false}
2026-09-12 23:06:01 I (290415) burner_web: ROM verify: err=ESP_OK bytes=33554432/33554432 tf=4137ms cart=15788ms
2026-09-12 23:06:01 I (290418) burner_web: burn_task result: err=ESP_OK state=done processed=33554432/33554432 msg=verify finished
2026-09-12 23:06:01 I (290424) power_manager: CPU perf lock released by burn_task
2026-09-12 23:06:01 I (290429) burner_web: burn_task stack free min=11956 bytes
2026-09-12 23:06:01 @mori {"event":"ui","process_calls":16662,"render_calls":674,"music_polls":2554,"model_bytes":15352,"directory_scans":2,"cache_hits":0,"page":19,"selected":0,"count":19,"preview_generation":2,"file_worker_stack_free":10648,"burn_info_focus":0,"burn_info_selected":0,"burn_info_count":12,"burn_info_nor_detail":0,"file_start_active":false,"preview_active":false,"preview_done":false,"preview_available":false,"screen_dimmed":false,"selection":"","status":"burner done: verify finished","nor_model":"MT28EW01GABA","nor_id":"89 00 7E 22 28 22 01 22","nor_device_size":134217728,"nor_sector_size":131072,"nor_buffer_bytes":1024}
2026-09-12 23:06:01 @mori {"event":"status","version":"v2.32.131","uptime_ms":290013,"internal_free":82271,"internal_largest":31744,"psram_free":7539336,"burn_running":false,"patch_running":false,"cancel_requested":false,"phase":"","detail":"","offset":0,"total":0,"passes":0,"read_bytes":0,"read_ms":0,"elapsed_ms":0,"result":0,"ag32_link":"cpld","ag32_link_active":"cpld","ag32_capabilities":0,"ag32_capabilities_known":false}
