2026-09-10 22:50:35 I (995800) burner_web: PSRAM auto window: free=7538036 largest=7471104 reserve=262144 -> 6MB
2026-09-10 22:50:35 I (995802) power_manager: CPU perf lock acquired by burn_task
2026-09-10 22:50:35 I (996004) burner_web: GBA D0/D1 swap detection starting...
2026-09-10 22:50:35 I (996005) burner_web: D0/D1 swap detection: entering CFI mode (word addr 0x055)
2026-09-10 22:50:35 I (996007) burner_web: D0/D1 swap detection: CFI 'QRY' detected (normal, low-byte lane) [010]=0051 [011]=0052 [012]=0059
2026-09-10 22:50:35 I (996018) burner_web: GBA D0/D1 swap detection: NORMAL (no swap), lane=low
2026-09-10 22:50:35 I (996024) burner_web: GBA ReadID trace begin t=994802359us
2026-09-10 22:50:36 I (996029) burner_web: GBA ReadID trace write addr=0x555 data=0x00AA dt=5232us (0.005232s)
2026-09-10 22:50:36 I (996038) burner_web: GBA ReadID trace write addr=0x2AA data=0x0055 dt=8475us (0.008475s)
2026-09-10 22:50:36 I (996046) burner_web: GBA ReadID trace write addr=0x555 data=0x0090 dt=7950us (0.007950s)
2026-09-10 22:50:36 I (996054) burner_web: GBA ReadID trace read addr=0x000 data=0x0001 dt=8094us (0.008094s)
2026-09-10 22:50:36 I (996062) burner_web: GBA ReadID trace read addr=0x001 data=0x227E dt=7801us (0.007801s)
2026-09-10 22:50:36 I (996070) burner_web: GBA ReadID trace read addr=0x00E data=0x2228 dt=7883us (0.007883s)
2026-09-10 22:50:36 I (996078) burner_web: GBA ReadID trace read addr=0x00F data=0x2201 dt=7934us (0.007934s)
2026-09-10 22:50:36 I (996085) burner_web: GBA ReadID trace write addr=0x000 data=0x00F0 dt=7853us (0.007853s)
2026-09-10 22:50:36 I (996093) burner_web: GBA ReadID trace end status=ESP_OK total=68935us (0.068935s)
2026-09-10 22:50:36 I (996101) burner_web: GBA word-address probe @40000000Hz try=1 id=01 00 7E 22 28 22 01 22 (candidate-id)
2026-09-10 22:50:36 I (996110) burner_web: GBA Intel ReadID trace begin t=994888139us
2026-09-10 22:50:36 I (996116) burner_web: GBA Intel ReadID trace write addr=0x000 data=0x0050 dt=5663us (0.005663s)
2026-09-10 22:50:36 I (996124) burner_web: GBA Intel ReadID trace write addr=0x000 data=0x00FF dt=8809us (0.008809s)
2026-09-10 22:50:36 I (996133) burner_web: GBA Intel ReadID trace write addr=0x000 data=0x0090 dt=8537us (0.008537s)
2026-09-10 22:50:36 I (996141) burner_web: GBA Intel ReadID trace read addr=0x000 data=0x002E dt=8364us (0.008364s)
2026-09-10 22:50:36 I (996150) burner_web: GBA Intel ReadID trace read addr=0x001 data=0xEA00 dt=8576us (0.008576s)
2026-09-10 22:50:36 I (996158) burner_web: GBA Intel ReadID trace read addr=0x00E data=0x52A3 dt=8189us (0.008189s)
2026-09-10 22:50:36 I (996167) burner_web: GBA Intel ReadID trace read addr=0x00F data=0x19BE dt=8522us (0.008522s)
2026-09-10 22:50:36 I (996175) burner_web: GBA Intel ReadID trace write addr=0x000 data=0x0050 dt=8536us (0.008536s)
2026-09-10 22:50:36 I (996183) burner_web: GBA Intel ReadID trace write addr=0x000 data=0x00FF dt=8277us (0.008277s)
2026-09-10 22:50:36 I (996192) burner_web: GBA Intel ReadID trace end status=ESP_OK total=81856us (0.081856s)
2026-09-10 22:50:36 I (996200) burner_web: GBA intel-id probe @40000000Hz try=1 id=2E 00 00 EA A3 52 BE 19 (candidate-id)
2026-09-10 22:50:36 I (996220) burner_web: GBA raw ID method scan summary @40000000Hz try=1: candidates=0 best=AMD standard
2026-09-10 22:50:36 I (996224) burner_web: GBA profile match @40000000Hz try=1: chip=S29GL01GP/GS profile=AGB:AMD:555/2AA:AA/55 cmdset=amd method=AMD standard
2026-09-10 22:50:36 I (996232) burner_web: GBA auto probe @40000000Hz try=1 id=01 00 7E 22 28 22 01 22 (candidate-id)
2026-09-10 22:50:36 I (996241) burner_web: GBA CFI ok in word-address mode @40000000Hz try=1: chip=S29GL01GP/GS profile=AGB:AMD:555/2AA:AA/55 flash=134217728 sector=131072 geom=uniform largest=131072 regions=1 buf=512 cmdset=amd lane=low primary=0x0002
2026-09-10 22:50:36 I (996261) burner_web: GBA AMD Bacon compatibility: keep flash size 134217728, use 32MB banked writes
2026-09-10 22:50:36 I (996270) burner_web: GBA AMD runtime commands: standard AMD source=AMD standard
2026-09-10 22:50:36 I (996277) burner_web: GBA prepared: chip=S29GL01GP/GS profile=AGB:AMD:555/2AA:AA/55 flash=134217728 sector=131072 geom=uniform largest=131072 regions=1 buf=512 prog_buf=512 cfi=ok nor=amd cmd=word-address low-lane id=01 00 7E 22 28 22 01 22
2026-09-10 22:50:36 I (996298) burner_web: GBA mapping: Bacon AMD 32MB-bank bank=32MB force_multi=0 range=0x00000000-0x01FFFFFF
2026-09-10 22:52:19 I (1099190) burner_web: burn_task result: err=ESP_OK state=done processed=33554432/33554432 msg=dump finished
2026-09-10 22:52:19 I (1099192) power_manager: CPU perf lock released by burn_task
2026-09-10 22:52:19 I (1099195) burner_web: burn_task stack free min=11936 bytes
