2026-09-10 23:00:59 I (39531) burner_web: PSRAM auto window: free=7539704 largest=7471104 reserve=262144 -> 6MB
2026-09-10 23:00:59 I (39533) power_manager: CPU perf lock acquired by burn_task
2026-09-10 23:00:59 I (39735) burner_web: GBA D0/D1 swap detection starting...
2026-09-10 23:00:59 I (39736) burner_web: D0/D1 swap detection: entering CFI mode (word addr 0x055)
2026-09-10 23:00:59 I (39738) burner_web: D0/D1 swap detection: CFI 'QRY' detected (normal, low-byte lane) [010]=0051 [011]=0052 [012]=0059
2026-09-10 23:00:59 I (39749) burner_web: GBA D0/D1 swap detection: NORMAL (no swap), lane=low
2026-09-10 23:00:59 I (39755) burner_web: GBA ReadID trace begin t=38540077us
2026-09-10 23:00:59 I (39760) burner_web: GBA ReadID trace write addr=0x555 data=0x00AA dt=4993us (0.004993s)
2026-09-10 23:00:59 I (39768) burner_web: GBA ReadID trace write addr=0x2AA data=0x0055 dt=8239us (0.008239s)
2026-09-10 23:00:59 I (39776) burner_web: GBA ReadID trace write addr=0x555 data=0x0090 dt=7815us (0.007815s)
2026-09-10 23:00:59 I (39784) burner_web: GBA ReadID trace read addr=0x000 data=0x0001 dt=7786us (0.007786s)
2026-09-10 23:00:59 I (39792) burner_web: GBA ReadID trace read addr=0x001 data=0x227E dt=7918us (0.007918s)
2026-09-10 23:00:59 I (39799) burner_web: GBA ReadID trace read addr=0x00E data=0x2228 dt=7651us (0.007651s)
2026-09-10 23:00:59 I (39808) burner_web: GBA ReadID trace read addr=0x00F data=0x2201 dt=8238us (0.008238s)
2026-09-10 23:00:59 I (39815) burner_web: GBA ReadID trace write addr=0x000 data=0x00F0 dt=7561us (0.007561s)
2026-09-10 23:00:59 I (39823) burner_web: GBA ReadID trace end status=ESP_OK total=68065us (0.068065s)
2026-09-10 23:00:59 I (39830) burner_web: GBA word-address probe @40000000Hz try=1 id=01 00 7E 22 28 22 01 22 (candidate-id)
2026-09-10 23:00:59 I (39840) burner_web: GBA Intel ReadID trace begin t=38624732us
2026-09-10 23:00:59 I (39845) burner_web: GBA Intel ReadID trace write addr=0x000 data=0x0050 dt=5161us (0.005161s)
2026-09-10 23:00:59 I (39854) burner_web: GBA Intel ReadID trace write addr=0x000 data=0x00FF dt=8891us (0.008891s)
2026-09-10 23:00:59 I (39862) burner_web: GBA Intel ReadID trace write addr=0x000 data=0x0090 dt=8547us (0.008547s)
2026-09-10 23:00:59 I (39870) burner_web: GBA Intel ReadID trace read addr=0x000 data=0x002E dt=8336us (0.008336s)
2026-09-10 23:00:59 I (39879) burner_web: GBA Intel ReadID trace read addr=0x001 data=0xEA00 dt=8108us (0.008108s)
2026-09-10 23:00:59 I (39887) burner_web: GBA Intel ReadID trace read addr=0x00E data=0x52A3 dt=8581us (0.008581s)
2026-09-10 23:00:59 I (39895) burner_web: GBA Intel ReadID trace read addr=0x00F data=0x19BE dt=8062us (0.008062s)
2026-09-10 23:00:59 I (39904) burner_web: GBA Intel ReadID trace write addr=0x000 data=0x0050 dt=8771us (0.008771s)
2026-09-10 23:00:59 I (39912) burner_web: GBA Intel ReadID trace write addr=0x000 data=0x00FF dt=8186us (0.008186s)
2026-09-10 23:00:59 I (39921) burner_web: GBA Intel ReadID trace end status=ESP_OK total=80979us (0.080979s)
2026-09-10 23:01:00 I (39929) burner_web: GBA intel-id probe @40000000Hz try=1 id=2E 00 00 EA A3 52 BE 19 (candidate-id)
2026-09-10 23:01:00 I (39948) burner_web: GBA raw ID method scan summary @40000000Hz try=1: candidates=0 best=AMD standard
2026-09-10 23:01:00 I (39952) burner_web: GBA profile match @40000000Hz try=1: chip=S29GL01GP/GS profile=AGB:AMD:555/2AA:AA/55 cmdset=amd method=AMD standard
2026-09-10 23:01:00 I (39960) burner_web: GBA auto probe @40000000Hz try=1 id=01 00 7E 22 28 22 01 22 (candidate-id)
2026-09-10 23:01:00 I (39969) burner_web: GBA CFI ok in word-address mode @40000000Hz try=1: chip=S29GL01GP/GS profile=AGB:AMD:555/2AA:AA/55 flash=134217728 sector=131072 geom=uniform largest=131072 regions=1 buf=512 cmdset=amd lane=low primary=0x0002
2026-09-10 23:01:00 I (39989) burner_web: GBA AMD Bacon compatibility: keep flash size 134217728, use 32MB banked writes
2026-09-10 23:01:00 I (39998) burner_web: GBA AMD runtime commands: standard AMD source=AMD standard
2026-09-10 23:01:00 I (40005) burner_web: GBA prepared: chip=S29GL01GP/GS profile=AGB:AMD:555/2AA:AA/55 flash=134217728 sector=131072 geom=uniform largest=131072 regions=1 buf=512 prog_buf=512 cfi=ok nor=amd cmd=word-address low-lane id=01 00 7E 22 28 22 01 22
2026-09-10 23:01:00 I (40026) burner_web: GBA mapping: Bacon AMD 32MB-bank bank=32MB force_multi=0 range=0x00000000-0x01FFFFFF
2026-09-10 23:01:25 I (65533) burner_web: burn_task result: err=ESP_OK state=done processed=33554432/33554432 msg=dump finished
2026-09-10 23:01:25 I (65535) power_manager: CPU perf lock released by burn_task
2026-09-10 23:01:25 I (65538) burner_web: burn_task stack free min=11940 bytes
