2026-09-10 21:37:33 I (105037) burner_web: PSRAM auto window: free=7556100 largest=7471104 reserve=262144 -> 6MB
2026-09-10 21:37:33 I (105143) burner_web: MBC5 power rail: 3V3
2026-09-10 21:37:33 I (105245) burner_web: MBC5 ReadID trace begin t=104028769us
2026-09-10 21:37:33 I (105247) burner_web: MBC5 ReadID trace write addr=0x0AAA data=0xAA dt=2559us (0.002559s)
2026-09-10 21:37:34 I (105250) burner_web: MBC5 ReadID trace write addr=0x0555 data=0x55 dt=3346us (0.003346s)
2026-09-10 21:37:34 I (105258) burner_web: MBC5 ReadID trace write addr=0x0AAA data=0x90 dt=7388us (0.007388s)
2026-09-10 21:37:34 I (105266) burner_web: MBC5 ReadID trace read addr=0x0000 data=0xC2 dt=8206us (0.008206s)
2026-09-10 21:37:34 I (105272) burner_web: MBC5 ReadID trace read addr=0x0002 data=0x7E dt=6327us (0.006327s)
2026-09-10 21:37:34 I (105283) burner_web: MBC5 ReadID trace read addr=0x001C data=0x22 dt=10685us (0.010685s)
2026-09-10 21:37:34 I (105290) burner_web: MBC5 ReadID trace read addr=0x001E data=0x01 dt=6934us (0.006934s)
2026-09-10 21:37:34 I (105298) burner_web: MBC5 ReadID trace write addr=0x0000 data=0xF0 dt=8024us (0.008024s)
2026-09-10 21:37:34 I (105306) burner_web: MBC5 ReadID trace end status=ESP_OK total=61322us (0.061322s)
2026-09-10 21:37:34 I (105314) burner_web: MBC5 ID probe: id=C2 7E 22 01 chip=MX29GL256E/F flash=33554432 sector=131072 geom=uniform largest=131072 regions=1 buf=64 cmdset=amd
2026-09-10 21:37:34 I (105426) power_manager: CPU perf lock acquired by burn_task
2026-09-10 21:37:34 I (105529) burner_web: MBC5 power rail: 3V3
2026-09-10 21:37:34 I (105630) burner_web: MBC5 ReadID trace begin t=104414371us
2026-09-10 21:37:34 I (105632) burner_web: MBC5 ReadID trace write addr=0x0AAA data=0xAA dt=1807us (0.001807s)
2026-09-10 21:37:34 I (105634) burner_web: MBC5 ReadID trace write addr=0x0555 data=0x55 dt=2394us (0.002394s)
2026-09-10 21:37:34 I (105642) burner_web: MBC5 ReadID trace write addr=0x0AAA data=0x90 dt=7981us (0.007981s)
2026-09-10 21:37:34 I (105650) burner_web: MBC5 ReadID trace read addr=0x0000 data=0xC2 dt=8061us (0.008061s)
2026-09-10 21:37:34 I (105658) burner_web: MBC5 ReadID trace read addr=0x0002 data=0x7E dt=7927us (0.007927s)
2026-09-10 21:37:34 I (105666) burner_web: MBC5 ReadID trace read addr=0x001C data=0x22 dt=7879us (0.007879s)
2026-09-10 21:37:34 I (105674) burner_web: MBC5 ReadID trace read addr=0x001E data=0x01 dt=7673us (0.007673s)
2026-09-10 21:37:34 I (105682) burner_web: MBC5 ReadID trace write addr=0x0000 data=0xF0 dt=8103us (0.008103s)
2026-09-10 21:37:34 I (105690) burner_web: MBC5 ReadID trace end status=ESP_OK total=59532us (0.059532s)
2026-09-10 21:37:34 I (105697) burner_web: MBC5 ID probe: id=C2 7E 22 01 chip=MX29GL256E/F flash=33554432 sector=131072 geom=uniform largest=131072 regions=1 buf=64 cmdset=amd
2026-09-10 21:37:34 I (105712) burner_web: GB mapper detect: bank0 fixed=0000 switch=4000 len=64 fixed=FF-3E-A4-EA switch=FF-3E-A4-EA eq=1 blank=0/0 result=MBC5
2026-09-10 21:37:34 I (105723) burner_web: GB prepared: mapper=MBC5 flash=33554432 usable=33554432 sector=131072 geom=uniform largest=131072 regions=1 buf=64 nor=amd cfi=ok id=C2 7E 22 01
2026-09-10 21:37:34 I (105740) burner_web: MBC5 burn erase policy: force erase for all write paths
2026-09-10 21:37:34 I (105746) burner_web: MBC5 erase plan: range=0x00000000-0x005FFFFF first_sector=0x005E0000 first_bank=376 first_cart=0x4000 bytes=6291456 timeout=120000ms geom=uniform largest=131072 regions=1
2026-09-10 21:37:34 I (105761) burner_web: MBC5 erase sector: flash=0x005E0000 size=131072 bank=376 cart=0x4000
2026-09-10 21:37:35 I (106474) burner_web: MBC5 erase sector: flash=0x005C0000 size=131072 bank=368 cart=0x4000
2026-09-10 21:37:35 I (107166) burner_web: MBC5 erase sector: flash=0x005A0000 size=131072 bank=360 cart=0x4000
2026-09-10 21:37:36 I (107857) burner_web: MBC5 erase sector: flash=0x00580000 size=131072 bank=352 cart=0x4000
2026-09-10 21:37:37 I (108546) burner_web: MBC5 erase sector: flash=0x00560000 size=131072 bank=344 cart=0x4000
2026-09-10 21:37:37 I (109245) burner_web: MBC5 erase sector: flash=0x00540000 size=131072 bank=336 cart=0x4000
2026-09-10 21:37:38 I (109942) burner_web: MBC5 erase sector: flash=0x00520000 size=131072 bank=328 cart=0x4000
2026-09-10 21:37:39 I (110639) burner_web: MBC5 erase sector: flash=0x00500000 size=131072 bank=320 cart=0x4000
2026-09-10 21:37:40 I (111332) burner_web: MBC5 erase sector: flash=0x004E0000 size=131072 bank=312 cart=0x4000
2026-09-10 21:37:40 I (112027) burner_web: MBC5 erase sector: flash=0x004C0000 size=131072 bank=304 cart=0x4000
2026-09-10 21:37:41 I (112718) burner_web: MBC5 erase sector: flash=0x004A0000 size=131072 bank=296 cart=0x4000
2026-09-10 21:37:42 I (113415) burner_web: MBC5 erase sector: flash=0x00480000 size=131072 bank=288 cart=0x4000
2026-09-10 21:37:42 I (114106) burner_web: MBC5 erase sector: flash=0x00460000 size=131072 bank=280 cart=0x4000
2026-09-10 21:37:43 I (114807) burner_web: MBC5 erase sector: flash=0x00440000 size=131072 bank=272 cart=0x4000
2026-09-10 21:37:44 I (115515) burner_web: MBC5 erase sector: flash=0x00420000 size=131072 bank=264 cart=0x4000
2026-09-10 21:37:44 I (116222) burner_web: MBC5 erase sector: flash=0x00400000 size=131072 bank=256 cart=0x4000
2026-09-10 21:37:45 I (116918) burner_web: MBC5 erase sector: flash=0x003E0000 size=131072 bank=248 cart=0x4000
2026-09-10 21:37:46 I (117616) burner_web: MBC5 erase sector: flash=0x003C0000 size=131072 bank=240 cart=0x4000
2026-09-10 21:37:47 I (118306) burner_web: MBC5 erase sector: flash=0x003A0000 size=131072 bank=232 cart=0x4000
2026-09-10 21:37:47 I (118999) burner_web: MBC5 erase sector: flash=0x00380000 size=131072 bank=224 cart=0x4000
2026-09-10 21:37:48 I (119697) burner_web: MBC5 erase sector: flash=0x00360000 size=131072 bank=216 cart=0x4000
2026-09-10 21:37:49 I (120394) burner_web: MBC5 erase sector: flash=0x00340000 size=131072 bank=208 cart=0x4000
2026-09-10 21:37:49 I (121089) burner_web: MBC5 erase sector: flash=0x00320000 size=131072 bank=200 cart=0x4000
2026-09-10 21:37:50 I (121785) burner_web: MBC5 erase sector: flash=0x00300000 size=131072 bank=192 cart=0x4000
2026-09-10 21:37:51 I (122485) burner_web: MBC5 erase sector: flash=0x002E0000 size=131072 bank=184 cart=0x4000
2026-09-10 21:37:51 I (123153) burner_web: MBC5 erase sector: flash=0x002C0000 size=131072 bank=176 cart=0x4000
2026-09-10 21:37:52 I (123740) burner_web: MBC5 erase sector: flash=0x002A0000 size=131072 bank=168 cart=0x4000
2026-09-10 21:37:53 I (124385) burner_web: MBC5 erase sector: flash=0x00280000 size=131072 bank=160 cart=0x4000
2026-09-10 21:37:53 I (125030) burner_web: MBC5 erase sector: flash=0x00260000 size=131072 bank=152 cart=0x4000
2026-09-10 21:37:54 I (125662) burner_web: MBC5 erase sector: flash=0x00240000 size=131072 bank=144 cart=0x4000
2026-09-10 21:37:55 I (126287) burner_web: MBC5 erase sector: flash=0x00220000 size=131072 bank=136 cart=0x4000
2026-09-10 21:37:55 I (126940) burner_web: MBC5 erase sector: flash=0x00200000 size=131072 bank=128 cart=0x4000
2026-09-10 21:37:56 I (127599) burner_web: MBC5 erase sector: flash=0x001E0000 size=131072 bank=120 cart=0x4000
2026-09-10 21:37:57 I (128300) burner_web: MBC5 erase sector: flash=0x001C0000 size=131072 bank=112 cart=0x4000
2026-09-10 21:37:57 I (128995) burner_web: MBC5 erase sector: flash=0x001A0000 size=131072 bank=104 cart=0x4000
2026-09-10 21:37:58 I (129694) burner_web: MBC5 erase sector: flash=0x00180000 size=131072 bank=96 cart=0x4000
2026-09-10 21:37:59 I (130394) burner_web: MBC5 erase sector: flash=0x00160000 size=131072 bank=88 cart=0x4000
2026-09-10 21:37:59 I (131098) burner_web: MBC5 erase sector: flash=0x00140000 size=131072 bank=80 cart=0x4000
2026-09-10 21:38:00 I (131801) burner_web: MBC5 erase sector: flash=0x00120000 size=131072 bank=72 cart=0x4000
2026-09-10 21:38:01 I (132515) burner_web: MBC5 erase sector: flash=0x00100000 size=131072 bank=64 cart=0x4000
2026-09-10 21:38:01 I (133220) burner_web: MBC5 erase sector: flash=0x000E0000 size=131072 bank=56 cart=0x4000
2026-09-10 21:38:02 I (133924) burner_web: MBC5 erase sector: flash=0x000C0000 size=131072 bank=48 cart=0x4000
2026-09-10 21:38:03 I (134628) burner_web: MBC5 erase sector: flash=0x000A0000 size=131072 bank=40 cart=0x4000
2026-09-10 21:38:04 I (135338) burner_web: MBC5 erase sector: flash=0x00080000 size=131072 bank=32 cart=0x4000
2026-09-10 21:38:04 I (136043) burner_web: MBC5 erase sector: flash=0x00060000 size=131072 bank=24 cart=0x4000
2026-09-10 21:38:05 I (136745) burner_web: MBC5 erase sector: flash=0x00040000 size=131072 bank=16 cart=0x4000
2026-09-10 21:38:06 I (137450) burner_web: MBC5 erase sector: flash=0x00020000 size=131072 bank=8 cart=0x4000
2026-09-10 21:38:06 I (138147) burner_web: MBC5 erase sector: flash=0x00000000 size=131072 bank=0 cart=0x0000
2026-09-10 21:38:20 I (151763) burner_web: MBC5 erase plan: range=0x00600000-0x00BFFFFF first_sector=0x00BE0000 first_bank=760 first_cart=0x4000 bytes=6291456 timeout=120000ms geom=uniform largest=131072 regions=1
2026-09-10 21:38:20 I (151772) burner_web: MBC5 erase sector: flash=0x00BE0000 size=131072 bank=760 cart=0x4000
2026-09-10 21:38:21 I (152466) burner_web: MBC5 erase sector: flash=0x00BC0000 size=131072 bank=752 cart=0x4000
2026-09-10 21:38:21 I (153174) burner_web: MBC5 erase sector: flash=0x00BA0000 size=131072 bank=744 cart=0x4000
2026-09-10 21:38:22 I (153878) burner_web: MBC5 erase sector: flash=0x00B80000 size=131072 bank=736 cart=0x4000
2026-09-10 21:38:23 I (154575) burner_web: MBC5 erase sector: flash=0x00B60000 size=131072 bank=728 cart=0x4000
2026-09-10 21:38:24 I (155274) burner_web: MBC5 erase sector: flash=0x00B40000 size=131072 bank=720 cart=0x4000
2026-09-10 21:38:24 I (155960) burner_web: MBC5 erase sector: flash=0x00B20000 size=131072 bank=712 cart=0x4000
2026-09-10 21:38:25 I (156649) burner_web: MBC5 erase sector: flash=0x00B00000 size=131072 bank=704 cart=0x4000
2026-09-10 21:38:26 I (157340) burner_web: MBC5 erase sector: flash=0x00AE0000 size=131072 bank=696 cart=0x4000
2026-09-10 21:38:26 I (158036) burner_web: MBC5 erase sector: flash=0x00AC0000 size=131072 bank=688 cart=0x4000
2026-09-10 21:38:27 I (158731) burner_web: MBC5 erase sector: flash=0x00AA0000 size=131072 bank=680 cart=0x4000
2026-09-10 21:38:28 I (159432) burner_web: MBC5 erase sector: flash=0x00A80000 size=131072 bank=672 cart=0x4000
2026-09-10 21:38:28 I (160138) burner_web: MBC5 erase sector: flash=0x00A60000 size=131072 bank=664 cart=0x4000
2026-09-10 21:38:29 I (160844) burner_web: MBC5 erase sector: flash=0x00A40000 size=131072 bank=656 cart=0x4000
2026-09-10 21:38:30 I (161531) burner_web: MBC5 erase sector: flash=0x00A20000 size=131072 bank=648 cart=0x4000
2026-09-10 21:38:30 I (162220) burner_web: MBC5 erase sector: flash=0x00A00000 size=131072 bank=640 cart=0x4000
2026-09-10 21:38:31 I (162912) burner_web: MBC5 erase sector: flash=0x009E0000 size=131072 bank=632 cart=0x4000
2026-09-10 21:38:32 I (163617) burner_web: MBC5 erase sector: flash=0x009C0000 size=131072 bank=624 cart=0x4000
2026-09-10 21:38:33 I (164306) burner_web: MBC5 erase sector: flash=0x009A0000 size=131072 bank=616 cart=0x4000
2026-09-10 21:38:33 I (165009) burner_web: MBC5 erase sector: flash=0x00980000 size=131072 bank=608 cart=0x4000
2026-09-10 21:38:34 I (165708) burner_web: MBC5 erase sector: flash=0x00960000 size=131072 bank=600 cart=0x4000
2026-09-10 21:38:35 I (166396) burner_web: MBC5 erase sector: flash=0x00940000 size=131072 bank=592 cart=0x4000
2026-09-10 21:38:35 I (167094) burner_web: MBC5 erase sector: flash=0x00920000 size=131072 bank=584 cart=0x4000
2026-09-10 21:38:36 I (167730) burner_web: MBC5 erase sector: flash=0x00900000 size=131072 bank=576 cart=0x4000
2026-09-10 21:38:37 I (168352) burner_web: MBC5 erase sector: flash=0x008E0000 size=131072 bank=568 cart=0x4000
2026-09-10 21:38:37 I (169021) burner_web: MBC5 erase sector: flash=0x008C0000 size=131072 bank=560 cart=0x4000
2026-09-10 21:38:38 I (169669) burner_web: MBC5 erase sector: flash=0x008A0000 size=131072 bank=552 cart=0x4000
2026-09-10 21:38:39 I (170347) burner_web: MBC5 erase sector: flash=0x00880000 size=131072 bank=544 cart=0x4000
2026-09-10 21:38:39 I (171033) burner_web: MBC5 erase sector: flash=0x00860000 size=131072 bank=536 cart=0x4000
2026-09-10 21:38:40 I (171731) burner_web: MBC5 erase sector: flash=0x00840000 size=131072 bank=528 cart=0x4000
2026-09-10 21:38:41 I (172421) burner_web: MBC5 erase sector: flash=0x00820000 size=131072 bank=520 cart=0x4000
2026-09-10 21:38:41 I (173115) burner_web: MBC5 erase sector: flash=0x00800000 size=131072 bank=512 cart=0x4000
2026-09-10 21:38:42 I (173802) burner_web: MBC5 erase sector: flash=0x007E0000 size=131072 bank=504 cart=0x4000
2026-09-10 21:38:43 I (174499) burner_web: MBC5 erase sector: flash=0x007C0000 size=131072 bank=496 cart=0x4000
2026-09-10 21:38:43 I (175211) burner_web: MBC5 erase sector: flash=0x007A0000 size=131072 bank=488 cart=0x4000
2026-09-10 21:38:44 I (175929) burner_web: MBC5 erase sector: flash=0x00780000 size=131072 bank=480 cart=0x4000
2026-09-10 21:38:45 I (176622) burner_web: MBC5 erase sector: flash=0x00760000 size=131072 bank=472 cart=0x4000
2026-09-10 21:38:46 I (177327) burner_web: MBC5 erase sector: flash=0x00740000 size=131072 bank=464 cart=0x4000
2026-09-10 21:38:46 I (178024) burner_web: MBC5 erase sector: flash=0x00720000 size=131072 bank=456 cart=0x4000
2026-09-10 21:38:47 I (178726) burner_web: MBC5 erase sector: flash=0x00700000 size=131072 bank=448 cart=0x4000
2026-09-10 21:38:48 I (179418) burner_web: MBC5 erase sector: flash=0x006E0000 size=131072 bank=440 cart=0x4000
2026-09-10 21:38:48 I (180117) burner_web: MBC5 erase sector: flash=0x006C0000 size=131072 bank=432 cart=0x4000
2026-09-10 21:38:49 I (180809) burner_web: MBC5 erase sector: flash=0x006A0000 size=131072 bank=424 cart=0x4000
2026-09-10 21:38:50 I (181503) burner_web: MBC5 erase sector: flash=0x00680000 size=131072 bank=416 cart=0x4000
2026-09-10 21:38:50 I (182211) burner_web: MBC5 erase sector: flash=0x00660000 size=131072 bank=408 cart=0x4000
2026-09-10 21:38:51 I (182909) burner_web: MBC5 erase sector: flash=0x00640000 size=131072 bank=400 cart=0x4000
2026-09-10 21:38:52 I (183607) burner_web: MBC5 erase sector: flash=0x00620000 size=131072 bank=392 cart=0x4000
2026-09-10 21:38:53 I (184304) burner_web: MBC5 erase sector: flash=0x00600000 size=131072 bank=384 cart=0x4000
2026-09-10 21:39:09 I (200319) burner_web: MBC5 erase plan: range=0x00C00000-0x011FFFFF first_sector=0x011E0000 first_bank=1144 first_cart=0x4000 bytes=6291456 timeout=120000ms geom=uniform largest=131072 regions=1
2026-09-10 21:39:09 I (200326) burner_web: MBC5 erase sector: flash=0x011E0000 size=131072 bank=1144 cart=0x4000
2026-09-10 21:39:09 I (201024) burner_web: MBC5 erase sector: flash=0x011C0000 size=131072 bank=1136 cart=0x4000
2026-09-10 21:39:10 I (201717) burner_web: MBC5 erase sector: flash=0x011A0000 size=131072 bank=1128 cart=0x4000
2026-09-10 21:39:11 I (202417) burner_web: MBC5 erase sector: flash=0x01180000 size=131072 bank=1120 cart=0x4000
2026-09-10 21:39:11 I (203124) burner_web: MBC5 erase sector: flash=0x01160000 size=131072 bank=1112 cart=0x4000
2026-09-10 21:39:12 I (203816) burner_web: MBC5 erase sector: flash=0x01140000 size=131072 bank=1104 cart=0x4000
2026-09-10 21:39:13 I (204517) burner_web: MBC5 erase sector: flash=0x01120000 size=131072 bank=1096 cart=0x4000
2026-09-10 21:39:13 I (205216) burner_web: MBC5 erase sector: flash=0x01100000 size=131072 bank=1088 cart=0x4000
2026-09-10 21:39:14 I (205907) burner_web: MBC5 erase sector: flash=0x010E0000 size=131072 bank=1080 cart=0x4000
2026-09-10 21:39:15 I (206610) burner_web: MBC5 erase sector: flash=0x010C0000 size=131072 bank=1072 cart=0x4000
2026-09-10 21:39:16 I (207295) burner_web: MBC5 erase sector: flash=0x010A0000 size=131072 bank=1064 cart=0x4000
2026-09-10 21:39:16 I (207998) burner_web: MBC5 erase sector: flash=0x01080000 size=131072 bank=1056 cart=0x4000
2026-09-10 21:39:17 I (208708) burner_web: MBC5 erase sector: flash=0x01060000 size=131072 bank=1048 cart=0x4000
2026-09-10 21:39:18 I (209403) burner_web: MBC5 erase sector: flash=0x01040000 size=131072 bank=1040 cart=0x4000
2026-09-10 21:39:18 I (210101) burner_web: MBC5 erase sector: flash=0x01020000 size=131072 bank=1032 cart=0x4000
2026-09-10 21:39:19 I (210793) burner_web: MBC5 erase sector: flash=0x01000000 size=131072 bank=1024 cart=0x4000
2026-09-10 21:39:20 I (211490) burner_web: MBC5 erase sector: flash=0x00FE0000 size=131072 bank=1016 cart=0x4000
2026-09-10 21:39:20 I (212187) burner_web: MBC5 erase sector: flash=0x00FC0000 size=131072 bank=1008 cart=0x4000
2026-09-10 21:39:21 I (212884) burner_web: MBC5 erase sector: flash=0x00FA0000 size=131072 bank=1000 cart=0x4000
2026-09-10 21:39:22 I (213589) burner_web: MBC5 erase sector: flash=0x00F80000 size=131072 bank=992 cart=0x4000
2026-09-10 21:39:23 I (214291) burner_web: MBC5 erase sector: flash=0x00F60000 size=131072 bank=984 cart=0x4000
2026-09-10 21:39:23 I (214994) burner_web: MBC5 erase sector: flash=0x00F40000 size=131072 bank=976 cart=0x4000
2026-09-10 21:39:24 I (215691) burner_web: MBC5 erase sector: flash=0x00F20000 size=131072 bank=968 cart=0x4000
2026-09-10 21:39:25 I (216385) burner_web: MBC5 erase sector: flash=0x00F00000 size=131072 bank=960 cart=0x4000
2026-09-10 21:39:25 I (217076) burner_web: MBC5 erase sector: flash=0x00EE0000 size=131072 bank=952 cart=0x4000
2026-09-10 21:39:26 I (217782) burner_web: MBC5 erase sector: flash=0x00EC0000 size=131072 bank=944 cart=0x4000
2026-09-10 21:39:27 I (218482) burner_web: MBC5 erase sector: flash=0x00EA0000 size=131072 bank=936 cart=0x4000
2026-09-10 21:39:27 I (219171) burner_web: MBC5 erase sector: flash=0x00E80000 size=131072 bank=928 cart=0x4000
2026-09-10 21:39:28 I (219872) burner_web: MBC5 erase sector: flash=0x00E60000 size=131072 bank=920 cart=0x4000
2026-09-10 21:39:29 I (220573) burner_web: MBC5 erase sector: flash=0x00E40000 size=131072 bank=912 cart=0x4000
2026-09-10 21:39:30 I (221271) burner_web: MBC5 erase sector: flash=0x00E20000 size=131072 bank=904 cart=0x4000
2026-09-10 21:39:30 I (221967) burner_web: MBC5 erase sector: flash=0x00E00000 size=131072 bank=896 cart=0x4000
2026-09-10 21:39:31 I (222662) burner_web: MBC5 erase sector: flash=0x00DE0000 size=131072 bank=888 cart=0x4000
2026-09-10 21:39:32 I (223360) burner_web: MBC5 erase sector: flash=0x00DC0000 size=131072 bank=880 cart=0x4000
2026-09-10 21:39:32 I (224065) burner_web: MBC5 erase sector: flash=0x00DA0000 size=131072 bank=872 cart=0x4000
2026-09-10 21:39:33 I (224756) burner_web: MBC5 erase sector: flash=0x00D80000 size=131072 bank=864 cart=0x4000
2026-09-10 21:39:34 I (225469) burner_web: MBC5 erase sector: flash=0x00D60000 size=131072 bank=856 cart=0x4000
2026-09-10 21:39:34 I (226175) burner_web: MBC5 erase sector: flash=0x00D40000 size=131072 bank=848 cart=0x4000
2026-09-10 21:39:35 I (226874) burner_web: MBC5 erase sector: flash=0x00D20000 size=131072 bank=840 cart=0x4000
2026-09-10 21:39:36 I (227579) burner_web: MBC5 erase sector: flash=0x00D00000 size=131072 bank=832 cart=0x4000
2026-09-10 21:39:37 I (228271) burner_web: MBC5 erase sector: flash=0x00CE0000 size=131072 bank=824 cart=0x4000
2026-09-10 21:39:37 I (228968) burner_web: MBC5 erase sector: flash=0x00CC0000 size=131072 bank=816 cart=0x4000
2026-09-10 21:39:38 I (229663) burner_web: MBC5 erase sector: flash=0x00CA0000 size=131072 bank=808 cart=0x4000
2026-09-10 21:39:39 I (230358) burner_web: MBC5 erase sector: flash=0x00C80000 size=131072 bank=800 cart=0x4000
2026-09-10 21:39:39 I (231050) burner_web: MBC5 erase sector: flash=0x00C60000 size=131072 bank=792 cart=0x4000
2026-09-10 21:39:40 I (231749) burner_web: MBC5 erase sector: flash=0x00C40000 size=131072 bank=784 cart=0x4000
2026-09-10 21:39:41 I (232441) burner_web: MBC5 erase sector: flash=0x00C20000 size=131072 bank=776 cart=0x4000
2026-09-10 21:39:41 I (233134) burner_web: MBC5 erase sector: flash=0x00C00000 size=131072 bank=768 cart=0x4000
2026-09-10 21:39:56 I (247661) burner_web: MBC5 erase plan: range=0x01200000-0x017FFFFF first_sector=0x017E0000 first_bank=1528 first_cart=0x4000 bytes=6291456 timeout=120000ms geom=uniform largest=131072 regions=1
2026-09-10 21:39:56 I (247669) burner_web: MBC5 erase sector: flash=0x017E0000 size=131072 bank=1528 cart=0x4000
2026-09-10 21:39:57 I (248377) burner_web: MBC5 erase sector: flash=0x017C0000 size=131072 bank=1520 cart=0x4000
2026-09-10 21:39:57 I (249099) burner_web: MBC5 erase sector: flash=0x017A0000 size=131072 bank=1512 cart=0x4000
2026-09-10 21:39:58 I (249798) burner_web: MBC5 erase sector: flash=0x01780000 size=131072 bank=1504 cart=0x4000
2026-09-10 21:39:59 I (250497) burner_web: MBC5 erase sector: flash=0x01760000 size=131072 bank=1496 cart=0x4000
2026-09-10 21:39:59 I (251199) burner_web: MBC5 erase sector: flash=0x01740000 size=131072 bank=1488 cart=0x4000
2026-09-10 21:40:00 I (251891) burner_web: MBC5 erase sector: flash=0x01720000 size=131072 bank=1480 cart=0x4000
2026-09-10 21:40:01 I (252583) burner_web: MBC5 erase sector: flash=0x01700000 size=131072 bank=1472 cart=0x4000
2026-09-10 21:40:02 I (253286) burner_web: MBC5 erase sector: flash=0x016E0000 size=131072 bank=1464 cart=0x4000
2026-09-10 21:40:02 I (253986) burner_web: MBC5 erase sector: flash=0x016C0000 size=131072 bank=1456 cart=0x4000
2026-09-10 21:40:03 I (254687) burner_web: MBC5 erase sector: flash=0x016A0000 size=131072 bank=1448 cart=0x4000
2026-09-10 21:40:04 I (255380) burner_web: MBC5 erase sector: flash=0x01680000 size=131072 bank=1440 cart=0x4000
2026-09-10 21:40:04 I (256086) burner_web: MBC5 erase sector: flash=0x01660000 size=131072 bank=1432 cart=0x4000
2026-09-10 21:40:05 I (256784) burner_web: MBC5 erase sector: flash=0x01640000 size=131072 bank=1424 cart=0x4000
2026-09-10 21:40:06 I (257482) burner_web: MBC5 erase sector: flash=0x01620000 size=131072 bank=1416 cart=0x4000
2026-09-10 21:40:06 I (258175) burner_web: MBC5 erase sector: flash=0x01600000 size=131072 bank=1408 cart=0x4000
2026-09-10 21:40:07 I (258873) burner_web: MBC5 erase sector: flash=0x015E0000 size=131072 bank=1400 cart=0x4000
2026-09-10 21:40:08 I (259579) burner_web: MBC5 erase sector: flash=0x015C0000 size=131072 bank=1392 cart=0x4000
2026-09-10 21:40:09 I (260272) burner_web: MBC5 erase sector: flash=0x015A0000 size=131072 bank=1384 cart=0x4000
2026-09-10 21:40:09 I (260971) burner_web: MBC5 erase sector: flash=0x01580000 size=131072 bank=1376 cart=0x4000
2026-09-10 21:40:10 I (261670) burner_web: MBC5 erase sector: flash=0x01560000 size=131072 bank=1368 cart=0x4000
2026-09-10 21:40:11 I (262375) burner_web: MBC5 erase sector: flash=0x01540000 size=131072 bank=1360 cart=0x4000
2026-09-10 21:40:11 I (263066) burner_web: MBC5 erase sector: flash=0x01520000 size=131072 bank=1352 cart=0x4000
2026-09-10 21:40:12 I (263763) burner_web: MBC5 erase sector: flash=0x01500000 size=131072 bank=1344 cart=0x4000
2026-09-10 21:40:13 I (264454) burner_web: MBC5 erase sector: flash=0x014E0000 size=131072 bank=1336 cart=0x4000
2026-09-10 21:40:13 I (265150) burner_web: MBC5 erase sector: flash=0x014C0000 size=131072 bank=1328 cart=0x4000
2026-09-10 21:40:14 I (265849) burner_web: MBC5 erase sector: flash=0x014A0000 size=131072 bank=1320 cart=0x4000
2026-09-10 21:40:15 I (266548) burner_web: MBC5 erase sector: flash=0x01480000 size=131072 bank=1312 cart=0x4000
2026-09-10 21:40:15 I (267250) burner_web: MBC5 erase sector: flash=0x01460000 size=131072 bank=1304 cart=0x4000
2026-09-10 21:40:16 I (267950) burner_web: MBC5 erase sector: flash=0x01440000 size=131072 bank=1296 cart=0x4000
2026-09-10 21:40:17 I (268657) burner_web: MBC5 erase sector: flash=0x01420000 size=131072 bank=1288 cart=0x4000
2026-09-10 21:40:18 I (269348) burner_web: MBC5 erase sector: flash=0x01400000 size=131072 bank=1280 cart=0x4000
2026-09-10 21:40:18 I (270044) burner_web: MBC5 erase sector: flash=0x013E0000 size=131072 bank=1272 cart=0x4000
2026-09-10 21:40:19 I (270743) burner_web: MBC5 erase sector: flash=0x013C0000 size=131072 bank=1264 cart=0x4000
2026-09-10 21:40:20 I (271446) burner_web: MBC5 erase sector: flash=0x013A0000 size=131072 bank=1256 cart=0x4000
2026-09-10 21:40:20 I (272140) burner_web: MBC5 erase sector: flash=0x01380000 size=131072 bank=1248 cart=0x4000
2026-09-10 21:40:21 I (272840) burner_web: MBC5 erase sector: flash=0x01360000 size=131072 bank=1240 cart=0x4000
2026-09-10 21:40:22 I (273538) burner_web: MBC5 erase sector: flash=0x01340000 size=131072 bank=1232 cart=0x4000
2026-09-10 21:40:22 I (274235) burner_web: MBC5 erase sector: flash=0x01320000 size=131072 bank=1224 cart=0x4000
2026-09-10 21:40:23 I (274941) burner_web: MBC5 erase sector: flash=0x01300000 size=131072 bank=1216 cart=0x4000
2026-09-10 21:40:24 I (275642) burner_web: MBC5 erase sector: flash=0x012E0000 size=131072 bank=1208 cart=0x4000
2026-09-10 21:40:25 I (276343) burner_web: MBC5 erase sector: flash=0x012C0000 size=131072 bank=1200 cart=0x4000
2026-09-10 21:40:25 I (277034) burner_web: MBC5 erase sector: flash=0x012A0000 size=131072 bank=1192 cart=0x4000
2026-09-10 21:40:26 I (277734) burner_web: MBC5 erase sector: flash=0x01280000 size=131072 bank=1184 cart=0x4000
2026-09-10 21:40:27 I (278432) burner_web: MBC5 erase sector: flash=0x01260000 size=131072 bank=1176 cart=0x4000
2026-09-10 21:40:27 I (279122) burner_web: MBC5 erase sector: flash=0x01240000 size=131072 bank=1168 cart=0x4000
2026-09-10 21:40:28 I (279815) burner_web: MBC5 erase sector: flash=0x01220000 size=131072 bank=1160 cart=0x4000
2026-09-10 21:40:29 I (280514) burner_web: MBC5 erase sector: flash=0x01200000 size=131072 bank=1152 cart=0x4000
2026-09-10 21:40:43 I (295052) burner_web: MBC5 erase plan: range=0x01800000-0x01DFFFFF first_sector=0x01DE0000 first_bank=1912 first_cart=0x4000 bytes=6291456 timeout=120000ms geom=uniform largest=131072 regions=1
2026-09-10 21:40:43 I (295059) burner_web: MBC5 erase sector: flash=0x01DE0000 size=131072 bank=1912 cart=0x4000
2026-09-10 21:40:44 I (295766) burner_web: MBC5 erase sector: flash=0x01DC0000 size=131072 bank=1904 cart=0x4000
2026-09-10 21:40:45 I (296472) burner_web: MBC5 erase sector: flash=0x01DA0000 size=131072 bank=1896 cart=0x4000
2026-09-10 21:40:45 I (297171) burner_web: MBC5 erase sector: flash=0x01D80000 size=131072 bank=1888 cart=0x4000
2026-09-10 21:40:46 I (297861) burner_web: MBC5 erase sector: flash=0x01D60000 size=131072 bank=1880 cart=0x4000
2026-09-10 21:40:47 I (298567) burner_web: MBC5 erase sector: flash=0x01D40000 size=131072 bank=1872 cart=0x4000
2026-09-10 21:40:47 I (299259) burner_web: MBC5 erase sector: flash=0x01D20000 size=131072 bank=1864 cart=0x4000
2026-09-10 21:40:48 I (299953) burner_web: MBC5 erase sector: flash=0x01D00000 size=131072 bank=1856 cart=0x4000
2026-09-10 21:40:49 I (300643) burner_web: MBC5 erase sector: flash=0x01CE0000 size=131072 bank=1848 cart=0x4000
2026-09-10 21:40:50 I (301333) burner_web: MBC5 erase sector: flash=0x01CC0000 size=131072 bank=1840 cart=0x4000
2026-09-10 21:40:50 I (302034) burner_web: MBC5 erase sector: flash=0x01CA0000 size=131072 bank=1832 cart=0x4000
2026-09-10 21:40:51 I (302729) burner_web: MBC5 erase sector: flash=0x01C80000 size=131072 bank=1824 cart=0x4000
2026-09-10 21:40:52 I (303430) burner_web: MBC5 erase sector: flash=0x01C60000 size=131072 bank=1816 cart=0x4000
2026-09-10 21:40:52 I (304130) burner_web: MBC5 erase sector: flash=0x01C40000 size=131072 bank=1808 cart=0x4000
2026-09-10 21:40:53 I (304821) burner_web: MBC5 erase sector: flash=0x01C20000 size=131072 bank=1800 cart=0x4000
2026-09-10 21:40:54 I (305521) burner_web: MBC5 erase sector: flash=0x01C00000 size=131072 bank=1792 cart=0x4000
2026-09-10 21:40:54 I (306217) burner_web: MBC5 erase sector: flash=0x01BE0000 size=131072 bank=1784 cart=0x4000
2026-09-10 21:40:55 I (306940) burner_web: MBC5 erase sector: flash=0x01BC0000 size=131072 bank=1776 cart=0x4000
2026-09-10 21:40:56 I (307632) burner_web: MBC5 erase sector: flash=0x01BA0000 size=131072 bank=1768 cart=0x4000
2026-09-10 21:40:57 I (308320) burner_web: MBC5 erase sector: flash=0x01B80000 size=131072 bank=1760 cart=0x4000
2026-09-10 21:40:57 I (309019) burner_web: MBC5 erase sector: flash=0x01B60000 size=131072 bank=1752 cart=0x4000
2026-09-10 21:40:58 I (309707) burner_web: MBC5 erase sector: flash=0x01B40000 size=131072 bank=1744 cart=0x4000
2026-09-10 21:40:59 I (310409) burner_web: MBC5 erase sector: flash=0x01B20000 size=131072 bank=1736 cart=0x4000
2026-09-10 21:40:59 I (311107) burner_web: MBC5 erase sector: flash=0x01B00000 size=131072 bank=1728 cart=0x4000
2026-09-10 21:41:00 I (311812) burner_web: MBC5 erase sector: flash=0x01AE0000 size=131072 bank=1720 cart=0x4000
2026-09-10 21:41:01 I (312507) burner_web: MBC5 erase sector: flash=0x01AC0000 size=131072 bank=1712 cart=0x4000
2026-09-10 21:41:01 I (313198) burner_web: MBC5 erase sector: flash=0x01AA0000 size=131072 bank=1704 cart=0x4000
2026-09-10 21:41:02 I (313889) burner_web: MBC5 erase sector: flash=0x01A80000 size=131072 bank=1696 cart=0x4000
2026-09-10 21:41:03 I (314598) burner_web: MBC5 erase sector: flash=0x01A60000 size=131072 bank=1688 cart=0x4000
2026-09-10 21:41:04 I (315293) burner_web: MBC5 erase sector: flash=0x01A40000 size=131072 bank=1680 cart=0x4000
2026-09-10 21:41:04 I (315989) burner_web: MBC5 erase sector: flash=0x01A20000 size=131072 bank=1672 cart=0x4000
2026-09-10 21:41:05 I (316689) burner_web: MBC5 erase sector: flash=0x01A00000 size=131072 bank=1664 cart=0x4000
2026-09-10 21:41:06 I (317379) burner_web: MBC5 erase sector: flash=0x019E0000 size=131072 bank=1656 cart=0x4000
2026-09-10 21:41:06 I (318068) burner_web: MBC5 erase sector: flash=0x019C0000 size=131072 bank=1648 cart=0x4000
2026-09-10 21:41:07 I (318754) burner_web: MBC5 erase sector: flash=0x019A0000 size=131072 bank=1640 cart=0x4000
2026-09-10 21:41:08 I (319455) burner_web: MBC5 erase sector: flash=0x01980000 size=131072 bank=1632 cart=0x4000
2026-09-10 21:41:08 I (320149) burner_web: MBC5 erase sector: flash=0x01960000 size=131072 bank=1624 cart=0x4000
2026-09-10 21:41:09 I (320846) burner_web: MBC5 erase sector: flash=0x01940000 size=131072 bank=1616 cart=0x4000
2026-09-10 21:41:10 I (321552) burner_web: MBC5 erase sector: flash=0x01920000 size=131072 bank=1608 cart=0x4000
2026-09-10 21:41:10 I (322195) burner_web: MBC5 erase sector: flash=0x01900000 size=131072 bank=1600 cart=0x4000
2026-09-10 21:41:11 I (322813) burner_web: MBC5 erase sector: flash=0x018E0000 size=131072 bank=1592 cart=0x4000
2026-09-10 21:41:12 I (323504) burner_web: MBC5 erase sector: flash=0x018C0000 size=131072 bank=1584 cart=0x4000
2026-09-10 21:41:12 I (324204) burner_web: MBC5 erase sector: flash=0x018A0000 size=131072 bank=1576 cart=0x4000
2026-09-10 21:41:13 I (324897) burner_web: MBC5 erase sector: flash=0x01880000 size=131072 bank=1568 cart=0x4000
2026-09-10 21:41:14 I (325591) burner_web: MBC5 erase sector: flash=0x01860000 size=131072 bank=1560 cart=0x4000
2026-09-10 21:41:15 I (326294) burner_web: MBC5 erase sector: flash=0x01840000 size=131072 bank=1552 cart=0x4000
2026-09-10 21:41:15 I (326984) burner_web: MBC5 erase sector: flash=0x01820000 size=131072 bank=1544 cart=0x4000
2026-09-10 21:41:16 I (327682) burner_web: MBC5 erase sector: flash=0x01800000 size=131072 bank=1536 cart=0x4000
2026-09-10 21:41:32 I (343846) burner_web: MBC5 erase plan: range=0x01E00000-0x01FFFFFF first_sector=0x01FE0000 first_bank=2040 first_cart=0x4000 bytes=2097152 timeout=40000ms geom=uniform largest=131072 regions=1
2026-09-10 21:41:32 I (343854) burner_web: MBC5 erase sector: flash=0x01FE0000 size=131072 bank=2040 cart=0x4000
2026-09-10 21:41:33 I (344560) burner_web: MBC5 erase sector: flash=0x01FC0000 size=131072 bank=2032 cart=0x4000
2026-09-10 21:41:33 I (345259) burner_web: MBC5 erase sector: flash=0x01FA0000 size=131072 bank=2024 cart=0x4000
2026-09-10 21:41:34 I (345964) burner_web: MBC5 erase sector: flash=0x01F80000 size=131072 bank=2016 cart=0x4000
2026-09-10 21:41:35 I (346680) burner_web: MBC5 erase sector: flash=0x01F60000 size=131072 bank=2008 cart=0x4000
2026-09-10 21:41:36 I (347377) burner_web: MBC5 erase sector: flash=0x01F40000 size=131072 bank=2000 cart=0x4000
2026-09-10 21:41:36 I (348070) burner_web: MBC5 erase sector: flash=0x01F20000 size=131072 bank=1992 cart=0x4000
2026-09-10 21:41:37 I (348761) burner_web: MBC5 erase sector: flash=0x01F00000 size=131072 bank=1984 cart=0x4000
2026-09-10 21:41:38 I (349454) burner_web: MBC5 erase sector: flash=0x01EE0000 size=131072 bank=1976 cart=0x4000
2026-09-10 21:41:38 I (350156) burner_web: MBC5 erase sector: flash=0x01EC0000 size=131072 bank=1968 cart=0x4000
2026-09-10 21:41:39 I (350855) burner_web: MBC5 erase sector: flash=0x01EA0000 size=131072 bank=1960 cart=0x4000
2026-09-10 21:41:40 I (351557) burner_web: MBC5 erase sector: flash=0x01E80000 size=131072 bank=1952 cart=0x4000
2026-09-10 21:41:41 I (352269) burner_web: MBC5 erase sector: flash=0x01E60000 size=131072 bank=1944 cart=0x4000
2026-09-10 21:41:41 I (352960) burner_web: MBC5 erase sector: flash=0x01E40000 size=131072 bank=1936 cart=0x4000
2026-09-10 21:41:42 I (353657) burner_web: MBC5 erase sector: flash=0x01E20000 size=131072 bank=1928 cart=0x4000
2026-09-10 21:41:43 I (354354) burner_web: MBC5 erase sector: flash=0x01E00000 size=131072 bank=1920 cart=0x4000
2026-09-10 21:41:47 I (359126) burner_web: burn_task result: err=ESP_OK state=done processed=33554432/33554432 msg=burn finished
2026-09-10 21:41:47 I (359128) power_manager: CPU perf lock released by burn_task
2026-09-10 21:41:47 I (359131) burner_web: burn_task stack free min=11332 bytes
2026-09-10 21:41:48 I (360203) power_manager: CPU perf lock acquired by burn_task
2026-09-10 21:41:49 I (360306) burner_web: MBC5 power rail: 3V3
2026-09-10 21:41:49 I (360407) burner_web: MBC5 ReadID trace begin t=359191321us
2026-09-10 21:41:49 I (360409) burner_web: MBC5 ReadID trace write addr=0x0AAA data=0xAA dt=1663us (0.001663s)
2026-09-10 21:41:49 I (360411) burner_web: MBC5 ReadID trace write addr=0x0555 data=0x55 dt=2609us (0.002609s)
2026-09-10 21:41:49 I (360419) burner_web: MBC5 ReadID trace write addr=0x0AAA data=0x90 dt=8076us (0.008076s)
2026-09-10 21:41:49 I (360427) burner_web: MBC5 ReadID trace read addr=0x0000 data=0xC2 dt=7950us (0.007950s)
2026-09-10 21:41:49 I (360435) burner_web: MBC5 ReadID trace read addr=0x0002 data=0x7E dt=7714us (0.007714s)
2026-09-10 21:41:49 I (360443) burner_web: MBC5 ReadID trace read addr=0x001C data=0x22 dt=8040us (0.008040s)
2026-09-10 21:41:49 I (360451) burner_web: MBC5 ReadID trace read addr=0x001E data=0x01 dt=7985us (0.007985s)
2026-09-10 21:41:49 I (360459) burner_web: MBC5 ReadID trace write addr=0x0000 data=0xF0 dt=7849us (0.007849s)
2026-09-10 21:41:49 I (360467) burner_web: MBC5 ReadID trace end status=ESP_OK total=59620us (0.059620s)
2026-09-10 21:41:49 I (360474) burner_web: MBC5 ID probe: id=C2 7E 22 01 chip=MX29GL256E/F flash=33554432 sector=131072 geom=uniform largest=131072 regions=1 buf=64 cmdset=amd
2026-09-10 21:41:49 I (360488) burner_web: GB mapper detect: bank0 fixed=0000 switch=4000 len=64 fixed=FF-3E-A4-EA switch=FF-3E-A4-EA eq=1 blank=0/0 result=MBC5
2026-09-10 21:41:49 I (360500) burner_web: GB prepared: mapper=MBC5 flash=33554432 usable=33554432 sector=131072 geom=uniform largest=131072 regions=1 buf=64 nor=amd cfi=ok id=C2 7E 22 01
2026-09-10 21:42:13 I (385248) burner_web: burn_task result: err=ESP_OK state=done processed=33554432/33554432 msg=verify finished
2026-09-10 21:42:13 I (385250) power_manager: CPU perf lock released by burn_task
2026-09-10 21:42:13 I (385253) burner_web: burn_task stack free min=11204 bytes
