2026-09-10 22:14:15 @mori {"event":"ui","process_calls":49195,"render_calls":4751,"music_polls":8785,"model_bytes":15352,"directory_scans":3,"cache_hits":0,"page":19,"selected":0,"count":19,"preview_generation":3,"file_worker_stack_free":10160,"file_start_active":false,"preview_active":false,"preview_done":false,"preview_available":false,"screen_dimmed":true,"selection":"","status":"burner done: burn finished"}
2026-09-10 22:14:15 @mori {"event":"key","message":"b"}
2026-09-10 22:14:15 @mori {"event":"ui","process_calls":49204,"render_calls":4751,"music_polls":8786,"model_bytes":15352,"directory_scans":3,"cache_hits":0,"page":19,"selected":0,"count":19,"preview_generation":3,"file_worker_stack_free":10160,"file_start_active":false,"preview_active":false,"preview_done":false,"preview_available":false,"screen_dimmed":false,"selection":"","status":"burner done: burn finished"}
2026-09-10 22:14:15 @mori {"event":"key","message":"b"}
2026-09-10 22:14:15 @mori {"event":"ui","process_calls":49208,"render_calls":4752,"music_polls":8787,"model_bytes":15352,"directory_scans":3,"cache_hits":0,"page":15,"selected":0,"count":10,"preview_generation":3,"file_worker_stack_free":10160,"file_start_active":false,"preview_active":false,"preview_done":false,"preview_available":false,"screen_dimmed":false,"selection":"重新分析","status":"就绪"}
2026-09-10 22:14:15 @mori {"event":"key","message":"b"}
2026-09-10 22:14:15 @mori {"event":"ui","process_calls":49211,"render_calls":4755,"music_polls":8788,"model_bytes":15352,"directory_scans":3,"cache_hits":0,"page":14,"selected":0,"count":2,"preview_generation":3,"file_worker_stack_free":10160,"file_start_active":false,"preview_active":false,"preview_done":false,"preview_available":false,"screen_dimmed":false,"selection":"","status":"就绪"}
2026-09-10 22:14:15 @mori {"event":"key","message":"b"}
2026-09-10 22:14:16 @mori {"event":"ui","process_calls":49216,"render_calls":4760,"music_polls":8790,"model_bytes":15352,"directory_scans":3,"cache_hits":0,"page":0,"selected":3,"count":5,"preview_generation":3,"file_worker_stack_free":10160,"file_start_active":false,"preview_active":false,"preview_done":false,"preview_available":false,"screen_dimmed":false,"selection":"烧录器","status":"就绪"}
2026-09-10 22:14:16 @mori {"event":"ui","process_calls":49219,"render_calls":4763,"music_polls":8790,"model_bytes":15352,"directory_scans":3,"cache_hits":0,"page":0,"selected":3,"count":5,"preview_generation":3,"file_worker_stack_free":10160,"file_start_active":false,"preview_active":false,"preview_done":false,"preview_available":false,"screen_dimmed":false,"selection":"烧录器","status":"就绪"}
2026-09-10 22:14:16 @mori {"event":"key","message":"a"}
2026-09-10 22:14:16 @mori {"event":"ui","process_calls":49223,"render_calls":4767,"music_polls":8791,"model_bytes":15352,"directory_scans":3,"cache_hits":0,"page":14,"selected":0,"count":2,"preview_generation":3,"file_worker_stack_free":10160,"file_start_active":false,"preview_active":false,"preview_done":false,"preview_available":false,"screen_dimmed":false,"selection":"","status":"就绪"}
2026-09-10 22:14:16 @mori {"event":"ui","process_calls":49226,"render_calls":4770,"music_polls":8791,"model_bytes":15352,"directory_scans":3,"cache_hits":0,"page":14,"selected":0,"count":2,"preview_generation":3,"file_worker_stack_free":10160,"file_start_active":false,"preview_active":false,"preview_done":false,"preview_available":false,"screen_dimmed":false,"selection":"","status":"就绪"}
2026-09-10 22:14:16 @mori {"event":"key","message":"right"}
2026-09-10 22:14:16 @mori {"event":"ui","process_calls":49234,"render_calls":4778,"music_polls":8792,"model_bytes":15352,"directory_scans":3,"cache_hits":0,"page":14,"selected":1,"count":2,"preview_generation":3,"file_worker_stack_free":10160,"file_start_active":false,"preview_active":false,"preview_done":false,"preview_available":false,"screen_dimmed":false,"selection":"","status":"就绪"}
2026-09-10 22:14:16 @mori {"event":"key","message":"a"}
2026-09-10 22:14:16 @mori {"event":"ui","process_calls":49238,"render_calls":4782,"music_polls":8793,"model_bytes":15352,"directory_scans":3,"cache_hits":0,"page":15,"selected":0,"count":10,"preview_generation":3,"file_worker_stack_free":10160,"file_start_active":false,"preview_active":false,"preview_done":false,"preview_available":false,"screen_dimmed":false,"selection":"重新分析","status":"卡带已分析"}
2026-09-10 22:14:16 @mori {"event":"ui","process_calls":49239,"render_calls":4783,"music_polls":8794,"model_bytes":15352,"directory_scans":3,"cache_hits":0,"page":15,"selected":0,"count":10,"preview_generation":3,"file_worker_stack_free":10160,"file_start_active":false,"preview_active":false,"preview_done":false,"preview_available":false,"screen_dimmed":false,"selection":"重新分析","status":"卡带已分析"}
2026-09-10 22:14:16 @mori {"event":"key","message":"down"}
2026-09-10 22:14:16 @mori {"event":"ui","process_calls":49244,"render_calls":4788,"music_polls":8795,"model_bytes":15352,"directory_scans":3,"cache_hits":0,"page":15,"selected":1,"count":10,"preview_generation":3,"file_worker_stack_free":10160,"file_start_active":false,"preview_active":false,"preview_done":false,"preview_available":false,"screen_dimmed":false,"selection":"ROM: 自由合卡GBC.gb","status":"卡带已分析"}
2026-09-10 22:14:16 @mori {"event":"key","message":"down"}
2026-09-10 22:14:16 @mori {"event":"ui","process_calls":49247,"render_calls":4791,"music_polls":8796,"model_bytes":15352,"directory_scans":3,"cache_hits":0,"page":15,"selected":2,"count":10,"preview_generation":3,"file_worker_stack_free":10160,"file_start_active":false,"preview_active":false,"preview_done":false,"preview_available":false,"screen_dimmed":false,"selection":"ROM: MBC5","status":"卡带已分析"}
2026-09-10 22:14:16 @mori {"event":"key","message":"down"}
2026-09-10 22:14:17 @mori {"event":"ui","process_calls":49251,"render_calls":4795,"music_polls":8797,"model_bytes":15352,"directory_scans":3,"cache_hits":0,"page":15,"selected":3,"count":10,"preview_generation":3,"file_worker_stack_free":10160,"file_start_active":false,"preview_active":false,"preview_done":false,"preview_available":false,"screen_dimmed":false,"selection":"ROM: 写入","status":"卡带已分析"}
2026-09-10 22:14:17 @mori {"event":"key","message":"down"}
2026-09-10 22:14:17 @mori {"event":"ui","process_calls":49255,"render_calls":4799,"music_polls":8799,"model_bytes":15352,"directory_scans":3,"cache_hits":0,"page":15,"selected":4,"count":10,"preview_generation":3,"file_worker_stack_free":10160,"file_start_active":false,"preview_active":false,"preview_done":false,"preview_available":false,"screen_dimmed":false,"selection":"ROM: 校验","status":"卡带已分析"}
2026-09-10 22:14:17 @mori {"event":"key","message":"down"}
2026-09-10 22:14:17 @mori {"event":"ui","process_calls":49259,"render_calls":4803,"music_polls":8800,"model_bytes":15352,"directory_scans":3,"cache_hits":0,"page":15,"selected":5,"count":10,"preview_generation":3,"file_worker_stack_free":10160,"file_start_active":false,"preview_active":false,"preview_done":false,"preview_available":false,"screen_dimmed":false,"selection":"ROM: 读取","status":"卡带已分析"}
2026-09-10 22:14:17 @mori {"event":"key","message":"down"}
2026-09-10 22:14:17 @mori {"event":"ui","process_calls":49263,"render_calls":4807,"music_polls":8801,"model_bytes":15352,"directory_scans":3,"cache_hits":0,"page":15,"selected":6,"count":10,"preview_generation":3,"file_worker_stack_free":10160,"file_start_active":false,"preview_active":false,"preview_done":false,"preview_available":false,"screen_dimmed":false,"selection":"ROM: 整片擦除","status":"卡带已分析"}
2026-09-10 22:14:17 @mori {"event":"key","message":"down"}
2026-09-10 22:14:17 @mori {"event":"ui","process_calls":49267,"render_calls":4811,"music_polls":8802,"model_bytes":15352,"directory_scans":3,"cache_hits":0,"page":15,"selected":7,"count":10,"preview_generation":3,"file_worker_stack_free":10160,"file_start_active":false,"preview_active":false,"preview_done":false,"preview_available":false,"screen_dimmed":false,"selection":"ROM: 解锁PPB","status":"卡带已分析"}
2026-09-10 22:14:17 @mori {"event":"key","message":"down"}
2026-09-10 22:14:17 @mori {"event":"ui","process_calls":49271,"render_calls":4815,"music_polls":8804,"model_bytes":15352,"directory_scans":3,"cache_hits":0,"page":15,"selected":8,"count":10,"preview_generation":3,"file_worker_stack_free":10160,"file_start_active":false,"preview_active":false,"preview_done":false,"preview_available":false,"screen_dimmed":false,"selection":"RAM: 操作","status":"卡带已分析"}
2026-09-10 22:14:17 @mori {"event":"key","message":"down"}
2026-09-10 22:14:17 @mori {"event":"ui","process_calls":49275,"render_calls":4819,"music_polls":8805,"model_bytes":15352,"directory_scans":3,"cache_hits":0,"page":15,"selected":9,"count":10,"preview_generation":3,"file_worker_stack_free":10160,"file_start_active":false,"preview_active":false,"preview_done":false,"preview_available":false,"screen_dimmed":false,"selection":"烧录方式","status":"卡带已分析"}
2026-09-10 22:14:18 @mori {"event":"key","message":"down"}
2026-09-10 22:14:18 @mori {"event":"ui","process_calls":49278,"render_calls":4822,"music_polls":8806,"model_bytes":15352,"directory_scans":3,"cache_hits":0,"page":15,"selected":0,"count":10,"preview_generation":3,"file_worker_stack_free":10160,"file_start_active":false,"preview_active":false,"preview_done":false,"preview_available":false,"screen_dimmed":false,"selection":"重新分析","status":"卡带已分析"}
2026-09-10 22:14:18 @mori {"event":"key","message":"down"}
2026-09-10 22:14:18 @mori {"event":"ui","process_calls":49282,"render_calls":4826,"music_polls":8807,"model_bytes":15352,"directory_scans":3,"cache_hits":0,"page":15,"selected":1,"count":10,"preview_generation":3,"file_worker_stack_free":10160,"file_start_active":false,"preview_active":false,"preview_done":false,"preview_available":false,"screen_dimmed":false,"selection":"ROM: 自由合卡GBC.gb","status":"卡带已分析"}
