2026-09-10 22:05:14 @mori {"event":"status","version":"v2.32-110-g31cd404-dirty","uptime_ms":539215,"internal_free":73463,"internal_largest":31744,"psram_free":7539836,"burn_running":false,"patch_running":false,"cancel_requested":false,"phase":"","detail":"","offset":0,"total":0,"passes":0,"read_bytes":0,"read_ms":0,"elapsed_ms":0,"result":0,"ag32_link":"auto","ag32_link_active":"unknown","ag32_capabilities":0,"ag32_capabilities_known":false}
2026-09-10 22:05:14 @mori {"event":"ui","process_calls":21810,"render_calls":2649,"music_polls":4275,"model_bytes":15352,"directory_scans":0,"cache_hits":0,"page":19,"selected":0,"count":19,"preview_generation":0,"file_worker_stack_free":14752,"file_start_active":false,"preview_active":false,"preview_done":false,"preview_available":false,"screen_dimmed":false,"selection":"","status":"burner done: verify finished"}
2026-09-10 22:05:14 @mori {"event":"key","message":"b"}
2026-09-10 22:05:14 @mori {"event":"ui","process_calls":21815,"render_calls":2651,"music_polls":4277,"model_bytes":15352,"directory_scans":0,"cache_hits":0,"page":14,"selected":0,"count":2,"preview_generation":0,"file_worker_stack_free":14752,"file_start_active":false,"preview_active":false,"preview_done":false,"preview_available":false,"screen_dimmed":false,"selection":"","status":"就绪"}
2026-09-10 22:05:14 @mori {"event":"key","message":"b"}
2026-09-10 22:05:15 @mori {"event":"ui","process_calls":21820,"render_calls":2656,"music_polls":4278,"model_bytes":15352,"directory_scans":0,"cache_hits":0,"page":0,"selected":0,"count":5,"preview_generation":0,"file_worker_stack_free":14752,"file_start_active":false,"preview_active":false,"preview_done":false,"preview_available":false,"screen_dimmed":false,"selection":"系统","status":"就绪"}
2026-09-10 22:05:15 @mori {"event":"ui","process_calls":21822,"render_calls":2658,"music_polls":4278,"model_bytes":15352,"directory_scans":0,"cache_hits":0,"page":0,"selected":0,"count":5,"preview_generation":0,"file_worker_stack_free":14752,"file_start_active":false,"preview_active":false,"preview_done":false,"preview_available":false,"screen_dimmed":false,"selection":"系统","status":"就绪"}
2026-09-10 22:05:15 @mori {"event":"key","message":"right"}
2026-09-10 22:05:15 @mori {"event":"ui","process_calls":21830,"render_calls":2666,"music_polls":4279,"model_bytes":15352,"directory_scans":0,"cache_hits":0,"page":0,"selected":1,"count":5,"preview_generation":0,"file_worker_stack_free":14752,"file_start_active":false,"preview_active":false,"preview_done":false,"preview_available":false,"screen_dimmed":false,"selection":"音乐","status":"就绪"}
2026-09-10 22:05:15 @mori {"event":"key","message":"right"}
2026-09-10 22:05:15 @mori {"event":"ui","process_calls":21838,"render_calls":2674,"music_polls":4280,"model_bytes":15352,"directory_scans":0,"cache_hits":0,"page":0,"selected":2,"count":5,"preview_generation":0,"file_worker_stack_free":14752,"file_start_active":false,"preview_active":false,"preview_done":false,"preview_available":false,"screen_dimmed":false,"selection":"阅读器","status":"就绪"}
2026-09-10 22:05:15 @mori {"event":"key","message":"right"}
2026-09-10 22:05:15 @mori {"event":"ui","process_calls":21846,"render_calls":2682,"music_polls":4282,"model_bytes":15352,"directory_scans":0,"cache_hits":0,"page":0,"selected":3,"count":5,"preview_generation":0,"file_worker_stack_free":14752,"file_start_active":false,"preview_active":false,"preview_done":false,"preview_available":false,"screen_dimmed":false,"selection":"烧录器","status":"就绪"}
2026-09-10 22:05:15 @mori {"event":"key","message":"a"}
2026-09-10 22:05:15 @mori {"event":"ui","process_calls":21851,"render_calls":2687,"music_polls":4283,"model_bytes":15352,"directory_scans":0,"cache_hits":0,"page":14,"selected":0,"count":2,"preview_generation":0,"file_worker_stack_free":14752,"file_start_active":false,"preview_active":false,"preview_done":false,"preview_available":false,"screen_dimmed":false,"selection":"","status":"就绪"}
2026-09-10 22:05:15 @mori {"event":"ui","process_calls":21853,"render_calls":2689,"music_polls":4283,"model_bytes":15352,"directory_scans":0,"cache_hits":0,"page":14,"selected":0,"count":2,"preview_generation":0,"file_worker_stack_free":14752,"file_start_active":false,"preview_active":false,"preview_done":false,"preview_available":false,"screen_dimmed":false,"selection":"","status":"就绪"}
2026-09-10 22:05:15 @mori {"event":"key","message":"right"}
2026-09-10 22:05:15 @mori {"event":"ui","process_calls":21862,"render_calls":2698,"music_polls":4284,"model_bytes":15352,"directory_scans":0,"cache_hits":0,"page":14,"selected":1,"count":2,"preview_generation":0,"file_worker_stack_free":14752,"file_start_active":false,"preview_active":false,"preview_done":false,"preview_available":false,"screen_dimmed":false,"selection":"","status":"就绪"}
2026-09-10 22:05:15 @mori {"event":"key","message":"a"}
2026-09-10 22:05:15 @mori {"event":"ui","process_calls":21867,"render_calls":2703,"music_polls":4285,"model_bytes":15352,"directory_scans":0,"cache_hits":0,"page":15,"selected":0,"count":4,"preview_generation":0,"file_worker_stack_free":14752,"file_start_active":false,"preview_active":false,"preview_done":false,"preview_available":false,"screen_dimmed":false,"selection":"分析卡带","status":"请先分析卡带"}
2026-09-10 22:05:16 @mori {"event":"key","message":"a"}
2026-09-10 22:05:16 I (541848) burner_web: MBC5 power rail: 3V3
2026-09-10 22:05:16 @mori {"event":"ui","process_calls":21870,"render_calls":2706,"music_polls":4287,"model_bytes":15352,"directory_scans":0,"cache_hits":0,"page":15,"selected":0,"count":4,"preview_generation":0,"file_worker_stack_free":14752,"file_start_active":false,"preview_active":false,"preview_done":false,"preview_available":false,"screen_dimmed":false,"selection":"分析卡带","status":"analyzing cart"}
2026-09-10 22:05:16 @mori {"event":"ui","process_calls":21871,"render_calls":2707,"music_polls":4287,"model_bytes":15352,"directory_scans":0,"cache_hits":0,"page":15,"selected":0,"count":4,"preview_generation":0,"file_worker_stack_free":14752,"file_start_active":false,"preview_active":false,"preview_done":false,"preview_available":false,"screen_dimmed":false,"selection":"分析卡带","status":"analyzing cart"}
2026-09-10 22:05:16 I (541950) burner_web: MBC5 ReadID trace begin t=540733273us
2026-09-10 22:05:16 I (541951) burner_web: MBC5 ReadID trace write addr=0x0AAA data=0xAA dt=1289us (0.001289s)
2026-09-10 22:05:16 I (541954) burner_web: MBC5 ReadID trace write addr=0x0555 data=0x55 dt=2564us (0.002564s)
2026-09-10 22:05:16 I (541962) burner_web: MBC5 ReadID trace write addr=0x0AAA data=0x90 dt=8300us (0.008300s)
2026-09-10 22:05:16 I (541970) burner_web: MBC5 ReadID trace read addr=0x0000 data=0xC2 dt=7957us (0.007957s)
2026-09-10 22:05:16 I (541978) burner_web: MBC5 ReadID trace read addr=0x0002 data=0x7E dt=7851us (0.007851s)
2026-09-10 22:05:16 I (541986) burner_web: MBC5 ReadID trace read addr=0x001C data=0x22 dt=7759us (0.007759s)
2026-09-10 22:05:16 I (541994) burner_web: MBC5 ReadID trace read addr=0x001E data=0x01 dt=7938us (0.007938s)
2026-09-10 22:05:16 I (542002) burner_web: MBC5 ReadID trace write addr=0x0000 data=0xF0 dt=7878us (0.007878s)
2026-09-10 22:05:16 I (542009) burner_web: MBC5 ReadID trace end status=ESP_OK total=59343us (0.059343s)
2026-09-10 22:05:16 I (542118) ui: UI probe task stack free min=21832 bytes
2026-09-10 22:05:16 @mori {"event":"ui","process_calls":21877,"render_calls":2713,"music_polls":4289,"model_bytes":15352,"directory_scans":0,"cache_hits":0,"page":15,"selected":1,"count":10,"preview_generation":0,"file_worker_stack_free":14752,"file_start_active":false,"preview_active":false,"preview_done":false,"preview_available":false,"screen_dimmed":false,"selection":"ROM: 选择文件","status":"GBC ID C2 7E 22 01 CFI"}
2026-09-10 22:05:16 @mori {"event":"ui","process_calls":21878,"render_calls":2714,"music_polls":4289,"model_bytes":15352,"directory_scans":0,"cache_hits":0,"page":15,"selected":1,"count":10,"preview_generation":0,"file_worker_stack_free":14752,"file_start_active":false,"preview_active":false,"preview_done":false,"preview_available":false,"screen_dimmed":false,"selection":"ROM: 选择文件","status":"GBC ID C2 7E 22 01 CFI"}
2026-09-10 22:05:16 @mori {"event":"key","message":"a"}
2026-09-10 22:05:16 @mori {"event":"ui","process_calls":21879,"render_calls":2715,"music_polls":4290,"model_bytes":15352,"directory_scans":1,"cache_hits":0,"page":6,"selected":0,"count":16,"preview_generation":0,"file_worker_stack_free":14752,"file_start_active":false,"preview_active":false,"preview_done":false,"preview_available":false,"screen_dimmed":false,"selection":"_gba","status":"TF根目录"}
2026-09-10 22:05:16 @mori {"event":"ui","process_calls":21883,"render_calls":2719,"music_polls":4291,"model_bytes":15352,"directory_scans":1,"cache_hits":0,"page":6,"selected":0,"count":16,"preview_generation":0,"file_worker_stack_free":14752,"file_start_active":false,"preview_active":false,"preview_done":false,"preview_available":false,"screen_dimmed":false,"selection":"_gba","status":"TF根目录"}
2026-09-10 22:05:16 @mori {"event":"key","message":"down"}
2026-09-10 22:05:16 @mori {"event":"ui","process_calls":21893,"render_calls":2729,"music_polls":4292,"model_bytes":15352,"directory_scans":1,"cache_hits":0,"page":6,"selected":1,"count":16,"preview_generation":0,"file_worker_stack_free":14752,"file_start_active":false,"preview_active":false,"preview_done":false,"preview_available":false,"screen_dimmed":false,"selection":"_nds","status":"TF根目录"}
2026-09-10 22:05:16 @mori {"event":"key","message":"down"}
2026-09-10 22:05:17 @mori {"event":"ui","process_calls":21902,"render_calls":2738,"music_polls":4294,"model_bytes":15352,"directory_scans":1,"cache_hits":0,"page":6,"selected":2,"count":16,"preview_generation":0,"file_worker_stack_free":14752,"file_start_active":false,"preview_active":false,"preview_done":false,"preview_available":false,"screen_dimmed":false,"selection":"dumps","status":"TF根目录"}
2026-09-10 22:05:17 @mori {"event":"key","message":"down"}
2026-09-10 22:05:17 @mori {"event":"ui","process_calls":21912,"render_calls":2748,"music_polls":4295,"model_bytes":15352,"directory_scans":1,"cache_hits":0,"page":6,"selected":3,"count":16,"preview_generation":0,"file_worker_stack_free":14752,"file_start_active":false,"preview_active":false,"preview_done":false,"preview_available":false,"screen_dimmed":false,"selection":"GBA汉化","status":"TF根目录"}
2026-09-10 22:05:17 @mori {"event":"key","message":"down"}
2026-09-10 22:05:17 @mori {"event":"ui","process_calls":21922,"render_calls":2758,"music_polls":4296,"model_bytes":15352,"directory_scans":1,"cache_hits":0,"page":6,"selected":4,"count":16,"preview_generation":0,"file_worker_stack_free":14752,"file_start_active":false,"preview_active":false,"preview_done":false,"preview_available":false,"screen_dimmed":false,"selection":"music","status":"TF根目录"}
2026-09-10 22:05:17 @mori {"event":"key","message":"down"}
2026-09-10 22:05:17 @mori {"event":"ui","process_calls":21932,"render_calls":2768,"music_polls":4298,"model_bytes":15352,"directory_scans":1,"cache_hits":0,"page":6,"selected":5,"count":16,"preview_generation":0,"file_worker_stack_free":14752,"file_start_active":false,"preview_active":false,"preview_done":false,"preview_available":false,"screen_dimmed":false,"selection":"retro-go","status":"TF根目录"}
2026-09-10 22:05:17 @mori {"event":"key","message":"down"}
2026-09-10 22:05:17 @mori {"event":"ui","process_calls":21940,"render_calls":2776,"music_polls":4299,"model_bytes":15352,"directory_scans":1,"cache_hits":0,"page":6,"selected":6,"count":16,"preview_generation":0,"file_worker_stack_free":14752,"file_start_active":false,"preview_active":false,"preview_done":false,"preview_available":false,"screen_dimmed":false,"selection":"ROM_OUTPUT","status":"TF根目录"}
2026-09-10 22:05:17 @mori {"event":"key","message":"a"}
2026-09-10 22:05:17 @mori {"event":"ui","process_calls":21946,"render_calls":2782,"music_polls":4301,"model_bytes":15352,"directory_scans":2,"cache_hits":0,"page":6,"selected":0,"count":1,"preview_generation":0,"file_worker_stack_free":14752,"file_start_active":false,"preview_active":false,"preview_done":false,"preview_available":false,"screen_dimmed":false,"selection":"gbc_before_20260910.gbc","status":"ROM_OUTPUT"}
2026-09-10 22:05:17 @mori {"event":"ui","process_calls":21949,"render_calls":2785,"music_polls":4301,"model_bytes":15352,"directory_scans":2,"cache_hits":0,"page":6,"selected":0,"count":1,"preview_generation":0,"file_worker_stack_free":14752,"file_start_active":false,"preview_active":false,"preview_done":false,"preview_available":false,"screen_dimmed":false,"selection":"gbc_before_20260910.gbc","status":"ROM_OUTPUT"}
2026-09-10 22:05:17 @mori {"event":"key","message":"a"}
2026-09-10 22:05:18 @mori {"event":"ui","process_calls":21956,"render_calls":2792,"music_polls":4303,"model_bytes":15352,"directory_scans":2,"cache_hits":0,"page":15,"selected":0,"count":2,"preview_generation":1,"file_worker_stack_free":14752,"file_start_active":false,"preview_active":false,"preview_done":false,"preview_available":false,"screen_dimmed":false,"selection":"MBC5","status":"select type"}
2026-09-10 22:05:18 @mori {"event":"ui","process_calls":21957,"render_calls":2793,"music_polls":4303,"model_bytes":15352,"directory_scans":2,"cache_hits":0,"page":15,"selected":0,"count":2,"preview_generation":1,"file_worker_stack_free":14752,"file_start_active":false,"preview_active":false,"preview_done":false,"preview_available":false,"screen_dimmed":false,"selection":"MBC5","status":"select type"}
2026-09-10 22:05:18 @mori {"event":"key","message":"a"}
2026-09-10 22:05:18 @mori {"event":"ui","process_calls":21959,"render_calls":2795,"music_polls":4304,"model_bytes":15352,"directory_scans":2,"cache_hits":0,"page":15,"selected":3,"count":10,"preview_generation":1,"file_worker_stack_free":14752,"file_start_active":false,"preview_active":false,"preview_done":false,"preview_available":false,"screen_dimmed":false,"selection":"ROM: 写入","status":"MBC5"}
2026-09-10 22:05:18 @mori {"event":"ui","process_calls":21960,"render_calls":2796,"music_polls":4304,"model_bytes":15352,"directory_scans":2,"cache_hits":0,"page":15,"selected":3,"count":10,"preview_generation":1,"file_worker_stack_free":14752,"file_start_active":false,"preview_active":false,"preview_done":false,"preview_available":false,"screen_dimmed":false,"selection":"ROM: 写入","status":"MBC5"}
2026-09-10 22:05:18 @mori {"event":"key","message":"a"}
2026-09-10 22:05:18 @mori {"event":"ui","process_calls":21963,"render_calls":2799,"music_polls":4305,"model_bytes":15352,"directory_scans":2,"cache_hits":0,"page":15,"selected":0,"count":1,"preview_generation":1,"file_worker_stack_free":14752,"file_start_active":false,"preview_active":false,"preview_done":false,"preview_available":false,"screen_dimmed":false,"selection":"ROM: 写入","status":"已选择ROM"}
2026-09-10 22:05:18 @mori {"event":"key","message":"down"}
2026-09-10 22:05:18 @mori {"event":"ui","process_calls":21967,"render_calls":2803,"music_polls":4307,"model_bytes":15352,"directory_scans":2,"cache_hits":0,"page":15,"selected":0,"count":1,"preview_generation":1,"file_worker_stack_free":14752,"file_start_active":false,"preview_active":false,"preview_done":false,"preview_available":false,"screen_dimmed":false,"selection":"ROM: 写入","status":"已选择ROM"}
2026-09-10 22:05:18 @mori {"event":"key","message":"up"}
2026-09-10 22:05:18 @mori {"event":"ui","process_calls":21973,"render_calls":2809,"music_polls":4308,"model_bytes":15352,"directory_scans":2,"cache_hits":0,"page":15,"selected":0,"count":1,"preview_generation":1,"file_worker_stack_free":14752,"file_start_active":false,"preview_active":false,"preview_done":false,"preview_available":false,"screen_dimmed":false,"selection":"ROM: 写入","status":"已选择ROM"}
2026-09-10 22:05:18 @mori {"event":"key","message":"right"}
2026-09-10 22:05:18 @mori {"event":"ui","process_calls":21977,"render_calls":2813,"music_polls":4310,"model_bytes":15352,"directory_scans":2,"cache_hits":0,"page":15,"selected":0,"count":1,"preview_generation":1,"file_worker_stack_free":14752,"file_start_active":false,"preview_active":false,"preview_done":false,"preview_available":false,"screen_dimmed":false,"selection":"ROM: 写入","status":"已选择ROM"}
2026-09-10 22:05:18 @mori {"event":"key","message":"left"}
2026-09-10 22:05:19 @mori {"event":"ui","process_calls":21981,"render_calls":2817,"music_polls":4311,"model_bytes":15352,"directory_scans":2,"cache_hits":0,"page":15,"selected":0,"count":1,"preview_generation":1,"file_worker_stack_free":14752,"file_start_active":false,"preview_active":false,"preview_done":false,"preview_available":false,"screen_dimmed":false,"selection":"ROM: 写入","status":"已选择ROM"}
2026-09-10 22:05:19 @mori {"event":"key","message":"down"}
2026-09-10 22:05:19 @mori {"event":"ui","process_calls":21985,"render_calls":2821,"music_polls":4312,"model_bytes":15352,"directory_scans":2,"cache_hits":0,"page":15,"selected":0,"count":1,"preview_generation":1,"file_worker_stack_free":14752,"file_start_active":false,"preview_active":false,"preview_done":false,"preview_available":false,"screen_dimmed":false,"selection":"ROM: 写入","status":"已选择ROM"}
2026-09-10 22:05:19 @mori {"event":"key","message":"up"}
2026-09-10 22:05:19 @mori {"event":"ui","process_calls":21989,"render_calls":2825,"music_polls":4314,"model_bytes":15352,"directory_scans":2,"cache_hits":0,"page":15,"selected":0,"count":1,"preview_generation":1,"file_worker_stack_free":14752,"file_start_active":false,"preview_active":false,"preview_done":false,"preview_available":false,"screen_dimmed":false,"selection":"ROM: 写入","status":"已选择ROM"}
2026-09-10 22:05:19 @mori {"event":"key","message":"b"}
2026-09-10 22:05:19 @mori {"event":"ui","process_calls":21992,"render_calls":2828,"music_polls":4315,"model_bytes":15352,"directory_scans":2,"cache_hits":0,"page":15,"selected":3,"count":10,"preview_generation":1,"file_worker_stack_free":14752,"file_start_active":false,"preview_active":false,"preview_done":false,"preview_available":false,"screen_dimmed":false,"selection":"ROM: 写入","status":"已选择ROM"}
2026-09-10 22:05:19 @mori {"event":"key","message":"b"}
2026-09-10 22:05:19 @mori {"event":"ui","process_calls":21995,"render_calls":2831,"music_polls":4316,"model_bytes":15352,"directory_scans":2,"cache_hits":0,"page":14,"selected":0,"count":2,"preview_generation":1,"file_worker_stack_free":14752,"file_start_active":false,"preview_active":false,"preview_done":false,"preview_available":false,"screen_dimmed":false,"selection":"","status":"已选择ROM"}
2026-09-10 22:05:19 @mori {"event":"key","message":"b"}
2026-09-10 22:05:19 @mori {"event":"ui","process_calls":22001,"render_calls":2837,"music_polls":4317,"model_bytes":15352,"directory_scans":2,"cache_hits":0,"page":0,"selected":3,"count":5,"preview_generation":1,"file_worker_stack_free":14752,"file_start_active":false,"preview_active":false,"preview_done":false,"preview_available":false,"screen_dimmed":false,"selection":"烧录器","status":"已选择ROM"}
