2026-09-10 21:37:06 I (95) boot:  6 retro-core       OTA app          00 11 00ae0000
2026-09-10 21:37:06 @mori {"event":"ready","message":"Mori serial debug v1; type help"}
2026-09-10 21:37:06 I (1278) pm: Frequency switching config: CPU_MAX: 160, APB_MAX: 80, APB_MIN: 80, Light sleep: DISABLED
2026-09-10 21:37:06 I (1287) power_manager: CPU DFS enabled: idle=80MHz max=160MHz light_sleep=off
2026-09-10 21:37:06 I (1294) main: timezone configured: CST-8
2026-09-10 21:37:06 I (1298) main: boot step: mount assets
2026-09-10 21:37:06 I (1393) assets: mounted /assets: total=1438481 used=763291
2026-09-10 21:37:06 I (1394) main: boot step: mount sdcard
2026-09-10 21:37:06 I (1442) SDCARD: SD card mounted
2026-09-10 21:37:06 I (1443) SDCARD: Total: 59638MB
2026-09-10 21:37:06 W (1605) main: repaired legacy lang_zh_cn.ini
2026-09-10 21:37:06 I (3397) burner_web: burn config loaded: erase=smart write_path=psram recipe=chis psram_mb=auto mbc5_chunk=16 dump_chunk=64 voltage=3v3 settle=100ms cores=cpu1/cpu1/cpu1 ag32_link=legacy
2026-09-10 21:37:06 I (3404) main: GBX cache auto rebuild disabled; update manually from system menu
2026-09-10 21:37:06 I (3415) main: UI language=1 (zh)
2026-09-10 21:37:06 I (3423) main: boot step: init i2c peripherals
2026-09-10 21:37:06 W (3424) i2c.master: Please check pull-up resistances whether be connected properly. Otherwise unexpected behavior would happen. For more detailed information, please read docs
2026-09-10 21:37:06 I (3434) mori_i2c: I2C bus ready. SDA=18, SCL=8, freq=100000
2026-09-10 21:37:06 I (3442) axp209: AXP209 ready at 0x34, charge current fixed to 500mA
2026-09-10 21:37:06 I (3445) power_manager: detected AXP209 at 0x34
2026-09-10 21:37:06 I (3449) main: AXP209 power manager ready at 0x34
2026-09-10 21:37:06 I (3454) tca9555: TCA9555 ready at 0x20
2026-09-10 21:37:06 I (3462) main: tca9555.ini apply=0, skip register apply
2026-09-10 21:37:06 I (3464) main: TCA9555@0x20 input=0xFFFF cfg=0xEFFF
2026-09-10 21:37:06 I (3467) tca9555: IRQ enabled on GPIO 17
2026-09-10 21:37:06 I (3470) main: boot step: init usb msc manager
2026-09-10 21:37:06 I (3474) usb_msc_tf: USB MSC manager ready (default: disabled)
2026-09-10 21:37:06 I (3480) main: USB MSC manager ready, pass-through default is disabled
2026-09-10 21:37:06 I (3486) main: boot step: init nvs
2026-09-10 21:37:06 I (3517) main: boot step: init mcu debug
2026-09-10 21:37:06 I (3518) main: boot step: init lvgl/display
2026-09-10 21:37:06 I (3762) lcd_display: LCD init done (ST7789, 320x240, rot=270), pins CLK=6 MOSI=4 CS=5 DC=13 BK=14, bk_pwm=1
2026-09-10 21:37:06 I (3764) lvgl_port: draw_buf1 allocated in internal DMA (12800 bytes)
2026-09-10 21:37:06 I (3768) lvgl_port: using single LVGL draw buffer (
2026-09-10 21:37:07 I (78286) power_manager: CPU perf lock acquired by burn_task
2026-09-10 21:37:07 I (78288) burner_web: MCU SPI init: host=1 cs0=21 cs1=1 clk=47 miso=48 mosi=45 freq=40000000Hz
2026-09-10 21:37:07 I (78293) burner_web: MCU SPI ready: actual=40000000Hz dma_scratch_tx=16384 dma_scratch_rw=16384
2026-09-10 21:37:07 I (78400) burner_web: MBC5 power rail: 3V3
2026-09-10 21:37:07 I (78501) burner_web: MBC5 ReadID trace begin t=77285301us
2026-09-10 21:37:07 I (78503) burner_web: MBC5 ReadID trace write addr=0x0AAA data=0xAA dt=1532us (0.001532s)
2026-09-10 21:37:07 I (78505) burner_web: MBC5 ReadID trace write addr=0x0555 data=0x55 dt=2216us (0.002216s)
2026-09-10 21:37:07 I (78513) burner_web: MBC5 ReadID trace write addr=0x0AAA data=0x90 dt=7911us (0.007911s)
2026-09-10 21:37:07 I (78521) burner_web: MBC5 ReadID trace read addr=0x0000 data=0xC2 dt=7846us (0.007846s)
2026-09-10 21:37:07 I (78528) burner_web: MBC5 ReadID trace read addr=0x0002 data=0x7E dt=7768us (0.007768s)
2026-09-10 21:37:07 I (78536) burner_web: MBC5 ReadID trace read addr=0x001C data=0x22 dt=8074us (0.008074s)
2026-09-10 21:37:07 I (78544) burner_web: MBC5 ReadID trace read addr=0x001E data=0x01 dt=7789us (0.007789s)
2026-09-10 21:37:07 I (78552) burner_web: MBC5 ReadID trace write addr=0x0000 data=0xF0 dt=7729us (0.007729s)
2026-09-10 21:37:07 I (78560) burner_web: MBC5 ReadID trace end status=ESP_OK total=58535us (0.058535s)
2026-09-10 21:37:07 I (78567) burner_web: MBC5 ID probe: id=C2 7E 22 01 chip=MX29GL256E/F flash=33554432 sector=131072 geom=uniform largest=131072 regions=1 buf=64 cmdset=amd
2026-09-10 21:37:07 I (78581) burner_web: GB mapper detect: bank0 fixed=0000 switch=4000 len=64 fixed=FF-3E-A4-EA switch=FF-3E-A4-EA eq=1 blank=0/0 result=MBC5
2026-09-10 21:37:07 I (78592) burner_web: GB prepared: mapper=MBC5 flash=33554432 usable=33554432 sector=131072 geom=uniform largest=131072 regions=1 buf=64 nor=amd cfi=ok id=C2 7E 22 01
2026-09-10 21:37:32 I (103430) burner_web: burn_task result: err=ESP_OK state=done processed=33554432/33554432 msg=verify finished
2026-09-10 21:37:32 I (103432) power_manager: CPU perf lock released by burn_task
2026-09-10 21:37:32 I (103435) burner_web: burn_task stack free min=11200 bytes
