2026-09-10 22:12:31 I (977525) main: TCA9555 IRQ BTN_LEFT pin=0x0001 level=0
2026-09-10 22:12:34 I (980197) burner_web: MBC5 power rail: 5V
2026-09-10 22:12:34 I (980298) burner_web: MBC5 ReadID trace begin t=979080889us
2026-09-10 22:12:34 I (980299) burner_web: MBC5 ReadID trace write addr=0x0AAA data=0xAA dt=1472us (0.001472s)
2026-09-10 22:12:34 I (980302) burner_web: MBC5 ReadID trace write addr=0x0555 data=0x55 dt=2439us (0.002439s)
2026-09-10 22:12:34 I (980310) burner_web: MBC5 ReadID trace write addr=0x0AAA data=0x90 dt=7980us (0.007980s)
2026-09-10 22:12:34 I (980318) burner_web: MBC5 ReadID trace read addr=0x0000 data=0x00 dt=8055us (0.008055s)
2026-09-10 22:12:34 I (980325) burner_web: MBC5 ReadID trace read addr=0x0002 data=0x00 dt=7828us (0.007828s)
2026-09-10 22:12:34 I (980333) burner_web: MBC5 ReadID trace read addr=0x001C data=0x00 dt=7922us (0.007922s)
2026-09-10 22:12:34 I (980341) burner_web: MBC5 ReadID trace read addr=0x001E data=0x00 dt=7866us (0.007866s)
2026-09-10 22:12:34 I (980349) burner_web: MBC5 ReadID trace write addr=0x0000 data=0xF0 dt=7920us (0.007920s)
2026-09-10 22:12:34 I (980357) burner_web: MBC5 ReadID trace end status=ESP_OK total=59392us (0.059392s)
2026-09-10 22:12:34 I (980365) burner_web: MBC5 ID probe: id=00 00 00 00 chip=unknown flash=0 sector=0 geom=mixed largest=0 regions=0 buf=0 cmdset=unknown
2026-09-10 22:12:34 E (980383) burner_web: MBC5 probe failed: ESP_FAIL
2026-09-10 22:12:34 E (980484) burner_web: cart id read failed: ESP_FAIL
2026-09-10 22:12:34 W (980485) httpd_txrx: httpd_resp_send_err: 500 Internal Server Error - cart id read failed
2026-09-10 22:12:57 I (1002863) burner_web: MBC5 power rail: 3V3
2026-09-10 22:12:57 I (1002964) burner_web: MBC5 ReadID trace begin t=1001746788us
2026-09-10 22:12:57 I (1002965) burner_web: MBC5 ReadID trace write addr=0x0AAA data=0xAA dt=1476us (0.001476s)
2026-09-10 22:12:57 I (1002968) burner_web: MBC5 ReadID trace write addr=0x0555 data=0x55 dt=2672us (0.002672s)
2026-09-10 22:12:57 I (1002976) burner_web: MBC5 ReadID trace write addr=0x0AAA data=0x90 dt=8124us (0.008124s)
2026-09-10 22:12:57 I (1002984) burner_web: MBC5 ReadID trace read addr=0x0000 data=0x00 dt=8072us (0.008072s)
2026-09-10 22:12:57 I (1002992) burner_web: MBC5 ReadID trace read addr=0x0002 data=0x00 dt=7960us (0.007960s)
2026-09-10 22:12:57 I (1003000) burner_web: MBC5 ReadID trace read addr=0x001C data=0x00 dt=7948us (0.007948s)
2026-09-10 22:12:57 I (1003008) burner_web: MBC5 ReadID trace read addr=0x001E data=0x00 dt=8040us (0.008040s)
2026-09-10 22:12:57 I (1003016) burner_web: MBC5 ReadID trace write addr=0x0000 data=0xF0 dt=7951us (0.007951s)
2026-09-10 22:12:57 I (1003024) burner_web: MBC5 ReadID trace end status=ESP_OK total=60583us (0.060583s)
2026-09-10 22:12:57 I (1003031) burner_web: MBC5 ID probe: id=00 00 00 00 chip=unknown flash=0 sector=0 geom=mixed largest=0 regions=0 buf=0 cmdset=unknown
2026-09-10 22:12:57 E (1003050) burner_web: MBC5 probe failed: ESP_FAIL
2026-09-10 22:12:57 E (1003151) burner_web: cart id read failed: ESP_FAIL
2026-09-10 22:12:57 W (1003152) httpd_txrx: httpd_resp_send_err: 500 Internal Server Error - cart id read failed
2026-09-10 22:12:57 I (1003421) burner_web: MBC5 power rail: 5V
2026-09-10 22:12:57 I (1003522) burner_web: MBC5 ReadID trace begin t=1002304788us
2026-09-10 22:12:57 I (1003523) burner_web: MBC5 ReadID trace write addr=0x0AAA data=0xAA dt=1514us (0.001514s)
2026-09-10 22:12:57 I (1003526) burner_web: MBC5 ReadID trace write addr=0x0555 data=0x55 dt=2664us (0.002664s)
2026-09-10 22:12:57 I (1003534) burner_web: MBC5 ReadID trace write addr=0x0AAA data=0x90 dt=8084us (0.008084s)
2026-09-10 22:12:57 I (1003542) burner_web: MBC5 ReadID trace read addr=0x0000 data=0x00 dt=8159us (0.008159s)
2026-09-10 22:12:57 I (1003550) burner_web: MBC5 ReadID trace read addr=0x0002 data=0x00 dt=7875us (0.007875s)
2026-09-10 22:12:57 I (1003558) burner_web: MBC5 ReadID trace read addr=0x001C data=0x00 dt=8023us (0.008023s)
2026-09-10 22:12:57 I (1003566) burner_web: MBC5 ReadID trace read addr=0x001E data=0x00 dt=7933us (0.007933s)
2026-09-10 22:12:57 I (1003574) burner_web: MBC5 ReadID trace write addr=0x0000 data=0xF0 dt=8040us (0.008040s)
2026-09-10 22:12:57 I (1003582) burner_web: MBC5 ReadID trace end status=ESP_OK total=60274us (0.060274s)
2026-09-10 22:12:57 I (1003589) burner_web: MBC5 ID probe: id=00 00 00 00 chip=unknown flash=0 sector=0 geom=mixed largest=0 regions=0 buf=0 cmdset=unknown
2026-09-10 22:12:57 E (1003608) burner_web: MBC5 probe failed: ESP_FAIL
2026-09-10 22:12:58 E (1003709) burner_web: cart id read failed: ESP_FAIL
2026-09-10 22:12:58 W (1003710) httpd_txrx: httpd_resp_send_err: 500 Internal Server Error - cart id read failed
2026-09-10 22:12:58 I (1003956) burner_web: MBC5 power rail: 3V3
2026-09-10 22:12:58 I (1004057) burner_web: MBC5 ReadID trace begin t=1002839782us
2026-09-10 22:12:58 I (1004058) burner_web: MBC5 ReadID trace write addr=0x0AAA data=0xAA dt=1353us (0.001353s)
2026-09-10 22:12:58 I (1004061) burner_web: MBC5 ReadID trace write addr=0x0555 data=0x55 dt=2721us (0.002721s)
2026-09-10 22:12:58 I (1004069) burner_web: MBC5 ReadID trace write addr=0x0AAA data=0x90 dt=8104us (0.008104s)
2026-09-10 22:12:58 I (1004077) burner_web: MBC5 ReadID trace read addr=0x0000 data=0x00 dt=8086us (0.008086s)
2026-09-10 22:12:58 I (1004085) burner_web: MBC5 ReadID trace read addr=0x0002 data=0x00 dt=7954us (0.007954s)
2026-09-10 22:12:58 I (1004093) burner_web: MBC5 ReadID trace read addr=0x001C data=0x00 dt=7979us (0.007979s)
2026-09-10 22:12:58 I (1004101) burner_web: MBC5 ReadID trace read addr=0x001E data=0x00 dt=8005us (0.008005s)
2026-09-10 22:12:58 I (1004109) burner_web: MBC5 ReadID trace write addr=0x0000 data=0xF0 dt=7964us (0.007964s)
2026-09-10 22:12:58 I (1004117) burner_web: MBC5 ReadID trace end status=ESP_OK total=60189us (0.060189s)
2026-09-10 22:12:58 I (1004124) burner_web: MBC5 ID probe: id=00 00 00 00 chip=unknown flash=0 sector=0 geom=mixed largest=0 regions=0 buf=0 cmdset=unknown
2026-09-10 22:12:58 E (1004142) burner_web: MBC5 probe failed: ESP_FAIL
2026-09-10 22:12:58 E (1004243) burner_web: cart id read failed: ESP_FAIL
2026-09-10 22:12:58 W (1004244) httpd_txrx: httpd_resp_send_err: 500 Internal Server Error - cart id read failed
2026-09-10 22:12:58 I (1004578) burner_web: MBC5 power rail: 5V
2026-09-10 22:12:58 I (1004679) burner_web: MBC5 ReadID trace begin t=1003461786us
2026-09-10 22:12:58 I (1004680) burner_web: MBC5 ReadID trace write addr=0x0AAA data=0xAA dt=1459us (0.001459s)
2026-09-10 22:12:58 I (1004683) burner_web: MBC5 ReadID trace write addr=0x0555 data=0x55 dt=2695us (0.002695s)
2026-09-10 22:12:58 I (1004691) burner_web: MBC5 ReadID trace write addr=0x0AAA data=0x90 dt=8103us (0.008103s)
2026-09-10 22:12:58 I (1004699) burner_web: MBC5 ReadID trace read addr=0x0000 data=0x00 dt=8086us (0.008086s)
2026-09-10 22:12:58 I (1004707) burner_web: MBC5 ReadID trace read addr=0x0002 data=0x00 dt=7970us (0.007970s)
2026-09-10 22:12:58 I (1004715) burner_web: MBC5 ReadID trace read addr=0x001C data=0x00 dt=7938us (0.007938s)
2026-09-10 22:12:59 I (1004723) burner_web: MBC5 ReadID trace read addr=0x001E data=0x00 dt=8016us (0.008016s)
2026-09-10 22:12:59 I (1004731) burner_web: MBC5 ReadID trace write addr=0x0000 data=0xF0 dt=7977us (0.007977s)
2026-09-10 22:12:59 I (1004739) burner_web: MBC5 ReadID trace end status=ESP_OK total=60250us (0.060250s)
2026-09-10 22:12:59 I (1004746) burner_web: MBC5 ID probe: id=00 00 00 00 chip=unknown flash=0 sector=0 geom=mixed largest=0 regions=0 buf=0 cmdset=unknown
2026-09-10 22:12:59 E (1004764) burner_web: MBC5 probe failed: ESP_FAIL
2026-09-10 22:12:59 E (1004865) burner_web: cart id read failed: ESP_FAIL
2026-09-10 22:12:59 W (1004866) httpd_txrx: httpd_resp_send_err: 500 Internal Server Error - cart id read failed
2026-09-10 22:12:59 I (1005187) burner_web: MBC5 power rail: 3V3
2026-09-10 22:12:59 I (1005288) burner_web: MBC5 ReadID trace begin t=1004070782us
2026-09-10 22:12:59 I (1005289) burner_web: MBC5 ReadID trace write addr=0x0AAA data=0xAA dt=1334us (0.001334s)
2026-09-10 22:12:59 I (1005292) burner_web: MBC5 ReadID trace write addr=0x0555 data=0x55 dt=2729us (0.002729s)
2026-09-10 22:12:59 I (1005300) burner_web: MBC5 ReadID trace write addr=0x0AAA data=0x90 dt=8111us (0.008111s)
2026-09-10 22:12:59 I (1005308) burner_web: MBC5 ReadID trace read addr=0x0000 data=0x00 dt=8087us (0.008087s)
2026-09-10 22:12:59 I (1005316) burner_web: MBC5 ReadID trace read addr=0x0002 data=0x00 dt=7946us (0.007946s)
2026-09-10 22:12:59 I (1005324) burner_web: MBC5 ReadID trace read addr=0x001C data=0x00 dt=7974us (0.007974s)
2026-09-10 22:12:59 I (1005332) burner_web: MBC5 ReadID trace read addr=0x001E data=0x00 dt=8006us (0.008006s)
2026-09-10 22:12:59 I (1005340) burner_web: MBC5 ReadID trace write addr=0x0000 data=0xF0 dt=7952us (0.007952s)
2026-09-10 22:12:59 I (1005348) burner_web: MBC5 ReadID trace end status=ESP_OK total=60166us (0.060166s)
2026-09-10 22:12:59 I (1005355) burner_web: MBC5 ID probe: id=00 00 00 00 chip=unknown flash=0 sector=0 geom=mixed largest=0 regions=0 buf=0 cmdset=unknown
2026-09-10 22:12:59 E (1005373) burner_web: MBC5 probe failed: ESP_FAIL
2026-09-10 22:12:59 E (1005474) burner_web: cart id read failed: ESP_FAIL
2026-09-10 22:12:59 W (1005475) httpd_txrx: httpd_resp_send_err: 500 Internal Server Error - cart id read failed
2026-09-10 22:13:00 I (1005805) burner_web: MBC5 power rail: 5V
2026-09-10 22:13:00 I (1005906) burner_web: MBC5 ReadID trace begin t=1004688788us
2026-09-10 22:13:00 I (1005907) burner_web: MBC5 ReadID trace write addr=0x0AAA data=0xAA dt=1476us (0.001476s)
2026-09-10 22:13:00 I (1005910) burner_web: MBC5 ReadID trace write addr=0x0555 data=0x55 dt=2688us (0.002688s)
2026-09-10 22:13:00 I (1005918) burner_web: MBC5 ReadID trace write addr=0x0AAA data=0x90 dt=8059us (0.008059s)
2026-09-10 22:13:00 I (1005926) burner_web: MBC5 ReadID trace read addr=0x0000 data=0x00 dt=8184us (0.008184s)
2026-09-10 22:13:00 I (1005934) burner_web: MBC5 ReadID trace read addr=0x0002 data=0x00 dt=7957us (0.007957s)
2026-09-10 22:13:00 I (1005942) burner_web: MBC5 ReadID trace read addr=0x001C data=0x00 dt=8005us (0.008005s)
2026-09-10 22:13:00 I (1005950) burner_web: MBC5 ReadID trace read addr=0x001E data=0x00 dt=7861us (0.007861s)
2026-09-10 22:13:00 I (1005958) burner_web: MBC5 ReadID trace write addr=0x0000 data=0xF0 dt=8083us (0.008083s)
2026-09-10 22:13:00 I (1005966) burner_web: MBC5 ReadID trace end status=ESP_OK total=60205us (0.060205s)
2026-09-10 22:13:00 I (1005973) burner_web: MBC5 ID probe: id=00 00 00 00 chip=unknown flash=0 sector=0 geom=mixed largest=0 regions=0 buf=0 cmdset=unknown
2026-09-10 22:13:00 E (1005991) burner_web: MBC5 probe failed: ESP_FAIL
2026-09-10 22:13:00 E (1006092) burner_web: cart id read failed: ESP_FAIL
2026-09-10 22:13:00 W (1006093) httpd_txrx: httpd_resp_send_err: 500 Internal Server Error - cart id read failed
2026-09-10 22:13:00 I (1006338) burner_web: MBC5 power rail: 3V3
2026-09-10 22:13:00 I (1006439) burner_web: MBC5 ReadID trace begin t=1005221788us
2026-09-10 22:13:00 I (1006440) burner_web: MBC5 ReadID trace write addr=0x0AAA data=0xAA dt=1476us (0.001476s)
2026-09-10 22:13:00 I (1006443) burner_web: MBC5 ReadID trace write addr=0x0555 data=0x55 dt=2660us (0.002660s)
2026-09-10 22:13:00 I (1006451) burner_web: MBC5 ReadID trace write addr=0x0AAA data=0x90 dt=8059us (0.008059s)
2026-09-10 22:13:00 I (1006459) burner_web: MBC5 ReadID trace read addr=0x0000 data=0x00 dt=8123us (0.008123s)
2026-09-10 22:13:00 I (1006467) burner_web: MBC5 ReadID trace read addr=0x0002 data=0x00 dt=7940us (0.007940s)
2026-09-10 22:13:00 I (1006477) burner_web: MBC5 ReadID trace read addr=0x001C data=0x00 dt=10227us (0.010227s)
2026-09-10 22:13:00 I (1006484) burner_web: MBC5 ReadID trace read addr=0x001E data=0x00 dt=6683us (0.006683s)
2026-09-10 22:13:00 I (1006493) burner_web: MBC5 ReadID trace write addr=0x0000 data=0xF0 dt=9178us (0.009178s)
2026-09-10 22:13:00 I (1006499) burner_web: MBC5 ReadID trace end status=ESP_OK total=60472us (0.060472s)
2026-09-10 22:13:00 I (1006508) burner_web: MBC5 ID probe: id=00 00 00 00 chip=unknown flash=0 sector=0 geom=mixed largest=0 regions=0 buf=0 cmdset=unknown
2026-09-10 22:13:00 E (1006525) burner_web: MBC5 probe failed: ESP_FAIL
2026-09-10 22:13:01 E (1006626) burner_web: cart id read failed: ESP_FAIL
2026-09-10 22:13:01 W (1006627) httpd_txrx: httpd_resp_send_err: 500 Internal Server Error - cart id read failed
2026-09-10 22:13:01 I (1006867) burner_web: MBC5 power rail: 5V
2026-09-10 22:13:01 I (1006968) burner_web: MBC5 ReadID trace begin t=1005750787us
2026-09-10 22:13:01 I (1006969) burner_web: MBC5 ReadID trace write addr=0x0AAA data=0xAA dt=1466us (0.001466s)
2026-09-10 22:13:01 I (1006972) burner_web: MBC5 ReadID trace write addr=0x0555 data=0x55 dt=2683us (0.002683s)
2026-09-10 22:13:01 I (1006980) burner_web: MBC5 ReadID trace write addr=0x0AAA data=0x90 dt=8056us (0.008056s)
2026-09-10 22:13:01 I (1006988) burner_web: MBC5 ReadID trace read addr=0x0000 data=0x00 dt=8168us (0.008168s)
2026-09-10 22:13:01 I (1006996) burner_web: MBC5 ReadID trace read addr=0x0002 data=0x00 dt=7893us (0.007893s)
2026-09-10 22:13:01 I (1007004) burner_web: MBC5 ReadID trace read addr=0x001C data=0x00 dt=8024us (0.008024s)
2026-09-10 22:13:01 I (1007012) burner_web: MBC5 ReadID trace read addr=0x001E data=0x00 dt=7947us (0.007947s)
2026-09-10 22:13:01 I (1007020) burner_web: MBC5 ReadID trace write addr=0x0000 data=0xF0 dt=8068us (0.008068s)
2026-09-10 22:13:01 I (1007028) burner_web: MBC5 ReadID trace end status=ESP_OK total=60251us (0.060251s)
2026-09-10 22:13:01 I (1007035) burner_web: MBC5 ID probe: id=00 00 00 00 chip=unknown flash=0 sector=0 geom=mixed largest=0 regions=0 buf=0 cmdset=unknown
2026-09-10 22:13:01 E (1007054) burner_web: MBC5 probe failed: ESP_FAIL
2026-09-10 22:13:01 E (1007155) burner_web: cart id read failed: ESP_FAIL
2026-09-10 22:13:01 W (1007156) httpd_txrx: httpd_resp_send_err: 500 Internal Server Error - cart id read failed
2026-09-10 22:13:01 I (1007480) burner_web: MBC5 power rail: 3V3
2026-09-10 22:13:02 I (1007581) burner_web: MBC5 ReadID trace begin t=1006363782us
2026-09-10 22:13:02 I (1007582) burner_web: MBC5 ReadID trace write addr=0x0AAA data=0xAA dt=1342us (0.001342s)
2026-09-10 22:13:02 I (1007585) burner_web: MBC5 ReadID trace write addr=0x0555 data=0x55 dt=2733us (0.002733s)
2026-09-10 22:13:02 I (1007593) burner_web: MBC5 ReadID trace write addr=0x0AAA data=0x90 dt=8114us (0.008114s)
2026-09-10 22:13:02 I (1007601) burner_web: MBC5 ReadID trace read addr=0x0000 data=0x00 dt=8074us (0.008074s)
2026-09-10 22:13:02 I (1007609) burner_web: MBC5 ReadID trace read addr=0x0002 data=0x00 dt=7959us (0.007959s)
2026-09-10 22:13:02 I (1007617) burner_web: MBC5 ReadID trace read addr=0x001C data=0x00 dt=7967us (0.007967s)
2026-09-10 22:13:02 I (1007628) burner_web: MBC5 ReadID trace read addr=0x001E data=0x00 dt=11610us (0.011610s)
2026-09-10 22:13:02 I (1007633) burner_web: MBC5 ReadID trace write addr=0x0000 data=0xF0 dt=4446us (0.004446s)
2026-09-10 22:13:02 I (1007641) burner_web: MBC5 ReadID trace end status=ESP_OK total=60334us (0.060334s)
2026-09-10 22:13:02 I (1007648) burner_web: MBC5 ID probe: id=00 00 00 00 chip=unknown flash=0 sector=0 geom=mixed largest=0 regions=0 buf=0 cmdset=unknown
2026-09-10 22:13:02 E (1007667) burner_web: MBC5 probe failed: ESP_FAIL
2026-09-10 22:13:02 E (1007768) burner_web: cart id read failed: ESP_FAIL
2026-09-10 22:13:02 W (1007769) httpd_txrx: httpd_resp_send_err: 500 Internal Server Error - cart id read failed
2026-09-10 22:13:02 I (1008023) burner_web: MBC5 power rail: 5V
2026-09-10 22:13:02 I (1008124) burner_web: MBC5 ReadID trace begin t=1006906784us
2026-09-10 22:13:02 I (1008125) burner_web: MBC5 ReadID trace write addr=0x0AAA data=0xAA dt=1375us (0.001375s)
2026-09-10 22:13:02 I (1008130) burner_web: MBC5 ReadID trace write addr=0x0555 data=0x55 dt=5161us (0.005161s)
2026-09-10 22:13:02 I (1008136) burner_web: MBC5 ReadID trace write addr=0x0AAA data=0x90 dt=5701us (0.005701s)
2026-09-10 22:13:02 I (1008144) burner_web: MBC5 ReadID trace read addr=0x0000 data=0x00 dt=8089us (0.008089s)
2026-09-10 22:13:02 I (1008152) burner_web: MBC5 ReadID trace read addr=0x0002 data=0x00 dt=7961us (0.007961s)
2026-09-10 22:13:02 I (1008160) burner_web: MBC5 ReadID trace read addr=0x001C data=0x00 dt=7904us (0.007904s)
2026-09-10 22:13:02 I (1008168) burner_web: MBC5 ReadID trace read addr=0x001E data=0x00 dt=8051us (0.008051s)
2026-09-10 22:13:02 I (1008176) burner_web: MBC5 ReadID trace write addr=0x0000 data=0xF0 dt=7924us (0.007924s)
2026-09-10 22:13:02 I (1008184) burner_web: MBC5 ReadID trace end status=ESP_OK total=60299us (0.060299s)
2026-09-10 22:13:02 I (1008191) burner_web: MBC5 ID probe: id=00 00 00 00 chip=unknown flash=0 sector=0 geom=mixed largest=0 regions=0 buf=0 cmdset=unknown
2026-09-10 22:13:02 E (1008210) burner_web: MBC5 probe failed: ESP_FAIL
2026-09-10 22:13:02 E (1008311) burner_web: cart id read failed: ESP_FAIL
2026-09-10 22:13:02 W (1008312) httpd_txrx: httpd_resp_send_err: 500 Internal Server Error - cart id read failed
2026-09-10 22:13:02 I (1008551) burner_web: MBC5 power rail: 3V3
2026-09-10 22:13:03 I (1008652) burner_web: MBC5 ReadID trace begin t=1007434787us
2026-09-10 22:13:03 I (1008653) burner_web: MBC5 ReadID trace write addr=0x0AAA data=0xAA dt=1464us (0.001464s)
2026-09-10 22:13:03 I (1008656) burner_web: MBC5 ReadID trace write addr=0x0555 data=0x55 dt=2692us (0.002692s)
2026-09-10 22:13:03 I (1008664) burner_web: MBC5 ReadID trace write addr=0x0AAA data=0x90 dt=8061us (0.008061s)
2026-09-10 22:13:03 I (1008672) burner_web: MBC5 ReadID trace read addr=0x0000 data=0x00 dt=8144us (0.008144s)
2026-09-10 22:13:03 I (1008680) burner_web: MBC5 ReadID trace read addr=0x0002 data=0x00 dt=8056us (0.008056s)
2026-09-10 22:13:03 I (1008688) burner_web: MBC5 ReadID trace read addr=0x001C data=0x00 dt=7985us (0.007985s)
2026-09-10 22:13:03 I (1008696) burner_web: MBC5 ReadID trace read addr=0x001E data=0x00 dt=7840us (0.007840s)
2026-09-10 22:13:03 I (1008704) burner_web: MBC5 ReadID trace write addr=0x0000 data=0xF0 dt=8040us (0.008040s)
2026-09-10 22:13:03 I (1008712) burner_web: MBC5 ReadID trace end status=ESP_OK total=60261us (0.060261s)
2026-09-10 22:13:03 I (1008719) burner_web: MBC5 ID probe: id=00 00 00 00 chip=unknown flash=0 sector=0 geom=mixed largest=0 regions=0 buf=0 cmdset=unknown
2026-09-10 22:13:03 E (1008738) burner_web: MBC5 probe failed: ESP_FAIL
2026-09-10 22:13:03 E (1008839) burner_web: cart id read failed: ESP_FAIL
2026-09-10 22:13:03 W (1008840) httpd_txrx: httpd_resp_send_err: 500 Internal Server Error - cart id read failed
2026-09-10 22:13:03 I (1009186) burner_web: MBC5 power rail: 5V
2026-09-10 22:13:03 I (1009287) burner_web: MBC5 ReadID trace begin t=1008069786us
2026-09-10 22:13:03 I (1009288) burner_web: MBC5 ReadID trace write addr=0x0AAA data=0xAA dt=1457us (0.001457s)
2026-09-10 22:13:03 I (1009291) burner_web: MBC5 ReadID trace write addr=0x0555 data=0x55 dt=2734us (0.002734s)
2026-09-10 22:13:03 I (1009299) burner_web: MBC5 ReadID trace write addr=0x0AAA data=0x90 dt=8042us (0.008042s)
2026-09-10 22:13:03 I (1009307) burner_web: MBC5 ReadID trace read addr=0x0000 data=0x00 dt=8126us (0.008126s)
2026-09-10 22:13:03 I (1009315) burner_web: MBC5 ReadID trace read addr=0x0002 data=0x00 dt=7890us (0.007890s)
2026-09-10 22:13:03 I (1009323) burner_web: MBC5 ReadID trace read addr=0x001C data=0x00 dt=8037us (0.008037s)
2026-09-10 22:13:03 I (1009331) burner_web: MBC5 ReadID trace read addr=0x001E data=0x00 dt=7955us (0.007955s)
2026-09-10 22:13:03 I (1009339) burner_web: MBC5 ReadID trace write addr=0x0000 data=0xF0 dt=8014us (0.008014s)
2026-09-10 22:13:03 I (1009347) burner_web: MBC5 ReadID trace end status=ESP_OK total=60240us (0.060240s)
2026-09-10 22:13:03 I (1009354) burner_web: MBC5 ID probe: id=00 00 00 00 chip=unknown flash=0 sector=0 geom=mixed largest=0 regions=0 buf=0 cmdset=unknown
2026-09-10 22:13:03 E (1009372) burner_web: MBC5 probe failed: ESP_FAIL
2026-09-10 22:13:03 E (1009473) burner_web: cart id read failed: ESP_FAIL
2026-09-10 22:13:03 W (1009474) httpd_txrx: httpd_resp_send_err: 500 Internal Server Error - cart id read failed
2026-09-10 22:13:04 I (1009736) burner_web: MBC5 power rail: 3V3
2026-09-10 22:13:04 I (1009837) burner_web: MBC5 ReadID trace begin t=1008619788us
2026-09-10 22:13:04 I (1009838) burner_web: MBC5 ReadID trace write addr=0x0AAA data=0xAA dt=1362us (0.001362s)
2026-09-10 22:13:04 I (1009841) burner_web: MBC5 ReadID trace write addr=0x0555 data=0x55 dt=2715us (0.002715s)
2026-09-10 22:13:04 I (1009849) burner_web: MBC5 ReadID trace write addr=0x0AAA data=0x90 dt=8111us (0.008111s)
2026-09-10 22:13:04 I (1009857) burner_web: MBC5 ReadID trace read addr=0x0000 data=0x00 dt=8085us (0.008085s)
2026-09-10 22:13:04 I (1009865) burner_web: MBC5 ReadID trace read addr=0x0002 data=0x00 dt=7950us (0.007950s)
2026-09-10 22:13:04 I (1009873) burner_web: MBC5 ReadID trace read addr=0x001C data=0x00 dt=7978us (0.007978s)
2026-09-10 22:13:04 I (1009881) burner_web: MBC5 ReadID trace read addr=0x001E data=0x00 dt=8550us (0.008550s)
2026-09-10 22:13:04 I (1009889) burner_web: MBC5 ReadID trace write addr=0x0000 data=0xF0 dt=7522us (0.007522s)
2026-09-10 22:13:04 I (1009897) burner_web: MBC5 ReadID trace end status=ESP_OK total=60265us (0.060265s)
2026-09-10 22:13:04 I (1009904) burner_web: MBC5 ID probe: id=00 00 00 00 chip=unknown flash=0 sector=0 geom=mixed largest=0 regions=0 buf=0 cmdset=unknown
2026-09-10 22:13:04 E (1009922) burner_web: MBC5 probe failed: ESP_FAIL
2026-09-10 22:13:04 E (1010022) burner_web: cart id read failed: ESP_FAIL
2026-09-10 22:13:04 W (1010023) httpd_txrx: httpd_resp_send_err: 500 Internal Server Error - cart id read failed
2026-09-10 22:13:04 I (1010262) burner_web: MBC5 power rail: 5V
2026-09-10 22:13:04 I (1010363) burner_web: MBC5 ReadID trace begin t=1009145787us
2026-09-10 22:13:04 I (1010364) burner_web: MBC5 ReadID trace write addr=0x0AAA data=0xAA dt=1360us (0.001360s)
2026-09-10 22:13:04 I (1010367) burner_web: MBC5 ReadID trace write addr=0x0555 data=0x55 dt=2727us (0.002727s)
2026-09-10 22:13:04 I (1010375) burner_web: MBC5 ReadID trace write addr=0x0AAA data=0x90 dt=8121us (0.008121s)
2026-09-10 22:13:04 I (1010383) burner_web: MBC5 ReadID trace read addr=0x0000 data=0x00 dt=8257us (0.008257s)
2026-09-10 22:13:04 I (1010391) burner_web: MBC5 ReadID trace read addr=0x0002 data=0x00 dt=7791us (0.007791s)
2026-09-10 22:13:04 I (1010399) burner_web: MBC5 ReadID trace read addr=0x001C data=0x00 dt=8006us (0.008006s)
2026-09-10 22:13:04 I (1010407) burner_web: MBC5 ReadID trace read addr=0x001E data=0x00 dt=7968us (0.007968s)
2026-09-10 22:13:04 I (1010415) burner_web: MBC5 ReadID trace write addr=0x0000 data=0xF0 dt=7939us (0.007939s)
2026-09-10 22:13:04 I (1010423) burner_web: MBC5 ReadID trace end status=ESP_OK total=60186us (0.060186s)
2026-09-10 22:13:04 I (1010430) burner_web: MBC5 ID probe: id=00 00 00 00 chip=unknown flash=0 sector=0 geom=mixed largest=0 regions=0 buf=0 cmdset=unknown
2026-09-10 22:13:04 E (1010449) burner_web: MBC5 probe failed: ESP_FAIL
2026-09-10 22:13:04 E (1010550) burner_web: cart id read failed: ESP_FAIL
2026-09-10 22:13:04 W (1010551) httpd_txrx: httpd_resp_send_err: 500 Internal Server Error - cart id read failed
2026-09-10 22:13:05 I (1010794) burner_web: MBC5 power rail: 3V3
2026-09-10 22:13:05 I (1010895) burner_web: MBC5 ReadID trace begin t=1009677787us
2026-09-10 22:13:05 I (1010896) burner_web: MBC5 ReadID trace write addr=0x0AAA data=0xAA dt=1473us (0.001473s)
2026-09-10 22:13:05 I (1010899) burner_web: MBC5 ReadID trace write addr=0x0555 data=0x55 dt=2866us (0.002866s)
2026-09-10 22:13:05 I (1010907) burner_web: MBC5 ReadID trace write addr=0x0AAA data=0x90 dt=7923us (0.007923s)
2026-09-10 22:13:05 I (1010915) burner_web: MBC5 ReadID trace read addr=0x0000 data=0x00 dt=8319us (0.008319s)
2026-09-10 22:13:05 I (1010923) burner_web: MBC5 ReadID trace read addr=0x0002 data=0x00 dt=7687us (0.007687s)
2026-09-10 22:13:05 I (1010932) burner_web: MBC5 ReadID trace read addr=0x001C data=0x00 dt=9123us (0.009123s)
2026-09-10 22:13:05 I (1010939) burner_web: MBC5 ReadID trace read addr=0x001E data=0x00 dt=6950us (0.006950s)
2026-09-10 22:13:05 I (1010947) burner_web: MBC5 ReadID trace write addr=0x0000 data=0xF0 dt=8172us (0.008172s)
2026-09-10 22:13:05 I (1010955) burner_web: MBC5 ReadID trace end status=ESP_OK total=60236us (0.060236s)
2026-09-10 22:13:05 I (1010962) burner_web: MBC5 ID probe: id=00 00 00 00 chip=unknown flash=0 sector=0 geom=mixed largest=0 regions=0 buf=0 cmdset=unknown
2026-09-10 22:13:05 E (1010981) burner_web: MBC5 probe failed: ESP_FAIL
2026-09-10 22:13:05 E (1011082) burner_web: cart id read failed: ESP_FAIL
2026-09-10 22:13:05 W (1011083) httpd_txrx: httpd_resp_send_err: 500 Internal Server Error - cart id read failed
2026-09-10 22:13:05 I (1011438) burner_web: MBC5 power rail: 5V
2026-09-10 22:13:05 I (1011539) burner_web: MBC5 ReadID trace begin t=1010321786us
2026-09-10 22:13:05 I (1011540) burner_web: MBC5 ReadID trace write addr=0x0AAA data=0xAA dt=1504us (0.001504s)
2026-09-10 22:13:05 I (1011543) burner_web: MBC5 ReadID trace write addr=0x0555 data=0x55 dt=2673us (0.002673s)
2026-09-10 22:13:05 I (1011551) burner_web: MBC5 ReadID trace write addr=0x0AAA data=0x90 dt=8094us (0.008094s)
2026-09-10 22:13:05 I (1011559) burner_web: MBC5 ReadID trace read addr=0x0000 data=0x00 dt=8097us (0.008097s)
2026-09-10 22:13:05 I (1011567) burner_web: MBC5 ReadID trace read addr=0x0002 data=0x00 dt=7960us (0.007960s)
2026-09-10 22:13:05 I (1011575) burner_web: MBC5 ReadID trace read addr=0x001C data=0x00 dt=7953us (0.007953s)
2026-09-10 22:13:05 I (1011583) burner_web: MBC5 ReadID trace read addr=0x001E data=0x00 dt=8007us (0.008007s)
2026-09-10 22:13:05 I (1011591) burner_web: MBC5 ReadID trace write addr=0x0000 data=0xF0 dt=7966us (0.007966s)
2026-09-10 22:13:05 I (1011599) burner_web: MBC5 ReadID trace end status=ESP_OK total=60294us (0.060294s)
2026-09-10 22:13:05 I (1011606) burner_web: MBC5 ID probe: id=00 00 00 00 chip=unknown flash=0 sector=0 geom=mixed largest=0 regions=0 buf=0 cmdset=unknown
2026-09-10 22:13:05 E (1011625) burner_web: MBC5 probe failed: ESP_FAIL
2026-09-10 22:13:06 E (1011726) burner_web: cart id read failed: ESP_FAIL
2026-09-10 22:13:06 W (1011727) httpd_txrx: httpd_resp_send_err: 500 Internal Server Error - cart id read failed
2026-09-10 22:13:06 I (1012052) burner_web: MBC5 power rail: 3V3
2026-09-10 22:13:06 I (1012153) burner_web: MBC5 ReadID trace begin t=1010935787us
2026-09-10 22:13:06 I (1012154) burner_web: MBC5 ReadID trace write addr=0x0AAA data=0xAA dt=1582us (0.001582s)
2026-09-10 22:13:06 I (1012157) burner_web: MBC5 ReadID trace write addr=0x0555 data=0x55 dt=2572us (0.002572s)
2026-09-10 22:13:06 I (1012165) burner_web: MBC5 ReadID trace write addr=0x0AAA data=0x90 dt=8064us (0.008064s)
2026-09-10 22:13:06 I (1012173) burner_web: MBC5 ReadID trace read addr=0x0000 data=0x00 dt=8126us (0.008126s)
2026-09-10 22:13:06 I (1012181) burner_web: MBC5 ReadID trace read addr=0x0002 data=0x00 dt=7903us (0.007903s)
2026-09-10 22:13:06 I (1012189) burner_web: MBC5 ReadID trace read addr=0x001C data=0x00 dt=8168us (0.008168s)
2026-09-10 22:13:06 I (1012197) burner_web: MBC5 ReadID trace read addr=0x001E data=0x00 dt=7846us (0.007846s)
2026-09-10 22:13:06 I (1012205) burner_web: MBC5 ReadID trace write addr=0x0000 data=0xF0 dt=8033us (0.008033s)
2026-09-10 22:13:06 I (1012213) burner_web: MBC5 ReadID trace end status=ESP_OK total=60248us (0.060248s)
2026-09-10 22:13:06 I (1012220) burner_web: MBC5 ID probe: id=00 00 00 00 chip=unknown flash=0 sector=0 geom=mixed largest=0 regions=0 buf=0 cmdset=unknown
2026-09-10 22:13:06 E (1012238) burner_web: MBC5 probe failed: ESP_FAIL
2026-09-10 22:13:06 E (1012339) burner_web: cart id read failed: ESP_FAIL
2026-09-10 22:13:06 W (1012340) httpd_txrx: httpd_resp_send_err: 500 Internal Server Error - cart id read failed
2026-09-10 22:13:06 I (1012590) burner_web: MBC5 power rail: 5V
2026-09-10 22:13:07 I (1012691) burner_web: MBC5 ReadID trace begin t=1011473786us
2026-09-10 22:13:07 I (1012692) burner_web: MBC5 ReadID trace write addr=0x0AAA data=0xAA dt=1496us (0.001496s)
2026-09-10 22:13:07 I (1012695) burner_web: MBC5 ReadID trace write addr=0x0555 data=0x55 dt=2664us (0.002664s)
2026-09-10 22:13:07 I (1012703) burner_web: MBC5 ReadID trace write addr=0x0AAA data=0x90 dt=8362us (0.008362s)
2026-09-10 22:13:07 I (1012711) burner_web: MBC5 ReadID trace read addr=0x0000 data=0x00 dt=7814us (0.007814s)
2026-09-10 22:13:07 I (1012719) burner_web: MBC5 ReadID trace read addr=0x0002 data=0x00 dt=8063us (0.008063s)
2026-09-10 22:13:07 I (1012727) burner_web: MBC5 ReadID trace read addr=0x001C data=0x00 dt=7851us (0.007851s)
2026-09-10 22:13:07 I (1012735) burner_web: MBC5 ReadID trace read addr=0x001E data=0x00 dt=8120us (0.008120s)
2026-09-10 22:13:07 I (1012743) burner_web: MBC5 ReadID trace write addr=0x0000 data=0xF0 dt=7869us (0.007869s)
2026-09-10 22:13:07 I (1012751) burner_web: MBC5 ReadID trace end status=ESP_OK total=60381us (0.060381s)
2026-09-10 22:13:07 I (1012758) burner_web: MBC5 ID probe: id=00 00 00 00 chip=unknown flash=0 sector=0 geom=mixed largest=0 regions=0 buf=0 cmdset=unknown
2026-09-10 22:13:07 E (1012777) burner_web: MBC5 probe failed: ESP_FAIL
2026-09-10 22:13:07 E (1012878) burner_web: cart id read failed: ESP_FAIL
2026-09-10 22:13:07 W (1012879) httpd_txrx: httpd_resp_send_err: 500 Internal Server Error - cart id read failed
2026-09-10 22:13:07 I (1013178) burner_web: MBC5 power rail: 3V3
2026-09-10 22:13:07 I (1013279) burner_web: MBC5 ReadID trace begin t=1012061787us
2026-09-10 22:13:07 I (1013280) burner_web: MBC5 ReadID trace write addr=0x0AAA data=0xAA dt=1454us (0.001454s)
2026-09-10 22:13:07 I (1013283) burner_web: MBC5 ReadID trace write addr=0x0555 data=0x55 dt=2698us (0.002698s)
2026-09-10 22:13:07 I (1013291) burner_web: MBC5 ReadID trace write addr=0x0AAA data=0x90 dt=8057us (0.008057s)
2026-09-10 22:13:07 I (1013299) burner_web: MBC5 ReadID trace read addr=0x0000 data=0x00 dt=8140us (0.008140s)
2026-09-10 22:13:07 I (1013307) burner_web: MBC5 ReadID trace read addr=0x0002 data=0x00 dt=7895us (0.007895s)
2026-09-10 22:13:07 I (1013315) burner_web: MBC5 ReadID trace read addr=0x001C data=0x00 dt=8025us (0.008025s)
2026-09-10 22:13:07 I (1013323) burner_web: MBC5 ReadID trace read addr=0x001E data=0x00 dt=7956us (0.007956s)
2026-09-10 22:13:07 I (1013331) burner_web: MBC5 ReadID trace write addr=0x0000 data=0xF0 dt=8030us (0.008030s)
2026-09-10 22:13:07 I (1013339) burner_web: MBC5 ReadID trace end status=ESP_OK total=60243us (0.060243s)
2026-09-10 22:13:07 I (1013346) burner_web: MBC5 ID probe: id=00 00 00 00 chip=unknown flash=0 sector=0 geom=mixed largest=0 regions=0 buf=0 cmdset=unknown
2026-09-10 22:13:07 E (1013365) burner_web: MBC5 probe failed: ESP_FAIL
2026-09-10 22:13:07 E (1013466) burner_web: cart id read failed: ESP_FAIL
2026-09-10 22:13:07 W (1013467) httpd_txrx: httpd_resp_send_err: 500 Internal Server Error - cart id read failed
2026-09-10 22:13:08 I (1013716) burner_web: MBC5 power rail: 5V
2026-09-10 22:13:08 I (1013817) burner_web: MBC5 ReadID trace begin t=1012599785us
2026-09-10 22:13:08 I (1013818) burner_web: MBC5 ReadID trace write addr=0x0AAA data=0xAA dt=1333us (0.001333s)
2026-09-10 22:13:08 I (1013821) burner_web: MBC5 ReadID trace write addr=0x0555 data=0x55 dt=2698us (0.002698s)
2026-09-10 22:13:08 I (1013829) burner_web: MBC5 ReadID trace write addr=0x0AAA data=0x90 dt=8123us (0.008123s)
2026-09-10 22:13:08 I (1013837) burner_web: MBC5 ReadID trace read addr=0x0000 data=0x00 dt=8092us (0.008092s)
2026-09-10 22:13:08 I (1013845) burner_web: MBC5 ReadID trace read addr=0x0002 data=0x00 dt=7968us (0.007968s)
2026-09-10 22:13:08 I (1013853) burner_web: MBC5 ReadID trace read addr=0x001C data=0x00 dt=7946us (0.007946s)
2026-09-10 22:13:08 I (1013861) burner_web: MBC5 ReadID trace read addr=0x001E data=0x00 dt=8011us (0.008011s)
2026-09-10 22:13:08 I (1013869) burner_web: MBC5 ReadID trace write addr=0x0000 data=0xF0 dt=7970us (0.007970s)
2026-09-10 22:13:08 I (1013877) burner_web: MBC5 ReadID trace end status=ESP_OK total=60186us (0.060186s)
2026-09-10 22:13:08 I (1013884) burner_web: MBC5 ID probe: id=00 00 00 00 chip=unknown flash=0 sector=0 geom=mixed largest=0 regions=0 buf=0 cmdset=unknown
2026-09-10 22:13:08 E (1013902) burner_web: MBC5 probe failed: ESP_FAIL
2026-09-10 22:13:08 E (1014003) burner_web: cart id read failed: ESP_FAIL
2026-09-10 22:13:08 W (1014004) httpd_txrx: httpd_resp_send_err: 500 Internal Server Error - cart id read failed
