2026-09-10 22:34:56 I (95) boot:  6 retro-core       OTA app          00 11 00ae0000
2026-09-10 22:34:56 @mori {"event":"ready","message":"Mori serial debug v1; type help"}
2026-09-10 22:34:56 I (1284) pm: Frequency switching config: CPU_MAX: 160, APB_MAX: 80, APB_MIN: 80, Light sleep: DISABLED
2026-09-10 22:34:56 I (1293) power_manager: CPU DFS enabled: idle=80MHz max=160MHz light_sleep=off
2026-09-10 22:34:56 I (1300) main: timezone configured: CST-8
2026-09-10 22:34:56 I (1304) main: boot step: mount assets
2026-09-10 22:34:56 I (1399) assets: mounted /assets: total=1438481 used=765550
2026-09-10 22:34:56 I (1400) main: boot step: mount sdcard
2026-09-10 22:34:56 I (1448) SDCARD: SD card mounted
2026-09-10 22:34:56 I (1449) SDCARD: Total: 59638MB
2026-09-10 22:34:56 W (1607) main: repaired legacy lang_zh_cn.ini
2026-09-10 22:34:56 I (3390) burner_web: burn config loaded: erase=smart write_path=psram recipe=chis psram_mb=auto mbc5_chunk=16 dump_chunk=64 voltage=3v3 settle=100ms cores=cpu1/cpu1/cpu1 ag32_link=auto
2026-09-10 22:34:56 I (3396) main: GBX cache auto rebuild disabled; update manually from system menu
2026-09-10 22:34:56 I (3408) main: UI language=1 (zh)
2026-09-10 22:34:56 I (3415) main: boot step: init i2c peripherals
2026-09-10 22:34:56 W (3416) i2c.master: Please check pull-up resistances whether be connected properly. Otherwise unexpected behavior would happen. For more detailed information, please read docs
2026-09-10 22:34:56 I (3427) mori_i2c: I2C bus ready. SDA=18, SCL=8, freq=100000
2026-09-10 22:34:56 I (3434) axp209: AXP209 ready at 0x34, charge current fixed to 500mA
2026-09-10 22:34:56 I (3438) power_manager: detected AXP209 at 0x34
2026-09-10 22:34:56 I (3442) main: AXP209 power manager ready at 0x34
2026-09-10 22:34:56 I (3446) tca9555: TCA9555 ready at 0x20
2026-09-10 22:34:56 I (3454) main: tca9555.ini apply=0, skip register apply
2026-09-10 22:34:56 I (3457) main: TCA9555@0x20 input=0xFFFF cfg=0xEFFF
2026-09-10 22:34:56 I (3460) tca9555: IRQ enabled on GPIO 17
2026-09-10 22:34:56 I (3463) main: boot step: init usb msc manager
2026-09-10 22:34:56 I (3467) usb_msc_tf: USB MSC manager ready (default: disabled)
2026-09-10 22:34:56 I (3473) main: USB MSC manager ready, pass-through default is disabled
2026-09-10 22:34:56 I (3479) main: boot step: init nvs
2026-09-10 22:34:56 I (3510) main: boot step: init mcu debug
2026-09-10 22:34:56 I (3511) main: boot step: init lvgl/display
2026-09-10 22:34:56 I (3755) lcd_display: LCD init done (ST7789, 320x240, rot=270), pins CLK=6 MOSI=4 CS=5 DC=13 BK=14, bk_pwm=1
2026-09-10 22:34:56 I (3757) lvgl_port: draw_buf1 allocated in internal DMA (12800 bytes)
2026-09-10 22:34:56 I (3761) lvgl_port: using single LVGL draw buffer (20
2026-09-10 22:34:56 @mori {"event":"status","version":"v2.32.111","uptime_ms":55693,"internal_free":74899,"internal_largest":31744,"psram_free":7539808,"burn_running":false,"patch_running":false,"cancel_requested":false,"phase":"","detail":"","offset":0,"total":0,"passes":0,"read_bytes":0,"read_ms":0,"elapsed_ms":0,"result":0,"ag32_link":"auto","ag32_link_active":"unknown","ag32_capabilities":0,"ag32_capabilities_known":false}
2026-09-10 22:34:56 @mori {"event":"ui","process_calls":3289,"render_calls":86,"music_polls":473,"model_bytes":15352,"directory_scans":0,"cache_hits":0,"page":0,"selected":0,"count":5,"preview_generation":0,"file_worker_stack_free":14752,"file_start_active":false,"preview_active":false,"preview_done":false,"preview_available":false,"screen_dimmed":false,"selection":"系统","status":"wifi connected 192.168.1.134"}
2026-09-10 22:34:56 @mori {"event":"ui","process_calls":3291,"render_calls":86,"music_polls":474,"model_bytes":15352,"directory_scans":0,"cache_hits":0,"page":0,"selected":0,"count":5,"preview_generation":0,"file_worker_stack_free":14752,"file_start_active":false,"preview_active":false,"preview_done":false,"preview_available":false,"screen_dimmed":false,"selection":"系统","status":"wifi connected 192.168.1.134"}
2026-09-10 22:34:57 @mori {"event":"key","message":"right"}
2026-09-10 22:34:57 @mori {"event":"ui","process_calls":3299,"render_calls":91,"music_polls":475,"model_bytes":15352,"directory_scans":0,"cache_hits":0,"page":0,"selected":1,"count":5,"preview_generation":0,"file_worker_stack_free":14752,"file_start_active":false,"preview_active":false,"preview_done":false,"preview_available":false,"screen_dimmed":false,"selection":"音乐","status":"wifi connected 192.168.1.134"}
2026-09-10 22:34:57 @mori {"event":"key","message":"right"}
2026-09-10 22:34:57 @mori {"event":"ui","process_calls":3307,"render_calls":99,"music_polls":476,"model_bytes":15352,"directory_scans":0,"cache_hits":0,"page":0,"selected":2,"count":5,"preview_generation":0,"file_worker_stack_free":14752,"file_start_active":false,"preview_active":false,"preview_done":false,"preview_available":false,"screen_dimmed":false,"selection":"阅读器","status":"wifi connected 192.168.1.134"}
2026-09-10 22:34:57 @mori {"event":"key","message":"right"}
2026-09-10 22:34:57 @mori {"event":"ui","process_calls":3315,"render_calls":107,"music_polls":477,"model_bytes":15352,"directory_scans":0,"cache_hits":0,"page":0,"selected":3,"count":5,"preview_generation":0,"file_worker_stack_free":14752,"file_start_active":false,"preview_active":false,"preview_done":false,"preview_available":false,"screen_dimmed":false,"selection":"烧录器","status":"wifi connected 192.168.1.134"}
2026-09-10 22:34:57 @mori {"event":"key","message":"a"}
2026-09-10 22:34:57 @mori {"event":"ui","process_calls":3320,"render_calls":112,"music_polls":478,"model_bytes":15352,"directory_scans":0,"cache_hits":0,"page":14,"selected":0,"count":2,"preview_generation":0,"file_worker_stack_free":14752,"file_start_active":false,"preview_active":false,"preview_done":false,"preview_available":false,"screen_dimmed":false,"selection":"","status":"wifi connected 192.168.1.134"}
2026-09-10 22:34:57 @mori {"event":"ui","process_calls":3323,"render_calls":115,"music_polls":479,"model_bytes":15352,"directory_scans":0,"cache_hits":0,"page":14,"selected":0,"count":2,"preview_generation":0,"file_worker_stack_free":14752,"file_start_active":false,"preview_active":false,"preview_done":false,"preview_available":false,"screen_dimmed":false,"selection":"","status":"wifi connected 192.168.1.134"}
2026-09-10 22:34:57 @mori {"event":"key","message":"right"}
2026-09-10 22:34:57 @mori {"event":"ui","process_calls":3332,"render_calls":124,"music_polls":480,"model_bytes":15352,"directory_scans":0,"cache_hits":0,"page":14,"selected":1,"count":2,"preview_generation":0,"file_worker_stack_free":14752,"file_start_active":false,"preview_active":false,"preview_done":false,"preview_available":false,"screen_dimmed":false,"selection":"","status":"wifi connected 192.168.1.134"}
2026-09-10 22:34:57 @mori {"event":"key","message":"a"}
2026-09-10 22:34:57 @mori {"event":"ui","process_calls":3336,"render_calls":128,"music_polls":481,"model_bytes":15352,"directory_scans":0,"cache_hits":0,"page":15,"selected":0,"count":4,"preview_generation":0,"file_worker_stack_free":14752,"file_start_active":false,"preview_active":false,"preview_done":false,"preview_available":false,"screen_dimmed":false,"selection":"分析卡带","status":"请先分析卡带"}
2026-09-10 22:34:57 @mori {"event":"key","message":"down"}
2026-09-10 22:34:58 @mori {"event":"ui","process_calls":3340,"render_calls":132,"music_polls":483,"model_bytes":15352,"directory_scans":0,"cache_hits":0,"page":15,"selected":1,"count":4,"preview_generation":0,"file_worker_stack_free":14752,"file_start_active":false,"preview_active":false,"preview_done":false,"preview_available":false,"screen_dimmed":false,"selection":"GBC 电压: 3V3","status":"请先分析卡带"}
2026-09-10 22:34:58 @mori {"event":"key","message":"a"}
2026-09-10 22:34:58 @mori {"event":"ui","process_calls":3342,"render_calls":134,"music_polls":484,"model_bytes":15352,"directory_scans":0,"cache_hits":0,"page":15,"selected":1,"count":4,"preview_generation":0,"file_worker_stack_free":14752,"file_start_active":false,"preview_active":false,"preview_done":false,"preview_available":false,"screen_dimmed":false,"selection":"GBC 电压: 5V","status":"GBC电压: 5V"}
2026-09-10 22:34:58 @mori {"event":"key","message":"a"}
2026-09-10 22:34:58 @mori {"event":"ui","process_calls":3343,"render_calls":135,"music_polls":485,"model_bytes":15352,"directory_scans":0,"cache_hits":0,"page":15,"selected":1,"count":4,"preview_generation":0,"file_worker_stack_free":14752,"file_start_active":false,"preview_active":false,"preview_done":false,"preview_available":false,"screen_dimmed":false,"selection":"GBC 电压: 3V3","status":"GBC电压: 3V3"}
2026-09-10 22:34:58 @mori {"event":"ui","process_calls":3343,"render_calls":135,"music_polls":485,"model_bytes":15352,"directory_scans":0,"cache_hits":0,"page":15,"selected":1,"count":4,"preview_generation":0,"file_worker_stack_free":14752,"file_start_active":false,"preview_active":false,"preview_done":false,"preview_available":false,"screen_dimmed":false,"selection":"GBC 电压: 3V3","status":"GBC电压: 3V3"}
2026-09-10 22:34:58 @mori {"event":"key","message":"down"}
2026-09-10 22:34:58 @mori {"event":"ui","process_calls":3346,"render_calls":138,"music_polls":486,"model_bytes":15352,"directory_scans":0,"cache_hits":0,"page":15,"selected":2,"count":4,"preview_generation":0,"file_worker_stack_free":14752,"file_start_active":false,"preview_active":false,"preview_done":false,"preview_available":false,"screen_dimmed":false,"selection":"烧录方式","status":"GBC电压: 3V3"}
2026-09-10 22:34:58 @mori {"event":"key","message":"down"}
2026-09-10 22:34:58 @mori {"event":"ui","process_calls":3350,"render_calls":142,"music_polls":487,"model_bytes":15352,"directory_scans":0,"cache_hits":0,"page":15,"selected":3,"count":4,"preview_generation":0,"file_worker_stack_free":14752,"file_start_active":false,"preview_active":false,"preview_done":false,"preview_available":false,"screen_dimmed":false,"selection":"设置","status":"GBC电压: 3V3"}
2026-09-10 22:34:58 @mori {"event":"key","message":"down"}
2026-09-10 22:34:59 @mori {"event":"ui","process_calls":3354,"render_calls":146,"music_polls":489,"model_bytes":15352,"directory_scans":0,"cache_hits":0,"page":15,"selected":0,"count":4,"preview_generation":0,"file_worker_stack_free":14752,"file_start_active":false,"preview_active":false,"preview_done":false,"preview_available":false,"screen_dimmed":false,"selection":"分析卡带","status":"GBC电压: 3V3"}
2026-09-10 22:34:59 I (59132) burner_web: MCU SPI init: host=1 cs0=21 cs1=1 clk=47 miso=48 mosi=45 freq=40000000Hz
2026-09-10 22:34:59 I (59136) burner_web: MCU SPI ready: actual=40000000Hz dma_scratch_tx=16384 dma_scratch_rw=16384
2026-09-10 22:34:59 @mori {"event":"key","message":"a"}
2026-09-10 22:34:59 @mori {"event":"ui","process_calls":3356,"render_calls":148,"music_polls":489,"model_bytes":15352,"directory_scans":0,"cache_hits":0,"page":15,"selected":0,"count":4,"preview_generation":0,"file_worker_stack_free":14752,"file_start_active":false,"preview_active":false,"preview_done":false,"preview_available":false,"screen_dimmed":false,"selection":"分析卡带","status":"analyzing cart"}
2026-09-10 22:34:59 I (59240) burner_web: MBC5 power rail: 3V3
2026-09-10 22:34:59 @mori {"event":"ui","process_calls":3358,"render_calls":150,"music_polls":490,"model_bytes":15352,"directory_scans":0,"cache_hits":0,"page":15,"selected":0,"count":4,"preview_generation":0,"file_worker_stack_free":14752,"file_start_active":false,"preview_active":false,"preview_done":false,"preview_available":false,"screen_dimmed":false,"selection":"分析卡带","status":"analyzing cart"}
2026-09-10 22:34:59 I (59365) burner_web: MBC5 ReadID trace begin t=58143264us
2026-09-10 22:34:59 I (59366) burner_web: MBC5 ReadID trace write addr=0x0AAA data=0xAA dt=1246us (0.001246s)
2026-09-10 22:34:59 I (59369) burner_web: MBC5 ReadID trace write addr=0x0555 data=0x55 dt=2487us (0.002487s)
2026-09-10 22:34:59 I (59377) burner_web: MBC5 ReadID trace write addr=0x0AAA data=0x90 dt=7891us (0.007891s)
2026-09-10 22:34:59 I (59385) burner_web: MBC5 ReadID trace read addr=0x0000 data=0xC2 dt=7952us (0.007952s)
2026-09-10 22:34:59 I (59392) burner_web: MBC5 ReadID trace read addr=0x0002 data=0x7E dt=7832us (0.007832s)
2026-09-10 22:34:59 I (59400) burner_web: MBC5 ReadID trace read addr=0x001C data=0x22 dt=7877us (0.007877s)
2026-09-10 22:34:59 I (59408) burner_web: MBC5 ReadID trace read addr=0x001E data=0x01 dt=7778us (0.007778s)
2026-09-10 22:34:59 I (59416) burner_web: MBC5 ReadID trace write addr=0x0000 data=0xF0 dt=7668us (0.007668s)
2026-09-10 22:34:59 I (59424) burner_web: MBC5 ReadID trace end status=ESP_OK total=58442us (0.058442s)
2026-09-10 22:34:59 @mori {"event":"ui","process_calls":3365,"render_calls":157,"music_polls":492,"model_bytes":15352,"directory_scans":0,"cache_hits":0,"page":15,"selected":0,"count":4,"preview_generation":0,"file_worker_stack_free":14752,"file_start_active":false,"preview_active":false,"preview_done":false,"preview_available":false,"screen_dimmed":false,"selection":"分析卡带","status":"analyzing cart"}
2026-09-10 22:34:59 I (59532) ui: UI probe task stack free min=21832 bytes
2026-09-10 22:34:59 @mori {"event":"ui","process_calls":3370,"render_calls":162,"music_polls":494,"model_bytes":15352,"directory_scans":0,"cache_hits":0,"page":15,"selected":2,"count":12,"preview_generation":0,"file_worker_stack_free":14752,"file_start_active":false,"preview_active":false,"preview_done":false,"preview_available":false,"screen_dimmed":false,"selection":"ROM: 选择文件","status":"GBC ID C2 7E 22 01 CFI"}
2026-09-10 22:34:59 @mori {"event":"ui","process_calls":3371,"render_calls":163,"music_polls":494,"model_bytes":15352,"directory_scans":0,"cache_hits":0,"page":15,"selected":2,"count":12,"preview_generation":0,"file_worker_stack_free":14752,"file_start_active":false,"preview_active":false,"preview_done":false,"preview_available":false,"screen_dimmed":false,"selection":"ROM: 选择文件","status":"GBC ID C2 7E 22 01 CFI"}
2026-09-10 22:34:59 @mori {"event":"key","message":"down"}
2026-09-10 22:35:00 @mori {"event":"ui","process_calls":3375,"render_calls":167,"music_polls":495,"model_bytes":15352,"directory_scans":0,"cache_hits":0,"page":15,"selected":3,"count":12,"preview_generation":0,"file_worker_stack_free":14752,"file_start_active":false,"preview_active":false,"preview_done":false,"preview_available":false,"screen_dimmed":false,"selection":"ROM: 选择MBC","status":"GBC ID C2 7E 22 01 CFI"}
2026-09-10 22:35:00 @mori {"event":"key","message":"down"}
2026-09-10 22:35:00 @mori {"event":"ui","process_calls":3379,"render_calls":171,"music_polls":497,"model_bytes":15352,"directory_scans":0,"cache_hits":0,"page":15,"selected":4,"count":12,"preview_generation":0,"file_worker_stack_free":14752,"file_start_active":false,"preview_active":false,"preview_done":false,"preview_available":false,"screen_dimmed":false,"selection":"ROM: 写入","status":"GBC ID C2 7E 22 01 CFI"}
2026-09-10 22:35:00 @mori {"event":"key","message":"down"}
2026-09-10 22:35:00 @mori {"event":"ui","process_calls":3383,"render_calls":175,"music_polls":498,"model_bytes":15352,"directory_scans":0,"cache_hits":0,"page":15,"selected":5,"count":12,"preview_generation":0,"file_worker_stack_free":14752,"file_start_active":false,"preview_active":false,"preview_done":false,"preview_available":false,"screen_dimmed":false,"selection":"ROM: 校验","status":"GBC ID C2 7E 22 01 CFI"}
2026-09-10 22:35:00 @mori {"event":"key","message":"down"}
2026-09-10 22:35:00 @mori {"event":"ui","process_calls":3388,"render_calls":180,"music_polls":499,"model_bytes":15352,"directory_scans":0,"cache_hits":0,"page":15,"selected":6,"count":12,"preview_generation":0,"file_worker_stack_free":14752,"file_start_active":false,"preview_active":false,"preview_done":false,"preview_available":false,"screen_dimmed":false,"selection":"ROM: 读取","status":"GBC ID C2 7E 22 01 CFI"}
2026-09-10 22:35:00 @mori {"event":"key","message":"down"}
2026-09-10 22:35:00 @mori {"event":"ui","process_calls":3391,"render_calls":183,"music_polls":500,"model_bytes":15352,"directory_scans":0,"cache_hits":0,"page":15,"selected":7,"count":12,"preview_generation":0,"file_worker_stack_free":14752,"file_start_active":false,"preview_active":false,"preview_done":false,"preview_available":false,"screen_dimmed":false,"selection":"ROM: 整片擦除","status":"GBC ID C2 7E 22 01 CFI"}
2026-09-10 22:35:00 @mori {"event":"key","message":"down"}
2026-09-10 22:35:00 @mori {"event":"ui","process_calls":3395,"render_calls":187,"music_polls":502,"model_bytes":15352,"directory_scans":0,"cache_hits":0,"page":15,"selected":8,"count":12,"preview_generation":0,"file_worker_stack_free":14752,"file_start_active":false,"preview_active":false,"preview_done":false,"preview_available":false,"screen_dimmed":false,"selection":"ROM: 解锁PPB","status":"GBC ID C2 7E 22 01 CFI"}
2026-09-10 22:35:00 @mori {"event":"key","message":"down"}
2026-09-10 22:35:01 @mori {"event":"ui","process_calls":3399,"render_calls":191,"music_polls":503,"model_bytes":15352,"directory_scans":0,"cache_hits":0,"page":15,"selected":9,"count":12,"preview_generation":0,"file_worker_stack_free":14752,"file_start_active":false,"preview_active":false,"preview_done":false,"preview_available":false,"screen_dimmed":false,"selection":"RAM: 操作","status":"GBC ID C2 7E 22 01 CFI"}
2026-09-10 22:35:01 @mori {"event":"key","message":"down"}
2026-09-10 22:35:01 @mori {"event":"ui","process_calls":3402,"render_calls":194,"music_polls":504,"model_bytes":15352,"directory_scans":0,"cache_hits":0,"page":15,"selected":10,"count":12,"preview_generation":0,"file_worker_stack_free":14752,"file_start_active":false,"preview_active":false,"preview_done":false,"preview_available":false,"screen_dimmed":false,"selection":"烧录方式","status":"GBC ID C2 7E 22 01 CFI"}
2026-09-10 22:35:01 @mori {"event":"key","message":"down"}
2026-09-10 22:35:01 @mori {"event":"ui","process_calls":3406,"render_calls":198,"music_polls":505,"model_bytes":15352,"directory_scans":0,"cache_hits":0,"page":15,"selected":11,"count":12,"preview_generation":0,"file_worker_stack_free":14752,"file_start_active":false,"preview_active":false,"preview_done":false,"preview_available":false,"screen_dimmed":false,"selection":"设置","status":"GBC ID C2 7E 22 01 CFI"}
2026-09-10 22:35:01 @mori {"event":"key","message":"a"}
2026-09-10 22:35:01 @mori {"event":"ui","process_calls":3409,"render_calls":201,"music_polls":507,"model_bytes":15352,"directory_scans":0,"cache_hits":0,"page":15,"selected":0,"count":5,"preview_generation":0,"file_worker_stack_free":14752,"file_start_active":false,"preview_active":false,"preview_done":false,"preview_available":false,"screen_dimmed":false,"selection":"Write method","status":"GBC ID C2 7E 22 01 CFI"}
2026-09-10 22:35:01 @mori {"event":"key","message":"b"}
2026-09-10 22:35:01 @mori {"event":"ui","process_calls":3412,"render_calls":204,"music_polls":508,"model_bytes":15352,"directory_scans":0,"cache_hits":0,"page":15,"selected":11,"count":12,"preview_generation":0,"file_worker_stack_free":14752,"file_start_active":false,"preview_active":false,"preview_done":false,"preview_available":false,"screen_dimmed":false,"selection":"设置","status":"GBC ID C2 7E 22 01 CFI"}
2026-09-10 22:35:01 @mori {"event":"ui","process_calls":3413,"render_calls":205,"music_polls":508,"model_bytes":15352,"directory_scans":0,"cache_hits":0,"page":15,"selected":11,"count":12,"preview_generation":0,"file_worker_stack_free":14752,"file_start_active":false,"preview_active":false,"preview_done":false,"preview_available":false,"screen_dimmed":false,"selection":"设置","status":"GBC ID C2 7E 22 01 CFI"}
2026-09-10 22:35:01 @mori {"event":"key","message":"down"}
2026-09-10 22:35:01 @mori {"event":"ui","process_calls":3416,"render_calls":208,"music_polls":509,"model_bytes":15352,"directory_scans":0,"cache_hits":0,"page":15,"selected":0,"count":12,"preview_generation":0,"file_worker_stack_free":14752,"file_start_active":false,"preview_active":false,"preview_done":false,"preview_available":false,"screen_dimmed":false,"selection":"重新分析","status":"GBC ID C2 7E 22 01 CFI"}
2026-09-10 22:35:01 @mori {"event":"key","message":"down"}
2026-09-10 22:35:02 @mori {"event":"ui","process_calls":3420,"render_calls":212,"music_polls":510,"model_bytes":15352,"directory_scans":0,"cache_hits":0,"page":15,"selected":1,"count":12,"preview_generation":0,"file_worker_stack_free":14752,"file_start_active":false,"preview_active":false,"preview_done":false,"preview_available":false,"screen_dimmed":false,"selection":"GBC 电压: 3V3","status":"GBC ID C2 7E 22 01 CFI"}
2026-09-10 22:35:02 @mori {"event":"key","message":"down"}
2026-09-10 22:35:02 @mori {"event":"ui","process_calls":3424,"render_calls":216,"music_polls":512,"model_bytes":15352,"directory_scans":0,"cache_hits":0,"page":15,"selected":2,"count":12,"preview_generation":0,"file_worker_stack_free":14752,"file_start_active":false,"preview_active":false,"preview_done":false,"preview_available":false,"screen_dimmed":false,"selection":"ROM: 选择文件","status":"GBC ID C2 7E 22 01 CFI"}
2026-09-10 22:35:02 @mori {"event":"key","message":"a"}
2026-09-10 22:35:02 @mori {"event":"ui","process_calls":3426,"render_calls":218,"music_polls":513,"model_bytes":15352,"directory_scans":1,"cache_hits":0,"page":6,"selected":0,"count":16,"preview_generation":0,"file_worker_stack_free":14752,"file_start_active":false,"preview_active":false,"preview_done":false,"preview_available":false,"screen_dimmed":false,"selection":"_gba","status":"TF根目录"}
2026-09-10 22:35:02 @mori {"event":"ui","process_calls":3430,"render_calls":222,"music_polls":514,"model_bytes":15352,"directory_scans":1,"cache_hits":0,"page":6,"selected":0,"count":16,"preview_generation":0,"file_worker_stack_free":14752,"file_start_active":false,"preview_active":false,"preview_done":false,"preview_available":false,"screen_dimmed":false,"selection":"_gba","status":"TF根目录"}
2026-09-10 22:35:02 @mori {"event":"key","message":"down"}
2026-09-10 22:35:02 @mori {"event":"ui","process_calls":3439,"render_calls":231,"music_polls":515,"model_bytes":15352,"directory_scans":1,"cache_hits":0,"page":6,"selected":1,"count":16,"preview_generation":0,"file_worker_stack_free":14752,"file_start_active":false,"preview_active":false,"preview_done":false,"preview_available":false,"screen_dimmed":false,"selection":"_nds","status":"TF根目录"}
2026-09-10 22:35:02 @mori {"event":"key","message":"down"}
2026-09-10 22:35:02 @mori {"event":"ui","process_calls":3449,"render_calls":241,"music_polls":517,"model_bytes":15352,"directory_scans":1,"cache_hits":0,"page":6,"selected":2,"count":16,"preview_generation":0,"file_worker_stack_free":14752,"file_start_active":false,"preview_active":false,"preview_done":false,"preview_available":false,"screen_dimmed":false,"selection":"dumps","status":"TF根目录"}
2026-09-10 22:35:02 @mori {"event":"key","message":"down"}
2026-09-10 22:35:02 @mori {"event":"ui","process_calls":3459,"render_calls":251,"music_polls":518,"model_bytes":15352,"directory_scans":1,"cache_hits":0,"page":6,"selected":3,"count":16,"preview_generation":0,"file_worker_stack_free":14752,"file_start_active":false,"preview_active":false,"preview_done":false,"preview_available":false,"screen_dimmed":false,"selection":"GBA汉化","status":"TF根目录"}
2026-09-10 22:35:02 @mori {"event":"key","message":"down"}
2026-09-10 22:35:03 @mori {"event":"ui","process_calls":3469,"render_calls":261,"music_polls":520,"model_bytes":15352,"directory_scans":1,"cache_hits":0,"page":6,"selected":4,"count":16,"preview_generation":0,"file_worker_stack_free":14752,"file_start_active":false,"preview_active":false,"preview_done":false,"preview_available":false,"screen_dimmed":false,"selection":"music","status":"TF根目录"}
2026-09-10 22:35:03 @mori {"event":"key","message":"down"}
2026-09-10 22:35:03 @mori {"event":"ui","process_calls":3480,"render_calls":272,"music_polls":521,"model_bytes":15352,"directory_scans":1,"cache_hits":0,"page":6,"selected":5,"count":16,"preview_generation":0,"file_worker_stack_free":14752,"file_start_active":false,"preview_active":false,"preview_done":false,"preview_available":false,"screen_dimmed":false,"selection":"retro-go","status":"TF根目录"}
2026-09-10 22:35:03 @mori {"event":"key","message":"down"}
2026-09-10 22:35:03 @mori {"event":"ui","process_calls":3490,"render_calls":282,"music_polls":523,"model_bytes":15352,"directory_scans":1,"cache_hits":0,"page":6,"selected":6,"count":16,"preview_generation":0,"file_worker_stack_free":14752,"file_start_active":false,"preview_active":false,"preview_done":false,"preview_available":false,"screen_dimmed":false,"selection":"ROM_OUTPUT","status":"TF根目录"}
2026-09-10 22:35:03 @mori {"event":"key","message":"a"}
2026-09-10 22:35:03 @mori {"event":"ui","process_calls":3495,"render_calls":287,"music_polls":524,"model_bytes":15352,"directory_scans":2,"cache_hits":0,"page":6,"selected":0,"count":2,"preview_generation":0,"file_worker_stack_free":14752,"file_start_active":false,"preview_active":false,"preview_done":false,"preview_available":false,"screen_dimmed":false,"selection":"gbc_5v_baseline_20260910.gbc","status":"ROM_OUTPUT"}
2026-09-10 22:35:03 @mori {"event":"ui","process_calls":3498,"render_calls":290,"music_polls":524,"model_bytes":15352,"directory_scans":2,"cache_hits":0,"page":6,"selected":0,"count":2,"preview_generation":0,"file_worker_stack_free":14752,"file_start_active":false,"preview_active":false,"preview_done":false,"preview_available":false,"screen_dimmed":false,"selection":"gbc_5v_baseline_20260910.gbc","status":"ROM_OUTPUT"}
2026-09-10 22:35:03 @mori {"event":"key","message":"a"}
2026-09-10 22:35:03 @mori {"event":"ui","process_calls":3503,"render_calls":295,"music_polls":525,"model_bytes":15352,"directory_scans":2,"cache_hits":0,"page":15,"selected":0,"count":2,"preview_generation":1,"file_worker_stack_free":14752,"file_start_active":false,"preview_active":false,"preview_done":false,"preview_available":false,"screen_dimmed":false,"selection":"MBC5","status":"select type"}
2026-09-10 22:35:03 @mori {"event":"ui","process_calls":3504,"render_calls":296,"music_polls":526,"model_bytes":15352,"directory_scans":2,"cache_hits":0,"page":15,"selected":0,"count":2,"preview_generation":1,"file_worker_stack_free":14752,"file_start_active":false,"preview_active":false,"preview_done":false,"preview_available":false,"screen_dimmed":false,"selection":"MBC5","status":"select type"}
2026-09-10 22:35:03 @mori {"event":"key","message":"a"}
2026-09-10 22:35:03 @mori {"event":"ui","process_calls":3507,"render_calls":299,"music_polls":527,"model_bytes":15352,"directory_scans":2,"cache_hits":0,"page":15,"selected":4,"count":12,"preview_generation":1,"file_worker_stack_free":14752,"file_start_active":false,"preview_active":false,"preview_done":false,"preview_available":false,"screen_dimmed":false,"selection":"ROM: 写入","status":"MBC5"}
2026-09-10 22:35:03 @mori {"event":"ui","process_calls":3508,"render_calls":300,"music_polls":527,"model_bytes":15352,"directory_scans":2,"cache_hits":0,"page":15,"selected":4,"count":12,"preview_generation":1,"file_worker_stack_free":14752,"file_start_active":false,"preview_active":false,"preview_done":false,"preview_available":false,"screen_dimmed":false,"selection":"ROM: 写入","status":"MBC5"}
2026-09-10 22:35:04 @mori {"event":"key","message":"a"}
2026-09-10 22:35:04 @mori {"event":"ui","process_calls":3511,"render_calls":303,"music_polls":528,"model_bytes":15352,"directory_scans":2,"cache_hits":0,"page":15,"selected":0,"count":1,"preview_generation":1,"file_worker_stack_free":14752,"file_start_active":false,"preview_active":false,"preview_done":false,"preview_available":false,"screen_dimmed":false,"selection":"ROM: 写入","status":"已选择ROM"}
2026-09-10 22:35:04 @mori {"event":"key","message":"down"}
2026-09-10 22:35:04 @mori {"event":"ui","process_calls":3515,"render_calls":307,"music_polls":530,"model_bytes":15352,"directory_scans":2,"cache_hits":0,"page":15,"selected":0,"count":1,"preview_generation":1,"file_worker_stack_free":14752,"file_start_active":false,"preview_active":false,"preview_done":false,"preview_available":false,"screen_dimmed":false,"selection":"ROM: 写入","status":"已选择ROM"}
2026-09-10 22:35:04 @mori {"event":"key","message":"up"}
2026-09-10 22:35:04 @mori {"event":"ui","process_calls":3519,"render_calls":311,"music_polls":531,"model_bytes":15352,"directory_scans":2,"cache_hits":0,"page":15,"selected":0,"count":1,"preview_generation":1,"file_worker_stack_free":14752,"file_start_active":false,"preview_active":false,"preview_done":false,"preview_available":false,"screen_dimmed":false,"selection":"ROM: 写入","status":"已选择ROM"}
2026-09-10 22:35:04 @mori {"event":"key","message":"right"}
2026-09-10 22:35:04 @mori {"event":"ui","process_calls":3524,"render_calls":316,"music_polls":532,"model_bytes":15352,"directory_scans":2,"cache_hits":0,"page":15,"selected":0,"count":1,"preview_generation":1,"file_worker_stack_free":14752,"file_start_active":false,"preview_active":false,"preview_done":false,"preview_available":false,"screen_dimmed":false,"selection":"ROM: 写入","status":"已选择ROM"}
2026-09-10 22:35:04 @mori {"event":"key","message":"left"}
2026-09-10 22:35:04 @mori {"event":"ui","process_calls":3528,"render_calls":320,"music_polls":534,"model_bytes":15352,"directory_scans":2,"cache_hits":0,"page":15,"selected":0,"count":1,"preview_generation":1,"file_worker_stack_free":14752,"file_start_active":false,"preview_active":false,"preview_done":false,"preview_available":false,"screen_dimmed":false,"selection":"ROM: 写入","status":"已选择ROM"}
2026-09-10 22:35:04 @mori {"event":"key","message":"down"}
2026-09-10 22:35:04 @mori {"event":"ui","process_calls":3532,"render_calls":324,"music_polls":535,"model_bytes":15352,"directory_scans":2,"cache_hits":0,"page":15,"selected":0,"count":1,"preview_generation":1,"file_worker_stack_free":14752,"file_start_active":false,"preview_active":false,"preview_done":false,"preview_available":false,"screen_dimmed":false,"selection":"ROM: 写入","status":"已选择ROM"}
2026-09-10 22:35:04 @mori {"event":"key","message":"up"}
2026-09-10 22:35:05 @mori {"event":"ui","process_calls":3536,"render_calls":328,"music_polls":536,"model_bytes":15352,"directory_scans":2,"cache_hits":0,"page":15,"selected":0,"count":1,"preview_generation":1,"file_worker_stack_free":14752,"file_start_active":false,"preview_active":false,"preview_done":false,"preview_available":false,"screen_dimmed":false,"selection":"ROM: 写入","status":"已选择ROM"}
2026-09-10 22:35:05 @mori {"event":"key","message":"b"}
2026-09-10 22:35:05 @mori {"event":"ui","process_calls":3539,"render_calls":331,"music_polls":538,"model_bytes":15352,"directory_scans":2,"cache_hits":0,"page":15,"selected":4,"count":12,"preview_generation":1,"file_worker_stack_free":14752,"file_start_active":false,"preview_active":false,"preview_done":false,"preview_available":false,"screen_dimmed":false,"selection":"ROM: 写入","status":"已选择ROM"}
2026-09-10 22:35:05 @mori {"event":"key","message":"b"}
2026-09-10 22:35:05 @mori {"event":"ui","process_calls":3541,"render_calls":333,"music_polls":538,"model_bytes":15352,"directory_scans":2,"cache_hits":0,"page":14,"selected":0,"count":2,"preview_generation":1,"file_worker_stack_free":14752,"file_start_active":false,"preview_active":false,"preview_done":false,"preview_available":false,"screen_dimmed":false,"selection":"","status":"已选择ROM"}
2026-09-10 22:35:05 @mori {"event":"key","message":"b"}
2026-09-10 22:35:05 @mori {"event":"ui","process_calls":3546,"render_calls":338,"music_polls":540,"model_bytes":15352,"directory_scans":2,"cache_hits":0,"page":0,"selected":3,"count":5,"preview_generation":1,"file_worker_stack_free":14752,"file_start_active":false,"preview_active":false,"preview_done":false,"preview_available":false,"screen_dimmed":false,"selection":"烧录器","status":"已选择ROM"}
