2026-09-11 11:57:24 @mori {"event":"play","message":"ESP_OK"}
2026-09-11 11:57:24 @mori {"event":"ui","process_calls":13945,"render_calls":336,"music_polls":2065,"model_bytes":15352,"directory_scans":0,"cache_hits":0,"page":0,"selected":0,"count":5,"preview_generation":0,"file_worker_stack_free":14752,"file_start_active":false,"preview_active":false,"preview_done":false,"preview_available":false,"screen_dimmed":true,"selection":"系统","status":"burner done: tf upload complete"}
2026-09-11 11:57:25 I (240517) lyra.audio: playing /sdcard/music/Lazer Boomerang - Signals.mp3 (44100 Hz, 2 channel, 16-bit)
2026-09-11 11:57:25 @mori {"event":"ui","process_calls":13966,"render_calls":336,"music_polls":2070,"model_bytes":15352,"directory_scans":0,"cache_hits":0,"page":0,"selected":0,"count":5,"preview_generation":0,"file_worker_stack_free":14752,"file_start_active":false,"preview_active":false,"preview_done":false,"preview_available":false,"screen_dimmed":true,"selection":"系统","status":"burner done: tf upload complete"}
2026-09-11 11:57:25 @mori {"event":"ui","process_calls":13975,"render_calls":336,"music_polls":2071,"model_bytes":15352,"directory_scans":0,"cache_hits":0,"page":0,"selected":0,"count":5,"preview_generation":0,"file_worker_stack_free":14752,"file_start_active":false,"preview_active":false,"preview_done":false,"preview_available":false,"screen_dimmed":true,"selection":"系统","status":"burner done: tf upload complete"}
2026-09-11 11:57:25 @mori {"event":"key","message":"b"}
2026-09-11 11:57:25 @mori {"event":"ui","process_calls":13994,"render_calls":336,"music_polls":2074,"model_bytes":15352,"directory_scans":0,"cache_hits":0,"page":0,"selected":0,"count":5,"preview_generation":0,"file_worker_stack_free":14752,"file_start_active":false,"preview_active":false,"preview_done":false,"preview_available":false,"screen_dimmed":false,"selection":"系统","status":"burner done: tf upload complete"}
2026-09-11 11:57:26 @mori {"event":"ui","process_calls":13998,"render_calls":336,"music_polls":2074,"model_bytes":15352,"directory_scans":0,"cache_hits":0,"page":0,"selected":0,"count":5,"preview_generation":0,"file_worker_stack_free":14752,"file_start_active":false,"preview_active":false,"preview_done":false,"preview_available":false,"screen_dimmed":false,"selection":"系统","status":"burner done: tf upload complete"}
2026-09-11 11:57:26 @mori {"event":"key","message":"right"}
2026-09-11 11:57:26 @mori {"event":"ui","process_calls":14005,"render_calls":341,"music_polls":2076,"model_bytes":15352,"directory_scans":0,"cache_hits":0,"page":0,"selected":1,"count":5,"preview_generation":0,"file_worker_stack_free":14752,"file_start_active":false,"preview_active":false,"preview_done":false,"preview_available":false,"screen_dimmed":false,"selection":"音乐","status":"burner done: tf upload complete"}
2026-09-11 11:57:26 @mori {"event":"key","message":"a"}
2026-09-11 11:57:26 @mori {"event":"ui","process_calls":14010,"render_calls":345,"music_polls":2077,"model_bytes":15352,"directory_scans":3,"cache_hits":0,"page":5,"selected":0,"count":0,"preview_generation":0,"file_worker_stack_free":14752,"file_start_active":false,"preview_active":false,"preview_done":false,"preview_available":false,"screen_dimmed":false,"selection":"","status":"打开目录失败"}
2026-09-11 11:57:26 @mori {"event":"key","message":"a"}
2026-09-11 11:57:27 @mori {"event":"ui","process_calls":14042,"render_calls":352,"music_polls":2083,"model_bytes":15352,"directory_scans":3,"cache_hits":0,"page":5,"selected":0,"count":0,"preview_generation":0,"file_worker_stack_free":14752,"file_start_active":false,"preview_active":false,"preview_done":false,"preview_available":false,"screen_dimmed":false,"selection":"","status":"打开目录失败"}
2026-09-11 11:57:27 @mori {"event":"key","message":"a"}
2026-09-11 11:57:27 @mori {"event":"ui","process_calls":14091,"render_calls":355,"music_polls":2091,"model_bytes":15352,"directory_scans":3,"cache_hits":0,"page":5,"selected":0,"count":0,"preview_generation":0,"file_worker_stack_free":14752,"file_start_active":false,"preview_active":false,"preview_done":false,"preview_available":false,"screen_dimmed":false,"selection":"","status":"已暂停"}
2026-09-11 11:57:28 I (244116) lyra.audio: audio worker free stack=2764 bytes
2026-09-11 11:57:28 I (244117) lyra.audio: read-ahead: max=38027 us avg=31091 us lock-max=11 us lock-avg=7 us low=225280 bytes underruns=0; pcm-low=1212 bytes pcm-underruns=0; buffers read-ahead=psram pcm=psram stereo=psram
2026-09-11 11:57:28 @mori {"event":"key","message":"b"}
2026-09-11 11:57:29 @mori {"event":"ui","process_calls":14148,"render_calls":367,"music_polls":2102,"model_bytes":15352,"directory_scans":3,"cache_hits":0,"page":0,"selected":1,"count":5,"preview_generation":0,"file_worker_stack_free":14752,"file_start_active":false,"preview_active":false,"preview_done":false,"preview_available":false,"screen_dimmed":false,"selection":"音乐","status":"就绪"}
2026-09-11 11:57:29 @mori {"event":"status","version":"v2.32.116","uptime_ms":243367,"internal_free":44151,"internal_largest":15360,"psram_free":7539304,"burn_running":false,"patch_running":false,"cancel_requested":false,"phase":"","detail":"","offset":0,"total":0,"passes":0,"read_bytes":0,"read_ms":0,"elapsed_ms":0,"result":0,"ag32_link":"auto","ag32_link_active":"unknown","ag32_capabilities":0,"ag32_capabilities_known":false}
