2026-09-10 23:10:42 @mori {"event":"status","version":"v2.32.112","uptime_ms":305608,"internal_free":73475,"internal_largest":31744,"psram_free":7539836,"burn_running":false,"patch_running":false,"cancel_requested":false,"phase":"","detail":"","offset":0,"total":0,"passes":0,"read_bytes":0,"read_ms":0,"elapsed_ms":0,"result":0,"ag32_link":"cpld","ag32_link_active":"cpld","ag32_capabilities":0,"ag32_capabilities_known":false}
2026-09-10 23:10:42 @mori {"event":"ui","process_calls":13627,"render_calls":1626,"music_polls":2663,"model_bytes":15352,"directory_scans":2,"cache_hits":0,"page":19,"selected":0,"count":19,"preview_generation":2,"file_worker_stack_free":10640,"file_start_active":false,"preview_active":false,"preview_done":false,"preview_available":false,"screen_dimmed":false,"selection":"","status":"burner done: verify finished"}
2026-09-10 23:10:42 @mori {"event":"key","message":"b"}
2026-09-10 23:10:42 @mori {"event":"ui","process_calls":13631,"render_calls":1628,"music_polls":2664,"model_bytes":15352,"directory_scans":2,"cache_hits":0,"page":14,"selected":0,"count":2,"preview_generation":2,"file_worker_stack_free":10640,"file_start_active":false,"preview_active":false,"preview_done":false,"preview_available":false,"screen_dimmed":false,"selection":"","status":"就绪"}
2026-09-10 23:10:42 @mori {"event":"key","message":"b"}
2026-09-10 23:10:42 @mori {"event":"ui","process_calls":13637,"render_calls":1634,"music_polls":2664,"model_bytes":15352,"directory_scans":2,"cache_hits":0,"page":0,"selected":3,"count":5,"preview_generation":2,"file_worker_stack_free":10640,"file_start_active":false,"preview_active":false,"preview_done":false,"preview_available":false,"screen_dimmed":false,"selection":"烧录器","status":"就绪"}
2026-09-10 23:10:42 @mori {"event":"ui","process_calls":13639,"render_calls":1636,"music_polls":2665,"model_bytes":15352,"directory_scans":2,"cache_hits":0,"page":0,"selected":3,"count":5,"preview_generation":2,"file_worker_stack_free":10640,"file_start_active":false,"preview_active":false,"preview_done":false,"preview_available":false,"screen_dimmed":false,"selection":"烧录器","status":"就绪"}
2026-09-10 23:10:42 @mori {"event":"key","message":"a"}
2026-09-10 23:10:42 @mori {"event":"ui","process_calls":13645,"render_calls":1642,"music_polls":2666,"model_bytes":15352,"directory_scans":2,"cache_hits":0,"page":14,"selected":0,"count":2,"preview_generation":2,"file_worker_stack_free":10640,"file_start_active":false,"preview_active":false,"preview_done":false,"preview_available":false,"screen_dimmed":false,"selection":"","status":"就绪"}
2026-09-10 23:10:42 @mori {"event":"ui","process_calls":13647,"render_calls":1644,"music_polls":2666,"model_bytes":15352,"directory_scans":2,"cache_hits":0,"page":14,"selected":0,"count":2,"preview_generation":2,"file_worker_stack_free":10640,"file_start_active":false,"preview_active":false,"preview_done":false,"preview_available":false,"screen_dimmed":false,"selection":"","status":"就绪"}
2026-09-10 23:10:42 @mori {"event":"key","message":"right"}
2026-09-10 23:10:43 @mori {"event":"ui","process_calls":13655,"render_calls":1652,"music_polls":2667,"model_bytes":15352,"directory_scans":2,"cache_hits":0,"page":14,"selected":1,"count":2,"preview_generation":2,"file_worker_stack_free":10640,"file_start_active":false,"preview_active":false,"preview_done":false,"preview_available":false,"screen_dimmed":false,"selection":"","status":"就绪"}
2026-09-10 23:10:43 @mori {"event":"key","message":"a"}
2026-09-10 23:10:43 @mori {"event":"ui","process_calls":13660,"render_calls":1657,"music_polls":2668,"model_bytes":15352,"directory_scans":2,"cache_hits":0,"page":15,"selected":0,"count":4,"preview_generation":2,"file_worker_stack_free":10640,"file_start_active":false,"preview_active":false,"preview_done":false,"preview_available":false,"screen_dimmed":false,"selection":"分析卡带","status":"请先分析卡带"}
2026-09-10 23:10:43 @mori {"event":"ui","process_calls":13661,"render_calls":1658,"music_polls":2669,"model_bytes":15352,"directory_scans":2,"cache_hits":0,"page":15,"selected":0,"count":4,"preview_generation":2,"file_worker_stack_free":10640,"file_start_active":false,"preview_active":false,"preview_done":false,"preview_available":false,"screen_dimmed":false,"selection":"分析卡带","status":"请先分析卡带"}
2026-09-10 23:10:43 @mori {"event":"key","message":"a"}
2026-09-10 23:10:43 I (307872) burner_web: MBC5 power rail: 3V3
2026-09-10 23:10:43 @mori {"event":"ui","process_calls":13663,"render_calls":1660,"music_polls":2669,"model_bytes":15352,"directory_scans":2,"cache_hits":0,"page":15,"selected":0,"count":4,"preview_generation":2,"file_worker_stack_free":10640,"file_start_active":false,"preview_active":false,"preview_done":false,"preview_available":false,"screen_dimmed":false,"selection":"分析卡带","status":"analyzing cart"}
2026-09-10 23:10:43 @mori {"event":"ui","process_calls":13665,"render_calls":1662,"music_polls":2670,"model_bytes":15352,"directory_scans":2,"cache_hits":0,"page":15,"selected":0,"count":4,"preview_generation":2,"file_worker_stack_free":10640,"file_start_active":false,"preview_active":false,"preview_done":false,"preview_available":false,"screen_dimmed":false,"selection":"分析卡带","status":"analyzing cart"}
2026-09-10 23:10:43 I (307974) burner_web: MBC5 ReadID trace begin t=306752624us
2026-09-10 23:10:43 I (307976) burner_web: MBC5 ReadID trace write addr=0x0AAA data=0xAA dt=1546us (0.001546s)
2026-09-10 23:10:43 I (307978) burner_web: MBC5 ReadID trace write addr=0x0555 data=0x55 dt=2366us (0.002366s)
2026-09-10 23:10:43 I (307987) burner_web: MBC5 ReadID trace write addr=0x0AAA data=0x90 dt=8279us (0.008279s)
2026-09-10 23:10:43 I (307995) burner_web: MBC5 ReadID trace read addr=0x0000 data=0xC2 dt=7996us (0.007996s)
2026-09-10 23:10:43 I (308003) burner_web: MBC5 ReadID trace read addr=0x0002 data=0x7E dt=7890us (0.007890s)
2026-09-10 23:10:43 I (308010) burner_web: MBC5 ReadID trace read addr=0x001C data=0x22 dt=7842us (0.007842s)
2026-09-10 23:10:43 I (308018) burner_web: MBC5 ReadID trace read addr=0x001E data=0x01 dt=7820us (0.007820s)
2026-09-10 23:10:43 I (308026) burner_web: MBC5 ReadID trace write addr=0x0000 data=0xF0 dt=7857us (0.007857s)
2026-09-10 23:10:43 I (308034) burner_web: MBC5 ReadID trace end status=ESP_OK total=59470us (0.059470s)
2026-09-10 23:10:43 @mori {"event":"ui","process_calls":13670,"render_calls":1667,"music_polls":2672,"model_bytes":15352,"directory_scans":2,"cache_hits":0,"page":15,"selected":0,"count":4,"preview_generation":2,"file_worker_stack_free":10640,"file_start_active":false,"preview_active":false,"preview_done":false,"preview_available":false,"screen_dimmed":false,"selection":"分析卡带","status":"analyzing cart"}
2026-09-10 23:10:43 I (308143) ui: UI probe task stack free min=21864 bytes
2026-09-10 23:10:43 @mori {"event":"ui","process_calls":13675,"render_calls":1672,"music_polls":2674,"model_bytes":15352,"directory_scans":2,"cache_hits":0,"page":15,"selected":2,"count":12,"preview_generation":2,"file_worker_stack_free":10640,"file_start_active":false,"preview_active":false,"preview_done":false,"preview_available":false,"screen_dimmed":false,"selection":"ROM: 选择文件","status":"GBC ID C2 7E 22 01 CFI"}
2026-09-10 23:10:44 @mori {"event":"ui","process_calls":13676,"render_calls":1673,"music_polls":2674,"model_bytes":15352,"directory_scans":2,"cache_hits":0,"page":15,"selected":2,"count":12,"preview_generation":2,"file_worker_stack_free":10640,"file_start_active":false,"preview_active":false,"preview_done":false,"preview_available":false,"screen_dimmed":false,"selection":"ROM: 选择文件","status":"GBC ID C2 7E 22 01 CFI"}
2026-09-10 23:10:44 @mori {"event":"key","message":"down"}
2026-09-10 23:10:44 @mori {"event":"ui","process_calls":13680,"render_calls":1677,"music_polls":2675,"model_bytes":15352,"directory_scans":2,"cache_hits":0,"page":15,"selected":3,"count":12,"preview_generation":2,"file_worker_stack_free":10640,"file_start_active":false,"preview_active":false,"preview_done":false,"preview_available":false,"screen_dimmed":false,"selection":"ROM: 选择MBC","status":"GBC ID C2 7E 22 01 CFI"}
2026-09-10 23:10:44 @mori {"event":"key","message":"down"}
2026-09-10 23:10:44 @mori {"event":"ui","process_calls":13683,"render_calls":1680,"music_polls":2676,"model_bytes":15352,"directory_scans":2,"cache_hits":0,"page":15,"selected":4,"count":12,"preview_generation":2,"file_worker_stack_free":10640,"file_start_active":false,"preview_active":false,"preview_done":false,"preview_available":false,"screen_dimmed":false,"selection":"ROM: 写入","status":"GBC ID C2 7E 22 01 CFI"}
2026-09-10 23:10:44 @mori {"event":"key","message":"down"}
2026-09-10 23:10:44 @mori {"event":"ui","process_calls":13688,"render_calls":1685,"music_polls":2678,"model_bytes":15352,"directory_scans":2,"cache_hits":0,"page":15,"selected":5,"count":12,"preview_generation":2,"file_worker_stack_free":10640,"file_start_active":false,"preview_active":false,"preview_done":false,"preview_available":false,"screen_dimmed":false,"selection":"ROM: 校验","status":"GBC ID C2 7E 22 01 CFI"}
2026-09-10 23:10:44 @mori {"event":"key","message":"down"}
2026-09-10 23:10:44 @mori {"event":"ui","process_calls":13692,"render_calls":1689,"music_polls":2679,"model_bytes":15352,"directory_scans":2,"cache_hits":0,"page":15,"selected":6,"count":12,"preview_generation":2,"file_worker_stack_free":10640,"file_start_active":false,"preview_active":false,"preview_done":false,"preview_available":false,"screen_dimmed":false,"selection":"ROM: 读取","status":"GBC ID C2 7E 22 01 CFI"}
2026-09-10 23:10:44 @mori {"event":"key","message":"a"}
2026-09-10 23:10:44 @mori {"event":"ui","process_calls":13694,"render_calls":1691,"music_polls":2680,"model_bytes":15352,"directory_scans":2,"cache_hits":0,"page":15,"selected":0,"count":5,"preview_generation":2,"file_worker_stack_free":10640,"file_start_active":false,"preview_active":false,"preview_done":false,"preview_available":false,"screen_dimmed":false,"selection":"4 MiB","status":"请选择读取大小"}
2026-09-10 23:10:44 @mori {"event":"ui","process_calls":13695,"render_calls":1692,"music_polls":2680,"model_bytes":15352,"directory_scans":2,"cache_hits":0,"page":15,"selected":0,"count":5,"preview_generation":2,"file_worker_stack_free":10640,"file_start_active":false,"preview_active":false,"preview_done":false,"preview_available":false,"screen_dimmed":false,"selection":"4 MiB","status":"请选择读取大小"}
2026-09-10 23:10:44 I (309339) burner_web: PSRAM auto window: free=7539836 largest=7471104 reserve=262144 -> 6MB
2026-09-10 23:10:44 I (309342) power_manager: CPU perf lock acquired by burn_task
2026-09-10 23:10:44 @mori {"event":"key","message":"a"}
2026-09-10 23:10:44 I (309443) burner_web: MBC5 power rail: 3V3
2026-09-10 23:10:44 @mori {"event":"ui","process_calls":13698,"render_calls":1695,"music_polls":2682,"model_bytes":15352,"directory_scans":2,"cache_hits":0,"page":18,"selected":0,"count":12,"preview_generation":2,"file_worker_stack_free":10640,"file_start_active":false,"preview_active":false,"preview_done":false,"preview_available":false,"screen_dimmed":false,"selection":"","status":"ROM读取已启动"}
2026-09-10 23:10:45 @mori {"event":"ui","process_calls":13698,"render_calls":1695,"music_polls":2682,"model_bytes":15352,"directory_scans":2,"cache_hits":0,"page":18,"selected":0,"count":12,"preview_generation":2,"file_worker_stack_free":10640,"file_start_active":false,"preview_active":false,"preview_done":false,"preview_available":false,"screen_dimmed":false,"selection":"","status":"ROM读取已启动"}
2026-09-10 23:10:45 I (309544) burner_web: MBC5 ReadID trace begin t=308322278us
2026-09-10 23:10:45 I (309546) burner_web: MBC5 ReadID trace write addr=0x0AAA data=0xAA dt=1551us (0.001551s)
2026-09-10 23:10:45 I (309548) burner_web: MBC5 ReadID trace write addr=0x0555 data=0x55 dt=2351us (0.002351s)
2026-09-10 23:10:45 I (309556) burner_web: MBC5 ReadID trace write addr=0x0AAA data=0x90 dt=8227us (0.008227s)
2026-09-10 23:10:45 I (309564) burner_web: MBC5 ReadID trace read addr=0x0000 data=0xC2 dt=7984us (0.007984s)
2026-09-10 23:10:45 I (309572) burner_web: MBC5 ReadID trace read addr=0x0002 data=0x7E dt=7790us (0.007790s)
2026-09-10 23:10:45 I (309580) burner_web: MBC5 ReadID trace read addr=0x001C data=0x22 dt=8104us (0.008104s)
2026-09-10 23:10:45 I (309588) burner_web: MBC5 ReadID trace read addr=0x001E data=0x01 dt=7929us (0.007929s)
2026-09-10 23:10:45 I (309596) burner_web: MBC5 ReadID trace write addr=0x0000 data=0xF0 dt=7838us (0.007838s)
2026-09-10 23:10:45 I (309604) burner_web: MBC5 ReadID trace end status=ESP_OK total=59540us (0.059540s)
2026-09-10 23:10:45 I (309611) burner_web: MBC5 ID probe: id=C2 7E 22 01 chip=MX29GL256E/F flash=33554432 sector=131072 geom=uniform largest=131072 regions=1 buf=64 cmdset=amd
2026-09-10 23:10:45 I (309625) burner_web: GB mapper detect: bank0 fixed=0000 switch=4000 len=64 fixed=FF-FF-FF-FF switch=FF-FF-FF-FF eq=1 blank=0/0 result=MBC5
2026-09-10 23:10:45 I (309637) burner_web: GB prepared: mapper=MBC5 flash=33554432 usable=33554432 sector=131072 geom=uniform largest=131072 regions=1 buf=64 nor=amd cfi=ok id=C2 7E 22 01
2026-09-10 23:10:45 @mori {"event":"ui","process_calls":13706,"render_calls":1703,"music_polls":2685,"model_bytes":15352,"directory_scans":2,"cache_hits":0,"page":18,"selected":0,"count":12,"preview_generation":2,"file_worker_stack_free":10640,"file_start_active":false,"preview_active":false,"preview_done":false,"preview_available":false,"screen_dimmed":false,"selection":"","status":"burner burning: cart->tf direct dumping"}
2026-09-10 23:10:45 @mori {"event":"ui","process_calls":13710,"render_calls":1707,"music_polls":2687,"model_bytes":15352,"directory_scans":2,"cache_hits":0,"page":18,"selected":0,"count":12,"preview_generation":2,"file_worker_stack_free":10640,"file_start_active":false,"preview_active":false,"preview_done":false,"preview_available":false,"screen_dimmed":false,"selection":"","status":"burner burning: cart->tf direct dumping"}
2026-09-10 23:10:46 @mori {"event":"ui","process_calls":13716,"render_calls":1713,"music_polls":2690,"model_bytes":15352,"directory_scans":2,"cache_hits":0,"page":18,"selected":0,"count":12,"preview_generation":2,"file_worker_stack_free":10640,"file_start_active":false,"preview_active":false,"preview_done":false,"preview_available":false,"screen_dimmed":false,"selection":"","status":"burner burning: cart->tf direct dumping"}
2026-09-10 23:10:46 @mori {"event":"ui","process_calls":13721,"render_calls":1717,"music_polls":2693,"model_bytes":15352,"directory_scans":2,"cache_hits":0,"page":18,"selected":0,"count":12,"preview_generation":2,"file_worker_stack_free":10640,"file_start_active":false,"preview_active":false,"preview_done":false,"preview_available":false,"screen_dimmed":false,"selection":"","status":"burner burning: cart->tf direct dumping"}
2026-09-10 23:10:46 @mori {"event":"ui","process_calls":13723,"render_calls":1719,"music_polls":2695,"model_bytes":15352,"directory_scans":2,"cache_hits":0,"page":18,"selected":0,"count":12,"preview_generation":2,"file_worker_stack_free":10640,"file_start_active":false,"preview_active":false,"preview_done":false,"preview_available":false,"screen_dimmed":false,"selection":"","status":"burner burning: cart->tf direct dumping"}
2026-09-10 23:10:47 @mori {"event":"ui","process_calls":13729,"render_calls":1723,"music_polls":2699,"model_bytes":15352,"directory_scans":2,"cache_hits":0,"page":18,"selected":0,"count":12,"preview_generation":2,"file_worker_stack_free":10640,"file_start_active":false,"preview_active":false,"preview_done":false,"preview_available":false,"screen_dimmed":false,"selection":"","status":"burner burning: cart->tf direct dumping"}
2026-09-10 23:10:47 @mori {"event":"ui","process_calls":13732,"render_calls":1725,"music_polls":2701,"model_bytes":15352,"directory_scans":2,"cache_hits":0,"page":18,"selected":0,"count":12,"preview_generation":2,"file_worker_stack_free":10640,"file_start_active":false,"preview_active":false,"preview_done":false,"preview_available":false,"screen_dimmed":false,"selection":"","status":"burner burning: cart->tf direct dumping"}
2026-09-10 23:10:47 @mori {"event":"ui","process_calls":13737,"render_calls":1728,"music_polls":2704,"model_bytes":15352,"directory_scans":2,"cache_hits":0,"page":18,"selected":0,"count":12,"preview_generation":2,"file_worker_stack_free":10640,"file_start_active":false,"preview_active":false,"preview_done":false,"preview_available":false,"screen_dimmed":false,"selection":"","status":"burner burning: cart->tf direct dumping"}
2026-09-10 23:10:48 @mori {"event":"ui","process_calls":13741,"render_calls":1731,"music_polls":2706,"model_bytes":15352,"directory_scans":2,"cache_hits":0,"page":18,"selected":0,"count":12,"preview_generation":2,"file_worker_stack_free":10640,"file_start_active":false,"preview_active":false,"preview_done":false,"preview_available":false,"screen_dimmed":false,"selection":"","status":"burner burning: cart->tf direct dumping"}
2026-09-10 23:10:48 @mori {"event":"ui","process_calls":13745,"render_calls":1734,"music_polls":2709,"model_bytes":15352,"directory_scans":2,"cache_hits":0,"page":18,"selected":0,"count":12,"preview_generation":2,"file_worker_stack_free":10640,"file_start_active":false,"preview_active":false,"preview_done":false,"preview_available":false,"screen_dimmed":false,"selection":"","status":"burner burning: cart->tf direct dumping"}
2026-09-10 23:10:48 I (313204) burner_web: burn_task result: err=ESP_OK state=done processed=4194304/4194304 msg=dump finished
2026-09-10 23:10:48 I (313205) power_manager: CPU perf lock released by burn_task
2026-09-10 23:10:48 I (313209) burner_web: burn_task stack free min=12088 bytes
2026-09-10 23:10:48 @mori {"event":"ui","process_calls":13748,"render_calls":1737,"music_polls":2712,"model_bytes":15352,"directory_scans":2,"cache_hits":0,"page":18,"selected":0,"count":12,"preview_generation":2,"file_worker_stack_free":10640,"file_start_active":false,"preview_active":false,"preview_done":false,"preview_available":false,"screen_dimmed":false,"selection":"","status":"burner done: dump finished"}
2026-09-10 23:10:48 @mori {"event":"key","message":"b"}
2026-09-10 23:10:48 @mori {"event":"ui","process_calls":13750,"render_calls":1739,"music_polls":2713,"model_bytes":15352,"directory_scans":2,"cache_hits":0,"page":15,"selected":0,"count":12,"preview_generation":2,"file_worker_stack_free":10640,"file_start_active":false,"preview_active":false,"preview_done":false,"preview_available":false,"screen_dimmed":false,"selection":"重新分析","status":"burner done: dump finished"}
2026-09-10 23:10:49 @mori {"event":"ui","process_calls":13751,"render_calls":1740,"music_polls":2713,"model_bytes":15352,"directory_scans":2,"cache_hits":0,"page":15,"selected":0,"count":12,"preview_generation":2,"file_worker_stack_free":10640,"file_start_active":false,"preview_active":false,"preview_done":false,"preview_available":false,"screen_dimmed":false,"selection":"重新分析","status":"burner done: dump finished"}
2026-09-10 23:10:49 @mori {"event":"key","message":"down"}
2026-09-10 23:10:49 @mori {"event":"ui","process_calls":13755,"render_calls":1744,"music_polls":2715,"model_bytes":15352,"directory_scans":2,"cache_hits":0,"page":15,"selected":1,"count":12,"preview_generation":2,"file_worker_stack_free":10640,"file_start_active":false,"preview_active":false,"preview_done":false,"preview_available":false,"screen_dimmed":false,"selection":"GBC 电压: 3V3","status":"burner done: dump finished"}
2026-09-10 23:10:49 @mori {"event":"key","message":"down"}
2026-09-10 23:10:49 @mori {"event":"ui","process_calls":13759,"render_calls":1748,"music_polls":2716,"model_bytes":15352,"directory_scans":2,"cache_hits":0,"page":15,"selected":2,"count":12,"preview_generation":2,"file_worker_stack_free":10640,"file_start_active":false,"preview_active":false,"preview_done":false,"preview_available":false,"screen_dimmed":false,"selection":"ROM: 选择文件","status":"burner done: dump finished"}
2026-09-10 23:10:49 @mori {"event":"key","message":"a"}
2026-09-10 23:10:49 @mori {"event":"ui","process_calls":13761,"render_calls":1750,"music_polls":2717,"model_bytes":15352,"directory_scans":3,"cache_hits":0,"page":6,"selected":0,"count":18,"preview_generation":2,"file_worker_stack_free":10640,"file_start_active":false,"preview_active":false,"preview_done":false,"preview_available":false,"screen_dimmed":false,"selection":"_gba","status":"TF根目录"}
2026-09-10 23:10:49 @mori {"event":"ui","process_calls":13764,"render_calls":1753,"music_polls":2718,"model_bytes":15352,"directory_scans":3,"cache_hits":0,"page":6,"selected":0,"count":18,"preview_generation":2,"file_worker_stack_free":10640,"file_start_active":false,"preview_active":false,"preview_done":false,"preview_available":false,"screen_dimmed":false,"selection":"_gba","status":"TF根目录"}
2026-09-10 23:10:49 @mori {"event":"key","message":"down"}
2026-09-10 23:10:49 @mori {"event":"ui","process_calls":13774,"render_calls":1763,"music_polls":2719,"model_bytes":15352,"directory_scans":3,"cache_hits":0,"page":6,"selected":1,"count":18,"preview_generation":2,"file_worker_stack_free":10640,"file_start_active":false,"preview_active":false,"preview_done":false,"preview_available":false,"screen_dimmed":false,"selection":"_nds","status":"TF根目录"}
2026-09-10 23:10:49 @mori {"event":"key","message":"down"}
2026-09-10 23:10:49 @mori {"event":"ui","process_calls":13784,"render_calls":1773,"music_polls":2721,"model_bytes":15352,"directory_scans":3,"cache_hits":0,"page":6,"selected":2,"count":18,"preview_generation":2,"file_worker_stack_free":10640,"file_start_active":false,"preview_active":false,"preview_done":false,"preview_available":false,"screen_dimmed":false,"selection":"dumps","status":"TF根目录"}
2026-09-10 23:10:49 @mori {"event":"key","message":"down"}
2026-09-10 23:10:50 @mori {"event":"ui","process_calls":13794,"render_calls":1783,"music_polls":2722,"model_bytes":15352,"directory_scans":3,"cache_hits":0,"page":6,"selected":3,"count":18,"preview_generation":2,"file_worker_stack_free":10640,"file_start_active":false,"preview_active":false,"preview_done":false,"preview_available":false,"screen_dimmed":false,"selection":"GBA汉化","status":"TF根目录"}
2026-09-10 23:10:50 @mori {"event":"key","message":"down"}
2026-09-10 23:10:50 @mori {"event":"ui","process_calls":13804,"render_calls":1793,"music_polls":2723,"model_bytes":15352,"directory_scans":3,"cache_hits":0,"page":6,"selected":4,"count":18,"preview_generation":2,"file_worker_stack_free":10640,"file_start_active":false,"preview_active":false,"preview_done":false,"preview_available":false,"screen_dimmed":false,"selection":"music","status":"TF根目录"}
2026-09-10 23:10:50 @mori {"event":"key","message":"down"}
2026-09-10 23:10:50 @mori {"event":"ui","process_calls":13813,"render_calls":1802,"music_polls":2725,"model_bytes":15352,"directory_scans":3,"cache_hits":0,"page":6,"selected":5,"count":18,"preview_generation":2,"file_worker_stack_free":10640,"file_start_active":false,"preview_active":false,"preview_done":false,"preview_available":false,"screen_dimmed":false,"selection":"retro-go","status":"TF根目录"}
2026-09-10 23:10:50 @mori {"event":"key","message":"down"}
2026-09-10 23:10:50 @mori {"event":"ui","process_calls":13823,"render_calls":1812,"music_polls":2726,"model_bytes":15352,"directory_scans":3,"cache_hits":0,"page":6,"selected":6,"count":18,"preview_generation":2,"file_worker_stack_free":10640,"file_start_active":false,"preview_active":false,"preview_done":false,"preview_available":false,"screen_dimmed":false,"selection":"ROM_OUTPUT","status":"TF根目录"}
2026-09-10 23:10:50 @mori {"event":"key","message":"a"}
2026-09-10 23:10:50 @mori {"event":"ui","process_calls":13827,"render_calls":1816,"music_polls":2727,"model_bytes":15352,"directory_scans":4,"cache_hits":0,"page":6,"selected":0,"count":5,"preview_generation":2,"file_worker_stack_free":10640,"file_start_active":false,"preview_active":false,"preview_done":false,"preview_available":false,"screen_dimmed":false,"selection":"cart_20260910_231045.gbc","status":"ROM_OUTPUT"}
2026-09-10 23:10:50 @mori {"event":"ui","process_calls":13830,"render_calls":1819,"music_polls":2728,"model_bytes":15352,"directory_scans":4,"cache_hits":0,"page":6,"selected":0,"count":5,"preview_generation":2,"file_worker_stack_free":10640,"file_start_active":false,"preview_active":false,"preview_done":false,"preview_available":false,"screen_dimmed":false,"selection":"cart_20260910_231045.gbc","status":"ROM_OUTPUT"}
2026-09-10 23:10:50 @mori {"event":"key","message":"down"}
2026-09-10 23:10:50 @mori {"event":"ui","process_calls":13840,"render_calls":1829,"music_polls":2729,"model_bytes":15352,"directory_scans":4,"cache_hits":0,"page":6,"selected":1,"count":5,"preview_generation":2,"file_worker_stack_free":10640,"file_start_active":false,"preview_active":false,"preview_done":false,"preview_available":false,"screen_dimmed":false,"selection":"dump_20260910_224009.gbc","status":"ROM_OUTPUT"}
2026-09-10 23:10:50 @mori {"event":"key","message":"a"}
2026-09-10 23:10:51 @mori {"event":"ui","process_calls":13846,"render_calls":1835,"music_polls":2730,"model_bytes":15352,"directory_scans":4,"cache_hits":0,"page":15,"selected":0,"count":2,"preview_generation":3,"file_worker_stack_free":10640,"file_start_active":false,"preview_active":false,"preview_done":false,"preview_available":false,"screen_dimmed":false,"selection":"MBC5","status":"select type"}
2026-09-10 23:10:51 @mori {"event":"ui","process_calls":13848,"render_calls":1837,"music_polls":2731,"model_bytes":15352,"directory_scans":4,"cache_hits":0,"page":15,"selected":0,"count":2,"preview_generation":3,"file_worker_stack_free":10640,"file_start_active":false,"preview_active":false,"preview_done":false,"preview_available":false,"screen_dimmed":false,"selection":"MBC5","status":"select type"}
2026-09-10 23:10:51 @mori {"event":"key","message":"a"}
2026-09-10 23:10:51 @mori {"event":"ui","process_calls":13850,"render_calls":1839,"music_polls":2732,"model_bytes":15352,"directory_scans":4,"cache_hits":0,"page":15,"selected":4,"count":12,"preview_generation":3,"file_worker_stack_free":10640,"file_start_active":false,"preview_active":false,"preview_done":false,"preview_available":false,"screen_dimmed":false,"selection":"ROM: 写入","status":"MBC5"}
2026-09-10 23:10:51 @mori {"event":"ui","process_calls":13851,"render_calls":1840,"music_polls":2732,"model_bytes":15352,"directory_scans":4,"cache_hits":0,"page":15,"selected":4,"count":12,"preview_generation":3,"file_worker_stack_free":10640,"file_start_active":false,"preview_active":false,"preview_done":false,"preview_available":false,"screen_dimmed":false,"selection":"ROM: 写入","status":"MBC5"}
2026-09-10 23:10:51 @mori {"event":"key","message":"down"}
2026-09-10 23:10:51 @mori {"event":"ui","process_calls":13855,"render_calls":1844,"music_polls":2734,"model_bytes":15352,"directory_scans":4,"cache_hits":0,"page":15,"selected":5,"count":12,"preview_generation":3,"file_worker_stack_free":10640,"file_start_active":false,"preview_active":false,"preview_done":false,"preview_available":false,"screen_dimmed":false,"selection":"ROM: 校验","status":"MBC5"}
2026-09-10 23:10:51 I (315958) power_manager: CPU perf lock acquired by ui_file_start
2026-09-10 23:10:51 I (315959) ui: LCD start file action: action=校验ROM path=ROM_OUTPUT/dump_20260910_224009.gbc mode=mbc5 write_path=direct
2026-09-10 23:10:51 I (315969) burner_web: PSRAM auto window: free=7539836 largest=7471104 reserve=262144 -> 6MB
2026-09-10 23:10:51 I (315975) ui: LCD file action task stack free min=10640 bytes
2026-09-10 23:10:51 @mori {"event":"key","message":"a"}
2026-09-10 23:10:51 I (316075) burner_web: MBC5 power rail: 3V3
2026-09-10 23:10:51 @mori {"event":"ui","process_calls":13857,"render_calls":1846,"music_polls":2734,"model_bytes":15352,"directory_scans":4,"cache_hits":0,"page":18,"selected":5,"count":12,"preview_generation":4,"file_worker_stack_free":10640,"file_start_active":false,"preview_active":false,"preview_done":false,"preview_available":false,"screen_dimmed":false,"selection":"","status":"校验ROM已启动"}
2026-09-10 23:10:51 @mori {"event":"ui","process_calls":13858,"render_calls":1847,"music_polls":2735,"model_bytes":15352,"directory_scans":4,"cache_hits":0,"page":18,"selected":5,"count":12,"preview_generation":4,"file_worker_stack_free":10640,"file_start_active":false,"preview_active":false,"preview_done":false,"preview_available":false,"screen_dimmed":false,"selection":"","status":"校验ROM已启动"}
2026-09-10 23:10:51 I (316176) burner_web: MBC5 ReadID trace begin t=314954271us
2026-09-10 23:10:51 I (316178) burner_web: MBC5 ReadID trace write addr=0x0AAA data=0xAA dt=1427us (0.001427s)
2026-09-10 23:10:51 I (316180) burner_web: MBC5 ReadID trace write addr=0x0555 data=0x55 dt=2458us (0.002458s)
2026-09-10 23:10:51 I (316188) burner_web: MBC5 ReadID trace write addr=0x0AAA data=0x90 dt=8218us (0.008218s)
2026-09-10 23:10:51 I (316196) burner_web: MBC5 ReadID trace read addr=0x0000 data=0xC2 dt=8035us (0.008035s)
2026-09-10 23:10:51 I (316204) burner_web: MBC5 ReadID trace read addr=0x0002 data=0x7E dt=7924us (0.007924s)
2026-09-10 23:10:51 I (316212) burner_web: MBC5 ReadID trace read addr=0x001C data=0x22 dt=7796us (0.007796s)
2026-09-10 23:10:51 I (316220) burner_web: MBC5 ReadID trace read addr=0x001E data=0x01 dt=7883us (0.007883s)
2026-09-10 23:10:51 I (316228) burner_web: MBC5 ReadID trace write addr=0x0000 data=0xF0 dt=7880us (0.007880s)
2026-09-10 23:10:51 I (316235) burner_web: MBC5 ReadID trace end status=ESP_OK total=59252us (0.059252s)
2026-09-10 23:10:51 I (316243) burner_web: MBC5 ID probe: id=C2 7E 22 01 chip=MX29GL256E/F flash=33554432 sector=131072 geom=uniform largest=131072 regions=1 buf=64 cmdset=amd
2026-09-10 23:10:51 I (316257) burner_web: GB mapper override: using MBC5
2026-09-10 23:10:51 I (316261) burner_web: GB prepared: mapper=MBC5 flash=33554432 usable=33554432 sector=131072 geom=uniform largest=131072 regions=1 buf=64 nor=amd cfi=ok id=C2 7E 22 01
2026-09-10 23:10:51 @mori {"event":"ui","process_calls":13870,"render_calls":1859,"music_polls":2737,"model_bytes":15352,"directory_scans":4,"cache_hits":0,"page":18,"selected":5,"count":12,"preview_generation":4,"file_worker_stack_free":10640,"file_start_active":false,"preview_active":false,"preview_done":false,"preview_available":false,"screen_dimmed":false,"selection":"","status":"burner burning: file->cart verify running"}
2026-09-10 23:10:52 @mori {"event":"ui","process_calls":13875,"render_calls":1864,"music_polls":2739,"model_bytes":15352,"directory_scans":4,"cache_hits":0,"page":18,"selected":5,"count":12,"preview_generation":4,"file_worker_stack_free":10640,"file_start_active":false,"preview_active":false,"preview_done":false,"preview_available":false,"screen_dimmed":false,"selection":"","status":"burner burning: file->cart verify running"}
2026-09-10 23:10:52 @mori {"event":"ui","process_calls":13880,"render_calls":1869,"music_polls":2742,"model_bytes":15352,"directory_scans":4,"cache_hits":0,"page":18,"selected":5,"count":12,"preview_generation":4,"file_worker_stack_free":10640,"file_start_active":false,"preview_active":false,"preview_done":false,"preview_available":false,"screen_dimmed":false,"selection":"","status":"burner burning: file->cart verify running"}
2026-09-10 23:10:52 @mori {"event":"ui","process_calls":13883,"render_calls":1872,"music_polls":2744,"model_bytes":15352,"directory_scans":4,"cache_hits":0,"page":18,"selected":5,"count":12,"preview_generation":4,"file_worker_stack_free":10640,"file_start_active":false,"preview_active":false,"preview_done":false,"preview_available":false,"screen_dimmed":false,"selection":"","status":"burner burning: file->cart verify running"}
2026-09-10 23:10:53 @mori {"event":"ui","process_calls":13887,"render_calls":1874,"music_polls":2746,"model_bytes":15352,"directory_scans":4,"cache_hits":0,"page":18,"selected":5,"count":12,"preview_generation":4,"file_worker_stack_free":10640,"file_start_active":false,"preview_active":false,"preview_done":false,"preview_available":false,"screen_dimmed":false,"selection":"","status":"burner burning: file->cart verify running"}
2026-09-10 23:10:53 @mori {"event":"ui","process_calls":13892,"render_calls":1878,"music_polls":2750,"model_bytes":15352,"directory_scans":4,"cache_hits":0,"page":18,"selected":5,"count":12,"preview_generation":4,"file_worker_stack_free":10640,"file_start_active":false,"preview_active":false,"preview_done":false,"preview_available":false,"screen_dimmed":false,"selection":"","status":"burner burning: file->cart verify running"}
2026-09-10 23:10:53 @mori {"event":"ui","process_calls":13897,"render_calls":1881,"music_polls":2752,"model_bytes":15352,"directory_scans":4,"cache_hits":0,"page":18,"selected":5,"count":12,"preview_generation":4,"file_worker_stack_free":10640,"file_start_active":false,"preview_active":false,"preview_done":false,"preview_available":false,"screen_dimmed":false,"selection":"","status":"burner burning: file->cart verify running"}
2026-09-10 23:10:54 @mori {"event":"ui","process_calls":13901,"render_calls":1884,"music_polls":2755,"model_bytes":15352,"directory_scans":4,"cache_hits":0,"page":18,"selected":5,"count":12,"preview_generation":4,"file_worker_stack_free":10640,"file_start_active":false,"preview_active":false,"preview_done":false,"preview_available":false,"screen_dimmed":false,"selection":"","status":"burner burning: file->cart verify running"}
2026-09-10 23:10:54 @mori {"event":"ui","process_calls":13903,"render_calls":1886,"music_polls":2757,"model_bytes":15352,"directory_scans":4,"cache_hits":0,"page":18,"selected":5,"count":12,"preview_generation":4,"file_worker_stack_free":10640,"file_start_active":false,"preview_active":false,"preview_done":false,"preview_available":false,"screen_dimmed":false,"selection":"","status":"burner burning: file->cart verify running"}
2026-09-10 23:10:54 @mori {"event":"ui","process_calls":13910,"render_calls":1889,"music_polls":2760,"model_bytes":15352,"directory_scans":4,"cache_hits":0,"page":18,"selected":5,"count":12,"preview_generation":4,"file_worker_stack_free":10640,"file_start_active":false,"preview_active":false,"preview_done":false,"preview_available":false,"screen_dimmed":false,"selection":"","status":"burner burning: file->cart verify running"}
2026-09-10 23:10:55 @mori {"event":"ui","process_calls":13912,"render_calls":1891,"music_polls":2762,"model_bytes":15352,"directory_scans":4,"cache_hits":0,"page":18,"selected":5,"count":12,"preview_generation":4,"file_worker_stack_free":10640,"file_start_active":false,"preview_active":false,"preview_done":false,"preview_available":false,"screen_dimmed":false,"selection":"","status":"burner burning: file->cart verify running"}
2026-09-10 23:10:55 @mori {"event":"ui","process_calls":13916,"render_calls":1894,"music_polls":2765,"model_bytes":15352,"directory_scans":4,"cache_hits":0,"page":18,"selected":5,"count":12,"preview_generation":4,"file_worker_stack_free":10640,"file_start_active":false,"preview_active":false,"preview_done":false,"preview_available":false,"screen_dimmed":false,"selection":"","status":"burner burning: file->cart verify running"}
2026-09-10 23:10:55 @mori {"event":"ui","process_calls":13921,"render_calls":1896,"music_polls":2767,"model_bytes":15352,"directory_scans":4,"cache_hits":0,"page":18,"selected":5,"count":12,"preview_generation":4,"file_worker_stack_free":10640,"file_start_active":false,"preview_active":false,"preview_done":false,"preview_available":false,"screen_dimmed":false,"selection":"","status":"burner burning: file->cart verify running"}
2026-09-10 23:10:56 @mori {"event":"ui","process_calls":13926,"render_calls":1901,"music_polls":2770,"model_bytes":15352,"directory_scans":4,"cache_hits":0,"page":18,"selected":5,"count":12,"preview_generation":4,"file_worker_stack_free":10640,"file_start_active":false,"preview_active":false,"preview_done":false,"preview_available":false,"screen_dimmed":false,"selection":"","status":"burner burning: file->cart verify running"}
2026-09-10 23:10:56 @mori {"event":"ui","process_calls":13929,"render_calls":1904,"music_polls":2773,"model_bytes":15352,"directory_scans":4,"cache_hits":0,"page":18,"selected":5,"count":12,"preview_generation":4,"file_worker_stack_free":10640,"file_start_active":false,"preview_active":false,"preview_done":false,"preview_available":false,"screen_dimmed":false,"selection":"","status":"burner burning: file->cart verify running"}
2026-09-10 23:10:56 @mori {"event":"ui","process_calls":13936,"render_calls":1907,"music_polls":2776,"model_bytes":15352,"directory_scans":4,"cache_hits":0,"page":18,"selected":5,"count":12,"preview_generation":4,"file_worker_stack_free":10640,"file_start_active":false,"preview_active":false,"preview_done":false,"preview_available":false,"screen_dimmed":false,"selection":"","status":"burner burning: file->cart verify running"}
2026-09-10 23:10:57 @mori {"event":"ui","process_calls":13940,"render_calls":1910,"music_polls":2779,"model_bytes":15352,"directory_scans":4,"cache_hits":0,"page":18,"selected":5,"count":12,"preview_generation":4,"file_worker_stack_free":10640,"file_start_active":false,"preview_active":false,"preview_done":false,"preview_available":false,"screen_dimmed":false,"selection":"","status":"burner burning: file->cart verify running"}
2026-09-10 23:10:57 @mori {"event":"ui","process_calls":13947,"render_calls":1913,"music_polls":2783,"model_bytes":15352,"directory_scans":4,"cache_hits":0,"page":18,"selected":5,"count":12,"preview_generation":4,"file_worker_stack_free":10640,"file_start_active":false,"preview_active":false,"preview_done":false,"preview_available":false,"screen_dimmed":false,"selection":"","status":"burner burning: file->cart verify running"}
2026-09-10 23:10:57 @mori {"event":"ui","process_calls":13950,"render_calls":1916,"music_polls":2785,"model_bytes":15352,"directory_scans":4,"cache_hits":0,"page":18,"selected":5,"count":12,"preview_generation":4,"file_worker_stack_free":10640,"file_start_active":false,"preview_active":false,"preview_done":false,"preview_available":false,"screen_dimmed":false,"selection":"","status":"burner burning: file->cart verify running"}
2026-09-10 23:10:58 @mori {"event":"ui","process_calls":13956,"render_calls":1920,"music_polls":2789,"model_bytes":15352,"directory_scans":4,"cache_hits":0,"page":18,"selected":5,"count":12,"preview_generation":4,"file_worker_stack_free":10640,"file_start_active":false,"preview_active":false,"preview_done":false,"preview_available":false,"screen_dimmed":false,"selection":"","status":"burner burning: file->cart verify running"}
2026-09-10 23:10:58 @mori {"event":"ui","process_calls":13961,"render_calls":1922,"music_polls":2791,"model_bytes":15352,"directory_scans":4,"cache_hits":0,"page":18,"selected":5,"count":12,"preview_generation":4,"file_worker_stack_free":10640,"file_start_active":false,"preview_active":false,"preview_done":false,"preview_available":false,"screen_dimmed":false,"selection":"","status":"burner burning: file->cart verify running"}
2026-09-10 23:10:58 @mori {"event":"ui","process_calls":13964,"render_calls":1925,"music_polls":2794,"model_bytes":15352,"directory_scans":4,"cache_hits":0,"page":18,"selected":5,"count":12,"preview_generation":4,"file_worker_stack_free":10640,"file_start_active":false,"preview_active":false,"preview_done":false,"preview_available":false,"screen_dimmed":false,"selection":"","status":"burner burning: file->cart verify running"}
2026-09-10 23:10:59 @mori {"event":"ui","process_calls":13968,"render_calls":1927,"music_polls":2797,"model_bytes":15352,"directory_scans":4,"cache_hits":0,"page":18,"selected":5,"count":12,"preview_generation":4,"file_worker_stack_free":10640,"file_start_active":false,"preview_active":false,"preview_done":false,"preview_available":false,"screen_dimmed":false,"selection":"","status":"burner burning: file->cart verify running"}
2026-09-10 23:10:59 @mori {"event":"ui","process_calls":13976,"render_calls":1930,"music_polls":2800,"model_bytes":15352,"directory_scans":4,"cache_hits":0,"page":18,"selected":5,"count":12,"preview_generation":4,"file_worker_stack_free":10640,"file_start_active":false,"preview_active":false,"preview_done":false,"preview_available":false,"screen_dimmed":false,"selection":"","status":"burner burning: file->cart verify running"}
2026-09-10 23:10:59 @mori {"event":"ui","process_calls":13979,"render_calls":1933,"music_polls":2802,"model_bytes":15352,"directory_scans":4,"cache_hits":0,"page":18,"selected":5,"count":12,"preview_generation":4,"file_worker_stack_free":10640,"file_start_active":false,"preview_active":false,"preview_done":false,"preview_available":false,"screen_dimmed":false,"selection":"","status":"burner burning: file->cart verify running"}
2026-09-10 23:11:00 @mori {"event":"ui","process_calls":13983,"render_calls":1936,"music_polls":2805,"model_bytes":15352,"directory_scans":4,"cache_hits":0,"page":18,"selected":5,"count":12,"preview_generation":4,"file_worker_stack_free":10640,"file_start_active":false,"preview_active":false,"preview_done":false,"preview_available":false,"screen_dimmed":false,"selection":"","status":"burner burning: file->cart verify running"}
2026-09-10 23:11:00 @mori {"event":"ui","process_calls":13986,"render_calls":1939,"music_polls":2808,"model_bytes":15352,"directory_scans":4,"cache_hits":0,"page":18,"selected":5,"count":12,"preview_generation":4,"file_worker_stack_free":10640,"file_start_active":false,"preview_active":false,"preview_done":false,"preview_available":false,"screen_dimmed":false,"selection":"","status":"burner burning: file->cart verify running"}
2026-09-10 23:11:00 @mori {"event":"ui","process_calls":13992,"render_calls":1943,"music_polls":2811,"model_bytes":15352,"directory_scans":4,"cache_hits":0,"page":18,"selected":5,"count":12,"preview_generation":4,"file_worker_stack_free":10640,"file_start_active":false,"preview_active":false,"preview_done":false,"preview_available":false,"screen_dimmed":false,"selection":"","status":"burner burning: file->cart verify running"}
2026-09-10 23:11:01 @mori {"event":"ui","process_calls":13997,"render_calls":1945,"music_polls":2813,"model_bytes":15352,"directory_scans":4,"cache_hits":0,"page":18,"selected":5,"count":12,"preview_generation":4,"file_worker_stack_free":10640,"file_start_active":false,"preview_active":false,"preview_done":false,"preview_available":false,"screen_dimmed":false,"selection":"","status":"burner burning: file->cart verify running"}
2026-09-10 23:11:01 @mori {"event":"ui","process_calls":14000,"render_calls":1948,"music_polls":2816,"model_bytes":15352,"directory_scans":4,"cache_hits":0,"page":18,"selected":5,"count":12,"preview_generation":4,"file_worker_stack_free":10640,"file_start_active":false,"preview_active":false,"preview_done":false,"preview_available":false,"screen_dimmed":false,"selection":"","status":"burner burning: file->cart verify running"}
2026-09-10 23:11:01 @mori {"event":"ui","process_calls":14006,"render_calls":1950,"music_polls":2819,"model_bytes":15352,"directory_scans":4,"cache_hits":0,"page":18,"selected":5,"count":12,"preview_generation":4,"file_worker_stack_free":10640,"file_start_active":false,"preview_active":false,"preview_done":false,"preview_available":false,"screen_dimmed":false,"selection":"","status":"burner burning: file->cart verify running"}
2026-09-10 23:11:02 @mori {"event":"ui","process_calls":14009,"render_calls":1953,"music_polls":2821,"model_bytes":15352,"directory_scans":4,"cache_hits":0,"page":18,"selected":5,"count":12,"preview_generation":4,"file_worker_stack_free":10640,"file_start_active":false,"preview_active":false,"preview_done":false,"preview_available":false,"screen_dimmed":false,"selection":"","status":"burner burning: file->cart verify running"}
2026-09-10 23:11:02 @mori {"event":"ui","process_calls":14013,"render_calls":1956,"music_polls":2824,"model_bytes":15352,"directory_scans":4,"cache_hits":0,"page":18,"selected":5,"count":12,"preview_generation":4,"file_worker_stack_free":10640,"file_start_active":false,"preview_active":false,"preview_done":false,"preview_available":false,"screen_dimmed":false,"selection":"","status":"burner burning: file->cart verify running"}
2026-09-10 23:11:02 @mori {"event":"ui","process_calls":14019,"render_calls":1958,"music_polls":2826,"model_bytes":15352,"directory_scans":4,"cache_hits":0,"page":18,"selected":5,"count":12,"preview_generation":4,"file_worker_stack_free":10640,"file_start_active":false,"preview_active":false,"preview_done":false,"preview_available":false,"screen_dimmed":false,"selection":"","status":"burner burning: file->cart verify running"}
2026-09-10 23:11:03 @mori {"event":"ui","process_calls":14023,"render_calls":1961,"music_polls":2829,"model_bytes":15352,"directory_scans":4,"cache_hits":0,"page":18,"selected":5,"count":12,"preview_generation":4,"file_worker_stack_free":10640,"file_start_active":false,"preview_active":false,"preview_done":false,"preview_available":false,"screen_dimmed":false,"selection":"","status":"burner burning: file->cart verify running"}
2026-09-10 23:11:03 @mori {"event":"ui","process_calls":14026,"render_calls":1963,"music_polls":2832,"model_bytes":15352,"directory_scans":4,"cache_hits":0,"page":18,"selected":5,"count":12,"preview_generation":4,"file_worker_stack_free":10640,"file_start_active":false,"preview_active":false,"preview_done":false,"preview_available":false,"screen_dimmed":false,"selection":"","status":"burner burning: file->cart verify running"}
2026-09-10 23:11:03 @mori {"event":"ui","process_calls":14031,"render_calls":1966,"music_polls":2834,"model_bytes":15352,"directory_scans":4,"cache_hits":0,"page":18,"selected":5,"count":12,"preview_generation":4,"file_worker_stack_free":10640,"file_start_active":false,"preview_active":false,"preview_done":false,"preview_available":false,"screen_dimmed":false,"selection":"","status":"burner burning: file->cart verify running"}
2026-09-10 23:11:04 @mori {"event":"ui","process_calls":14034,"render_calls":1969,"music_polls":2837,"model_bytes":15352,"directory_scans":4,"cache_hits":0,"page":18,"selected":5,"count":12,"preview_generation":4,"file_worker_stack_free":10640,"file_start_active":false,"preview_active":false,"preview_done":false,"preview_available":false,"screen_dimmed":false,"selection":"","status":"burner burning: file->cart verify running"}
2026-09-10 23:11:04 @mori {"event":"ui","process_calls":14038,"render_calls":1972,"music_polls":2840,"model_bytes":15352,"directory_scans":4,"cache_hits":0,"page":18,"selected":5,"count":12,"preview_generation":4,"file_worker_stack_free":10640,"file_start_active":false,"preview_active":false,"preview_done":false,"preview_available":false,"screen_dimmed":false,"selection":"","status":"burner burning: file->cart verify running"}
2026-09-10 23:11:04 @mori {"event":"ui","process_calls":14041,"render_calls":1975,"music_polls":2843,"model_bytes":15352,"directory_scans":4,"cache_hits":0,"page":18,"selected":5,"count":12,"preview_generation":4,"file_worker_stack_free":10640,"file_start_active":false,"preview_active":false,"preview_done":false,"preview_available":false,"screen_dimmed":false,"selection":"","status":"burner burning: file->cart verify running"}
2026-09-10 23:11:05 @mori {"event":"ui","process_calls":14044,"render_calls":1977,"music_polls":2845,"model_bytes":15352,"directory_scans":4,"cache_hits":0,"page":18,"selected":5,"count":12,"preview_generation":4,"file_worker_stack_free":10640,"file_start_active":false,"preview_active":false,"preview_done":false,"preview_available":false,"screen_dimmed":false,"selection":"","status":"burner burning: file->cart verify running"}
2026-09-10 23:11:05 @mori {"event":"ui","process_calls":14048,"render_calls":1981,"music_polls":2849,"model_bytes":15352,"directory_scans":4,"cache_hits":0,"page":18,"selected":5,"count":12,"preview_generation":4,"file_worker_stack_free":10640,"file_start_active":false,"preview_active":false,"preview_done":false,"preview_available":false,"screen_dimmed":false,"selection":"","status":"burner burning: file->cart verify running"}
2026-09-10 23:11:05 @mori {"event":"ui","process_calls":14053,"render_calls":1984,"music_polls":2852,"model_bytes":15352,"directory_scans":4,"cache_hits":0,"page":18,"selected":5,"count":12,"preview_generation":4,"file_worker_stack_free":10640,"file_start_active":false,"preview_active":false,"preview_done":false,"preview_available":false,"screen_dimmed":false,"selection":"","status":"burner burning: file->cart verify running"}
2026-09-10 23:11:06 @mori {"event":"ui","process_calls":14055,"render_calls":1986,"music_polls":2854,"model_bytes":15352,"directory_scans":4,"cache_hits":0,"page":18,"selected":5,"count":12,"preview_generation":4,"file_worker_stack_free":10640,"file_start_active":false,"preview_active":false,"preview_done":false,"preview_available":false,"screen_dimmed":false,"selection":"","status":"burner burning: file->cart verify running"}
2026-09-10 23:11:06 @mori {"event":"ui","process_calls":14061,"render_calls":1990,"music_polls":2858,"model_bytes":15352,"directory_scans":4,"cache_hits":0,"page":18,"selected":5,"count":12,"preview_generation":4,"file_worker_stack_free":10640,"file_start_active":false,"preview_active":false,"preview_done":false,"preview_available":false,"screen_dimmed":false,"selection":"","status":"burner burning: file->cart verify running"}
2026-09-10 23:11:06 @mori {"event":"ui","process_calls":14064,"render_calls":1993,"music_polls":2861,"model_bytes":15352,"directory_scans":4,"cache_hits":0,"page":18,"selected":5,"count":12,"preview_generation":4,"file_worker_stack_free":10640,"file_start_active":false,"preview_active":false,"preview_done":false,"preview_available":false,"screen_dimmed":false,"selection":"","status":"burner burning: file->cart verify running"}
2026-09-10 23:11:07 @mori {"event":"ui","process_calls":14068,"render_calls":1995,"music_polls":2863,"model_bytes":15352,"directory_scans":4,"cache_hits":0,"page":18,"selected":5,"count":12,"preview_generation":4,"file_worker_stack_free":10640,"file_start_active":false,"preview_active":false,"preview_done":false,"preview_available":false,"screen_dimmed":false,"selection":"","status":"burner burning: file->cart verify running"}
2026-09-10 23:11:07 @mori {"event":"ui","process_calls":14073,"render_calls":1999,"music_polls":2867,"model_bytes":15352,"directory_scans":4,"cache_hits":0,"page":18,"selected":5,"count":12,"preview_generation":4,"file_worker_stack_free":10640,"file_start_active":false,"preview_active":false,"preview_done":false,"preview_available":false,"screen_dimmed":false,"selection":"","status":"burner burning: file->cart verify running"}
2026-09-10 23:11:07 @mori {"event":"ui","process_calls":14077,"render_calls":2001,"music_polls":2869,"model_bytes":15352,"directory_scans":4,"cache_hits":0,"page":18,"selected":5,"count":12,"preview_generation":4,"file_worker_stack_free":10640,"file_start_active":false,"preview_active":false,"preview_done":false,"preview_available":false,"screen_dimmed":false,"selection":"","status":"burner burning: file->cart verify running"}
2026-09-10 23:11:08 @mori {"event":"ui","process_calls":14083,"render_calls":2005,"music_polls":2873,"model_bytes":15352,"directory_scans":4,"cache_hits":0,"page":18,"selected":5,"count":12,"preview_generation":4,"file_worker_stack_free":10640,"file_start_active":false,"preview_active":false,"preview_done":false,"preview_available":false,"screen_dimmed":false,"selection":"","status":"burner burning: file->cart verify running"}
2026-09-10 23:11:08 @mori {"event":"ui","process_calls":14088,"render_calls":2008,"music_polls":2875,"model_bytes":15352,"directory_scans":4,"cache_hits":0,"page":18,"selected":5,"count":12,"preview_generation":4,"file_worker_stack_free":10640,"file_start_active":false,"preview_active":false,"preview_done":false,"preview_available":false,"screen_dimmed":false,"selection":"","status":"burner burning: file->cart verify running"}
2026-09-10 23:11:08 @mori {"event":"ui","process_calls":14091,"render_calls":2011,"music_polls":2878,"model_bytes":15352,"directory_scans":4,"cache_hits":0,"page":18,"selected":5,"count":12,"preview_generation":4,"file_worker_stack_free":10640,"file_start_active":false,"preview_active":false,"preview_done":false,"preview_available":false,"screen_dimmed":false,"selection":"","status":"burner burning: file->cart verify running"}
2026-09-10 23:11:09 @mori {"event":"ui","process_calls":14096,"render_calls":2014,"music_polls":2881,"model_bytes":15352,"directory_scans":4,"cache_hits":0,"page":18,"selected":5,"count":12,"preview_generation":4,"file_worker_stack_free":10640,"file_start_active":false,"preview_active":false,"preview_done":false,"preview_available":false,"screen_dimmed":false,"selection":"","status":"burner burning: file->cart verify running"}
2026-09-10 23:11:09 @mori {"event":"ui","process_calls":14099,"render_calls":2017,"music_polls":2884,"model_bytes":15352,"directory_scans":4,"cache_hits":0,"page":18,"selected":5,"count":12,"preview_generation":4,"file_worker_stack_free":10640,"file_start_active":false,"preview_active":false,"preview_done":false,"preview_available":false,"screen_dimmed":false,"selection":"","status":"burner burning: file->cart verify running"}
2026-09-10 23:11:09 @mori {"event":"ui","process_calls":14104,"render_calls":2020,"music_polls":2887,"model_bytes":15352,"directory_scans":4,"cache_hits":0,"page":18,"selected":5,"count":12,"preview_generation":4,"file_worker_stack_free":10640,"file_start_active":false,"preview_active":false,"preview_done":false,"preview_available":false,"screen_dimmed":false,"selection":"","status":"burner burning: file->cart verify running"}
2026-09-10 23:11:10 @mori {"event":"ui","process_calls":14107,"render_calls":2023,"music_polls":2890,"model_bytes":15352,"directory_scans":4,"cache_hits":0,"page":18,"selected":5,"count":12,"preview_generation":4,"file_worker_stack_free":10640,"file_start_active":false,"preview_active":false,"preview_done":false,"preview_available":false,"screen_dimmed":false,"selection":"","status":"burner burning: file->cart verify running"}
2026-09-10 23:11:10 @mori {"event":"ui","process_calls":14111,"render_calls":2025,"music_polls":2892,"model_bytes":15352,"directory_scans":4,"cache_hits":0,"page":18,"selected":5,"count":12,"preview_generation":4,"file_worker_stack_free":10640,"file_start_active":false,"preview_active":false,"preview_done":false,"preview_available":false,"screen_dimmed":false,"selection":"","status":"burner burning: file->cart verify running"}
2026-09-10 23:11:11 @mori {"event":"ui","process_calls":14116,"render_calls":2029,"music_polls":2896,"model_bytes":15352,"directory_scans":4,"cache_hits":0,"page":18,"selected":5,"count":12,"preview_generation":4,"file_worker_stack_free":10640,"file_start_active":false,"preview_active":false,"preview_done":false,"preview_available":false,"screen_dimmed":false,"selection":"","status":"burner burning: file->cart verify running"}
2026-09-10 23:11:11 @mori {"event":"ui","process_calls":14120,"render_calls":2031,"music_polls":2898,"model_bytes":15352,"directory_scans":4,"cache_hits":0,"page":18,"selected":5,"count":12,"preview_generation":4,"file_worker_stack_free":10640,"file_start_active":false,"preview_active":false,"preview_done":false,"preview_available":false,"screen_dimmed":false,"selection":"","status":"burner burning: file->cart verify running"}
2026-09-10 23:11:11 @mori {"event":"ui","process_calls":14123,"render_calls":2034,"music_polls":2901,"model_bytes":15352,"directory_scans":4,"cache_hits":0,"page":18,"selected":5,"count":12,"preview_generation":4,"file_worker_stack_free":10640,"file_start_active":false,"preview_active":false,"preview_done":false,"preview_available":false,"screen_dimmed":false,"selection":"","status":"burner burning: file->cart verify running"}
2026-09-10 23:11:11 @mori {"event":"ui","process_calls":14129,"render_calls":2036,"music_polls":2904,"model_bytes":15352,"directory_scans":4,"cache_hits":0,"page":18,"selected":5,"count":12,"preview_generation":4,"file_worker_stack_free":10640,"file_start_active":false,"preview_active":false,"preview_done":false,"preview_available":false,"screen_dimmed":false,"selection":"","status":"burner burning: file->cart verify running"}
2026-09-10 23:11:12 @mori {"event":"ui","process_calls":14132,"render_calls":2039,"music_polls":2906,"model_bytes":15352,"directory_scans":4,"cache_hits":0,"page":18,"selected":5,"count":12,"preview_generation":4,"file_worker_stack_free":10640,"file_start_active":false,"preview_active":false,"preview_done":false,"preview_available":false,"screen_dimmed":false,"selection":"","status":"burner burning: file->cart verify running"}
2026-09-10 23:11:12 @mori {"event":"ui","process_calls":14136,"render_calls":2042,"music_polls":2909,"model_bytes":15352,"directory_scans":4,"cache_hits":0,"page":18,"selected":5,"count":12,"preview_generation":4,"file_worker_stack_free":10640,"file_start_active":false,"preview_active":false,"preview_done":false,"preview_available":false,"screen_dimmed":false,"selection":"","status":"burner burning: file->cart verify running"}
2026-09-10 23:11:12 @mori {"event":"ui","process_calls":14139,"render_calls":2044,"music_polls":2911,"model_bytes":15352,"directory_scans":4,"cache_hits":0,"page":18,"selected":5,"count":12,"preview_generation":4,"file_worker_stack_free":10640,"file_start_active":false,"preview_active":false,"preview_done":false,"preview_available":false,"screen_dimmed":false,"selection":"","status":"burner burning: file->cart verify running"}
2026-09-10 23:11:13 @mori {"event":"ui","process_calls":14144,"render_calls":2048,"music_polls":2915,"model_bytes":15352,"directory_scans":4,"cache_hits":0,"page":18,"selected":5,"count":12,"preview_generation":4,"file_worker_stack_free":10640,"file_start_active":false,"preview_active":false,"preview_done":false,"preview_available":false,"screen_dimmed":false,"selection":"","status":"burner burning: file->cart verify running"}
2026-09-10 23:11:13 @mori {"event":"ui","process_calls":14149,"render_calls":2050,"music_polls":2917,"model_bytes":15352,"directory_scans":4,"cache_hits":0,"page":18,"selected":5,"count":12,"preview_generation":4,"file_worker_stack_free":10640,"file_start_active":false,"preview_active":false,"preview_done":false,"preview_available":false,"screen_dimmed":false,"selection":"","status":"burner burning: file->cart verify running"}
2026-09-10 23:11:13 @mori {"event":"ui","process_calls":14153,"render_calls":2054,"music_polls":2921,"model_bytes":15352,"directory_scans":4,"cache_hits":0,"page":18,"selected":5,"count":12,"preview_generation":4,"file_worker_stack_free":10640,"file_start_active":false,"preview_active":false,"preview_done":false,"preview_available":false,"screen_dimmed":false,"selection":"","status":"burner burning: file->cart verify running"}
2026-09-10 23:11:14 @mori {"event":"ui","process_calls":14158,"render_calls":2056,"music_polls":2924,"model_bytes":15352,"directory_scans":4,"cache_hits":0,"page":18,"selected":5,"count":12,"preview_generation":4,"file_worker_stack_free":10640,"file_start_active":false,"preview_active":false,"preview_done":false,"preview_available":false,"screen_dimmed":false,"selection":"","status":"burner burning: file->cart verify running"}
2026-09-10 23:11:14 @mori {"event":"ui","process_calls":14164,"render_calls":2060,"music_polls":2927,"model_bytes":15352,"directory_scans":4,"cache_hits":0,"page":18,"selected":5,"count":12,"preview_generation":4,"file_worker_stack_free":10640,"file_start_active":false,"preview_active":false,"preview_done":false,"preview_available":false,"screen_dimmed":false,"selection":"","status":"burner burning: file->cart verify running"}
2026-09-10 23:11:15 @mori {"event":"ui","process_calls":14167,"render_calls":2063,"music_polls":2930,"model_bytes":15352,"directory_scans":4,"cache_hits":0,"page":18,"selected":5,"count":12,"preview_generation":4,"file_worker_stack_free":10640,"file_start_active":false,"preview_active":false,"preview_done":false,"preview_available":false,"screen_dimmed":false,"selection":"","status":"burner burning: file->cart verify running"}
2026-09-10 23:11:15 @mori {"event":"ui","process_calls":14170,"render_calls":2066,"music_polls":2933,"model_bytes":15352,"directory_scans":4,"cache_hits":0,"page":18,"selected":5,"count":12,"preview_generation":4,"file_worker_stack_free":10640,"file_start_active":false,"preview_active":false,"preview_done":false,"preview_available":false,"screen_dimmed":false,"selection":"","status":"burner burning: file->cart verify running"}
2026-09-10 23:11:15 I (340050) burner_web: ROM verify: err=ESP_OK bytes=33554432/33554432 tf=4254ms cart=17649ms
2026-09-10 23:11:15 I (340153) burner_web: burn_task result: err=ESP_OK state=done processed=33554432/33554432 msg=verify finished
2026-09-10 23:11:15 I (340155) power_manager: CPU perf lock released by burn_task
2026-09-10 23:11:15 I (340158) burner_web: burn_task stack free min=12104 bytes
2026-09-10 23:11:15 @mori {"event":"ui","process_calls":14176,"render_calls":2070,"music_polls":2936,"model_bytes":15352,"directory_scans":4,"cache_hits":0,"page":19,"selected":0,"count":19,"preview_generation":4,"file_worker_stack_free":10640,"file_start_active":false,"preview_active":false,"preview_done":false,"preview_available":false,"screen_dimmed":false,"selection":"","status":"burner done: verify finished"}
2026-09-10 23:11:15 @mori {"event":"key","message":"b"}
2026-09-10 23:11:16 @mori {"event":"ui","process_calls":14182,"render_calls":2076,"music_polls":2938,"model_bytes":15352,"directory_scans":4,"cache_hits":0,"page":15,"selected":0,"count":12,"preview_generation":4,"file_worker_stack_free":10640,"file_start_active":false,"preview_active":false,"preview_done":false,"preview_available":false,"screen_dimmed":false,"selection":"重新分析","status":"就绪"}
2026-09-10 23:11:16 @mori {"event":"key","message":"b"}
2026-09-10 23:11:16 @mori {"event":"ui","process_calls":14185,"render_calls":2079,"music_polls":2939,"model_bytes":15352,"directory_scans":4,"cache_hits":0,"page":14,"selected":0,"count":2,"preview_generation":4,"file_worker_stack_free":10640,"file_start_active":false,"preview_active":false,"preview_done":false,"preview_available":false,"screen_dimmed":false,"selection":"","status":"就绪"}
2026-09-10 23:11:16 @mori {"event":"key","message":"b"}
2026-09-10 23:11:16 @mori {"event":"ui","process_calls":14190,"render_calls":2084,"music_polls":2940,"model_bytes":15352,"directory_scans":4,"cache_hits":0,"page":0,"selected":3,"count":5,"preview_generation":4,"file_worker_stack_free":10640,"file_start_active":false,"preview_active":false,"preview_done":false,"preview_available":false,"screen_dimmed":false,"selection":"烧录器","status":"就绪"}
2026-09-10 23:11:16 @mori {"event":"status","version":"v2.32.112","uptime_ms":339619,"internal_free":73475,"internal_largest":31744,"psram_free":7539836,"burn_running":false,"patch_running":false,"cancel_requested":false,"phase":"","detail":"","offset":0,"total":0,"passes":0,"read_bytes":0,"read_ms":0,"elapsed_ms":0,"result":0,"ag32_link":"cpld","ag32_link_active":"cpld","ag32_capabilities":0,"ag32_capabilities_known":false}
