2026-09-10 23:06:40 @mori {"event":"status","version":"v2.32.112","uptime_ms":63499,"internal_free":73475,"internal_largest":31744,"psram_free":7539788,"burn_running":false,"patch_running":false,"cancel_requested":false,"phase":"","detail":"","offset":0,"total":0,"passes":0,"read_bytes":0,"read_ms":0,"elapsed_ms":0,"result":0,"ag32_link":"cpld","ag32_link_active":"cpld","ag32_capabilities":0,"ag32_capabilities_known":false}
2026-09-10 23:06:40 @mori {"event":"ui","process_calls":2637,"render_calls":322,"music_polls":543,"model_bytes":15352,"directory_scans":0,"cache_hits":0,"page":19,"selected":0,"count":19,"preview_generation":0,"file_worker_stack_free":14752,"file_start_active":false,"preview_active":false,"preview_done":false,"preview_available":false,"screen_dimmed":false,"selection":"","status":"burner done: verify finished"}
2026-09-10 23:06:40 @mori {"event":"key","message":"b"}
2026-09-10 23:06:40 @mori {"event":"ui","process_calls":2642,"render_calls":324,"music_polls":545,"model_bytes":15352,"directory_scans":0,"cache_hits":0,"page":14,"selected":0,"count":2,"preview_generation":0,"file_worker_stack_free":14752,"file_start_active":false,"preview_active":false,"preview_done":false,"preview_available":false,"screen_dimmed":false,"selection":"","status":"就绪"}
2026-09-10 23:06:40 @mori {"event":"key","message":"b"}
2026-09-10 23:06:40 @mori {"event":"ui","process_calls":2647,"render_calls":329,"music_polls":546,"model_bytes":15352,"directory_scans":0,"cache_hits":0,"page":0,"selected":0,"count":5,"preview_generation":0,"file_worker_stack_free":14752,"file_start_active":false,"preview_active":false,"preview_done":false,"preview_available":false,"screen_dimmed":false,"selection":"系统","status":"就绪"}
2026-09-10 23:06:40 @mori {"event":"ui","process_calls":2649,"render_calls":331,"music_polls":546,"model_bytes":15352,"directory_scans":0,"cache_hits":0,"page":0,"selected":0,"count":5,"preview_generation":0,"file_worker_stack_free":14752,"file_start_active":false,"preview_active":false,"preview_done":false,"preview_available":false,"screen_dimmed":false,"selection":"系统","status":"就绪"}
2026-09-10 23:06:40 @mori {"event":"key","message":"right"}
2026-09-10 23:06:40 @mori {"event":"ui","process_calls":2657,"render_calls":339,"music_polls":547,"model_bytes":15352,"directory_scans":0,"cache_hits":0,"page":0,"selected":1,"count":5,"preview_generation":0,"file_worker_stack_free":14752,"file_start_active":false,"preview_active":false,"preview_done":false,"preview_available":false,"screen_dimmed":false,"selection":"音乐","status":"就绪"}
2026-09-10 23:06:40 @mori {"event":"key","message":"right"}
2026-09-10 23:06:40 @mori {"event":"ui","process_calls":2665,"render_calls":347,"music_polls":548,"model_bytes":15352,"directory_scans":0,"cache_hits":0,"page":0,"selected":2,"count":5,"preview_generation":0,"file_worker_stack_free":14752,"file_start_active":false,"preview_active":false,"preview_done":false,"preview_available":false,"screen_dimmed":false,"selection":"阅读器","status":"就绪"}
2026-09-10 23:06:40 @mori {"event":"key","message":"right"}
2026-09-10 23:06:41 @mori {"event":"ui","process_calls":2673,"render_calls":355,"music_polls":550,"model_bytes":15352,"directory_scans":0,"cache_hits":0,"page":0,"selected":3,"count":5,"preview_generation":0,"file_worker_stack_free":14752,"file_start_active":false,"preview_active":false,"preview_done":false,"preview_available":false,"screen_dimmed":false,"selection":"烧录器","status":"就绪"}
2026-09-10 23:06:41 @mori {"event":"key","message":"a"}
2026-09-10 23:06:41 @mori {"event":"ui","process_calls":2679,"render_calls":361,"music_polls":551,"model_bytes":15352,"directory_scans":0,"cache_hits":0,"page":14,"selected":0,"count":2,"preview_generation":0,"file_worker_stack_free":14752,"file_start_active":false,"preview_active":false,"preview_done":false,"preview_available":false,"screen_dimmed":false,"selection":"","status":"就绪"}
2026-09-10 23:06:41 @mori {"event":"ui","process_calls":2681,"render_calls":363,"music_polls":551,"model_bytes":15352,"directory_scans":0,"cache_hits":0,"page":14,"selected":0,"count":2,"preview_generation":0,"file_worker_stack_free":14752,"file_start_active":false,"preview_active":false,"preview_done":false,"preview_available":false,"screen_dimmed":false,"selection":"","status":"就绪"}
2026-09-10 23:06:41 @mori {"event":"key","message":"a"}
2026-09-10 23:06:41 @mori {"event":"ui","process_calls":2686,"render_calls":368,"music_polls":552,"model_bytes":15352,"directory_scans":0,"cache_hits":0,"page":15,"selected":0,"count":4,"preview_generation":0,"file_worker_stack_free":14752,"file_start_active":false,"preview_active":false,"preview_done":false,"preview_available":false,"screen_dimmed":false,"selection":"分析卡带","status":"请先分析卡带"}
2026-09-10 23:06:41 @mori {"event":"ui","process_calls":2687,"render_calls":369,"music_polls":552,"model_bytes":15352,"directory_scans":0,"cache_hits":0,"page":15,"selected":0,"count":4,"preview_generation":0,"file_worker_stack_free":14752,"file_start_active":false,"preview_active":false,"preview_done":false,"preview_available":false,"screen_dimmed":false,"selection":"分析卡带","status":"请先分析卡带"}
2026-09-10 23:06:41 @mori {"event":"key","message":"a"}
2026-09-10 23:06:41 @mori {"event":"ui","process_calls":2690,"render_calls":372,"music_polls":553,"model_bytes":15352,"directory_scans":0,"cache_hits":0,"page":15,"selected":0,"count":4,"preview_generation":0,"file_worker_stack_free":14752,"file_start_active":false,"preview_active":false,"preview_done":false,"preview_available":false,"screen_dimmed":false,"selection":"分析卡带","status":"analyzing cart"}
2026-09-10 23:06:41 @mori {"event":"ui","process_calls":2691,"render_calls":373,"music_polls":554,"model_bytes":15352,"directory_scans":0,"cache_hits":0,"page":15,"selected":0,"count":4,"preview_generation":0,"file_worker_stack_free":14752,"file_start_active":false,"preview_active":false,"preview_done":false,"preview_available":false,"screen_dimmed":false,"selection":"分析卡带","status":"analyzing cart"}
2026-09-10 23:06:41 I (66152) burner_web: GBA D0/D1 swap detection starting...
2026-09-10 23:06:41 I (66153) burner_web: D0/D1 swap detection: entering CFI mode (word addr 0x055)
2026-09-10 23:06:41 I (66155) burner_web: D0/D1 swap detection: CFI 'QRY' detected (normal, low-byte lane) [010]=0051 [011]=0052 [012]=0059
2026-09-10 23:06:41 I (66166) burner_web: GBA D0/D1 swap detection: NORMAL (no swap), lane=low
2026-09-10 23:06:41 I (66172) burner_web: GBA ReadID trace begin t=64950106us
2026-09-10 23:06:41 I (66177) burner_web: GBA ReadID trace write addr=0x555 data=0x00AA dt=5033us (0.005033s)
2026-09-10 23:06:41 I (66185) burner_web: GBA ReadID trace write addr=0x2AA data=0x0055 dt=8420us (0.008420s)
2026-09-10 23:06:41 I (66193) burner_web: GBA ReadID trace write addr=0x555 data=0x0090 dt=7968us (0.007968s)
2026-09-10 23:06:41 I (66201) burner_web: GBA ReadID trace read addr=0x000 data=0x0001 dt=7789us (0.007789s)
2026-09-10 23:06:41 I (66209) burner_web: GBA ReadID trace read addr=0x001 data=0x227E dt=7702us (0.007702s)
2026-09-10 23:06:41 I (66217) burner_web: GBA ReadID trace read addr=0x00E data=0x2228 dt=7832us (0.007832s)
2026-09-10 23:06:41 I (66225) burner_web: GBA ReadID trace read addr=0x00F data=0x2201 dt=7905us (0.007905s)
2026-09-10 23:06:41 I (66233) burner_web: GBA ReadID trace write addr=0x000 data=0x00F0 dt=7943us (0.007943s)
2026-09-10 23:06:41 I (66240) burner_web: GBA ReadID trace end status=ESP_OK total=68211us (0.068211s)
2026-09-10 23:06:41 I (66248) burner_web: GBA word-address probe @40000000Hz try=1 id=01 00 7E 22 28 22 01 22 (candidate-id)
2026-09-10 23:06:41 I (66257) burner_web: GBA Intel ReadID trace begin t=65035087us
2026-09-10 23:06:41 I (66262) burner_web: GBA Intel ReadID trace write addr=0x000 data=0x0050 dt=5267us (0.005267s)
2026-09-10 23:06:41 I (66271) burner_web: GBA Intel ReadID trace write addr=0x000 data=0x00FF dt=8748us (0.008748s)
2026-09-10 23:06:41 I (66279) burner_web: GBA Intel ReadID trace write addr=0x000 data=0x0090 dt=8274us (0.008274s)
2026-09-10 23:06:41 I (66288) burner_web: GBA Intel ReadID trace read addr=0x000 data=0x002E dt=8543us (0.008543s)
2026-09-10 23:06:41 I (66296) burner_web: GBA Intel ReadID trace read addr=0x001 data=0xEA00 dt=8289us (0.008289s)
2026-09-10 23:06:41 I (66304) burner_web: GBA Intel ReadID trace read addr=0x00E data=0x52A3 dt=8460us (0.008460s)
2026-09-10 23:06:41 I (66313) burner_web: GBA Intel ReadID trace read addr=0x00F data=0x19BE dt=8245us (0.008245s)
2026-09-10 23:06:41 I (66321) burner_web: GBA Intel ReadID trace write addr=0x000 data=0x0050 dt=8441us (0.008441s)
2026-09-10 23:06:41 I (66329) burner_web: GBA Intel ReadID trace write addr=0x000 data=0x00FF dt=8069us (0.008069s)
2026-09-10 23:06:41 I (66338) burner_web: GBA Intel ReadID trace end status=ESP_OK total=80774us (0.080774s)
2026-09-10 23:06:41 I (66346) burner_web: GBA intel-id probe @40000000Hz try=1 id=2E 00 00 EA A3 52 BE 19 (candidate-id)
2026-09-10 23:06:41 @mori {"event":"ui","process_calls":2697,"render_calls":379,"music_polls":556,"model_bytes":15352,"directory_scans":0,"cache_hits":0,"page":15,"selected":0,"count":4,"preview_generation":0,"file_worker_stack_free":14752,"file_start_active":false,"preview_active":false,"preview_done":false,"preview_available":false,"screen_dimmed":false,"selection":"分析卡带","status":"analyzing cart"}
2026-09-10 23:06:42 I (66366) burner_web: GBA raw ID method scan summary @40000000Hz try=1: candidates=0 best=AMD standard
2026-09-10 23:06:42 I (66400) burner_web: GBA profile match @40000000Hz try=1: chip=S29GL01GP/GS profile=AGB:AMD:555/2AA:AA/55 cmdset=amd method=AMD standard
2026-09-10 23:06:42 I (66410) burner_web: GBA auto probe @40000000Hz try=1 id=01 00 7E 22 28 22 01 22 (candidate-id)
2026-09-10 23:06:42 I (66418) burner_web: GBA CFI ok in word-address mode @40000000Hz try=1: chip=S29GL01GP/GS profile=AGB:AMD:555/2AA:AA/55 flash=134217728 sector=131072 geom=uniform largest=131072 regions=1 buf=512 cmdset=amd lane=low primary=0x0002
2026-09-10 23:06:42 @mori {"event":"ui","process_calls":2704,"render_calls":386,"music_polls":558,"model_bytes":15352,"directory_scans":0,"cache_hits":0,"page":15,"selected":0,"count":4,"preview_generation":0,"file_worker_stack_free":14752,"file_start_active":false,"preview_active":false,"preview_done":false,"preview_available":false,"screen_dimmed":false,"selection":"分析卡带","status":"analyzing cart"}
2026-09-10 23:06:42 I (66823) ui: UI probe task stack free min=9336 bytes
2026-09-10 23:06:42 @mori {"event":"ui","process_calls":2710,"render_calls":392,"music_polls":560,"model_bytes":15352,"directory_scans":0,"cache_hits":0,"page":15,"selected":1,"count":9,"preview_generation":0,"file_worker_stack_free":14752,"file_start_active":false,"preview_active":false,"preview_done":false,"preview_available":false,"screen_dimmed":false,"selection":"ROM: 选择文件","status":"GBA ID 01 00 7E 22 CFI"}
2026-09-10 23:06:42 @mori {"event":"ui","process_calls":2711,"render_calls":393,"music_polls":560,"model_bytes":15352,"directory_scans":0,"cache_hits":0,"page":15,"selected":1,"count":9,"preview_generation":0,"file_worker_stack_free":14752,"file_start_active":false,"preview_active":false,"preview_done":false,"preview_available":false,"screen_dimmed":false,"selection":"ROM: 选择文件","status":"GBA ID 01 00 7E 22 CFI"}
2026-09-10 23:06:42 @mori {"event":"key","message":"down"}
2026-09-10 23:06:42 @mori {"event":"ui","process_calls":2714,"render_calls":396,"music_polls":561,"model_bytes":15352,"directory_scans":0,"cache_hits":0,"page":15,"selected":2,"count":9,"preview_generation":0,"file_worker_stack_free":14752,"file_start_active":false,"preview_active":false,"preview_done":false,"preview_available":false,"screen_dimmed":false,"selection":"ROM: 写入","status":"GBA ID 01 00 7E 22 CFI"}
2026-09-10 23:06:42 @mori {"event":"key","message":"down"}
2026-09-10 23:06:42 @mori {"event":"ui","process_calls":2718,"render_calls":400,"music_polls":563,"model_bytes":15352,"directory_scans":0,"cache_hits":0,"page":15,"selected":3,"count":9,"preview_generation":0,"file_worker_stack_free":14752,"file_start_active":false,"preview_active":false,"preview_done":false,"preview_available":false,"screen_dimmed":false,"selection":"ROM: 校验","status":"GBA ID 01 00 7E 22 CFI"}
2026-09-10 23:06:42 @mori {"event":"key","message":"down"}
2026-09-10 23:06:42 @mori {"event":"ui","process_calls":2721,"render_calls":403,"music_polls":564,"model_bytes":15352,"directory_scans":0,"cache_hits":0,"page":15,"selected":4,"count":9,"preview_generation":0,"file_worker_stack_free":14752,"file_start_active":false,"preview_active":false,"preview_done":false,"preview_available":false,"screen_dimmed":false,"selection":"ROM: 读取","status":"GBA ID 01 00 7E 22 CFI"}
2026-09-10 23:06:42 @mori {"event":"key","message":"a"}
2026-09-10 23:06:43 @mori {"event":"ui","process_calls":2724,"render_calls":406,"music_polls":565,"model_bytes":15352,"directory_scans":0,"cache_hits":0,"page":15,"selected":0,"count":5,"preview_generation":0,"file_worker_stack_free":14752,"file_start_active":false,"preview_active":false,"preview_done":false,"preview_available":false,"screen_dimmed":false,"selection":"4 MiB","status":"请选择读取大小"}
2026-09-10 23:06:43 @mori {"event":"ui","process_calls":2726,"render_calls":408,"music_polls":565,"model_bytes":15352,"directory_scans":0,"cache_hits":0,"page":15,"selected":0,"count":5,"preview_generation":0,"file_worker_stack_free":14752,"file_start_active":false,"preview_active":false,"preview_done":false,"preview_available":false,"screen_dimmed":false,"selection":"4 MiB","status":"请选择读取大小"}
2026-09-10 23:06:43 I (67632) burner_web: PSRAM auto window: free=7539808 largest=7471104 reserve=262144 -> 6MB
2026-09-10 23:06:43 I (67635) power_manager: CPU perf lock acquired by burn_task
2026-09-10 23:06:43 @mori {"event":"key","message":"a"}
2026-09-10 23:06:43 @mori {"event":"ui","process_calls":2728,"render_calls":410,"music_polls":566,"model_bytes":15352,"directory_scans":0,"cache_hits":0,"page":18,"selected":0,"count":12,"preview_generation":0,"file_worker_stack_free":14752,"file_start_active":false,"preview_active":false,"preview_done":false,"preview_available":false,"screen_dimmed":false,"selection":"","status":"ROM读取已启动"}
2026-09-10 23:06:43 @mori {"event":"ui","process_calls":2729,"render_calls":411,"music_polls":567,"model_bytes":15352,"directory_scans":0,"cache_hits":0,"page":18,"selected":0,"count":12,"preview_generation":0,"file_worker_stack_free":14752,"file_start_active":false,"preview_active":false,"preview_done":false,"preview_available":false,"screen_dimmed":false,"selection":"","status":"ROM读取已启动"}
2026-09-10 23:06:43 I (67836) burner_web: GBA D0/D1 swap detection starting...
2026-09-10 23:06:43 I (67838) burner_web: D0/D1 swap detection: entering CFI mode (word addr 0x055)
2026-09-10 23:06:43 I (67839) burner_web: D0/D1 swap detection: CFI 'QRY' detected (normal, low-byte lane) [010]=0051 [011]=0052 [012]=0059
2026-09-10 23:06:43 I (67850) burner_web: GBA D0/D1 swap detection: NORMAL (no swap), lane=low
2026-09-10 23:06:43 I (67856) burner_web: GBA ReadID trace begin t=66634348us
2026-09-10 23:06:43 I (67861) burner_web: GBA ReadID trace write addr=0x555 data=0x00AA dt=5110us (0.005110s)
2026-09-10 23:06:43 I (67869) burner_web: GBA ReadID trace write addr=0x2AA data=0x0055 dt=8172us (0.008172s)
2026-09-10 23:06:43 I (67877) burner_web: GBA ReadID trace write addr=0x555 data=0x0090 dt=7831us (0.007831s)
2026-09-10 23:06:43 I (67885) burner_web: GBA ReadID trace read addr=0x000 data=0x0001 dt=8119us (0.008119s)
2026-09-10 23:06:43 I (67893) burner_web: GBA ReadID trace read addr=0x001 data=0x227E dt=7798us (0.007798s)
2026-09-10 23:06:43 I (67901) burner_web: GBA ReadID trace read addr=0x00E data=0x2228 dt=7746us (0.007746s)
2026-09-10 23:06:43 I (67909) burner_web: GBA ReadID trace read addr=0x00F data=0x2201 dt=7657us (0.007657s)
2026-09-10 23:06:43 I (67916) burner_web: GBA ReadID trace write addr=0x000 data=0x00F0 dt=7833us (0.007833s)
2026-09-10 23:06:43 I (67924) burner_web: GBA ReadID trace end status=ESP_OK total=68192us (0.068192s)
2026-09-10 23:06:43 I (67932) burner_web: GBA word-address probe @40000000Hz try=1 id=01 00 7E 22 28 22 01 22 (candidate-id)
2026-09-10 23:06:43 I (67941) burner_web: GBA Intel ReadID trace begin t=66719065us
2026-09-10 23:06:43 I (67946) burner_web: GBA Intel ReadID trace write addr=0x000 data=0x0050 dt=5161us (0.005161s)
2026-09-10 23:06:43 I (67955) burner_web: GBA Intel ReadID trace write addr=0x000 data=0x00FF dt=8913us (0.008913s)
2026-09-10 23:06:43 I (67963) burner_web: GBA Intel ReadID trace write addr=0x000 data=0x0090 dt=8539us (0.008539s)
2026-09-10 23:06:43 I (67972) burner_web: GBA Intel ReadID trace read addr=0x000 data=0x002E dt=8453us (0.008453s)
2026-09-10 23:06:43 I (67980) burner_web: GBA Intel ReadID trace read addr=0x001 data=0xEA00 dt=8376us (0.008376s)
2026-09-10 23:06:43 I (67989) burner_web: GBA Intel ReadID trace read addr=0x00E data=0x52A3 dt=8271us (0.008271s)
2026-09-10 23:06:43 I (67997) burner_web: GBA Intel ReadID trace read addr=0x00F data=0x19BE dt=8346us (0.008346s)
2026-09-10 23:06:43 I (68005) burner_web: GBA Intel ReadID trace write addr=0x000 data=0x0050 dt=8307us (0.008307s)
2026-09-10 23:06:43 I (68013) burner_web: GBA Intel ReadID trace write addr=0x000 data=0x00FF dt=8201us (0.008201s)
2026-09-10 23:06:43 I (68022) burner_web: GBA Intel ReadID trace end status=ESP_OK total=81011us (0.081011s)
2026-09-10 23:06:43 I (68030) burner_web: GBA intel-id probe @40000000Hz try=1 id=2E 00 00 EA A3 52 BE 19 (candidate-id)
2026-09-10 23:06:43 I (68049) burner_web: GBA raw ID method scan summary @40000000Hz try=1: candidates=0 best=AMD standard
2026-09-10 23:06:43 I (68052) burner_web: GBA profile match @40000000Hz try=1: chip=S29GL01GP/GS profile=AGB:AMD:555/2AA:AA/55 cmdset=amd method=AMD standard
2026-09-10 23:06:43 I (68061) burner_web: GBA auto probe @40000000Hz try=1 id=01 00 7E 22 28 22 01 22 (candidate-id)
2026-09-10 23:06:43 I (68070) burner_web: GBA CFI ok in word-address mode @40000000Hz try=1: chip=S29GL01GP/GS profile=AGB:AMD:555/2AA:AA/55 flash=134217728 sector=131072 geom=uniform largest=131072 regions=1 buf=512 cmdset=amd lane=low primary=0x0002
2026-09-10 23:06:43 I (68090) burner_web: GBA AMD Bacon compatibility: keep flash size 134217728, use 32MB banked writes
2026-09-10 23:06:43 I (68099) burner_web: GBA AMD runtime commands: standard AMD source=AMD standard
2026-09-10 23:06:43 I (68105) burner_web: GBA prepared: chip=S29GL01GP/GS profile=AGB:AMD:555/2AA:AA/55 flash=134217728 sector=131072 geom=uniform largest=131072 regions=1 buf=512 prog_buf=512 cfi=ok nor=amd cmd=word-address low-lane id=01 00 7E 22 28 22 01 22
2026-09-10 23:06:43 I (68127) burner_web: GBA mapping: Bacon AMD 32MB-bank bank=32MB force_multi=0 range=0x00000000-0x003FFFFF
2026-09-10 23:06:43 @mori {"event":"ui","process_calls":2741,"render_calls":423,"music_polls":570,"model_bytes":15352,"directory_scans":0,"cache_hits":0,"page":18,"selected":0,"count":12,"preview_generation":0,"file_worker_stack_free":14752,"file_start_active":false,"preview_active":false,"preview_done":false,"preview_available":false,"screen_dimmed":false,"selection":"","status":"burner burning: gba cart->tf direct dumping"}
2026-09-10 23:06:44 @mori {"event":"ui","process_calls":2748,"render_calls":430,"music_polls":573,"model_bytes":15352,"directory_scans":0,"cache_hits":0,"page":18,"selected":0,"count":12,"preview_generation":0,"file_worker_stack_free":14752,"file_start_active":false,"preview_active":false,"preview_done":false,"preview_available":false,"screen_dimmed":false,"selection":"","status":"burner burning: gba cart->tf direct dumping"}
2026-09-10 23:06:44 @mori {"event":"ui","process_calls":2750,"render_calls":432,"music_polls":575,"model_bytes":15352,"directory_scans":0,"cache_hits":0,"page":18,"selected":0,"count":12,"preview_generation":0,"file_worker_stack_free":14752,"file_start_active":false,"preview_active":false,"preview_done":false,"preview_available":false,"screen_dimmed":false,"selection":"","status":"burner burning: gba cart->tf direct dumping"}
2026-09-10 23:06:44 @mori {"event":"ui","process_calls":2756,"render_calls":436,"music_polls":579,"model_bytes":15352,"directory_scans":0,"cache_hits":0,"page":18,"selected":0,"count":12,"preview_generation":0,"file_worker_stack_free":14752,"file_start_active":false,"preview_active":false,"preview_done":false,"preview_available":false,"screen_dimmed":false,"selection":"","status":"burner burning: gba cart->tf direct dumping"}
2026-09-10 23:06:45 @mori {"event":"ui","process_calls":2758,"render_calls":438,"music_polls":581,"model_bytes":15352,"directory_scans":0,"cache_hits":0,"page":18,"selected":0,"count":12,"preview_generation":0,"file_worker_stack_free":14752,"file_start_active":false,"preview_active":false,"preview_done":false,"preview_available":false,"screen_dimmed":false,"selection":"","status":"burner burning: gba cart->tf direct dumping"}
2026-09-10 23:06:45 @mori {"event":"ui","process_calls":2762,"render_calls":442,"music_polls":585,"model_bytes":15352,"directory_scans":0,"cache_hits":0,"page":18,"selected":0,"count":12,"preview_generation":0,"file_worker_stack_free":14752,"file_start_active":false,"preview_active":false,"preview_done":false,"preview_available":false,"screen_dimmed":false,"selection":"","status":"burner burning: gba cart->tf direct dumping"}
2026-09-10 23:06:45 @mori {"event":"ui","process_calls":2767,"render_calls":445,"music_polls":588,"model_bytes":15352,"directory_scans":0,"cache_hits":0,"page":18,"selected":0,"count":12,"preview_generation":0,"file_worker_stack_free":14752,"file_start_active":false,"preview_active":false,"preview_done":false,"preview_available":false,"screen_dimmed":false,"selection":"","status":"burner burning: gba cart->tf direct dumping"}
2026-09-10 23:06:46 @mori {"event":"ui","process_calls":2772,"render_calls":449,"music_polls":591,"model_bytes":15352,"directory_scans":0,"cache_hits":0,"page":18,"selected":0,"count":12,"preview_generation":0,"file_worker_stack_free":14752,"file_start_active":false,"preview_active":false,"preview_done":false,"preview_available":false,"screen_dimmed":false,"selection":"","status":"burner burning: gba cart->tf direct dumping"}
2026-09-10 23:06:46 @mori {"event":"ui","process_calls":2776,"render_calls":452,"music_polls":594,"model_bytes":15352,"directory_scans":0,"cache_hits":0,"page":18,"selected":0,"count":12,"preview_generation":0,"file_worker_stack_free":14752,"file_start_active":false,"preview_active":false,"preview_done":false,"preview_available":false,"screen_dimmed":false,"selection":"","status":"burner burning: gba cart->tf direct dumping"}
2026-09-10 23:06:46 I (71407) burner_web: burn_task result: err=ESP_OK state=done processed=4194304/4194304 msg=dump finished
2026-09-10 23:06:46 I (71409) power_manager: CPU perf lock released by burn_task
2026-09-10 23:06:46 I (71411) burner_web: burn_task stack free min=11944 bytes
2026-09-10 23:06:47 @mori {"event":"ui","process_calls":2779,"render_calls":455,"music_polls":596,"model_bytes":15352,"directory_scans":0,"cache_hits":0,"page":18,"selected":0,"count":12,"preview_generation":0,"file_worker_stack_free":14752,"file_start_active":false,"preview_active":false,"preview_done":false,"preview_available":false,"screen_dimmed":false,"selection":"","status":"burner done: dump finished"}
2026-09-10 23:06:47 @mori {"event":"key","message":"b"}
2026-09-10 23:06:47 @mori {"event":"ui","process_calls":2781,"render_calls":457,"music_polls":598,"model_bytes":15352,"directory_scans":0,"cache_hits":0,"page":15,"selected":0,"count":9,"preview_generation":0,"file_worker_stack_free":14752,"file_start_active":false,"preview_active":false,"preview_done":false,"preview_available":false,"screen_dimmed":false,"selection":"重新分析","status":"就绪"}
2026-09-10 23:06:47 @mori {"event":"ui","process_calls":2784,"render_calls":460,"music_polls":599,"model_bytes":15352,"directory_scans":0,"cache_hits":0,"page":15,"selected":0,"count":9,"preview_generation":0,"file_worker_stack_free":14752,"file_start_active":false,"preview_active":false,"preview_done":false,"preview_available":false,"screen_dimmed":false,"selection":"重新分析","status":"就绪"}
2026-09-10 23:06:47 @mori {"event":"key","message":"down"}
2026-09-10 23:06:47 @mori {"event":"ui","process_calls":2788,"render_calls":464,"music_polls":600,"model_bytes":15352,"directory_scans":0,"cache_hits":0,"page":15,"selected":1,"count":9,"preview_generation":0,"file_worker_stack_free":14752,"file_start_active":false,"preview_active":false,"preview_done":false,"preview_available":false,"screen_dimmed":false,"selection":"ROM: 选择文件","status":"就绪"}
2026-09-10 23:06:47 @mori {"event":"key","message":"a"}
2026-09-10 23:06:47 @mori {"event":"ui","process_calls":2790,"render_calls":466,"music_polls":601,"model_bytes":15352,"directory_scans":1,"cache_hits":0,"page":6,"selected":0,"count":45,"preview_generation":0,"file_worker_stack_free":14752,"file_start_active":false,"preview_active":false,"preview_done":false,"preview_available":false,"screen_dimmed":false,"selection":"_gba","status":"TF根目录"}
2026-09-10 23:06:47 @mori {"event":"ui","process_calls":2794,"render_calls":470,"music_polls":602,"model_bytes":15352,"directory_scans":1,"cache_hits":0,"page":6,"selected":0,"count":45,"preview_generation":0,"file_worker_stack_free":14752,"file_start_active":false,"preview_active":false,"preview_done":false,"preview_available":false,"screen_dimmed":false,"selection":"_gba","status":"TF根目录"}
2026-09-10 23:06:47 @mori {"event":"key","message":"down"}
2026-09-10 23:06:47 @mori {"event":"ui","process_calls":2804,"render_calls":480,"music_polls":603,"model_bytes":15352,"directory_scans":1,"cache_hits":0,"page":6,"selected":1,"count":45,"preview_generation":0,"file_worker_stack_free":14752,"file_start_active":false,"preview_active":false,"preview_done":false,"preview_available":false,"screen_dimmed":false,"selection":"_nds","status":"TF根目录"}
2026-09-10 23:06:47 @mori {"event":"key","message":"down"}
2026-09-10 23:06:47 @mori {"event":"ui","process_calls":2813,"render_calls":489,"music_polls":605,"model_bytes":15352,"directory_scans":1,"cache_hits":0,"page":6,"selected":2,"count":45,"preview_generation":0,"file_worker_stack_free":14752,"file_start_active":false,"preview_active":false,"preview_done":false,"preview_available":false,"screen_dimmed":false,"selection":"dumps","status":"TF根目录"}
2026-09-10 23:06:48 @mori {"event":"key","message":"down"}
2026-09-10 23:06:48 @mori {"event":"ui","process_calls":2823,"render_calls":499,"music_polls":606,"model_bytes":15352,"directory_scans":1,"cache_hits":0,"page":6,"selected":3,"count":45,"preview_generation":0,"file_worker_stack_free":14752,"file_start_active":false,"preview_active":false,"preview_done":false,"preview_available":false,"screen_dimmed":false,"selection":"GBA汉化","status":"TF根目录"}
2026-09-10 23:06:48 @mori {"event":"key","message":"down"}
2026-09-10 23:06:48 @mori {"event":"ui","process_calls":2832,"render_calls":508,"music_polls":607,"model_bytes":15352,"directory_scans":1,"cache_hits":0,"page":6,"selected":4,"count":45,"preview_generation":0,"file_worker_stack_free":14752,"file_start_active":false,"preview_active":false,"preview_done":false,"preview_available":false,"screen_dimmed":false,"selection":"music","status":"TF根目录"}
2026-09-10 23:06:48 @mori {"event":"key","message":"down"}
2026-09-10 23:06:48 @mori {"event":"ui","process_calls":2842,"render_calls":518,"music_polls":609,"model_bytes":15352,"directory_scans":1,"cache_hits":0,"page":6,"selected":5,"count":45,"preview_generation":0,"file_worker_stack_free":14752,"file_start_active":false,"preview_active":false,"preview_done":false,"preview_available":false,"screen_dimmed":false,"selection":"retro-go","status":"TF根目录"}
2026-09-10 23:06:48 @mori {"event":"key","message":"down"}
2026-09-10 23:06:48 @mori {"event":"ui","process_calls":2851,"render_calls":527,"music_polls":610,"model_bytes":15352,"directory_scans":1,"cache_hits":0,"page":6,"selected":6,"count":45,"preview_generation":0,"file_worker_stack_free":14752,"file_start_active":false,"preview_active":false,"preview_done":false,"preview_available":false,"screen_dimmed":false,"selection":"ROM_OUTPUT","status":"TF根目录"}
2026-09-10 23:06:48 @mori {"event":"key","message":"a"}
2026-09-10 23:06:48 @mori {"event":"ui","process_calls":2856,"render_calls":532,"music_polls":611,"model_bytes":15352,"directory_scans":2,"cache_hits":0,"page":6,"selected":0,"count":12,"preview_generation":0,"file_worker_stack_free":14752,"file_start_active":false,"preview_active":false,"preview_done":false,"preview_available":false,"screen_dimmed":false,"selection":"ag32_baseline32_0910.gba","status":"ROM_OUTPUT"}
2026-09-10 23:06:48 @mori {"event":"ui","process_calls":2859,"render_calls":535,"music_polls":612,"model_bytes":15352,"directory_scans":2,"cache_hits":0,"page":6,"selected":0,"count":12,"preview_generation":0,"file_worker_stack_free":14752,"file_start_active":false,"preview_active":false,"preview_done":false,"preview_available":false,"screen_dimmed":false,"selection":"ag32_baseline32_0910.gba","status":"ROM_OUTPUT"}
2026-09-10 23:06:48 @mori {"event":"key","message":"down"}
2026-09-10 23:06:49 @mori {"event":"ui","process_calls":2870,"render_calls":546,"music_polls":614,"model_bytes":15352,"directory_scans":2,"cache_hits":0,"page":6,"selected":1,"count":12,"preview_generation":0,"file_worker_stack_free":14752,"file_start_active":false,"preview_active":false,"preview_done":false,"preview_available":false,"screen_dimmed":false,"selection":"baseline_v112_gba.gba","status":"ROM_OUTPUT"}
2026-09-10 23:06:49 @mori {"event":"key","message":"a"}
2026-09-10 23:06:49 @mori {"event":"ui","process_calls":2874,"render_calls":550,"music_polls":614,"model_bytes":15352,"directory_scans":2,"cache_hits":0,"page":15,"selected":2,"count":9,"preview_generation":1,"file_worker_stack_free":13616,"file_start_active":false,"preview_active":true,"preview_done":false,"preview_available":false,"screen_dimmed":false,"selection":"ROM: 写入","status":"已选择ROM"}
2026-09-10 23:06:49 @mori {"event":"ui","process_calls":2875,"render_calls":551,"music_polls":615,"model_bytes":15352,"directory_scans":2,"cache_hits":0,"page":15,"selected":2,"count":9,"preview_generation":1,"file_worker_stack_free":13616,"file_start_active":false,"preview_active":true,"preview_done":false,"preview_available":false,"screen_dimmed":false,"selection":"ROM: 写入","status":"已选择ROM"}
2026-09-10 23:06:49 @mori {"event":"key","message":"down"}
2026-09-10 23:06:49 @mori {"event":"ui","process_calls":2879,"render_calls":555,"music_polls":616,"model_bytes":15352,"directory_scans":2,"cache_hits":0,"page":15,"selected":3,"count":9,"preview_generation":1,"file_worker_stack_free":13616,"file_start_active":false,"preview_active":true,"preview_done":false,"preview_available":false,"screen_dimmed":false,"selection":"ROM: 校验","status":"已选择ROM"}
2026-09-10 23:06:49 I (73916) ui: ROM preview generation=1 result=ESP_ERR_INVALID_STATE available=0 stack_free=13616
2026-09-10 23:06:49 I (73919) power_manager: CPU perf lock acquired by ui_file_start
2026-09-10 23:06:49 I (73921) ui: LCD start file action: action=校验ROM path=ROM_OUTPUT/baseline_v112_gba.gba mode=gba write_path=direct
2026-09-10 23:06:49 I (73937) burner_web: PSRAM auto window: free=7539808 largest=7471104 reserve=262144 -> 6MB
2026-09-10 23:06:49 @mori {"event":"key","message":"a"}
2026-09-10 23:06:49 I (73942) ui: LCD file action task stack free min=10640 bytes
2026-09-10 23:06:49 @mori {"event":"ui","process_calls":2881,"render_calls":557,"music_polls":617,"model_bytes":15352,"directory_scans":2,"cache_hits":0,"page":18,"selected":3,"count":12,"preview_generation":2,"file_worker_stack_free":10640,"file_start_active":false,"preview_active":false,"preview_done":false,"preview_available":false,"screen_dimmed":false,"selection":"","status":"校验ROM已启动"}
2026-09-10 23:06:49 @mori {"event":"ui","process_calls":2882,"render_calls":558,"music_polls":617,"model_bytes":15352,"directory_scans":2,"cache_hits":0,"page":18,"selected":3,"count":12,"preview_generation":2,"file_worker_stack_free":10640,"file_start_active":false,"preview_active":false,"preview_done":false,"preview_available":false,"screen_dimmed":false,"selection":"","status":"校验ROM已启动"}
2026-09-10 23:06:49 I (74142) burner_web: GBA D0/D1 swap detection starting...
2026-09-10 23:06:49 I (74143) burner_web: D0/D1 swap detection: entering CFI mode (word addr 0x055)
2026-09-10 23:06:49 I (74145) burner_web: D0/D1 swap detection: CFI 'QRY' detected (normal, low-byte lane) [010]=0051 [011]=0052 [012]=0059
2026-09-10 23:06:49 I (74156) burner_web: GBA D0/D1 swap detection: NORMAL (no swap), lane=low
2026-09-10 23:06:49 I (74162) burner_web: GBA ReadID trace begin t=72939993us
2026-09-10 23:06:49 I (74167) burner_web: GBA ReadID trace write addr=0x555 data=0x00AA dt=5019us (0.005019s)
2026-09-10 23:06:49 I (74175) burner_web: GBA ReadID trace write addr=0x2AA data=0x0055 dt=8101us (0.008101s)
2026-09-10 23:06:49 I (74183) burner_web: GBA ReadID trace write addr=0x555 data=0x0090 dt=8028us (0.008028s)
2026-09-10 23:06:49 I (74191) burner_web: GBA ReadID trace read addr=0x000 data=0x0001 dt=8029us (0.008029s)
2026-09-10 23:06:49 I (74199) burner_web: GBA ReadID trace read addr=0x001 data=0x227E dt=7835us (0.007835s)
2026-09-10 23:06:49 I (74207) burner_web: GBA ReadID trace read addr=0x00E data=0x2228 dt=7798us (0.007798s)
2026-09-10 23:06:49 I (74214) burner_web: GBA ReadID trace read addr=0x00F data=0x2201 dt=7838us (0.007838s)
2026-09-10 23:06:49 I (74222) burner_web: GBA ReadID trace write addr=0x000 data=0x00F0 dt=7788us (0.007788s)
2026-09-10 23:06:49 I (74230) burner_web: GBA ReadID trace end status=ESP_OK total=68167us (0.068167s)
2026-09-10 23:06:49 I (74238) burner_web: GBA word-address probe @40000000Hz try=1 id=01 00 7E 22 28 22 01 22 (candidate-id)
2026-09-10 23:06:49 I (74247) burner_web: GBA Intel ReadID trace begin t=73024707us
2026-09-10 23:06:49 I (74252) burner_web: GBA Intel ReadID trace write addr=0x000 data=0x0050 dt=5315us (0.005315s)
2026-09-10 23:06:49 I (74261) burner_web: GBA Intel ReadID trace write addr=0x000 data=0x00FF dt=8878us (0.008878s)
2026-09-10 23:06:49 I (74269) burner_web: GBA Intel ReadID trace write addr=0x000 data=0x0090 dt=8503us (0.008503s)
2026-09-10 23:06:49 I (74277) burner_web: GBA Intel ReadID trace read addr=0x000 data=0x002E dt=8278us (0.008278s)
2026-09-10 23:06:49 I (74286) burner_web: GBA Intel ReadID trace read addr=0x001 data=0xEA00 dt=8369us (0.008369s)
2026-09-10 23:06:49 I (74294) burner_web: GBA Intel ReadID trace read addr=0x00E data=0x52A3 dt=8483us (0.008483s)
2026-09-10 23:06:49 I (74303) burner_web: GBA Intel ReadID trace read addr=0x00F data=0x19BE dt=8251us (0.008251s)
2026-09-10 23:06:49 I (74311) burner_web: GBA Intel ReadID trace write addr=0x000 data=0x0050 dt=8275us (0.008275s)
2026-09-10 23:06:49 I (74319) burner_web: GBA Intel ReadID trace write addr=0x000 data=0x00FF dt=8342us (0.008342s)
2026-09-10 23:06:49 I (74328) burner_web: GBA Intel ReadID trace end status=ESP_OK total=81146us (0.081146s)
2026-09-10 23:06:49 I (74335) burner_web: GBA intel-id probe @40000000Hz try=1 id=2E 00 00 EA A3 52 BE 19 (candidate-id)
2026-09-10 23:06:49 I (74355) burner_web: GBA raw ID method scan summary @40000000Hz try=1: candidates=0 best=AMD standard
2026-09-10 23:06:49 I (74358) burner_web: GBA profile match @40000000Hz try=1: chip=S29GL01GP/GS profile=AGB:AMD:555/2AA:AA/55 cmdset=amd method=AMD standard
2026-09-10 23:06:49 I (74366) burner_web: GBA auto probe @40000000Hz try=1 id=01 00 7E 22 28 22 01 22 (candidate-id)
2026-09-10 23:06:49 I (74375) burner_web: GBA CFI ok in word-address mode @40000000Hz try=1: chip=S29GL01GP/GS profile=AGB:AMD:555/2AA:AA/55 flash=134217728 sector=131072 geom=uniform largest=131072 regions=1 buf=512 cmdset=amd lane=low primary=0x0002
2026-09-10 23:06:49 I (74395) burner_web: GBA AMD Bacon compatibility: keep flash size 134217728, use 32MB banked writes
2026-09-10 23:06:49 I (74404) burner_web: GBA AMD runtime commands: standard AMD source=AMD standard
2026-09-10 23:06:49 I (74411) burner_web: GBA prepared: chip=S29GL01GP/GS profile=AGB:AMD:555/2AA:AA/55 flash=134217728 sector=131072 geom=uniform largest=131072 regions=1 buf=512 prog_buf=512 cfi=ok nor=amd cmd=word-address low-lane id=01 00 7E 22 28 22 01 22
2026-09-10 23:06:49 I (74432) burner_web: GBA mapping: Bacon AMD 32MB-bank bank=32MB force_multi=0 range=0x00000000-0x01FFFFFF
2026-09-10 23:06:50 @mori {"event":"ui","process_calls":2897,"render_calls":573,"music_polls":620,"model_bytes":15352,"directory_scans":2,"cache_hits":0,"page":18,"selected":3,"count":12,"preview_generation":2,"file_worker_stack_free":10640,"file_start_active":false,"preview_active":false,"preview_done":false,"preview_available":false,"screen_dimmed":false,"selection":"","status":"校验ROM已启动"}
2026-09-10 23:06:50 @mori {"event":"ui","process_calls":2902,"render_calls":578,"music_polls":624,"model_bytes":15352,"directory_scans":2,"cache_hits":0,"page":18,"selected":3,"count":12,"preview_generation":2,"file_worker_stack_free":10640,"file_start_active":false,"preview_active":false,"preview_done":false,"preview_available":false,"screen_dimmed":false,"selection":"","status":"burner burning: file->cart verify running"}
2026-09-10 23:06:50 @mori {"event":"ui","process_calls":2909,"render_calls":584,"music_polls":627,"model_bytes":15352,"directory_scans":2,"cache_hits":0,"page":18,"selected":3,"count":12,"preview_generation":2,"file_worker_stack_free":10640,"file_start_active":false,"preview_active":false,"preview_done":false,"preview_available":false,"screen_dimmed":false,"selection":"","status":"burner burning: file->cart verify running"}
2026-09-10 23:06:51 @mori {"event":"ui","process_calls":2915,"render_calls":588,"music_polls":630,"model_bytes":15352,"directory_scans":2,"cache_hits":0,"page":18,"selected":3,"count":12,"preview_generation":2,"file_worker_stack_free":10640,"file_start_active":false,"preview_active":false,"preview_done":false,"preview_available":false,"screen_dimmed":false,"selection":"","status":"burner burning: file->cart verify running"}
2026-09-10 23:06:51 @mori {"event":"ui","process_calls":2918,"render_calls":591,"music_polls":633,"model_bytes":15352,"directory_scans":2,"cache_hits":0,"page":18,"selected":3,"count":12,"preview_generation":2,"file_worker_stack_free":10640,"file_start_active":false,"preview_active":false,"preview_done":false,"preview_available":false,"screen_dimmed":false,"selection":"","status":"burner burning: file->cart verify running"}
2026-09-10 23:06:51 @mori {"event":"ui","process_calls":2921,"render_calls":593,"music_polls":636,"model_bytes":15352,"directory_scans":2,"cache_hits":0,"page":18,"selected":3,"count":12,"preview_generation":2,"file_worker_stack_free":10640,"file_start_active":false,"preview_active":false,"preview_done":false,"preview_available":false,"screen_dimmed":false,"selection":"","status":"burner burning: file->cart verify running"}
2026-09-10 23:06:52 @mori {"event":"ui","process_calls":2924,"render_calls":596,"music_polls":638,"model_bytes":15352,"directory_scans":2,"cache_hits":0,"page":18,"selected":3,"count":12,"preview_generation":2,"file_worker_stack_free":10640,"file_start_active":false,"preview_active":false,"preview_done":false,"preview_available":false,"screen_dimmed":false,"selection":"","status":"burner burning: file->cart verify running"}
2026-09-10 23:06:52 @mori {"event":"ui","process_calls":2927,"render_calls":599,"music_polls":641,"model_bytes":15352,"directory_scans":2,"cache_hits":0,"page":18,"selected":3,"count":12,"preview_generation":2,"file_worker_stack_free":10640,"file_start_active":false,"preview_active":false,"preview_done":false,"preview_available":false,"screen_dimmed":false,"selection":"","status":"burner burning: file->cart verify running"}
2026-09-10 23:06:52 @mori {"event":"ui","process_calls":2930,"render_calls":602,"music_polls":644,"model_bytes":15352,"directory_scans":2,"cache_hits":0,"page":18,"selected":3,"count":12,"preview_generation":2,"file_worker_stack_free":10640,"file_start_active":false,"preview_active":false,"preview_done":false,"preview_available":false,"screen_dimmed":false,"selection":"","status":"burner burning: file->cart verify running"}
2026-09-10 23:06:52 @mori {"event":"ui","process_calls":2933,"render_calls":605,"music_polls":646,"model_bytes":15352,"directory_scans":2,"cache_hits":0,"page":18,"selected":3,"count":12,"preview_generation":2,"file_worker_stack_free":10640,"file_start_active":false,"preview_active":false,"preview_done":false,"preview_available":false,"screen_dimmed":false,"selection":"","status":"burner burning: file->cart verify running"}
2026-09-10 23:06:53 @mori {"event":"ui","process_calls":2936,"render_calls":608,"music_polls":649,"model_bytes":15352,"directory_scans":2,"cache_hits":0,"page":18,"selected":3,"count":12,"preview_generation":2,"file_worker_stack_free":10640,"file_start_active":false,"preview_active":false,"preview_done":false,"preview_available":false,"screen_dimmed":false,"selection":"","status":"burner burning: file->cart verify running"}
2026-09-10 23:06:53 @mori {"event":"ui","process_calls":2943,"render_calls":611,"music_polls":652,"model_bytes":15352,"directory_scans":2,"cache_hits":0,"page":18,"selected":3,"count":12,"preview_generation":2,"file_worker_stack_free":10640,"file_start_active":false,"preview_active":false,"preview_done":false,"preview_available":false,"screen_dimmed":false,"selection":"","status":"burner burning: file->cart verify running"}
2026-09-10 23:06:54 @mori {"event":"ui","process_calls":2949,"render_calls":614,"music_polls":655,"model_bytes":15352,"directory_scans":2,"cache_hits":0,"page":18,"selected":3,"count":12,"preview_generation":2,"file_worker_stack_free":10640,"file_start_active":false,"preview_active":false,"preview_done":false,"preview_available":false,"screen_dimmed":false,"selection":"","status":"burner burning: file->cart verify running"}
2026-09-10 23:06:54 @mori {"event":"ui","process_calls":2954,"render_calls":616,"music_polls":657,"model_bytes":15352,"directory_scans":2,"cache_hits":0,"page":18,"selected":3,"count":12,"preview_generation":2,"file_worker_stack_free":10640,"file_start_active":false,"preview_active":false,"preview_done":false,"preview_available":false,"screen_dimmed":false,"selection":"","status":"burner burning: file->cart verify running"}
2026-09-10 23:06:54 @mori {"event":"ui","process_calls":2960,"render_calls":620,"music_polls":660,"model_bytes":15352,"directory_scans":2,"cache_hits":0,"page":18,"selected":3,"count":12,"preview_generation":2,"file_worker_stack_free":10640,"file_start_active":false,"preview_active":false,"preview_done":false,"preview_available":false,"screen_dimmed":false,"selection":"","status":"burner burning: file->cart verify running"}
2026-09-10 23:06:54 @mori {"event":"ui","process_calls":2965,"render_calls":622,"music_polls":662,"model_bytes":15352,"directory_scans":2,"cache_hits":0,"page":18,"selected":3,"count":12,"preview_generation":2,"file_worker_stack_free":10640,"file_start_active":false,"preview_active":false,"preview_done":false,"preview_available":false,"screen_dimmed":false,"selection":"","status":"burner burning: file->cart verify running"}
2026-09-10 23:06:55 @mori {"event":"ui","process_calls":2972,"render_calls":625,"music_polls":665,"model_bytes":15352,"directory_scans":2,"cache_hits":0,"page":18,"selected":3,"count":12,"preview_generation":2,"file_worker_stack_free":10640,"file_start_active":false,"preview_active":false,"preview_done":false,"preview_available":false,"screen_dimmed":false,"selection":"","status":"burner burning: file->cart verify running"}
2026-09-10 23:06:55 @mori {"event":"ui","process_calls":2979,"render_calls":629,"music_polls":668,"model_bytes":15352,"directory_scans":2,"cache_hits":0,"page":18,"selected":3,"count":12,"preview_generation":2,"file_worker_stack_free":10640,"file_start_active":false,"preview_active":false,"preview_done":false,"preview_available":false,"screen_dimmed":false,"selection":"","status":"burner burning: file->cart verify running"}
2026-09-10 23:06:56 @mori {"event":"ui","process_calls":2983,"render_calls":631,"music_polls":670,"model_bytes":15352,"directory_scans":2,"cache_hits":0,"page":18,"selected":3,"count":12,"preview_generation":2,"file_worker_stack_free":10640,"file_start_active":false,"preview_active":false,"preview_done":false,"preview_available":false,"screen_dimmed":false,"selection":"","status":"burner burning: file->cart verify running"}
2026-09-10 23:06:56 @mori {"event":"ui","process_calls":2987,"render_calls":634,"music_polls":673,"model_bytes":15352,"directory_scans":2,"cache_hits":0,"page":18,"selected":3,"count":12,"preview_generation":2,"file_worker_stack_free":10640,"file_start_active":false,"preview_active":false,"preview_done":false,"preview_available":false,"screen_dimmed":false,"selection":"","status":"burner burning: file->cart verify running"}
2026-09-10 23:06:56 @mori {"event":"ui","process_calls":2990,"render_calls":637,"music_polls":676,"model_bytes":15352,"directory_scans":2,"cache_hits":0,"page":18,"selected":3,"count":12,"preview_generation":2,"file_worker_stack_free":10640,"file_start_active":false,"preview_active":false,"preview_done":false,"preview_available":false,"screen_dimmed":false,"selection":"","status":"burner burning: file->cart verify running"}
2026-09-10 23:06:56 @mori {"event":"ui","process_calls":2992,"render_calls":639,"music_polls":678,"model_bytes":15352,"directory_scans":2,"cache_hits":0,"page":18,"selected":3,"count":12,"preview_generation":2,"file_worker_stack_free":10640,"file_start_active":false,"preview_active":false,"preview_done":false,"preview_available":false,"screen_dimmed":false,"selection":"","status":"burner burning: file->cart verify running"}
2026-09-10 23:06:57 @mori {"event":"ui","process_calls":2995,"render_calls":642,"music_polls":681,"model_bytes":15352,"directory_scans":2,"cache_hits":0,"page":18,"selected":3,"count":12,"preview_generation":2,"file_worker_stack_free":10640,"file_start_active":false,"preview_active":false,"preview_done":false,"preview_available":false,"screen_dimmed":false,"selection":"","status":"burner burning: file->cart verify running"}
2026-09-10 23:06:57 @mori {"event":"ui","process_calls":2999,"render_calls":646,"music_polls":685,"model_bytes":15352,"directory_scans":2,"cache_hits":0,"page":18,"selected":3,"count":12,"preview_generation":2,"file_worker_stack_free":10640,"file_start_active":false,"preview_active":false,"preview_done":false,"preview_available":false,"screen_dimmed":false,"selection":"","status":"burner burning: file->cart verify running"}
2026-09-10 23:06:57 @mori {"event":"ui","process_calls":3002,"render_calls":649,"music_polls":687,"model_bytes":15352,"directory_scans":2,"cache_hits":0,"page":18,"selected":3,"count":12,"preview_generation":2,"file_worker_stack_free":10640,"file_start_active":false,"preview_active":false,"preview_done":false,"preview_available":false,"screen_dimmed":false,"selection":"","status":"burner burning: file->cart verify running"}
2026-09-10 23:06:58 @mori {"event":"ui","process_calls":3005,"render_calls":652,"music_polls":690,"model_bytes":15352,"directory_scans":2,"cache_hits":0,"page":18,"selected":3,"count":12,"preview_generation":2,"file_worker_stack_free":10640,"file_start_active":false,"preview_active":false,"preview_done":false,"preview_available":false,"screen_dimmed":false,"selection":"","status":"burner burning: file->cart verify running"}
2026-09-10 23:06:58 @mori {"event":"ui","process_calls":3010,"render_calls":654,"music_polls":692,"model_bytes":15352,"directory_scans":2,"cache_hits":0,"page":18,"selected":3,"count":12,"preview_generation":2,"file_worker_stack_free":10640,"file_start_active":false,"preview_active":false,"preview_done":false,"preview_available":false,"screen_dimmed":false,"selection":"","status":"burner burning: file->cart verify running"}
2026-09-10 23:06:58 @mori {"event":"ui","process_calls":3016,"render_calls":657,"music_polls":695,"model_bytes":15352,"directory_scans":2,"cache_hits":0,"page":18,"selected":3,"count":12,"preview_generation":2,"file_worker_stack_free":10640,"file_start_active":false,"preview_active":false,"preview_done":false,"preview_available":false,"screen_dimmed":false,"selection":"","status":"burner burning: file->cart verify running"}
2026-09-10 23:06:59 @mori {"event":"ui","process_calls":3022,"render_calls":660,"music_polls":698,"model_bytes":15352,"directory_scans":2,"cache_hits":0,"page":18,"selected":3,"count":12,"preview_generation":2,"file_worker_stack_free":10640,"file_start_active":false,"preview_active":false,"preview_done":false,"preview_available":false,"screen_dimmed":false,"selection":"","status":"burner burning: file->cart verify running"}
2026-09-10 23:06:59 @mori {"event":"ui","process_calls":3027,"render_calls":662,"music_polls":700,"model_bytes":15352,"directory_scans":2,"cache_hits":0,"page":18,"selected":3,"count":12,"preview_generation":2,"file_worker_stack_free":10640,"file_start_active":false,"preview_active":false,"preview_done":false,"preview_available":false,"screen_dimmed":false,"selection":"","status":"burner burning: file->cart verify running"}
2026-09-10 23:06:59 @mori {"event":"ui","process_calls":3033,"render_calls":666,"music_polls":703,"model_bytes":15352,"directory_scans":2,"cache_hits":0,"page":18,"selected":3,"count":12,"preview_generation":2,"file_worker_stack_free":10640,"file_start_active":false,"preview_active":false,"preview_done":false,"preview_available":false,"screen_dimmed":false,"selection":"","status":"burner burning: file->cart verify running"}
2026-09-10 23:07:00 @mori {"event":"ui","process_calls":3036,"render_calls":669,"music_polls":706,"model_bytes":15352,"directory_scans":2,"cache_hits":0,"page":18,"selected":3,"count":12,"preview_generation":2,"file_worker_stack_free":10640,"file_start_active":false,"preview_active":false,"preview_done":false,"preview_available":false,"screen_dimmed":false,"selection":"","status":"burner burning: file->cart verify running"}
2026-09-10 23:07:00 @mori {"event":"ui","process_calls":3040,"render_calls":673,"music_polls":710,"model_bytes":15352,"directory_scans":2,"cache_hits":0,"page":18,"selected":3,"count":12,"preview_generation":2,"file_worker_stack_free":10640,"file_start_active":false,"preview_active":false,"preview_done":false,"preview_available":false,"screen_dimmed":false,"selection":"","status":"burner burning: file->cart verify running"}
2026-09-10 23:07:01 @mori {"event":"ui","process_calls":3044,"render_calls":677,"music_polls":714,"model_bytes":15352,"directory_scans":2,"cache_hits":0,"page":18,"selected":3,"count":12,"preview_generation":2,"file_worker_stack_free":10640,"file_start_active":false,"preview_active":false,"preview_done":false,"preview_available":false,"screen_dimmed":false,"selection":"","status":"burner burning: file->cart verify running"}
2026-09-10 23:07:01 @mori {"event":"ui","process_calls":3048,"render_calls":679,"music_polls":717,"model_bytes":15352,"directory_scans":2,"cache_hits":0,"page":18,"selected":3,"count":12,"preview_generation":2,"file_worker_stack_free":10640,"file_start_active":false,"preview_active":false,"preview_done":false,"preview_available":false,"screen_dimmed":false,"selection":"","status":"burner burning: file->cart verify running"}
2026-09-10 23:07:01 @mori {"event":"ui","process_calls":3053,"render_calls":683,"music_polls":719,"model_bytes":15352,"directory_scans":2,"cache_hits":0,"page":18,"selected":3,"count":12,"preview_generation":2,"file_worker_stack_free":10640,"file_start_active":false,"preview_active":false,"preview_done":false,"preview_available":false,"screen_dimmed":false,"selection":"","status":"burner burning: file->cart verify running"}
2026-09-10 23:07:02 @mori {"event":"ui","process_calls":3057,"render_calls":685,"music_polls":721,"model_bytes":15352,"directory_scans":2,"cache_hits":0,"page":18,"selected":3,"count":12,"preview_generation":2,"file_worker_stack_free":10640,"file_start_active":false,"preview_active":false,"preview_done":false,"preview_available":false,"screen_dimmed":false,"selection":"","status":"burner burning: file->cart verify running"}
2026-09-10 23:07:02 @mori {"event":"ui","process_calls":3063,"render_calls":689,"music_polls":725,"model_bytes":15352,"directory_scans":2,"cache_hits":0,"page":18,"selected":3,"count":12,"preview_generation":2,"file_worker_stack_free":10640,"file_start_active":false,"preview_active":false,"preview_done":false,"preview_available":false,"screen_dimmed":false,"selection":"","status":"burner burning: file->cart verify running"}
2026-09-10 23:07:02 @mori {"event":"ui","process_calls":3066,"render_calls":692,"music_polls":728,"model_bytes":15352,"directory_scans":2,"cache_hits":0,"page":18,"selected":3,"count":12,"preview_generation":2,"file_worker_stack_free":10640,"file_start_active":false,"preview_active":false,"preview_done":false,"preview_available":false,"screen_dimmed":false,"selection":"","status":"burner burning: file->cart verify running"}
2026-09-10 23:07:03 @mori {"event":"ui","process_calls":3068,"render_calls":694,"music_polls":730,"model_bytes":15352,"directory_scans":2,"cache_hits":0,"page":18,"selected":3,"count":12,"preview_generation":2,"file_worker_stack_free":10640,"file_start_active":false,"preview_active":false,"preview_done":false,"preview_available":false,"screen_dimmed":false,"selection":"","status":"burner burning: file->cart verify running"}
2026-09-10 23:07:03 @mori {"event":"ui","process_calls":3074,"render_calls":697,"music_polls":733,"model_bytes":15352,"directory_scans":2,"cache_hits":0,"page":18,"selected":3,"count":12,"preview_generation":2,"file_worker_stack_free":10640,"file_start_active":false,"preview_active":false,"preview_done":false,"preview_available":false,"screen_dimmed":false,"selection":"","status":"burner burning: file->cart verify running"}
2026-09-10 23:07:03 @mori {"event":"ui","process_calls":3079,"render_calls":699,"music_polls":735,"model_bytes":15352,"directory_scans":2,"cache_hits":0,"page":18,"selected":3,"count":12,"preview_generation":2,"file_worker_stack_free":10640,"file_start_active":false,"preview_active":false,"preview_done":false,"preview_available":false,"screen_dimmed":false,"selection":"","status":"burner burning: file->cart verify running"}
2026-09-10 23:07:04 @mori {"event":"ui","process_calls":3086,"render_calls":702,"music_polls":738,"model_bytes":15352,"directory_scans":2,"cache_hits":0,"page":18,"selected":3,"count":12,"preview_generation":2,"file_worker_stack_free":10640,"file_start_active":false,"preview_active":false,"preview_done":false,"preview_available":false,"screen_dimmed":false,"selection":"","status":"burner burning: file->cart verify running"}
2026-09-10 23:07:04 @mori {"event":"ui","process_calls":3092,"render_calls":705,"music_polls":741,"model_bytes":15352,"directory_scans":2,"cache_hits":0,"page":18,"selected":3,"count":12,"preview_generation":2,"file_worker_stack_free":10640,"file_start_active":false,"preview_active":false,"preview_done":false,"preview_available":false,"screen_dimmed":false,"selection":"","status":"burner burning: file->cart verify running"}
2026-09-10 23:07:04 @mori {"event":"ui","process_calls":3097,"render_calls":707,"music_polls":743,"model_bytes":15352,"directory_scans":2,"cache_hits":0,"page":18,"selected":3,"count":12,"preview_generation":2,"file_worker_stack_free":10640,"file_start_active":false,"preview_active":false,"preview_done":false,"preview_available":false,"screen_dimmed":false,"selection":"","status":"burner burning: file->cart verify running"}
2026-09-10 23:07:05 @mori {"event":"ui","process_calls":3103,"render_calls":710,"music_polls":746,"model_bytes":15352,"directory_scans":2,"cache_hits":0,"page":18,"selected":3,"count":12,"preview_generation":2,"file_worker_stack_free":10640,"file_start_active":false,"preview_active":false,"preview_done":false,"preview_available":false,"screen_dimmed":false,"selection":"","status":"burner burning: file->cart verify running"}
2026-09-10 23:07:05 @mori {"event":"ui","process_calls":3106,"render_calls":712,"music_polls":748,"model_bytes":15352,"directory_scans":2,"cache_hits":0,"page":18,"selected":3,"count":12,"preview_generation":2,"file_worker_stack_free":10640,"file_start_active":false,"preview_active":false,"preview_done":false,"preview_available":false,"screen_dimmed":false,"selection":"","status":"burner burning: file->cart verify running"}
2026-09-10 23:07:05 @mori {"event":"ui","process_calls":3109,"render_calls":715,"music_polls":751,"model_bytes":15352,"directory_scans":2,"cache_hits":0,"page":18,"selected":3,"count":12,"preview_generation":2,"file_worker_stack_free":10640,"file_start_active":false,"preview_active":false,"preview_done":false,"preview_available":false,"screen_dimmed":false,"selection":"","status":"burner burning: file->cart verify running"}
2026-09-10 23:07:06 @mori {"event":"ui","process_calls":3113,"render_calls":719,"music_polls":755,"model_bytes":15352,"directory_scans":2,"cache_hits":0,"page":18,"selected":3,"count":12,"preview_generation":2,"file_worker_stack_free":10640,"file_start_active":false,"preview_active":false,"preview_done":false,"preview_available":false,"screen_dimmed":false,"selection":"","status":"burner burning: file->cart verify running"}
2026-09-10 23:07:06 @mori {"event":"ui","process_calls":3116,"render_calls":722,"music_polls":758,"model_bytes":15352,"directory_scans":2,"cache_hits":0,"page":18,"selected":3,"count":12,"preview_generation":2,"file_worker_stack_free":10640,"file_start_active":false,"preview_active":false,"preview_done":false,"preview_available":false,"screen_dimmed":false,"selection":"","status":"burner burning: file->cart verify running"}
2026-09-10 23:07:06 @mori {"event":"ui","process_calls":3119,"render_calls":724,"music_polls":760,"model_bytes":15352,"directory_scans":2,"cache_hits":0,"page":18,"selected":3,"count":12,"preview_generation":2,"file_worker_stack_free":10640,"file_start_active":false,"preview_active":false,"preview_done":false,"preview_available":false,"screen_dimmed":false,"selection":"","status":"burner burning: file->cart verify running"}
2026-09-10 23:07:07 @mori {"event":"ui","process_calls":3123,"render_calls":728,"music_polls":763,"model_bytes":15352,"directory_scans":2,"cache_hits":0,"page":18,"selected":3,"count":12,"preview_generation":2,"file_worker_stack_free":10640,"file_start_active":false,"preview_active":false,"preview_done":false,"preview_available":false,"screen_dimmed":false,"selection":"","status":"burner burning: file->cart verify running"}
2026-09-10 23:07:07 @mori {"event":"ui","process_calls":3126,"render_calls":731,"music_polls":766,"model_bytes":15352,"directory_scans":2,"cache_hits":0,"page":18,"selected":3,"count":12,"preview_generation":2,"file_worker_stack_free":10640,"file_start_active":false,"preview_active":false,"preview_done":false,"preview_available":false,"screen_dimmed":false,"selection":"","status":"burner burning: file->cart verify running"}
2026-09-10 23:07:07 @mori {"event":"ui","process_calls":3129,"render_calls":734,"music_polls":769,"model_bytes":15352,"directory_scans":2,"cache_hits":0,"page":18,"selected":3,"count":12,"preview_generation":2,"file_worker_stack_free":10640,"file_start_active":false,"preview_active":false,"preview_done":false,"preview_available":false,"screen_dimmed":false,"selection":"","status":"burner burning: file->cart verify running"}
2026-09-10 23:07:08 @mori {"event":"ui","process_calls":3131,"render_calls":736,"music_polls":771,"model_bytes":15352,"directory_scans":2,"cache_hits":0,"page":18,"selected":3,"count":12,"preview_generation":2,"file_worker_stack_free":10640,"file_start_active":false,"preview_active":false,"preview_done":false,"preview_available":false,"screen_dimmed":false,"selection":"","status":"burner burning: file->cart verify running"}
2026-09-10 23:07:08 @mori {"event":"ui","process_calls":3137,"render_calls":740,"music_polls":775,"model_bytes":15352,"directory_scans":2,"cache_hits":0,"page":18,"selected":3,"count":12,"preview_generation":2,"file_worker_stack_free":10640,"file_start_active":false,"preview_active":false,"preview_done":false,"preview_available":false,"screen_dimmed":false,"selection":"","status":"burner burning: file->cart verify running"}
2026-09-10 23:07:08 @mori {"event":"ui","process_calls":3141,"render_calls":743,"music_polls":778,"model_bytes":15352,"directory_scans":2,"cache_hits":0,"page":18,"selected":3,"count":12,"preview_generation":2,"file_worker_stack_free":10640,"file_start_active":false,"preview_active":false,"preview_done":false,"preview_available":false,"screen_dimmed":false,"selection":"","status":"burner burning: file->cart verify running"}
2026-09-10 23:07:09 @mori {"event":"ui","process_calls":3144,"render_calls":746,"music_polls":781,"model_bytes":15352,"directory_scans":2,"cache_hits":0,"page":18,"selected":3,"count":12,"preview_generation":2,"file_worker_stack_free":10640,"file_start_active":false,"preview_active":false,"preview_done":false,"preview_available":false,"screen_dimmed":false,"selection":"","status":"burner burning: file->cart verify running"}
2026-09-10 23:07:09 @mori {"event":"ui","process_calls":3151,"render_calls":750,"music_polls":785,"model_bytes":15352,"directory_scans":2,"cache_hits":0,"page":18,"selected":3,"count":12,"preview_generation":2,"file_worker_stack_free":10640,"file_start_active":false,"preview_active":false,"preview_done":false,"preview_available":false,"screen_dimmed":false,"selection":"","status":"burner burning: file->cart verify running"}
2026-09-10 23:07:09 @mori {"event":"ui","process_calls":3155,"render_calls":752,"music_polls":787,"model_bytes":15352,"directory_scans":2,"cache_hits":0,"page":18,"selected":3,"count":12,"preview_generation":2,"file_worker_stack_free":10640,"file_start_active":false,"preview_active":false,"preview_done":false,"preview_available":false,"screen_dimmed":false,"selection":"","status":"burner burning: file->cart verify running"}
2026-09-10 23:07:10 @mori {"event":"ui","process_calls":3161,"render_calls":756,"music_polls":790,"model_bytes":15352,"directory_scans":2,"cache_hits":0,"page":18,"selected":3,"count":12,"preview_generation":2,"file_worker_stack_free":10640,"file_start_active":false,"preview_active":false,"preview_done":false,"preview_available":false,"screen_dimmed":false,"selection":"","status":"burner burning: file->cart verify running"}
2026-09-10 23:07:10 @mori {"event":"ui","process_calls":3167,"render_calls":759,"music_polls":793,"model_bytes":15352,"directory_scans":2,"cache_hits":0,"page":18,"selected":3,"count":12,"preview_generation":2,"file_worker_stack_free":10640,"file_start_active":false,"preview_active":false,"preview_done":false,"preview_available":false,"screen_dimmed":false,"selection":"","status":"burner burning: file->cart verify running"}
2026-09-10 23:07:10 @mori {"event":"ui","process_calls":3170,"render_calls":761,"music_polls":795,"model_bytes":15352,"directory_scans":2,"cache_hits":0,"page":18,"selected":3,"count":12,"preview_generation":2,"file_worker_stack_free":10640,"file_start_active":false,"preview_active":false,"preview_done":false,"preview_available":false,"screen_dimmed":false,"selection":"","status":"burner burning: file->cart verify running"}
2026-09-10 23:07:11 @mori {"event":"ui","process_calls":3173,"render_calls":764,"music_polls":798,"model_bytes":15352,"directory_scans":2,"cache_hits":0,"page":18,"selected":3,"count":12,"preview_generation":2,"file_worker_stack_free":10640,"file_start_active":false,"preview_active":false,"preview_done":false,"preview_available":false,"screen_dimmed":false,"selection":"","status":"burner burning: file->cart verify running"}
2026-09-10 23:07:11 @mori {"event":"ui","process_calls":3176,"render_calls":767,"music_polls":801,"model_bytes":15352,"directory_scans":2,"cache_hits":0,"page":18,"selected":3,"count":12,"preview_generation":2,"file_worker_stack_free":10640,"file_start_active":false,"preview_active":false,"preview_done":false,"preview_available":false,"screen_dimmed":false,"selection":"","status":"burner burning: file->cart verify running"}
2026-09-10 23:07:11 @mori {"event":"ui","process_calls":3180,"render_calls":770,"music_polls":803,"model_bytes":15352,"directory_scans":2,"cache_hits":0,"page":18,"selected":3,"count":12,"preview_generation":2,"file_worker_stack_free":10640,"file_start_active":false,"preview_active":false,"preview_done":false,"preview_available":false,"screen_dimmed":false,"selection":"","status":"burner burning: file->cart verify running"}
2026-09-10 23:07:12 I (96298) burner_web: ROM verify: err=ESP_OK bytes=33554432/33554432 tf=4268ms cart=15707ms
2026-09-10 23:07:12 I (96406) burner_web: burn_task result: err=ESP_OK state=done processed=33554432/33554432 msg=verify finished
2026-09-10 23:07:12 I (96408) power_manager: CPU perf lock released by burn_task
2026-09-10 23:07:12 I (96411) burner_web: burn_task stack free min=11960 bytes
2026-09-10 23:07:12 @mori {"event":"ui","process_calls":3183,"render_calls":773,"music_polls":805,"model_bytes":15352,"directory_scans":2,"cache_hits":0,"page":19,"selected":0,"count":19,"preview_generation":2,"file_worker_stack_free":10640,"file_start_active":false,"preview_active":false,"preview_done":false,"preview_available":false,"screen_dimmed":false,"selection":"","status":"burner done: verify finished"}
2026-09-10 23:07:12 @mori {"event":"key","message":"b"}
2026-09-10 23:07:12 @mori {"event":"ui","process_calls":3189,"render_calls":779,"music_polls":806,"model_bytes":15352,"directory_scans":2,"cache_hits":0,"page":15,"selected":0,"count":9,"preview_generation":2,"file_worker_stack_free":10640,"file_start_active":false,"preview_active":false,"preview_done":false,"preview_available":false,"screen_dimmed":false,"selection":"重新分析","status":"就绪"}
2026-09-10 23:07:12 @mori {"event":"key","message":"b"}
2026-09-10 23:07:12 @mori {"event":"ui","process_calls":3192,"render_calls":782,"music_polls":807,"model_bytes":15352,"directory_scans":2,"cache_hits":0,"page":14,"selected":0,"count":2,"preview_generation":2,"file_worker_stack_free":10640,"file_start_active":false,"preview_active":false,"preview_done":false,"preview_available":false,"screen_dimmed":false,"selection":"","status":"就绪"}
2026-09-10 23:07:12 @mori {"event":"key","message":"b"}
2026-09-10 23:07:12 @mori {"event":"ui","process_calls":3197,"render_calls":787,"music_polls":809,"model_bytes":15352,"directory_scans":2,"cache_hits":0,"page":0,"selected":3,"count":5,"preview_generation":2,"file_worker_stack_free":10640,"file_start_active":false,"preview_active":false,"preview_done":false,"preview_available":false,"screen_dimmed":false,"selection":"烧录器","status":"就绪"}
2026-09-10 23:07:12 @mori {"event":"status","version":"v2.32.112","uptime_ms":95931,"internal_free":73475,"internal_largest":31744,"psram_free":7539808,"burn_running":false,"patch_running":false,"cancel_requested":false,"phase":"","detail":"","offset":0,"total":0,"passes":0,"read_bytes":0,"read_ms":0,"elapsed_ms":0,"result":0,"ag32_link":"cpld","ag32_link_active":"cpld","ag32_capabilities":0,"ag32_capabilities_known":false}
