2026-09-11 01:44:45 I (681864) burner_web: PSRAM auto window: free=7523384 largest=7471104 reserve=262144 -> 6MB
2026-09-11 01:44:45 I (681866) power_manager: CPU perf lock acquired by burn_task
2026-09-11 01:44:45 I (682069) burner_web: GBA D0/D1 swap detection starting...
2026-09-11 01:44:45 I (682070) burner_web: D0/D1 swap detection: entering CFI mode (word addr 0x055)
2026-09-11 01:44:45 I (682072) burner_web: D0/D1 swap detection: CFI 'QRY' detected (normal, low-byte lane) [010]=0051 [011]=0052 [012]=0059
2026-09-11 01:44:45 I (682083) burner_web: GBA D0/D1 swap detection: NORMAL (no swap), lane=low
2026-09-11 01:44:45 I (682089) burner_web: GBA ReadID trace begin t=680876273us
2026-09-11 01:44:45 I (682094) burner_web: GBA ReadID trace write addr=0x555 data=0x00AA dt=5126us (0.005126s)
2026-09-11 01:44:45 I (682103) burner_web: GBA ReadID trace write addr=0x2AA data=0x0055 dt=8581us (0.008581s)
2026-09-11 01:44:45 I (682111) burner_web: GBA ReadID trace write addr=0x555 data=0x0090 dt=8072us (0.008072s)
2026-09-11 01:44:45 I (682119) burner_web: GBA ReadID trace read addr=0x000 data=0x0001 dt=7933us (0.007933s)
2026-09-11 01:44:45 I (682127) burner_web: GBA ReadID trace read addr=0x001 data=0x227E dt=7764us (0.007764s)
2026-09-11 01:44:45 I (682134) burner_web: GBA ReadID trace read addr=0x00E data=0x2228 dt=7856us (0.007856s)
2026-09-11 01:44:45 I (682142) burner_web: GBA ReadID trace read addr=0x00F data=0x2201 dt=8040us (0.008040s)
2026-09-11 01:44:45 I (682150) burner_web: GBA ReadID trace write addr=0x000 data=0x00F0 dt=7996us (0.007996s)
2026-09-11 01:44:45 I (682158) burner_web: GBA ReadID trace end status=ESP_OK total=69157us (0.069157s)
2026-09-11 01:44:45 I (682166) burner_web: GBA word-address probe @40000000Hz try=1 id=01 00 7E 22 28 22 01 22 (candidate-id)
2026-09-11 01:44:45 I (682175) burner_web: GBA Intel ReadID trace begin t=680962281us
2026-09-11 01:44:45 I (682180) burner_web: GBA Intel ReadID trace write addr=0x000 data=0x0050 dt=5304us (0.005304s)
2026-09-11 01:44:45 I (682189) burner_web: GBA Intel ReadID trace write addr=0x000 data=0x00FF dt=8989us (0.008989s)
2026-09-11 01:44:45 I (682198) burner_web: GBA Intel ReadID trace write addr=0x000 data=0x0090 dt=8552us (0.008552s)
2026-09-11 01:44:45 I (682207) burner_web: GBA Intel ReadID trace read addr=0x000 data=0x002E dt=8566us (0.008566s)
2026-09-11 01:44:45 I (682215) burner_web: GBA Intel ReadID trace read addr=0x001 data=0xEA00 dt=8261us (0.008261s)
2026-09-11 01:44:45 I (682223) burner_web: GBA Intel ReadID trace read addr=0x00E data=0x52A3 dt=8185us (0.008185s)
2026-09-11 01:44:45 I (682232) burner_web: GBA Intel ReadID trace read addr=0x00F data=0x19BE dt=8612us (0.008612s)
2026-09-11 01:44:45 I (682240) burner_web: GBA Intel ReadID trace write addr=0x000 data=0x0050 dt=8302us (0.008302s)
2026-09-11 01:44:45 I (682248) burner_web: GBA Intel ReadID trace write addr=0x000 data=0x00FF dt=8565us (0.008565s)
2026-09-11 01:44:45 I (682257) burner_web: GBA Intel ReadID trace end status=ESP_OK total=81749us (0.081749s)
2026-09-11 01:44:45 I (682265) burner_web: GBA intel-id probe @40000000Hz try=1 id=2E 00 00 EA A3 52 BE 19 (candidate-id)
2026-09-11 01:44:45 I (682284) burner_web: GBA raw ID method scan summary @40000000Hz try=1: candidates=0 best=AMD standard
2026-09-11 01:44:45 I (682287) burner_web: GBA profile match @40000000Hz try=1: chip=S29GL01GP/GS profile=AGB:AMD:555/2AA:AA/55 cmdset=amd method=AMD standard
2026-09-11 01:44:45 I (682296) burner_web: GBA auto probe @40000000Hz try=1 id=01 00 7E 22 28 22 01 22 (candidate-id)
2026-09-11 01:44:45 I (682305) burner_web: GBA CFI ok in word-address mode @40000000Hz try=1: chip=S29GL01GP/GS profile=AGB:AMD:555/2AA:AA/55 flash=134217728 sector=131072 geom=uniform largest=131072 regions=1 buf=512 cmdset=amd lane=low primary=0x0002
2026-09-11 01:44:45 I (682325) burner_web: GBA AMD Bacon compatibility: keep flash size 134217728, use 32MB banked writes
2026-09-11 01:44:45 I (682334) burner_web: GBA AMD runtime commands: standard AMD source=AMD standard
2026-09-11 01:44:45 I (682341) burner_web: GBA prepared: chip=S29GL01GP/GS profile=AGB:AMD:555/2AA:AA/55 flash=134217728 sector=131072 geom=uniform largest=131072 regions=1 buf=512 prog_buf=512 cfi=ok nor=amd cmd=word-address low-lane id=01 00 7E 22 28 22 01 22
2026-09-11 01:44:45 I (682362) burner_web: GBA mapping: Bacon AMD 32MB-bank bank=32MB force_multi=0 range=0x00000000-0x01FFFFFF
2026-09-11 01:44:45 I (682426) burner_web: ROM verify: err=ESP_FAIL bytes=160/33554432 tf=1ms cart=47ms
2026-09-11 01:44:45 W (682428) burner_web: burn_task result: err=ESP_FAIL state=error processed=160/33554432 msg=verify mismatch @0x000000A0 4D->47
2026-09-11 01:44:45 I (682436) power_manager: CPU perf lock released by burn_task
2026-09-11 01:44:45 I (682440) burner_web: burn_task stack free min=11952 bytes
