2026-09-11 01:47:30 @mori {"event":"status","version":"v2.32.115","uptime_ms":52518,"internal_free":74927,"internal_largest":31744,"psram_free":7539800,"burn_running":false,"patch_running":false,"cancel_requested":false,"phase":"","detail":"","offset":0,"total":0,"passes":0,"read_bytes":0,"read_ms":0,"elapsed_ms":0,"result":0,"ag32_link":"cpld","ag32_link_active":"unknown","ag32_capabilities":0,"ag32_capabilities_known":false}
2026-09-11 01:47:30 @mori {"event":"ui","process_calls":3088,"render_calls":95,"music_polls":445,"model_bytes":15352,"directory_scans":0,"cache_hits":0,"page":0,"selected":0,"count":5,"preview_generation":0,"file_worker_stack_free":14752,"file_start_active":false,"preview_active":false,"preview_done":false,"preview_available":false,"screen_dimmed":false,"selection":"系统","status":"burner done: tf upload complete"}
2026-09-11 01:47:30 @mori {"event":"ui","process_calls":3090,"render_calls":95,"music_polls":445,"model_bytes":15352,"directory_scans":0,"cache_hits":0,"page":0,"selected":0,"count":5,"preview_generation":0,"file_worker_stack_free":14752,"file_start_active":false,"preview_active":false,"preview_done":false,"preview_available":false,"screen_dimmed":false,"selection":"系统","status":"burner done: tf upload complete"}
2026-09-11 01:47:30 @mori {"event":"ui","process_calls":3092,"render_calls":95,"music_polls":445,"model_bytes":15352,"directory_scans":0,"cache_hits":0,"page":0,"selected":0,"count":5,"preview_generation":0,"file_worker_stack_free":14752,"file_start_active":false,"preview_active":false,"preview_done":false,"preview_available":false,"screen_dimmed":false,"selection":"系统","status":"burner done: tf upload complete"}
2026-09-11 01:47:30 @mori {"event":"key","message":"right"}
2026-09-11 01:47:30 @mori {"event":"ui","process_calls":3100,"render_calls":101,"music_polls":447,"model_bytes":15352,"directory_scans":0,"cache_hits":0,"page":0,"selected":1,"count":5,"preview_generation":0,"file_worker_stack_free":14752,"file_start_active":false,"preview_active":false,"preview_done":false,"preview_available":false,"screen_dimmed":false,"selection":"音乐","status":"burner done: tf upload complete"}
2026-09-11 01:47:30 @mori {"event":"key","message":"right"}
2026-09-11 01:47:30 @mori {"event":"ui","process_calls":3108,"render_calls":109,"music_polls":448,"model_bytes":15352,"directory_scans":0,"cache_hits":0,"page":0,"selected":2,"count":5,"preview_generation":0,"file_worker_stack_free":14752,"file_start_active":false,"preview_active":false,"preview_done":false,"preview_available":false,"screen_dimmed":false,"selection":"阅读器","status":"burner done: tf upload complete"}
2026-09-11 01:47:30 @mori {"event":"key","message":"right"}
2026-09-11 01:47:30 @mori {"event":"ui","process_calls":3116,"render_calls":117,"music_polls":449,"model_bytes":15352,"directory_scans":0,"cache_hits":0,"page":0,"selected":3,"count":5,"preview_generation":0,"file_worker_stack_free":14752,"file_start_active":false,"preview_active":false,"preview_done":false,"preview_available":false,"screen_dimmed":false,"selection":"烧录器","status":"burner done: tf upload complete"}
2026-09-11 01:47:30 @mori {"event":"key","message":"a"}
2026-09-11 01:47:31 @mori {"event":"ui","process_calls":3120,"render_calls":121,"music_polls":450,"model_bytes":15352,"directory_scans":0,"cache_hits":0,"page":14,"selected":0,"count":2,"preview_generation":0,"file_worker_stack_free":14752,"file_start_active":false,"preview_active":false,"preview_done":false,"preview_available":false,"screen_dimmed":false,"selection":"","status":"burner done: tf upload complete"}
2026-09-11 01:47:31 @mori {"event":"key","message":"a"}
2026-09-11 01:47:31 @mori {"event":"ui","process_calls":3126,"render_calls":127,"music_polls":451,"model_bytes":15352,"directory_scans":0,"cache_hits":0,"page":15,"selected":0,"count":4,"preview_generation":0,"file_worker_stack_free":14752,"file_start_active":false,"preview_active":false,"preview_done":false,"preview_available":false,"screen_dimmed":false,"selection":"分析卡带","status":"请先分析卡带"}
2026-09-11 01:47:31 I (54655) burner_web: MCU SPI init: host=1 cs0=21 cs1=1 clk=47 miso=48 mosi=45 freq=40000000Hz
2026-09-11 01:47:31 I (54659) burner_web: MCU SPI ready: actual=40000000Hz dma_scratch_tx=16384 dma_scratch_rw=16384
2026-09-11 01:47:31 @mori {"event":"key","message":"a"}
2026-09-11 01:47:31 @mori {"event":"ui","process_calls":3129,"render_calls":130,"music_polls":452,"model_bytes":15352,"directory_scans":0,"cache_hits":0,"page":15,"selected":0,"count":4,"preview_generation":0,"file_worker_stack_free":14752,"file_start_active":false,"preview_active":false,"preview_done":false,"preview_available":false,"screen_dimmed":false,"selection":"分析卡带","status":"analyzing cart"}
2026-09-11 01:47:31 @mori {"event":"ui","process_calls":3131,"render_calls":132,"music_polls":453,"model_bytes":15352,"directory_scans":0,"cache_hits":0,"page":15,"selected":0,"count":4,"preview_generation":0,"file_worker_stack_free":14752,"file_start_active":false,"preview_active":false,"preview_done":false,"preview_available":false,"screen_dimmed":false,"selection":"分析卡带","status":"analyzing cart"}
2026-09-11 01:47:31 I (54863) burner_web: GBA D0/D1 swap detection starting...
2026-09-11 01:47:31 I (54865) burner_web: D0/D1 swap detection: entering CFI mode (word addr 0x055)
2026-09-11 01:47:31 I (54866) burner_web: D0/D1 swap detection: CFI 'QRY' detected (normal, low-byte lane) [010]=0051 [011]=0052 [012]=0059
2026-09-11 01:47:31 I (54877) burner_web: GBA D0/D1 swap detection: NORMAL (no swap), lane=low
2026-09-11 01:47:31 I (54883) burner_web: GBA ReadID trace begin t=53661134us
2026-09-11 01:47:31 I (54888) burner_web: GBA ReadID trace write addr=0x555 data=0x00AA dt=5028us (0.005028s)
2026-09-11 01:47:31 I (54896) burner_web: GBA ReadID trace write addr=0x2AA data=0x0055 dt=8393us (0.008393s)
2026-09-11 01:47:31 I (54904) burner_web: GBA ReadID trace write addr=0x555 data=0x0090 dt=7883us (0.007883s)
2026-09-11 01:47:31 I (54912) burner_web: GBA ReadID trace read addr=0x000 data=0x0001 dt=7842us (0.007842s)
2026-09-11 01:47:31 I (54920) burner_web: GBA ReadID trace read addr=0x001 data=0x227E dt=7844us (0.007844s)
2026-09-11 01:47:31 I (54928) burner_web: GBA ReadID trace read addr=0x00E data=0x2228 dt=7890us (0.007890s)
2026-09-11 01:47:31 I (54936) burner_web: GBA ReadID trace read addr=0x00F data=0x2201 dt=7770us (0.007770s)
2026-09-11 01:47:31 I (54943) burner_web: GBA ReadID trace write addr=0x000 data=0x00F0 dt=7747us (0.007747s)
2026-09-11 01:47:31 I (54951) burner_web: GBA ReadID trace end status=ESP_OK total=68145us (0.068145s)
2026-09-11 01:47:31 I (54959) burner_web: GBA word-address probe @40000000Hz try=1 id=01 00 7E 22 28 22 01 22 (candidate-id)
2026-09-11 01:47:31 I (54968) burner_web: GBA Intel ReadID trace begin t=53745960us
2026-09-11 01:47:31 I (54973) burner_web: GBA Intel ReadID trace write addr=0x000 data=0x0050 dt=5356us (0.005356s)
2026-09-11 01:47:31 I (54982) burner_web: GBA Intel ReadID trace write addr=0x000 data=0x00FF dt=8784us (0.008784s)
2026-09-11 01:47:31 I (54990) burner_web: GBA Intel ReadID trace write addr=0x000 data=0x0090 dt=8342us (0.008342s)
2026-09-11 01:47:31 I (54999) burner_web: GBA Intel ReadID trace read addr=0x000 data=0x002E dt=8365us (0.008365s)
2026-09-11 01:47:31 I (55007) burner_web: GBA Intel ReadID trace read addr=0x001 data=0xEA00 dt=8544us (0.008544s)
2026-09-11 01:47:31 I (55016) burner_web: GBA Intel ReadID trace read addr=0x00E data=0x52A3 dt=8329us (0.008329s)
2026-09-11 01:47:31 I (55024) burner_web: GBA Intel ReadID trace read addr=0x00F data=0x19BE dt=8258us (0.008258s)
2026-09-11 01:47:31 @mori {"event":"ui","process_calls":3136,"render_calls":137,"music_polls":455,"model_bytes":15352,"directory_scans":0,"cache_hits":0,"page":15,"selected":0,"count":4,"preview_generation":0,"file_worker_stack_free":14752,"file_start_active":false,"preview_active":false,"preview_done":false,"preview_available":false,"screen_dimmed":false,"selection":"分析卡带","status":"analyzing cart"}
2026-09-11 01:47:31 I (55032) burner_web: GBA Intel ReadID trace write addr=0x000 data=0x0050 dt=8352us (0.008352s)
2026-09-11 01:47:31 I (55075) burner_web: GBA Intel ReadID trace write addr=0x000 data=0x00FF dt=42448us (0.042448s)
2026-09-11 01:47:31 I (55083) burner_web: GBA Intel ReadID trace end status=ESP_OK total=115492us (0.115492s)
2026-09-11 01:47:31 I (55091) burner_web: GBA intel-id probe @40000000Hz try=1 id=2E 00 00 EA A3 52 BE 19 (candidate-id)
2026-09-11 01:47:31 I (55111) burner_web: GBA raw ID method scan summary @40000000Hz try=1: candidates=0 best=AMD standard
2026-09-11 01:47:31 I (55114) burner_web: GBA profile match @40000000Hz try=1: chip=S29GL01GP/GS profile=AGB:AMD:555/2AA:AA/55 cmdset=amd method=AMD standard
2026-09-11 01:47:31 I (55123) burner_web: GBA auto probe @40000000Hz try=1 id=01 00 7E 22 28 22 01 22 (candidate-id)
2026-09-11 01:47:31 I (55132) burner_web: GBA CFI ok in word-address mode @40000000Hz try=1: chip=S29GL01GP/GS profile=AGB:AMD:555/2AA:AA/55 flash=134217728 sector=131072 geom=uniform largest=131072 regions=1 buf=512 cmdset=amd lane=low primary=0x0002
2026-09-11 01:47:31 @mori {"event":"ui","process_calls":3142,"render_calls":143,"music_polls":457,"model_bytes":15352,"directory_scans":0,"cache_hits":0,"page":15,"selected":0,"count":4,"preview_generation":0,"file_worker_stack_free":14752,"file_start_active":false,"preview_active":false,"preview_done":false,"preview_available":false,"screen_dimmed":false,"selection":"分析卡带","status":"analyzing cart"}
2026-09-11 01:47:32 I (55339) ui: UI probe task stack free min=9376 bytes
2026-09-11 01:47:32 @mori {"event":"ui","process_calls":3148,"render_calls":149,"music_polls":459,"model_bytes":15352,"directory_scans":0,"cache_hits":0,"page":15,"selected":1,"count":9,"preview_generation":0,"file_worker_stack_free":14752,"file_start_active":false,"preview_active":false,"preview_done":false,"preview_available":false,"screen_dimmed":false,"selection":"ROM: 选择文件","status":"GBA ID 01 00 7E 22 CFI"}
2026-09-11 01:47:32 @mori {"event":"ui","process_calls":3149,"render_calls":150,"music_polls":459,"model_bytes":15352,"directory_scans":0,"cache_hits":0,"page":15,"selected":1,"count":9,"preview_generation":0,"file_worker_stack_free":14752,"file_start_active":false,"preview_active":false,"preview_done":false,"preview_available":false,"screen_dimmed":false,"selection":"ROM: 选择文件","status":"GBA ID 01 00 7E 22 CFI"}
2026-09-11 01:47:32 @mori {"event":"key","message":"down"}
2026-09-11 01:47:32 @mori {"event":"ui","process_calls":3152,"render_calls":153,"music_polls":460,"model_bytes":15352,"directory_scans":0,"cache_hits":0,"page":15,"selected":2,"count":9,"preview_generation":0,"file_worker_stack_free":14752,"file_start_active":false,"preview_active":false,"preview_done":false,"preview_available":false,"screen_dimmed":false,"selection":"ROM: 写入","status":"GBA ID 01 00 7E 22 CFI"}
2026-09-11 01:47:32 @mori {"event":"key","message":"down"}
2026-09-11 01:47:32 @mori {"event":"ui","process_calls":3156,"render_calls":157,"music_polls":462,"model_bytes":15352,"directory_scans":0,"cache_hits":0,"page":15,"selected":3,"count":9,"preview_generation":0,"file_worker_stack_free":14752,"file_start_active":false,"preview_active":false,"preview_done":false,"preview_available":false,"screen_dimmed":false,"selection":"ROM: 校验","status":"GBA ID 01 00 7E 22 CFI"}
2026-09-11 01:47:32 @mori {"event":"key","message":"down"}
2026-09-11 01:47:32 @mori {"event":"ui","process_calls":3160,"render_calls":161,"music_polls":463,"model_bytes":15352,"directory_scans":0,"cache_hits":0,"page":15,"selected":4,"count":9,"preview_generation":0,"file_worker_stack_free":14752,"file_start_active":false,"preview_active":false,"preview_done":false,"preview_available":false,"screen_dimmed":false,"selection":"ROM: 读取","status":"GBA ID 01 00 7E 22 CFI"}
2026-09-11 01:47:32 @mori {"event":"key","message":"down"}
2026-09-11 01:47:32 @mori {"event":"ui","process_calls":3164,"render_calls":165,"music_polls":464,"model_bytes":15352,"directory_scans":0,"cache_hits":0,"page":15,"selected":5,"count":9,"preview_generation":0,"file_worker_stack_free":14752,"file_start_active":false,"preview_active":false,"preview_done":false,"preview_available":false,"screen_dimmed":false,"selection":"ROM: 整片擦除","status":"GBA ID 01 00 7E 22 CFI"}
2026-09-11 01:47:32 @mori {"event":"key","message":"down"}
2026-09-11 01:47:33 @mori {"event":"ui","process_calls":3167,"render_calls":168,"music_polls":465,"model_bytes":15352,"directory_scans":0,"cache_hits":0,"page":15,"selected":6,"count":9,"preview_generation":0,"file_worker_stack_free":14752,"file_start_active":false,"preview_active":false,"preview_done":false,"preview_available":false,"screen_dimmed":false,"selection":"ROM: 解锁PPB","status":"GBA ID 01 00 7E 22 CFI"}
2026-09-11 01:47:33 @mori {"event":"key","message":"down"}
2026-09-11 01:47:33 @mori {"event":"ui","process_calls":3173,"render_calls":174,"music_polls":467,"model_bytes":15352,"directory_scans":0,"cache_hits":0,"page":15,"selected":7,"count":9,"preview_generation":0,"file_worker_stack_free":14752,"file_start_active":false,"preview_active":false,"preview_done":false,"preview_available":false,"screen_dimmed":false,"selection":"烧录方式","status":"GBA ID 01 00 7E 22 CFI"}
2026-09-11 01:47:33 @mori {"event":"key","message":"down"}
2026-09-11 01:47:33 @mori {"event":"ui","process_calls":3177,"render_calls":178,"music_polls":468,"model_bytes":15352,"directory_scans":0,"cache_hits":0,"page":15,"selected":8,"count":9,"preview_generation":0,"file_worker_stack_free":14752,"file_start_active":false,"preview_active":false,"preview_done":false,"preview_available":false,"screen_dimmed":false,"selection":"设置","status":"GBA ID 01 00 7E 22 CFI"}
2026-09-11 01:47:33 @mori {"event":"key","message":"a"}
2026-09-11 01:47:33 @mori {"event":"ui","process_calls":3180,"render_calls":181,"music_polls":470,"model_bytes":15352,"directory_scans":0,"cache_hits":0,"page":15,"selected":0,"count":5,"preview_generation":0,"file_worker_stack_free":14752,"file_start_active":false,"preview_active":false,"preview_done":false,"preview_available":false,"screen_dimmed":false,"selection":"Write method","status":"GBA ID 01 00 7E 22 CFI"}
2026-09-11 01:47:33 @mori {"event":"key","message":"down"}
2026-09-11 01:47:33 @mori {"event":"ui","process_calls":3183,"render_calls":184,"music_polls":471,"model_bytes":15352,"directory_scans":0,"cache_hits":0,"page":15,"selected":1,"count":5,"preview_generation":0,"file_worker_stack_free":14752,"file_start_active":false,"preview_active":false,"preview_done":false,"preview_available":false,"screen_dimmed":false,"selection":"Erase mode","status":"GBA ID 01 00 7E 22 CFI"}
2026-09-11 01:47:33 @mori {"event":"key","message":"down"}
2026-09-11 01:47:33 @mori {"event":"ui","process_calls":3187,"render_calls":188,"music_polls":472,"model_bytes":15352,"directory_scans":0,"cache_hits":0,"page":15,"selected":2,"count":5,"preview_generation":0,"file_worker_stack_free":14752,"file_start_active":false,"preview_active":false,"preview_done":false,"preview_available":false,"screen_dimmed":false,"selection":"切压延时","status":"GBA ID 01 00 7E 22 CFI"}
2026-09-11 01:47:33 @mori {"event":"key","message":"down"}
2026-09-11 01:47:33 @mori {"event":"ui","process_calls":3191,"render_calls":192,"music_polls":473,"model_bytes":15352,"directory_scans":0,"cache_hits":0,"page":15,"selected":3,"count":5,"preview_generation":0,"file_worker_stack_free":14752,"file_start_active":false,"preview_active":false,"preview_done":false,"preview_available":false,"screen_dimmed":false,"selection":"PSRAM窗口","status":"GBA ID 01 00 7E 22 CFI"}
2026-09-11 01:47:34 @mori {"event":"key","message":"down"}
2026-09-11 01:47:34 @mori {"event":"ui","process_calls":3194,"render_calls":195,"music_polls":474,"model_bytes":15352,"directory_scans":0,"cache_hits":0,"page":15,"selected":4,"count":5,"preview_generation":0,"file_worker_stack_free":14752,"file_start_active":false,"preview_active":false,"preview_done":false,"preview_available":false,"screen_dimmed":false,"selection":"读取块","status":"GBA ID 01 00 7E 22 CFI"}
2026-09-11 01:47:34 @mori {"event":"key","message":"down"}
2026-09-11 01:47:34 @mori {"event":"ui","process_calls":3198,"render_calls":199,"music_polls":476,"model_bytes":15352,"directory_scans":0,"cache_hits":0,"page":15,"selected":0,"count":5,"preview_generation":0,"file_worker_stack_free":14752,"file_start_active":false,"preview_active":false,"preview_done":false,"preview_available":false,"screen_dimmed":false,"selection":"Write method","status":"GBA ID 01 00 7E 22 CFI"}
2026-09-11 01:47:34 @mori {"event":"key","message":"b"}
2026-09-11 01:47:34 @mori {"event":"ui","process_calls":3201,"render_calls":202,"music_polls":477,"model_bytes":15352,"directory_scans":0,"cache_hits":0,"page":15,"selected":8,"count":9,"preview_generation":0,"file_worker_stack_free":14752,"file_start_active":false,"preview_active":false,"preview_done":false,"preview_available":false,"screen_dimmed":false,"selection":"设置","status":"GBA ID 01 00 7E 22 CFI"}
2026-09-11 01:47:34 @mori {"event":"key","message":"b"}
2026-09-11 01:47:34 @mori {"event":"ui","process_calls":3204,"render_calls":205,"music_polls":478,"model_bytes":15352,"directory_scans":0,"cache_hits":0,"page":14,"selected":0,"count":2,"preview_generation":0,"file_worker_stack_free":14752,"file_start_active":false,"preview_active":false,"preview_done":false,"preview_available":false,"screen_dimmed":false,"selection":"","status":"GBA ID 01 00 7E 22 CFI"}
2026-09-11 01:47:34 @mori {"event":"key","message":"b"}
2026-09-11 01:47:34 @mori {"event":"ui","process_calls":3210,"render_calls":211,"music_polls":478,"model_bytes":15352,"directory_scans":0,"cache_hits":0,"page":0,"selected":3,"count":5,"preview_generation":0,"file_worker_stack_free":14752,"file_start_active":false,"preview_active":false,"preview_done":false,"preview_available":false,"screen_dimmed":false,"selection":"烧录器","status":"GBA ID 01 00 7E 22 CFI"}
2026-09-11 01:47:34 @mori {"event":"status","version":"v2.32.115","uptime_ms":56856,"internal_free":73479,"internal_largest":31744,"psram_free":7539800,"burn_running":false,"patch_running":false,"cancel_requested":false,"phase":"","detail":"","offset":0,"total":0,"passes":0,"read_bytes":0,"read_ms":0,"elapsed_ms":0,"result":0,"ag32_link":"cpld","ag32_link_active":"cpld","ag32_capabilities":0,"ag32_capabilities_known":false}
