2026-09-11 01:47:02 I (95) boot:  6 retro-core       OTA app          00 11 00ae0000
2026-09-11 01:47:02 @mori {"event":"ready","message":"Mori serial debug v1; type help"}
2026-09-11 01:47:02 I (1284) pm: Frequency switching config: CPU_MAX: 160, APB_MAX: 80, APB_MIN: 80, Light sleep: DISABLED
2026-09-11 01:47:02 I (1293) power_manager: CPU DFS enabled: idle=80MHz max=160MHz light_sleep=off
2026-09-11 01:47:02 I (1300) main: timezone configured: CST-8
2026-09-11 01:47:02 I (1304) main: boot step: mount assets
2026-09-11 01:47:02 I (1399) assets: mounted /assets: total=1438481 used=759777
2026-09-11 01:47:02 I (1400) main: boot step: mount sdcard
2026-09-11 01:47:02 I (1451) SDCARD: SD card mounted
2026-09-11 01:47:02 I (1451) SDCARD: Total: 59638MB
2026-09-11 01:47:02 W (1612) main: repaired legacy lang_zh_cn.ini
2026-09-11 01:47:02 I (3389) burner_web: burn config loaded: erase=smart write_path=psram recipe=chis psram_mb=auto mbc5_chunk=16 dump_chunk=64 voltage=3v3 settle=100ms cores=cpu1/cpu1/cpu1 ag32_link=cpld
2026-09-11 01:47:02 I (3395) main: GBX cache auto rebuild disabled; update manually from system menu
2026-09-11 01:47:02 I (3406) main: UI language=1 (zh)
2026-09-11 01:47:02 I (3414) main: boot step: init i2c peripherals
2026-09-11 01:47:02 W (3415) i2c.master: Please check pull-up resistances whether be connected properly. Otherwise unexpected behavior would happen. For more detailed information, please read docs
2026-09-11 01:47:02 I (3426) mori_i2c: I2C bus ready. SDA=18, SCL=8, freq=100000
2026-09-11 01:47:02 I (3433) axp209: AXP209 ready at 0x34, charge current fixed to 500mA
2026-09-11 01:47:02 I (3437) power_manager: detected AXP209 at 0x34
2026-09-11 01:47:02 I (3441) main: AXP209 power manager ready at 0x34
2026-09-11 01:47:02 I (3445) tca9555: TCA9555 ready at 0x20
2026-09-11 01:47:02 I (3453) main: tca9555.ini apply=0, skip register apply
2026-09-11 01:47:02 I (3456) main: TCA9555@0x20 input=0xFFFF cfg=0xEFFF
2026-09-11 01:47:02 I (3459) tca9555: IRQ enabled on GPIO 17
2026-09-11 01:47:02 I (3462) main: boot step: init usb msc manager
2026-09-11 01:47:02 I (3466) usb_msc_tf: USB MSC manager ready (default: disabled)
2026-09-11 01:47:02 I (3472) main: USB MSC manager ready, pass-through default is disabled
2026-09-11 01:47:02 I (3478) main: boot step: init nvs
2026-09-11 01:47:02 I (3509) main: boot step: init mcu debug
2026-09-11 01:47:02 I (3510) main: boot step: init lvgl/display
2026-09-11 01:47:02 I (3753) lcd_display: LCD init done (ST7789, 320x240, rot=270), pins CLK=6 MOSI=4 CS=5 DC=13 BK=14, bk_pwm=1
2026-09-11 01:47:02 I (3755) lvgl_port: draw_buf1 allocated in internal DMA (12800 bytes)
2026-09-11 01:47:02 I (3759) lvgl_port: using single LVGL draw buffer (20
2026-09-11 01:47:02 @mori {"event":"status","version":"v2.32.115","uptime_ms":24467,"internal_free":74927,"internal_largest":31744,"psram_free":7539800,"burn_running":false,"patch_running":false,"cancel_requested":false,"phase":"","detail":"","offset":0,"total":0,"passes":0,"read_bytes":0,"read_ms":0,"elapsed_ms":0,"result":0,"ag32_link":"cpld","ag32_link_active":"unknown","ag32_capabilities":0,"ag32_capabilities_known":false}
