2026-09-10 19:19:51 I (61899) burner_web: PSRAM auto window: free=7556192 largest=7471104 reserve=262144 -> 6MB
2026-09-10 19:19:51 I (61901) power_manager: CPU perf lock acquired by burn_task
2026-09-10 19:19:51 I (61904) burner_web: MCU SPI init: host=1 cs0=21 cs1=1 clk=47 miso=48 mosi=45 freq=40000000Hz
2026-09-10 19:19:51 I (61912) burner_web: MCU SPI CS idle readback: cs0=1 cs1=1
2026-09-10 19:19:51 I (61918) burner_web: MCU SPI ready: actual=40000000Hz dma_scratch_tx=16384 dma_scratch_rw=16384
2026-09-10 19:19:52 I (62126) burner_web: GBA D0/D1 swap detection starting...
2026-09-10 19:19:52 I (62128) burner_web: D0/D1 swap detection: entering CFI mode (word addr 0x055)
2026-09-10 19:19:52 I (62129) burner_web: D0/D1 swap detection: CFI 'QRY' detected (normal, low-byte lane) [010]=0051 [011]=0052 [012]=0059
2026-09-10 19:19:52 I (62140) burner_web: GBA D0/D1 swap detection: NORMAL (no swap), lane=low
2026-09-10 19:19:52 I (62146) burner_web: GBA ReadID trace begin t=60926464us
2026-09-10 19:19:52 I (62151) burner_web: GBA ReadID trace write addr=0x555 data=0x00AA dt=4852us (0.004852s)
2026-09-10 19:19:52 I (62160) burner_web: GBA ReadID trace write addr=0x2AA data=0x0055 dt=8412us (0.008412s)
2026-09-10 19:19:52 I (62168) burner_web: GBA ReadID trace write addr=0x555 data=0x0090 dt=7989us (0.007989s)
2026-09-10 19:19:52 I (62175) burner_web: GBA ReadID trace read addr=0x000 data=0x0089 dt=7908us (0.007908s)
2026-09-10 19:19:52 I (62183) burner_web: GBA ReadID trace read addr=0x001 data=0x227E dt=7633us (0.007633s)
2026-09-10 19:19:52 I (62191) burner_web: GBA ReadID trace read addr=0x00E data=0x2228 dt=8054us (0.008054s)
2026-09-10 19:19:52 I (62199) burner_web: GBA ReadID trace read addr=0x00F data=0x2201 dt=7578us (0.007578s)
2026-09-10 19:19:52 I (62207) burner_web: GBA ReadID trace write addr=0x000 data=0x00F0 dt=7931us (0.007931s)
2026-09-10 19:19:52 I (62214) burner_web: GBA ReadID trace end status=ESP_OK total=68099us (0.068099s)
2026-09-10 19:19:52 I (62222) burner_web: GBA word-address probe @40000000Hz try=1 id=89 00 7E 22 28 22 01 22 (candidate-id)
2026-09-10 19:19:52 I (62231) burner_web: GBA Intel ReadID trace begin t=61011156us
2026-09-10 19:19:52 I (62236) burner_web: GBA Intel ReadID trace write addr=0x000 data=0x0050 dt=5190us (0.005190s)
2026-09-10 19:19:52 I (62245) burner_web: GBA Intel ReadID trace write addr=0x000 data=0x00FF dt=8890us (0.008890s)
2026-09-10 19:19:52 I (62253) burner_web: GBA Intel ReadID trace write addr=0x000 data=0x0090 dt=8250us (0.008250s)
2026-09-10 19:19:52 I (62262) burner_web: GBA Intel ReadID trace read addr=0x000 data=0x002E dt=8834us (0.008834s)
2026-09-10 19:19:52 I (62270) burner_web: GBA Intel ReadID trace read addr=0x001 data=0xEA00 dt=8305us (0.008305s)
2026-09-10 19:19:52 I (62279) burner_web: GBA Intel ReadID trace read addr=0x00E data=0x52A3 dt=8085us (0.008085s)
2026-09-10 19:19:52 I (62287) burner_web: GBA Intel ReadID trace read addr=0x00F data=0x19BE dt=8428us (0.008428s)
2026-09-10 19:19:52 I (62295) burner_web: GBA Intel ReadID trace write addr=0x000 data=0x0050 dt=8388us (0.008388s)
2026-09-10 19:19:52 I (62304) burner_web: GBA Intel ReadID trace write addr=0x000 data=0x00FF dt=8264us (0.008264s)
2026-09-10 19:19:52 I (62312) burner_web: GBA Intel ReadID trace end status=ESP_OK total=81063us (0.081063s)
2026-09-10 19:19:52 I (62320) burner_web: GBA intel-id probe @40000000Hz try=1 id=2E 00 00 EA A3 52 BE 19 (candidate-id)
2026-09-10 19:19:52 I (62340) burner_web: GBA raw ID method scan summary @40000000Hz try=1: candidates=0 best=none
2026-09-10 19:19:52 I (62343) burner_web: GBA auto probe @40000000Hz try=1 id=89 00 7E 22 28 22 01 22 (candidate-id)
2026-09-10 19:19:52 I (62348) burner_web: GBA CFI ok in word-address mode @40000000Hz try=1: chip=CFI AMD 128MB profile=AGB:amd:auto-cfi flash=134217728 sector=131072 geom=uniform largest=131072 regions=1 buf=1024 cmdset=amd lane=low primary=0x0002
2026-09-10 19:19:52 I (62367) burner_web: GBA AMD Bacon compatibility: keep flash size 134217728, use 32MB banked writes
2026-09-10 19:19:52 I (62377) burner_web: GBA AMD runtime commands: standard AMD source=none
2026-09-10 19:19:52 I (62382) burner_web: GBA prepared: chip=CFI AMD 128MB profile=AGB:amd:auto-cfi flash=134217728 sector=131072 geom=uniform largest=131072 regions=1 buf=1024 prog_buf=1024 cfi=ok nor=amd cmd=word-address low-lane id=89 00 7E 22 28 22 01 22
2026-09-10 19:19:52 I (62404) burner_web: GBA mapping: Bacon AMD 32MB-bank bank=32MB force_multi=0 range=0x00000000-0x01FFFFFF
2026-09-10 19:21:45 I (175185) burner_web: burn_task result: err=ESP_OK state=done processed=33554432/33554432 msg=dump finished
2026-09-10 19:21:45 I (175187) power_manager: CPU perf lock released by burn_task
2026-09-10 19:21:45 I (175191) burner_web: burn_task stack free min=11952 bytes
