2026-09-10 19:25:28 I (398775) power_manager: CPU perf lock acquired by burn_task
2026-09-10 19:25:29 I (398977) burner_web: GBA D0/D1 swap detection starting...
2026-09-10 19:25:29 I (398979) burner_web: D0/D1 swap detection: entering CFI mode (word addr 0x055)
2026-09-10 19:25:29 I (398981) burner_web: D0/D1 swap detection: CFI 'QRY' detected (normal, low-byte lane) [010]=0051 [011]=0052 [012]=0059
2026-09-10 19:25:29 I (398991) burner_web: GBA D0/D1 swap detection: NORMAL (no swap), lane=low
2026-09-10 19:25:29 I (398998) burner_web: GBA ReadID trace begin t=397777697us
2026-09-10 19:25:29 I (399003) burner_web: GBA ReadID trace write addr=0x555 data=0x00AA dt=5292us (0.005292s)
2026-09-10 19:25:29 I (399011) burner_web: GBA ReadID trace write addr=0x2AA data=0x0055 dt=8211us (0.008211s)
2026-09-10 19:25:29 I (399019) burner_web: GBA ReadID trace write addr=0x555 data=0x0090 dt=8097us (0.008097s)
2026-09-10 19:25:29 I (399027) burner_web: GBA ReadID trace read addr=0x000 data=0x0089 dt=8091us (0.008091s)
2026-09-10 19:25:29 I (399035) burner_web: GBA ReadID trace read addr=0x001 data=0x227E dt=7889us (0.007889s)
2026-09-10 19:25:29 I (399043) burner_web: GBA ReadID trace read addr=0x00E data=0x2228 dt=7834us (0.007834s)
2026-09-10 19:25:29 I (399051) burner_web: GBA ReadID trace read addr=0x00F data=0x2201 dt=7747us (0.007747s)
2026-09-10 19:25:29 I (399059) burner_web: GBA ReadID trace write addr=0x000 data=0x00F0 dt=8007us (0.008007s)
2026-09-10 19:25:29 I (399066) burner_web: GBA ReadID trace end status=ESP_OK total=68961us (0.068961s)
2026-09-10 19:25:29 I (399074) burner_web: GBA word-address probe @40000000Hz try=1 id=89 00 7E 22 28 22 01 22 (candidate-id)
2026-09-10 19:25:29 I (399083) burner_web: GBA Intel ReadID trace begin t=397863612us
2026-09-10 19:25:29 I (399089) burner_web: GBA Intel ReadID trace write addr=0x000 data=0x0050 dt=5338us (0.005338s)
2026-09-10 19:25:29 I (399097) burner_web: GBA Intel ReadID trace write addr=0x000 data=0x00FF dt=8663us (0.008663s)
2026-09-10 19:25:29 I (399106) burner_web: GBA Intel ReadID trace write addr=0x000 data=0x0090 dt=8698us (0.008698s)
2026-09-10 19:25:29 I (399114) burner_web: GBA Intel ReadID trace read addr=0x000 data=0x002E dt=8376us (0.008376s)
2026-09-10 19:25:29 I (399123) burner_web: GBA Intel ReadID trace read addr=0x001 data=0xEA00 dt=8726us (0.008726s)
2026-09-10 19:25:29 I (399132) burner_web: GBA Intel ReadID trace read addr=0x00E data=0x52A3 dt=8445us (0.008445s)
2026-09-10 19:25:29 I (399140) burner_web: GBA Intel ReadID trace read addr=0x00F data=0x19BE dt=8188us (0.008188s)
2026-09-10 19:25:29 I (399148) burner_web: GBA Intel ReadID trace write addr=0x000 data=0x0050 dt=8577us (0.008577s)
2026-09-10 19:25:29 I (399157) burner_web: GBA Intel ReadID trace write addr=0x000 data=0x00FF dt=8231us (0.008231s)
2026-09-10 19:25:29 I (399165) burner_web: GBA Intel ReadID trace end status=ESP_OK total=81806us (0.081806s)
2026-09-10 19:25:29 I (399173) burner_web: GBA intel-id probe @40000000Hz try=1 id=2E 00 00 EA A3 52 BE 19 (candidate-id)
2026-09-10 19:25:29 I (399193) burner_web: GBA raw ID method scan summary @40000000Hz try=1: candidates=0 best=none
2026-09-10 19:25:29 I (399196) burner_web: GBA auto probe @40000000Hz try=1 id=89 00 7E 22 28 22 01 22 (candidate-id)
2026-09-10 19:25:29 I (399201) burner_web: GBA CFI ok in word-address mode @40000000Hz try=1: chip=CFI AMD 128MB profile=AGB:amd:auto-cfi flash=134217728 sector=131072 geom=uniform largest=131072 regions=1 buf=1024 cmdset=amd lane=low primary=0x0002
2026-09-10 19:25:29 I (399221) burner_web: GBA AMD Bacon compatibility: keep flash size 134217728, use 32MB banked writes
2026-09-10 19:25:29 I (399230) burner_web: GBA AMD runtime commands: standard AMD source=none
2026-09-10 19:25:29 I (399235) burner_web: GBA prepared: chip=CFI AMD 128MB profile=AGB:amd:auto-cfi flash=134217728 sector=131072 geom=uniform largest=131072 regions=1 buf=1024 prog_buf=1024 cfi=ok nor=amd cmd=word-address low-lane id=89 00 7E 22 28 22 01 22
2026-09-10 19:25:29 I (399257) burner_web: GBA mapping: Bacon AMD 32MB-bank bank=32MB force_multi=0 range=0x00000000-0x01FFFFFF
2026-09-10 19:25:52 I (422232) burner_web: burn_task result: err=ESP_OK state=done processed=33554432/33554432 msg=verify finished
2026-09-10 19:25:52 I (422234) power_manager: CPU perf lock released by burn_task
2026-09-10 19:25:52 I (422238) burner_web: burn_task stack free min=11828 bytes
