2026-09-10 22:43:23 I (563693) power_manager: CPU perf lock acquired by burn_task
2026-09-10 22:43:23 I (563795) burner_web: MBC5 power rail: 3V3
2026-09-10 22:43:23 I (563896) burner_web: MBC5 ReadID trace begin t=562674270us
2026-09-10 22:43:23 I (563898) burner_web: MBC5 ReadID trace write addr=0x0AAA data=0xAA dt=1651us (0.001651s)
2026-09-10 22:43:23 I (563900) burner_web: MBC5 ReadID trace write addr=0x0555 data=0x55 dt=2439us (0.002439s)
2026-09-10 22:43:23 I (563908) burner_web: MBC5 ReadID trace write addr=0x0AAA data=0x90 dt=8308us (0.008308s)
2026-09-10 22:43:23 I (563916) burner_web: MBC5 ReadID trace read addr=0x0000 data=0xC2 dt=7782us (0.007782s)
2026-09-10 22:43:23 I (563924) burner_web: MBC5 ReadID trace read addr=0x0002 data=0x7E dt=7955us (0.007955s)
2026-09-10 22:43:23 I (563932) burner_web: MBC5 ReadID trace read addr=0x001C data=0x22 dt=8148us (0.008148s)
2026-09-10 22:43:23 I (563940) burner_web: MBC5 ReadID trace read addr=0x001E data=0x01 dt=7766us (0.007766s)
2026-09-10 22:43:23 I (563948) burner_web: MBC5 ReadID trace write addr=0x0000 data=0xF0 dt=7805us (0.007805s)
2026-09-10 22:43:23 I (563956) burner_web: MBC5 ReadID trace end status=ESP_OK total=59661us (0.059661s)
2026-09-10 22:43:23 I (563963) burner_web: MBC5 ID probe: id=C2 7E 22 01 chip=MX29GL256E/F flash=33554432 sector=131072 geom=uniform largest=131072 regions=1 buf=64 cmdset=amd
2026-09-10 22:43:23 I (563977) burner_web: GB mapper override: using MBC5
2026-09-10 22:43:23 I (563981) burner_web: GB prepared: mapper=MBC5 flash=33554432 usable=33554432 sector=131072 geom=uniform largest=131072 regions=1 buf=64 nor=amd cfi=ok id=C2 7E 22 01
2026-09-10 22:43:29 E (570007) task_wdt: Task watchdog got triggered. The following tasks/users did not reset the watchdog in time:
2026-09-10 22:43:29 E (570007) task_wdt:  - IDLE1 (CPU 1)
2026-09-10 22:43:29 E (570007) task_wdt: Tasks currently running:
2026-09-10 22:43:29 E (570007) task_wdt: CPU 0: lvgl
2026-09-10 22:43:29 E (570007) task_wdt: CPU 1: burn_task
2026-09-10 22:43:29 E (570007) task_wdt: Print CPU 1 backtrace
2026-09-10 22:43:29 
2026-09-10 22:43:29 
2026-09-10 22:43:30 Backtrace: 0x40378CE2:0x3FCA6550 0x40377CE2:0x3FCA6570 0x4201B9B0:0x3C364090 0x42033D81:0x3C3640F0 0x42034107:0x3C364120 0x42036094:0x3C3643F0 0x420606FA:0x3C3644B0 0x403821A9:0x3C364930
2026-09-10 22:43:30 
2026-09-10 22:43:34 E (575007) task_wdt: Task watchdog got triggered. The following tasks/users did not reset the watchdog in time:
2026-09-10 22:43:34 E (575007) task_wdt:  - IDLE1 (CPU 1)
2026-09-10 22:43:34 E (575007) task_wdt: Tasks currently running:
2026-09-10 22:43:34 E (575007) task_wdt: CPU 0: lvgl
2026-09-10 22:43:34 E (575007) task_wdt: CPU 1: burn_task
2026-09-10 22:43:34 E (575007) task_wdt: Print CPU 1 backtrace
2026-09-10 22:43:34 
2026-09-10 22:43:34 
2026-09-10 22:43:35 Backtrace: 0x40378CE2:0x3FCA6550 0x40377CE2:0x3FCA6570 0x4038846B:0x3C363FD0 0x4037A0DC:0x3C363FF0 0x4037A169:0x3C364010 0x420399CF:0x3C364030 0x4201B9A1:0x3C364090 0x42033D81:0x3C3640F0 0x42034107:0x3C364120 0x42036094:0x3C3643F0 0x420606FA:0x3C3644B0 0x403821A9:0x3C364930
2026-09-10 22:43:35 
2026-09-10 22:43:41 E (581190) task_wdt: Task watchdog got triggered. The following tasks/users did not reset the watchdog in time:
2026-09-10 22:43:41 E (581190) task_wdt:  - IDLE1 (CPU 1)
2026-09-10 22:43:41 E (581190) task_wdt: Tasks currently running:
2026-09-10 22:43:41 E (581190) task_wdt: CPU 0: lvgl
2026-09-10 22:43:41 E (581190) task_wdt: CPU 1: burn_task
2026-09-10 22:43:41 E (581190) task_wdt: Print CPU 1 backtrace
2026-09-10 22:43:41 
2026-09-10 22:43:41 
2026-09-10 22:43:41 Backtrace: 0x40378CE2:0x3FCA6550 0x40377CE2:0x3FCA6570 0x4201B9BC:0x3C364090 0x42033D81:0x3C3640F0 0x42034107:0x3C364120 0x42036094:0x3C3643F0 0x420606FA:0x3C3644B0 0x403821A9:0x3C364930
2026-09-10 22:43:41 
2026-09-10 22:43:52 E (592331) task_wdt: Task watchdog got triggered. The following tasks/users did not reset the watchdog in time:
2026-09-10 22:43:52 E (592331) task_wdt:  - IDLE1 (CPU 1)
2026-09-10 22:43:52 E (592331) task_wdt: Tasks currently running:
2026-09-10 22:43:52 E (592331) task_wdt: CPU 0: lvgl
2026-09-10 22:43:52 E (592331) task_wdt: CPU 1: burn_task
2026-09-10 22:43:52 E (592331) task_wdt: Print CPU 1 backtrace
2026-09-10 22:43:52 
2026-09-10 22:43:52 
2026-09-10 22:43:52 Backtrace: 0x40378CE2:0x3FCA6550 0x40377CE2:0x3FCA6570 0x421AA398:0x3C364070 0x4201B9C2:0x3C364090 0x42033D81:0x3C3640F0 0x42034107:0x3C364120 0x42036094:0x3C3643F0 0x420606FA:0x3C3644B0 0x403821A9:0x3C364930
2026-09-10 22:43:52 
2026-09-10 22:43:57 E (597331) task_wdt: Task watchdog got triggered. The following tasks/users did not reset the watchdog in time:
2026-09-10 22:43:57 E (597331) task_wdt:  - IDLE1 (CPU 1)
2026-09-10 22:43:57 E (597331) task_wdt: Tasks currently running:
2026-09-10 22:43:57 E (597331) task_wdt: CPU 0: lvgl
2026-09-10 22:43:57 E (597331) task_wdt: CPU 1: burn_task
2026-09-10 22:43:57 E (597331) task_wdt: Print CPU 1 backtrace
2026-09-10 22:43:57 
2026-09-10 22:43:57 
2026-09-10 22:43:57 Backtrace: 0x40378CE2:0x3FCA6550 0x40377CE2:0x3FCA6570 0x4037A0D0:0x3C363FF0 0x4037A169:0x3C364010 0x420399CF:0x3C364030 0x4201B9A1:0x3C364090 0x42033D81:0x3C3640F0 0x42034107:0x3C364120 0x42036094:0x3C3643F0 0x420606FA:0x3C3644B0 0x403821A9:0x3C364930
2026-09-10 22:43:57 
2026-09-10 22:44:03 E (603509) task_wdt: Task watchdog got triggered. The following tasks/users did not reset the watchdog in time:
2026-09-10 22:44:03 E (603509) task_wdt:  - IDLE1 (CPU 1)
2026-09-10 22:44:03 E (603509) task_wdt: Tasks currently running:
2026-09-10 22:44:03 E (603509) task_wdt: CPU 0: lvgl
2026-09-10 22:44:03 E (603509) task_wdt: CPU 1: burn_task
2026-09-10 22:44:03 E (603509) task_wdt: Print CPU 1 backtrace
2026-09-10 22:44:03 
2026-09-10 22:44:03 
2026-09-10 22:44:03 Backtrace: 0x40378CE2:0x3FCA6550 0x40377CE2:0x3FCA6570 0x4037A0D0:0x3C363FF0 0x4037A169:0x3C364010 0x420399CF:0x3C364030 0x4201B9A1:0x3C364090 0x42033D81:0x3C3640F0 0x42034107:0x3C364120 0x42036094:0x3C3643F0 0x420606FA:0x3C3644B0 0x403821A9:0x3C364930
2026-09-10 22:44:03 
2026-09-10 22:44:14 E (614295) task_wdt: Task watchdog got triggered. The following tasks/users did not reset the watchdog in time:
2026-09-10 22:44:14 E (614295) task_wdt:  - IDLE1 (CPU 1)
2026-09-10 22:44:14 E (614295) task_wdt: Tasks currently running:
2026-09-10 22:44:14 E (614295) task_wdt: CPU 0: lvgl
2026-09-10 22:44:14 E (614295) task_wdt: CPU 1: burn_task
2026-09-10 22:44:14 E (614295) task_wdt: Print CPU 1 backtrace
2026-09-10 22:44:14 
2026-09-10 22:44:14 
2026-09-10 22:44:14 Backtrace: 0x40378CE2:0x3FCA6550 0x40377CE2:0x3FCA6570 0x4038846B:0x3C363FD0 0x4037A0DC:0x3C363FF0 0x4037A169:0x3C364010 0x420399CF:0x3C364030 0x4201B9A1:0x3C364090 0x42033D81:0x3C3640F0 0x42034107:0x3C364120 0x42036094:0x3C3643F0 0x420606FA:0x3C3644B0 0x403821A9:0x3C364930
2026-09-10 22:44:14 
2026-09-10 22:44:15 I (615249) burner_web: burn_task result: err=ESP_OK state=done processed=33554432/33554432 msg=verify finished
2026-09-10 22:44:15 I (615251) power_manager: CPU perf lock released by burn_task
2026-09-10 22:44:15 I (615254) burner_web: burn_task stack free min=11200 bytes
