2026-09-10 23:09:44 I (249295) burner_web: PSRAM auto window: free=7539764 largest=7471104 reserve=262144 -> 6MB
2026-09-10 23:09:44 I (249297) power_manager: CPU perf lock acquired by burn_task
2026-09-10 23:09:44 I (249400) burner_web: MBC5 power rail: 3V3
2026-09-10 23:09:45 I (249501) burner_web: MBC5 ReadID trace begin t=248279259us
2026-09-10 23:09:45 I (249503) burner_web: MBC5 ReadID trace write addr=0x0AAA data=0xAA dt=1516us (0.001516s)
2026-09-10 23:09:45 I (249505) burner_web: MBC5 ReadID trace write addr=0x0555 data=0x55 dt=2533us (0.002533s)
2026-09-10 23:09:45 I (249513) burner_web: MBC5 ReadID trace write addr=0x0AAA data=0x90 dt=8006us (0.008006s)
2026-09-10 23:09:45 I (249521) burner_web: MBC5 ReadID trace read addr=0x0000 data=0xC2 dt=7862us (0.007862s)
2026-09-10 23:09:45 I (249529) burner_web: MBC5 ReadID trace read addr=0x0002 data=0x7E dt=8079us (0.008079s)
2026-09-10 23:09:45 I (249537) burner_web: MBC5 ReadID trace read addr=0x001C data=0x22 dt=7791us (0.007791s)
2026-09-10 23:09:45 I (249545) burner_web: MBC5 ReadID trace read addr=0x001E data=0x01 dt=7832us (0.007832s)
2026-09-10 23:09:45 I (249552) burner_web: MBC5 ReadID trace write addr=0x0000 data=0xF0 dt=7737us (0.007737s)
2026-09-10 23:09:45 I (249560) burner_web: MBC5 ReadID trace end status=ESP_OK total=59355us (0.059355s)
2026-09-10 23:09:45 I (249568) burner_web: MBC5 ID probe: id=C2 7E 22 01 chip=MX29GL256E/F flash=33554432 sector=131072 geom=uniform largest=131072 regions=1 buf=64 cmdset=amd
2026-09-10 23:09:45 I (249582) burner_web: GB mapper detect: bank0 fixed=0000 switch=4000 len=64 fixed=FF-FF-FF-FF switch=FF-FF-FF-FF eq=1 blank=0/0 result=MBC5
2026-09-10 23:09:45 I (249594) burner_web: GB prepared: mapper=MBC5 flash=33554432 usable=33554432 sector=131072 geom=uniform largest=131072 regions=1 buf=64 nor=amd cfi=ok id=C2 7E 22 01
2026-09-10 23:09:45 I (249684) burner_web: ROM verify: err=ESP_FAIL bytes=16384/65537 tf=2ms cart=34ms
2026-09-10 23:09:45 W (249786) burner_web: burn_task result: err=ESP_FAIL state=error processed=16384/65537 msg=verify mismatch @0x00004000 FE->FF
2026-09-10 23:09:45 I (249789) power_manager: CPU perf lock released by burn_task
2026-09-10 23:09:45 I (249793) burner_web: burn_task stack free min=11328 bytes
2026-09-10 23:09:46 I (251447) burner_web: PSRAM auto window: free=7539764 largest=7471104 reserve=262144 -> 6MB
2026-09-10 23:09:46 I (251449) power_manager: CPU perf lock acquired by burn_task
2026-09-10 23:09:47 I (251552) burner_web: MBC5 power rail: 3V3
2026-09-10 23:09:47 I (251653) burner_web: MBC5 ReadID trace begin t=250431264us
2026-09-10 23:09:47 I (251654) burner_web: MBC5 ReadID trace write addr=0x0AAA data=0xAA dt=1336us (0.001336s)
2026-09-10 23:09:47 I (251657) burner_web: MBC5 ReadID trace write addr=0x0555 data=0x55 dt=2388us (0.002388s)
2026-09-10 23:09:47 I (251665) burner_web: MBC5 ReadID trace write addr=0x0AAA data=0x90 dt=8256us (0.008256s)
2026-09-10 23:09:47 I (251673) burner_web: MBC5 ReadID trace read addr=0x0000 data=0xC2 dt=7851us (0.007851s)
2026-09-10 23:09:47 I (251681) burner_web: MBC5 ReadID trace read addr=0x0002 data=0x7E dt=8279us (0.008279s)
2026-09-10 23:09:47 I (251689) burner_web: MBC5 ReadID trace read addr=0x001C data=0x22 dt=7765us (0.007765s)
2026-09-10 23:09:47 I (251697) burner_web: MBC5 ReadID trace read addr=0x001E data=0x01 dt=7795us (0.007795s)
2026-09-10 23:09:47 I (251704) burner_web: MBC5 ReadID trace write addr=0x0000 data=0xF0 dt=7627us (0.007627s)
2026-09-10 23:09:47 I (251712) burner_web: MBC5 ReadID trace end status=ESP_OK total=59418us (0.059418s)
2026-09-10 23:09:47 I (251720) burner_web: MBC5 ID probe: id=C2 7E 22 01 chip=MX29GL256E/F flash=33554432 sector=131072 geom=uniform largest=131072 regions=1 buf=64 cmdset=amd
2026-09-10 23:09:47 I (251734) burner_web: GB mapper detect: bank0 fixed=0000 switch=4000 len=64 fixed=FF-FF-FF-FF switch=FF-FF-FF-FF eq=1 blank=0/0 result=MBC5
2026-09-10 23:09:47 I (251746) burner_web: GB prepared: mapper=MBC5 flash=33554432 usable=33554432 sector=131072 geom=uniform largest=131072 regions=1 buf=64 nor=amd cfi=ok id=C2 7E 22 01
2026-09-10 23:09:47 I (251815) burner_web: ROM verify: err=ESP_OK bytes=65537/65537 tf=9ms cart=34ms
2026-09-10 23:09:47 I (251918) burner_web: burn_task result: err=ESP_OK state=done processed=65537/65537 msg=verify finished
2026-09-10 23:09:47 I (251920) power_manager: CPU perf lock released by burn_task
2026-09-10 23:09:47 I (251922) burner_web: burn_task stack free min=12064 bytes
