2026-09-10 23:00:57 I (37426) burner_web: PSRAM auto window: free=7539716 largest=7471104 reserve=262144 -> 6MB
2026-09-10 23:00:57 I (37429) power_manager: CPU perf lock acquired by burn_task
2026-09-10 23:00:57 I (37631) burner_web: GBA D0/D1 swap detection starting...
2026-09-10 23:00:57 I (37632) burner_web: D0/D1 swap detection: entering CFI mode (word addr 0x055)
2026-09-10 23:00:57 I (37634) burner_web: D0/D1 swap detection: CFI 'QRY' detected (normal, low-byte lane) [010]=0051 [011]=0052 [012]=0059
2026-09-10 23:00:57 I (37645) burner_web: GBA D0/D1 swap detection: NORMAL (no swap), lane=low
2026-09-10 23:00:57 I (37651) burner_web: GBA ReadID trace begin t=36435961us
2026-09-10 23:00:57 I (37656) burner_web: GBA ReadID trace write addr=0x555 data=0x00AA dt=5020us (0.005020s)
2026-09-10 23:00:57 I (37664) burner_web: GBA ReadID trace write addr=0x2AA data=0x0055 dt=8267us (0.008267s)
2026-09-10 23:00:57 I (37672) burner_web: GBA ReadID trace write addr=0x555 data=0x0090 dt=8146us (0.008146s)
2026-09-10 23:00:57 I (37680) burner_web: GBA ReadID trace read addr=0x000 data=0x0001 dt=7647us (0.007647s)
2026-09-10 23:00:57 I (37688) burner_web: GBA ReadID trace read addr=0x001 data=0x227E dt=7834us (0.007834s)
2026-09-10 23:00:57 I (37695) burner_web: GBA ReadID trace read addr=0x00E data=0x2228 dt=7602us (0.007602s)
2026-09-10 23:00:57 I (37703) burner_web: GBA ReadID trace read addr=0x00F data=0x2201 dt=8038us (0.008038s)
2026-09-10 23:00:57 I (37711) burner_web: GBA ReadID trace write addr=0x000 data=0x00F0 dt=7674us (0.007674s)
2026-09-10 23:00:57 I (37719) burner_web: GBA ReadID trace end status=ESP_OK total=68159us (0.068159s)
2026-09-10 23:00:57 I (37726) burner_web: GBA word-address probe @40000000Hz try=1 id=01 00 7E 22 28 22 01 22 (candidate-id)
2026-09-10 23:00:57 I (37736) burner_web: GBA Intel ReadID trace begin t=36520796us
2026-09-10 23:00:57 I (37741) burner_web: GBA Intel ReadID trace write addr=0x000 data=0x0050 dt=5123us (0.005123s)
2026-09-10 23:00:57 I (37750) burner_web: GBA Intel ReadID trace write addr=0x000 data=0x00FF dt=8900us (0.008900s)
2026-09-10 23:00:57 I (37758) burner_web: GBA Intel ReadID trace write addr=0x000 data=0x0090 dt=8307us (0.008307s)
2026-09-10 23:00:57 I (37766) burner_web: GBA Intel ReadID trace read addr=0x000 data=0x002E dt=8532us (0.008532s)
2026-09-10 23:00:57 I (37775) burner_web: GBA Intel ReadID trace read addr=0x001 data=0xEA00 dt=8356us (0.008356s)
2026-09-10 23:00:57 I (37783) burner_web: GBA Intel ReadID trace read addr=0x00E data=0x52A3 dt=8408us (0.008408s)
2026-09-10 23:00:57 I (37791) burner_web: GBA Intel ReadID trace read addr=0x00F data=0x19BE dt=8037us (0.008037s)
2026-09-10 23:00:57 I (37800) burner_web: GBA Intel ReadID trace write addr=0x000 data=0x0050 dt=8582us (0.008582s)
2026-09-10 23:00:57 I (37808) burner_web: GBA Intel ReadID trace write addr=0x000 data=0x00FF dt=8178us (0.008178s)
2026-09-10 23:00:57 I (37817) burner_web: GBA Intel ReadID trace end status=ESP_OK total=81070us (0.081070s)
2026-09-10 23:00:57 I (37824) burner_web: GBA intel-id probe @40000000Hz try=1 id=2E 00 00 EA A3 52 BE 19 (candidate-id)
2026-09-10 23:00:57 I (37844) burner_web: GBA raw ID method scan summary @40000000Hz try=1: candidates=0 best=AMD standard
2026-09-10 23:00:57 I (37847) burner_web: GBA profile match @40000000Hz try=1: chip=S29GL01GP/GS profile=AGB:AMD:555/2AA:AA/55 cmdset=amd method=AMD standard
2026-09-10 23:00:57 I (37856) burner_web: GBA auto probe @40000000Hz try=1 id=01 00 7E 22 28 22 01 22 (candidate-id)
2026-09-10 23:00:57 I (37865) burner_web: GBA CFI ok in word-address mode @40000000Hz try=1: chip=S29GL01GP/GS profile=AGB:AMD:555/2AA:AA/55 flash=134217728 sector=131072 geom=uniform largest=131072 regions=1 buf=512 cmdset=amd lane=low primary=0x0002
2026-09-10 23:00:57 I (37885) burner_web: GBA AMD Bacon compatibility: keep flash size 134217728, use 32MB banked writes
2026-09-10 23:00:57 I (37894) burner_web: GBA AMD runtime commands: standard AMD source=AMD standard
2026-09-10 23:00:57 I (37900) burner_web: GBA prepared: chip=S29GL01GP/GS profile=AGB:AMD:555/2AA:AA/55 flash=134217728 sector=131072 geom=uniform largest=131072 regions=1 buf=512 prog_buf=512 cfi=ok nor=amd cmd=word-address low-lane id=01 00 7E 22 28 22 01 22
2026-09-10 23:00:57 I (37922) burner_web: GBA mapping: Bacon AMD 32MB-bank bank=32MB force_multi=0 range=0x00000000-0x00010000
2026-09-10 23:00:58 I (38006) burner_web: ROM verify: err=ESP_OK bytes=65537/65537 tf=12ms cart=49ms
2026-09-10 23:00:58 I (38108) burner_web: burn_task result: err=ESP_OK state=done processed=65537/65537 msg=verify finished
2026-09-10 23:00:58 I (38110) power_manager: CPU perf lock released by burn_task
2026-09-10 23:00:58 I (38113) burner_web: burn_task stack free min=11964 bytes
