2026-09-10 22:55:24 I (1284495) power_manager: CPU perf lock acquired by burn_task
2026-09-10 22:55:24 I (1284698) burner_web: GBA D0/D1 swap detection starting...
2026-09-10 22:55:24 I (1284700) burner_web: D0/D1 swap detection: entering CFI mode (word addr 0x055)
2026-09-10 22:55:24 I (1284702) burner_web: D0/D1 swap detection: CFI 'QRY' detected (normal, low-byte lane) [010]=0051 [011]=0052 [012]=0059
2026-09-10 22:55:24 I (1284713) burner_web: GBA D0/D1 swap detection: NORMAL (no swap), lane=low
2026-09-10 22:55:24 I (1284719) burner_web: GBA ReadID trace begin t=1283497191us
2026-09-10 22:55:24 I (1284724) burner_web: GBA ReadID trace write addr=0x555 data=0x00AA dt=5412us (0.005412s)
2026-09-10 22:55:24 I (1284733) burner_web: GBA ReadID trace write addr=0x2AA data=0x0055 dt=8207us (0.008207s)
2026-09-10 22:55:24 I (1284741) burner_web: GBA ReadID trace write addr=0x555 data=0x0090 dt=8238us (0.008238s)
2026-09-10 22:55:24 I (1284749) burner_web: GBA ReadID trace read addr=0x000 data=0x0001 dt=7905us (0.007905s)
2026-09-10 22:55:24 I (1284757) burner_web: GBA ReadID trace read addr=0x001 data=0x227E dt=8105us (0.008105s)
2026-09-10 22:55:24 I (1284765) burner_web: GBA ReadID trace read addr=0x00E data=0x2228 dt=8128us (0.008128s)
2026-09-10 22:55:24 I (1284773) burner_web: GBA ReadID trace read addr=0x00F data=0x2201 dt=7920us (0.007920s)
2026-09-10 22:55:24 I (1284781) burner_web: GBA ReadID trace write addr=0x000 data=0x00F0 dt=7786us (0.007786s)
2026-09-10 22:55:24 I (1284789) burner_web: GBA ReadID trace end status=ESP_OK total=69759us (0.069759s)
2026-09-10 22:55:24 I (1284796) burner_web: GBA word-address probe @40000000Hz try=1 id=01 00 7E 22 28 22 01 22 (candidate-id)
2026-09-10 22:55:24 I (1284806) burner_web: GBA Intel ReadID trace begin t=1283584015us
2026-09-10 22:55:24 I (1284812) burner_web: GBA Intel ReadID trace write addr=0x000 data=0x0050 dt=5766us (0.005766s)
2026-09-10 22:55:24 I (1284821) burner_web: GBA Intel ReadID trace write addr=0x000 data=0x00FF dt=8917us (0.008917s)
2026-09-10 22:55:24 I (1284829) burner_web: GBA Intel ReadID trace write addr=0x000 data=0x0090 dt=8346us (0.008346s)
2026-09-10 22:55:24 I (1284838) burner_web: GBA Intel ReadID trace read addr=0x000 data=0x002E dt=8742us (0.008742s)
2026-09-10 22:55:24 I (1284846) burner_web: GBA Intel ReadID trace read addr=0x001 data=0xEA00 dt=8317us (0.008317s)
2026-09-10 22:55:24 I (1284855) burner_web: GBA Intel ReadID trace read addr=0x00E data=0x52A3 dt=8622us (0.008622s)
2026-09-10 22:55:24 I (1284863) burner_web: GBA Intel ReadID trace read addr=0x00F data=0x19BE dt=8588us (0.008588s)
2026-09-10 22:55:24 I (1284872) burner_web: GBA Intel ReadID trace write addr=0x000 data=0x0050 dt=8485us (0.008485s)
2026-09-10 22:55:24 I (1284880) burner_web: GBA Intel ReadID trace write addr=0x000 data=0x00FF dt=8288us (0.008288s)
2026-09-10 22:55:24 I (1284889) burner_web: GBA Intel ReadID trace end status=ESP_OK total=82825us (0.082825s)
2026-09-10 22:55:24 I (1284897) burner_web: GBA intel-id probe @40000000Hz try=1 id=2E 00 00 EA A3 52 BE 19 (candidate-id)
2026-09-10 22:55:24 I (1284917) burner_web: GBA raw ID method scan summary @40000000Hz try=1: candidates=0 best=AMD standard
2026-09-10 22:55:24 I (1284920) burner_web: GBA profile match @40000000Hz try=1: chip=S29GL01GP/GS profile=AGB:AMD:555/2AA:AA/55 cmdset=amd method=AMD standard
2026-09-10 22:55:24 I (1284929) burner_web: GBA auto probe @40000000Hz try=1 id=01 00 7E 22 28 22 01 22 (candidate-id)
2026-09-10 22:55:24 I (1284938) burner_web: GBA CFI ok in word-address mode @40000000Hz try=1: chip=S29GL01GP/GS profile=AGB:AMD:555/2AA:AA/55 flash=134217728 sector=131072 geom=uniform largest=131072 regions=1 buf=512 cmdset=amd lane=low primary=0x0002
2026-09-10 22:55:24 I (1284958) burner_web: GBA AMD Bacon compatibility: keep flash size 134217728, use 32MB banked writes
2026-09-10 22:55:24 I (1284968) burner_web: GBA AMD runtime commands: standard AMD source=AMD standard
2026-09-10 22:55:24 I (1284974) burner_web: GBA prepared: chip=S29GL01GP/GS profile=AGB:AMD:555/2AA:AA/55 flash=134217728 sector=131072 geom=uniform largest=131072 regions=1 buf=512 prog_buf=512 cfi=ok nor=amd cmd=word-address low-lane id=01 00 7E 22 28 22 01 22
2026-09-10 22:55:24 I (1284996) burner_web: GBA mapping: Bacon AMD 32MB-bank bank=32MB force_multi=0 range=0x00000000-0x01FFFFFF
2026-09-10 22:55:48 I (1308083) burner_web: burn_task result: err=ESP_OK state=done processed=33554432/33554432 msg=verify finished
2026-09-10 22:55:48 I (1308085) power_manager: CPU perf lock released by burn_task
2026-09-10 22:55:48 I (1308089) burner_web: burn_task stack free min=11808 bytes
