2026-09-10 22:58:36 I (95) boot:  6 retro-core       OTA app          00 11 00ae0000
2026-09-10 22:58:36 @mori {"event":"ready","message":"Mori serial debug v1; type help"}
2026-09-10 22:58:36 I (1277) pm: Frequency switching config: CPU_MAX: 160, APB_MAX: 80, APB_MIN: 80, Light sleep: DISABLED
2026-09-10 22:58:36 I (1286) power_manager: CPU DFS enabled: idle=80MHz max=160MHz light_sleep=off
2026-09-10 22:58:36 I (1293) main: timezone configured: CST-8
2026-09-10 22:58:36 I (1297) main: boot step: mount assets
2026-09-10 22:58:36 I (1392) assets: mounted /assets: total=1438481 used=765550
2026-09-10 22:58:36 I (1393) main: boot step: mount sdcard
2026-09-10 22:58:36 I (1445) SDCARD: SD card mounted
2026-09-10 22:58:36 I (1446) SDCARD: Total: 59638MB
2026-09-10 22:58:36 W (1620) main: repaired legacy lang_zh_cn.ini
2026-09-10 22:58:36 I (3404) burner_web: burn config loaded: erase=smart write_path=psram recipe=chis psram_mb=auto mbc5_chunk=16 dump_chunk=64 voltage=3v3 settle=100ms cores=cpu1/cpu1/cpu1 ag32_link=cpld
2026-09-10 22:58:36 I (3410) main: GBX cache auto rebuild disabled; update manually from system menu
2026-09-10 22:58:36 I (3421) main: UI language=1 (zh)
2026-09-10 22:58:36 I (3429) main: boot step: init i2c peripherals
2026-09-10 22:58:36 W (3430) i2c.master: Please check pull-up resistances whether be connected properly. Otherwise unexpected behavior would happen. For more detailed information, please read docs
2026-09-10 22:58:36 I (3440) mori_i2c: I2C bus ready. SDA=18, SCL=8, freq=100000
2026-09-10 22:58:36 I (3448) axp209: AXP209 ready at 0x34, charge current fixed to 500mA
2026-09-10 22:58:36 I (3451) power_manager: detected AXP209 at 0x34
2026-09-10 22:58:36 I (3455) main: AXP209 power manager ready at 0x34
2026-09-10 22:58:36 I (3460) tca9555: TCA9555 ready at 0x20
2026-09-10 22:58:36 I (3468) main: tca9555.ini apply=0, skip register apply
2026-09-10 22:58:36 I (3470) main: TCA9555@0x20 input=0xFFFF cfg=0xEFFF
2026-09-10 22:58:36 I (3474) tca9555: IRQ enabled on GPIO 17
2026-09-10 22:58:36 I (3476) main: boot step: init usb msc manager
2026-09-10 22:58:36 I (3481) usb_msc_tf: USB MSC manager ready (default: disabled)
2026-09-10 22:58:36 I (3486) main: USB MSC manager ready, pass-through default is disabled
2026-09-10 22:58:36 I (3493) main: boot step: init nvs
2026-09-10 22:58:36 I (3524) main: boot step: init mcu debug
2026-09-10 22:58:36 I (3525) main: boot step: init lvgl/display
2026-09-10 22:58:36 I (3768) lcd_display: LCD init done (ST7789, 320x240, rot=270), pins CLK=6 MOSI=4 CS=5 DC=13 BK=14, bk_pwm=1
2026-09-10 22:58:36 I (3770) lvgl_port: draw_buf1 allocated in internal DMA (12800 bytes)
2026-09-10 22:58:36 I (3774) lvgl_port: using single LVGL draw buffer (20
2026-09-10 22:58:36 I (27070) burner_web: PSRAM auto window: free=7539712 largest=7471104 reserve=262144 -> 6MB
2026-09-10 22:58:36 I (27073) power_manager: CPU perf lock acquired by burn_task
2026-09-10 22:58:36 I (27074) burner_web: MCU SPI init: host=1 cs0=21 cs1=1 clk=47 miso=48 mosi=45 freq=40000000Hz
2026-09-10 22:58:36 I (27084) burner_web: MCU SPI ready: actual=40000000Hz dma_scratch_tx=16384 dma_scratch_rw=16384
2026-09-10 22:58:36 I (27292) burner_web: GBA D0/D1 swap detection starting...
2026-09-10 22:58:36 I (27294) burner_web: D0/D1 swap detection: entering CFI mode (word addr 0x055)
2026-09-10 22:58:36 I (27295) burner_web: D0/D1 swap detection: CFI 'QRY' detected (normal, low-byte lane) [010]=0051 [011]=0052 [012]=0059
2026-09-10 22:58:36 I (27306) burner_web: GBA D0/D1 swap detection: NORMAL (no swap), lane=low
2026-09-10 22:58:37 I (27312) burner_web: GBA ReadID trace begin t=26097261us
2026-09-10 22:58:37 I (27317) burner_web: GBA ReadID trace write addr=0x555 data=0x00AA dt=4907us (0.004907s)
2026-09-10 22:58:37 I (27325) burner_web: GBA ReadID trace write addr=0x2AA data=0x0055 dt=8312us (0.008312s)
2026-09-10 22:58:37 I (27333) burner_web: GBA ReadID trace write addr=0x555 data=0x0090 dt=7863us (0.007863s)
2026-09-10 22:58:37 I (27341) burner_web: GBA ReadID trace read addr=0x000 data=0x0001 dt=8123us (0.008123s)
2026-09-10 22:58:37 I (27349) burner_web: GBA ReadID trace read addr=0x001 data=0x227E dt=7807us (0.007807s)
2026-09-10 22:58:37 I (27357) burner_web: GBA ReadID trace read addr=0x00E data=0x2228 dt=7731us (0.007731s)
2026-09-10 22:58:37 I (27364) burner_web: GBA ReadID trace read addr=0x00F data=0x2201 dt=7666us (0.007666s)
2026-09-10 22:58:37 I (27372) burner_web: GBA ReadID trace write addr=0x000 data=0x00F0 dt=7974us (0.007974s)
2026-09-10 22:58:37 I (27380) burner_web: GBA ReadID trace end status=ESP_OK total=68166us (0.068166s)
2026-09-10 22:58:37 I (27388) burner_web: GBA word-address probe @40000000Hz try=1 id=01 00 7E 22 28 22 01 22 (candidate-id)
2026-09-10 22:58:37 I (27397) burner_web: GBA Intel ReadID trace begin t=26182093us
2026-09-10 22:58:37 I (27402) burner_web: GBA Intel ReadID trace write addr=0x000 data=0x0050 dt=5312us (0.005312s)
2026-09-10 22:58:37 I (27411) burner_web: GBA Intel ReadID trace write addr=0x000 data=0x00FF dt=8816us (0.008816s)
2026-09-10 22:58:37 I (27419) burner_web: GBA Intel ReadID trace write addr=0x000 data=0x0090 dt=8181us (0.008181s)
2026-09-10 22:58:37 I (27428) burner_web: GBA Intel ReadID trace read addr=0x000 data=0x002E dt=8590us (0.008590s)
2026-09-10 22:58:37 I (27436) burner_web: GBA Intel ReadID trace read addr=0x001 data=0xEA00 dt=8128us (0.008128s)
2026-09-10 22:58:37 I (27444) burner_web: GBA Intel ReadID trace read addr=0x00E data=0x52A3 dt=8488us (0.008488s)
2026-09-10 22:58:37 I (27453) burner_web: GBA Intel ReadID trace read addr=0x00F data=0x19BE dt=8357us (0.008357s)
2026-09-10 22:58:37 I (27461) burner_web: GBA Intel ReadID trace write addr=0x000 data=0x0050 dt=8520us (0.008520s)
2026-09-10 22:58:37 I (27469) burner_web: GBA Intel ReadID trace write addr=0x000 data=0x00FF dt=7931us (0.007931s)
2026-09-10 22:58:37 I (27478) burner_web: GBA Intel ReadID trace end status=ESP_OK total=80875us (0.080875s)
2026-09-10 22:58:37 I (27486) burner_web: GBA intel-id probe @40000000Hz try=1 id=2E 00 00 EA A3 52 BE 19 (candidate-id)
2026-09-10 22:58:37 I (27506) burner_web: GBA raw ID method scan summary @40000000Hz try=1: candidates=0 best=AMD standard
2026-09-10 22:58:37 I (27510) burner_web: GBA profile match @40000000Hz try=1: chip=S29GL01GP/GS profile=AGB:AMD:555/2AA:AA/55 cmdset=amd method=AMD standard
2026-09-10 22:58:37 I (27518) burner_web: GBA auto probe @40000000Hz try=1 id=01 00 7E 22 28 22 01 22 (candidate-id)
2026-09-10 22:58:37 I (27527) burner_web: GBA CFI ok in word-address mode @40000000Hz try=1: chip=S29GL01GP/GS profile=AGB:AMD:555/2AA:AA/55 flash=134217728 sector=131072 geom=uniform largest=131072 regions=1 buf=512 cmdset=amd lane=low primary=0x0002
2026-09-10 22:58:37 I (27547) burner_web: GBA AMD Bacon compatibility: keep flash size 134217728, use 32MB banked writes
2026-09-10 22:58:37 I (27556) burner_web: GBA AMD runtime commands: standard AMD source=AMD standard
2026-09-10 22:58:37 I (27562) burner_web: GBA prepared: chip=S29GL01GP/GS profile=AGB:AMD:555/2AA:AA/55 flash=134217728 sector=131072 geom=uniform largest=131072 regions=1 buf=512 prog_buf=512 cfi=ok nor=amd cmd=word-address low-lane id=01 00 7E 22 28 22 01 22
2026-09-10 22:58:37 I (27584) burner_web: GBA mapping: Bacon AMD 32MB-bank bank=32MB force_multi=0 range=0x00000000-0x0000FFFF
2026-09-10 22:58:37 I (27601) burner_web: ROM verify: err=ESP_ERR_NO_MEM bytes=0/65536 tf=0ms cart=0ms
2026-09-10 22:58:37 W (27703) burner_web: burn_task result: err=ESP_ERR_NO_MEM state=error processed=0/65536 msg=no DMA memory for verify
2026-09-10 22:58:37 I (27706) power_manager: CPU perf lock released by burn_task
2026-09-10 22:58:37 I (27709) burner_web: burn_task stack free min=11952 bytes
2026-09-10 23:00:54 I (95) boot:  6 retro-core       OTA app          00 11 00ae0000
2026-09-10 23:00:54 @mori {"event":"ready","message":"Mori serial debug v1; type help"}
2026-09-10 23:00:54 I (1277) pm: Frequency switching config: CPU_MAX: 160, APB_MAX: 80, APB_MIN: 80, Light sleep: DISABLED
2026-09-10 23:00:54 I (1286) power_manager: CPU DFS enabled: idle=80MHz max=160MHz light_sleep=off
2026-09-10 23:00:54 I (1293) main: timezone configured: CST-8
2026-09-10 23:00:54 I (1297) main: boot step: mount assets
2026-09-10 23:00:54 I (1392) assets: mounted /assets: total=1438481 used=765550
2026-09-10 23:00:54 I (1393) main: boot step: mount sdcard
2026-09-10 23:00:54 I (1445) SDCARD: SD card mounted
2026-09-10 23:00:54 I (1446) SDCARD: Total: 59638MB
2026-09-10 23:00:54 W (1604) main: repaired legacy lang_zh_cn.ini
2026-09-10 23:00:54 I (3385) burner_web: burn config loaded: erase=smart write_path=psram recipe=chis psram_mb=auto mbc5_chunk=16 dump_chunk=64 voltage=3v3 settle=100ms cores=cpu1/cpu1/cpu1 ag32_link=cpld
2026-09-10 23:00:54 I (3391) main: GBX cache auto rebuild disabled; update manually from system menu
2026-09-10 23:00:54 I (3402) main: UI language=1 (zh)
2026-09-10 23:00:54 I (3410) main: boot step: init i2c peripherals
2026-09-10 23:00:54 W (3411) i2c.master: Please check pull-up resistances whether be connected properly. Otherwise unexpected behavior would happen. For more detailed information, please read docs
2026-09-10 23:00:54 I (3421) mori_i2c: I2C bus ready. SDA=18, SCL=8, freq=100000
2026-09-10 23:00:54 I (3429) axp209: AXP209 ready at 0x34, charge current fixed to 500mA
2026-09-10 23:00:54 I (3432) power_manager: detected AXP209 at 0x34
2026-09-10 23:00:54 I (3436) main: AXP209 power manager ready at 0x34
2026-09-10 23:00:54 I (3441) tca9555: TCA9555 ready at 0x20
2026-09-10 23:00:54 I (3449) main: tca9555.ini apply=0, skip register apply
2026-09-10 23:00:54 I (3451) main: TCA9555@0x20 input=0xFFFF cfg=0xEFFF
2026-09-10 23:00:54 I (3454) tca9555: IRQ enabled on GPIO 17
2026-09-10 23:00:54 I (3457) main: boot step: init usb msc manager
2026-09-10 23:00:54 I (3461) usb_msc_tf: USB MSC manager ready (default: disabled)
2026-09-10 23:00:54 I (3467) main: USB MSC manager ready, pass-through default is disabled
2026-09-10 23:00:54 I (3473) main: boot step: init nvs
2026-09-10 23:00:54 I (3505) main: boot step: init mcu debug
2026-09-10 23:00:54 I (3506) main: boot step: init lvgl/display
2026-09-10 23:00:54 I (3749) lcd_display: LCD init done (ST7789, 320x240, rot=270), pins CLK=6 MOSI=4 CS=5 DC=13 BK=14, bk_pwm=1
2026-09-10 23:00:54 I (3751) lvgl_port: draw_buf1 allocated in internal DMA (12800 bytes)
2026-09-10 23:00:54 I (3755) lvgl_port: using single LVGL draw buffer (20
2026-09-10 23:00:54 I (34798) burner_web: PSRAM auto window: free=7539704 largest=7471104 reserve=262144 -> 6MB
2026-09-10 23:00:54 I (34800) power_manager: CPU perf lock acquired by burn_task
2026-09-10 23:00:54 I (34802) burner_web: MCU SPI init: host=1 cs0=21 cs1=1 clk=47 miso=48 mosi=45 freq=40000000Hz
2026-09-10 23:00:54 I (34812) burner_web: MCU SPI ready: actual=40000000Hz dma_scratch_tx=16384 dma_scratch_rw=16384
2026-09-10 23:00:55 I (35019) burner_web: GBA D0/D1 swap detection starting...
2026-09-10 23:00:55 I (35021) burner_web: D0/D1 swap detection: entering CFI mode (word addr 0x055)
2026-09-10 23:00:55 I (35022) burner_web: D0/D1 swap detection: CFI 'QRY' detected (normal, low-byte lane) [010]=0051 [011]=0052 [012]=0059
2026-09-10 23:00:55 I (35033) burner_web: GBA D0/D1 swap detection: NORMAL (no swap), lane=low
2026-09-10 23:00:55 I (35039) burner_web: GBA ReadID trace begin t=33824297us
2026-09-10 23:00:55 I (35044) burner_web: GBA ReadID trace write addr=0x555 data=0x00AA dt=5107us (0.005107s)
2026-09-10 23:00:55 I (35052) burner_web: GBA ReadID trace write addr=0x2AA data=0x0055 dt=8270us (0.008270s)
2026-09-10 23:00:55 I (35060) burner_web: GBA ReadID trace write addr=0x555 data=0x0090 dt=7747us (0.007747s)
2026-09-10 23:00:55 I (35068) burner_web: GBA ReadID trace read addr=0x000 data=0x0001 dt=7839us (0.007839s)
2026-09-10 23:00:55 I (35076) burner_web: GBA ReadID trace read addr=0x001 data=0x227E dt=8021us (0.008021s)
2026-09-10 23:00:55 I (35084) burner_web: GBA ReadID trace read addr=0x00E data=0x2228 dt=7805us (0.007805s)
2026-09-10 23:00:55 I (35092) burner_web: GBA ReadID trace read addr=0x00F data=0x2201 dt=7665us (0.007665s)
2026-09-10 23:00:55 I (35099) burner_web: GBA ReadID trace write addr=0x000 data=0x00F0 dt=7763us (0.007763s)
2026-09-10 23:00:55 I (35107) burner_web: GBA ReadID trace end status=ESP_OK total=67986us (0.067986s)
2026-09-10 23:00:55 I (35115) burner_web: GBA word-address probe @40000000Hz try=1 id=01 00 7E 22 28 22 01 22 (candidate-id)
2026-09-10 23:00:55 I (35124) burner_web: GBA Intel ReadID trace begin t=33909012us
2026-09-10 23:00:55 I (35129) burner_web: GBA Intel ReadID trace write addr=0x000 data=0x0050 dt=5305us (0.005305s)
2026-09-10 23:00:55 I (35138) burner_web: GBA Intel ReadID trace write addr=0x000 data=0x00FF dt=8611us (0.008611s)
2026-09-10 23:00:55 I (35146) burner_web: GBA Intel ReadID trace write addr=0x000 data=0x0090 dt=8591us (0.008591s)
2026-09-10 23:00:55 I (35155) burner_web: GBA Intel ReadID trace read addr=0x000 data=0x002E dt=8269us (0.008269s)
2026-09-10 23:00:55 I (35163) burner_web: GBA Intel ReadID trace read addr=0x001 data=0xEA00 dt=8580us (0.008580s)
2026-09-10 23:00:55 I (35171) burner_web: GBA Intel ReadID trace read addr=0x00E data=0x52A3 dt=8157us (0.008157s)
2026-09-10 23:00:55 I (35180) burner_web: GBA Intel ReadID trace read addr=0x00F data=0x19BE dt=8385us (0.008385s)
2026-09-10 23:00:55 I (35188) burner_web: GBA Intel ReadID trace write addr=0x000 data=0x0050 dt=8210us (0.008210s)
2026-09-10 23:00:55 I (35196) burner_web: GBA Intel ReadID trace write addr=0x000 data=0x00FF dt=8371us (0.008371s)
2026-09-10 23:00:55 I (35205) burner_web: GBA Intel ReadID trace end status=ESP_OK total=80803us (0.080803s)
2026-09-10 23:00:55 I (35213) burner_web: GBA intel-id probe @40000000Hz try=1 id=2E 00 00 EA A3 52 BE 19 (candidate-id)
2026-09-10 23:00:55 I (35233) burner_web: GBA raw ID method scan summary @40000000Hz try=1: candidates=0 best=AMD standard
2026-09-10 23:00:55 I (35236) burner_web: GBA profile match @40000000Hz try=1: chip=S29GL01GP/GS profile=AGB:AMD:555/2AA:AA/55 cmdset=amd method=AMD standard
2026-09-10 23:00:55 I (35245) burner_web: GBA auto probe @40000000Hz try=1 id=01 00 7E 22 28 22 01 22 (candidate-id)
2026-09-10 23:00:55 I (35253) burner_web: GBA CFI ok in word-address mode @40000000Hz try=1: chip=S29GL01GP/GS profile=AGB:AMD:555/2AA:AA/55 flash=134217728 sector=131072 geom=uniform largest=131072 regions=1 buf=512 cmdset=amd lane=low primary=0x0002
2026-09-10 23:00:55 I (35274) burner_web: GBA AMD Bacon compatibility: keep flash size 134217728, use 32MB banked writes
2026-09-10 23:00:55 I (35282) burner_web: GBA AMD runtime commands: standard AMD source=AMD standard
2026-09-10 23:00:55 I (35289) burner_web: GBA prepared: chip=S29GL01GP/GS profile=AGB:AMD:555/2AA:AA/55 flash=134217728 sector=131072 geom=uniform largest=131072 regions=1 buf=512 prog_buf=512 cfi=ok nor=amd cmd=word-address low-lane id=01 00 7E 22 28 22 01 22
2026-09-10 23:00:55 I (35310) burner_web: GBA mapping: Bacon AMD 32MB-bank bank=32MB force_multi=0 range=0x00000000-0x0000FFFF
2026-09-10 23:00:55 I (35352) burner_web: ROM verify: err=ESP_FAIL bytes=189/65536 tf=1ms cart=22ms
2026-09-10 23:00:55 W (35454) burner_web: burn_task result: err=ESP_FAIL state=error processed=189/65536 msg=verify mismatch @0x000000BD 57->56
2026-09-10 23:00:55 I (35456) power_manager: CPU perf lock released by burn_task
2026-09-10 23:00:55 I (35461) burner_web: burn_task stack free min=11964 bytes
