2026-09-10 23:01:26 I (66566) burner_web: PSRAM auto window: free=7539736 largest=7471104 reserve=262144 -> 6MB
2026-09-10 23:01:26 I (66572) power_manager: CPU perf lock acquired by burn_task
2026-09-10 23:01:26 I (66777) burner_web: GBA D0/D1 swap detection starting...
2026-09-10 23:01:26 I (66779) burner_web: D0/D1 swap detection: entering CFI mode (word addr 0x055)
2026-09-10 23:01:26 I (66780) burner_web: D0/D1 swap detection: CFI 'QRY' detected (normal, low-byte lane) [010]=0051 [011]=0052 [012]=0059
2026-09-10 23:01:26 I (66791) burner_web: GBA D0/D1 swap detection: NORMAL (no swap), lane=low
2026-09-10 23:01:26 I (66797) burner_web: GBA ReadID trace begin t=65582401us
2026-09-10 23:01:26 I (66802) burner_web: GBA ReadID trace write addr=0x555 data=0x00AA dt=4945us (0.004945s)
2026-09-10 23:01:26 I (66811) burner_web: GBA ReadID trace write addr=0x2AA data=0x0055 dt=8449us (0.008449s)
2026-09-10 23:01:26 I (66818) burner_web: GBA ReadID trace write addr=0x555 data=0x0090 dt=7710us (0.007710s)
2026-09-10 23:01:26 I (66826) burner_web: GBA ReadID trace read addr=0x000 data=0x0001 dt=8013us (0.008013s)
2026-09-10 23:01:26 I (66834) burner_web: GBA ReadID trace read addr=0x001 data=0x227E dt=7516us (0.007516s)
2026-09-10 23:01:26 I (66842) burner_web: GBA ReadID trace read addr=0x00E data=0x2228 dt=8130us (0.008130s)
2026-09-10 23:01:26 I (66849) burner_web: GBA ReadID trace read addr=0x00F data=0x2201 dt=7515us (0.007515s)
2026-09-10 23:01:26 I (66857) burner_web: GBA ReadID trace write addr=0x000 data=0x00F0 dt=7998us (0.007998s)
2026-09-10 23:01:26 I (66865) burner_web: GBA ReadID trace end status=ESP_OK total=68047us (0.068047s)
2026-09-10 23:01:26 I (66873) burner_web: GBA word-address probe @40000000Hz try=1 id=01 00 7E 22 28 22 01 22 (candidate-id)
2026-09-10 23:01:26 I (66882) burner_web: GBA Intel ReadID trace begin t=65667044us
2026-09-10 23:01:26 I (66887) burner_web: GBA Intel ReadID trace write addr=0x000 data=0x0050 dt=5366us (0.005366s)
2026-09-10 23:01:26 I (66896) burner_web: GBA Intel ReadID trace write addr=0x000 data=0x00FF dt=8749us (0.008749s)
2026-09-10 23:01:26 I (66904) burner_web: GBA Intel ReadID trace write addr=0x000 data=0x0090 dt=8459us (0.008459s)
2026-09-10 23:01:26 I (66913) burner_web: GBA Intel ReadID trace read addr=0x000 data=0x002E dt=8498us (0.008498s)
2026-09-10 23:01:26 I (66921) burner_web: GBA Intel ReadID trace read addr=0x001 data=0xEA00 dt=8330us (0.008330s)
2026-09-10 23:01:27 I (66929) burner_web: GBA Intel ReadID trace read addr=0x00E data=0x52A3 dt=8070us (0.008070s)
2026-09-10 23:01:27 I (66938) burner_web: GBA Intel ReadID trace read addr=0x00F data=0x19BE dt=8624us (0.008624s)
2026-09-10 23:01:27 I (66946) burner_web: GBA Intel ReadID trace write addr=0x000 data=0x0050 dt=8129us (0.008129s)
2026-09-10 23:01:27 I (66955) burner_web: GBA Intel ReadID trace write addr=0x000 data=0x00FF dt=8448us (0.008448s)
2026-09-10 23:01:27 I (66963) burner_web: GBA Intel ReadID trace end status=ESP_OK total=81009us (0.081009s)
2026-09-10 23:01:27 I (66971) burner_web: GBA intel-id probe @40000000Hz try=1 id=2E 00 00 EA A3 52 BE 19 (candidate-id)
2026-09-10 23:01:27 I (66990) burner_web: GBA raw ID method scan summary @40000000Hz try=1: candidates=0 best=AMD standard
2026-09-10 23:01:27 I (66994) burner_web: GBA profile match @40000000Hz try=1: chip=S29GL01GP/GS profile=AGB:AMD:555/2AA:AA/55 cmdset=amd method=AMD standard
2026-09-10 23:01:27 I (67002) burner_web: GBA auto probe @40000000Hz try=1 id=01 00 7E 22 28 22 01 22 (candidate-id)
2026-09-10 23:01:27 I (67011) burner_web: GBA CFI ok in word-address mode @40000000Hz try=1: chip=S29GL01GP/GS profile=AGB:AMD:555/2AA:AA/55 flash=134217728 sector=131072 geom=uniform largest=131072 regions=1 buf=512 cmdset=amd lane=low primary=0x0002
2026-09-10 23:01:27 I (67031) burner_web: GBA AMD Bacon compatibility: keep flash size 134217728, use 32MB banked writes
2026-09-10 23:01:27 I (67040) burner_web: GBA AMD runtime commands: standard AMD source=AMD standard
2026-09-10 23:01:27 I (67047) burner_web: GBA prepared: chip=S29GL01GP/GS profile=AGB:AMD:555/2AA:AA/55 flash=134217728 sector=131072 geom=uniform largest=131072 regions=1 buf=512 prog_buf=512 cfi=ok nor=amd cmd=word-address low-lane id=01 00 7E 22 28 22 01 22
2026-09-10 23:01:27 I (67068) burner_web: GBA mapping: Bacon AMD 32MB-bank bank=32MB force_multi=0 range=0x00000000-0x01FFFFFF
2026-09-10 23:01:51 I (91673) burner_web: ROM verify: err=ESP_OK bytes=33554432/33554432 tf=5457ms cart=17757ms
2026-09-10 23:01:51 I (91775) burner_web: burn_task result: err=ESP_OK state=done processed=33554432/33554432 msg=verify finished
2026-09-10 23:01:51 I (91777) power_manager: CPU perf lock released by burn_task
2026-09-10 23:01:51 I (91780) burner_web: burn_task stack free min=11960 bytes
