2026-09-10 22:52:41 I (1121896) power_manager: CPU perf lock acquired by burn_task
2026-09-10 22:52:42 I (1122099) burner_web: GBA D0/D1 swap detection starting...
2026-09-10 22:52:42 I (1122101) burner_web: D0/D1 swap detection: entering CFI mode (word addr 0x055)
2026-09-10 22:52:42 I (1122102) burner_web: D0/D1 swap detection: CFI 'QRY' detected (normal, low-byte lane) [010]=0051 [011]=0052 [012]=0059
2026-09-10 22:52:42 I (1122114) burner_web: GBA D0/D1 swap detection: NORMAL (no swap), lane=low
2026-09-10 22:52:42 I (1122120) burner_web: GBA ReadID trace begin t=1120898023us
2026-09-10 22:52:42 I (1122125) burner_web: GBA ReadID trace write addr=0x555 data=0x00AA dt=5496us (0.005496s)
2026-09-10 22:52:42 I (1122134) burner_web: GBA ReadID trace write addr=0x2AA data=0x0055 dt=8277us (0.008277s)
2026-09-10 22:52:42 I (1122142) burner_web: GBA ReadID trace write addr=0x555 data=0x0090 dt=8011us (0.008011s)
2026-09-10 22:52:42 I (1122150) burner_web: GBA ReadID trace read addr=0x000 data=0x0001 dt=8000us (0.008000s)
2026-09-10 22:52:42 I (1122158) burner_web: GBA ReadID trace read addr=0x001 data=0x227E dt=8036us (0.008036s)
2026-09-10 22:52:42 I (1122166) burner_web: GBA ReadID trace read addr=0x00E data=0x2228 dt=7862us (0.007862s)
2026-09-10 22:52:42 I (1122174) burner_web: GBA ReadID trace read addr=0x00F data=0x2201 dt=8356us (0.008356s)
2026-09-10 22:52:42 I (1122182) burner_web: GBA ReadID trace write addr=0x000 data=0x00F0 dt=7852us (0.007852s)
2026-09-10 22:52:42 I (1122190) burner_web: GBA ReadID trace end status=ESP_OK total=69733us (0.069733s)
2026-09-10 22:52:42 I (1122197) burner_web: GBA word-address probe @40000000Hz try=1 id=01 00 7E 22 28 22 01 22 (candidate-id)
2026-09-10 22:52:42 I (1122207) burner_web: GBA Intel ReadID trace begin t=1120984786us
2026-09-10 22:52:42 I (1122212) burner_web: GBA Intel ReadID trace write addr=0x000 data=0x0050 dt=5552us (0.005552s)
2026-09-10 22:52:42 I (1122221) burner_web: GBA Intel ReadID trace write addr=0x000 data=0x00FF dt=9314us (0.009314s)
2026-09-10 22:52:42 I (1122230) burner_web: GBA Intel ReadID trace write addr=0x000 data=0x0090 dt=8409us (0.008409s)
2026-09-10 22:52:42 I (1122238) burner_web: GBA Intel ReadID trace read addr=0x000 data=0x002E dt=8491us (0.008491s)
2026-09-10 22:52:42 I (1122247) burner_web: GBA Intel ReadID trace read addr=0x001 data=0xEA00 dt=8576us (0.008576s)
2026-09-10 22:52:42 I (1122255) burner_web: GBA Intel ReadID trace read addr=0x00E data=0x52A3 dt=8405us (0.008405s)
2026-09-10 22:52:42 I (1122264) burner_web: GBA Intel ReadID trace read addr=0x00F data=0x19BE dt=8497us (0.008497s)
2026-09-10 22:52:42 I (1122273) burner_web: GBA Intel ReadID trace write addr=0x000 data=0x0050 dt=8711us (0.008711s)
2026-09-10 22:52:42 I (1122281) burner_web: GBA Intel ReadID trace write addr=0x000 data=0x00FF dt=8368us (0.008368s)
2026-09-10 22:52:42 I (1122289) burner_web: GBA Intel ReadID trace end status=ESP_OK total=82899us (0.082899s)
2026-09-10 22:52:42 I (1122298) burner_web: GBA intel-id probe @40000000Hz try=1 id=2E 00 00 EA A3 52 BE 19 (candidate-id)
2026-09-10 22:52:42 I (1122318) burner_web: GBA raw ID method scan summary @40000000Hz try=1: candidates=0 best=AMD standard
2026-09-10 22:52:42 I (1122322) burner_web: GBA profile match @40000000Hz try=1: chip=S29GL01GP/GS profile=AGB:AMD:555/2AA:AA/55 cmdset=amd method=AMD standard
2026-09-10 22:52:42 I (1122330) burner_web: GBA auto probe @40000000Hz try=1 id=01 00 7E 22 28 22 01 22 (candidate-id)
2026-09-10 22:52:42 I (1122339) burner_web: GBA CFI ok in word-address mode @40000000Hz try=1: chip=S29GL01GP/GS profile=AGB:AMD:555/2AA:AA/55 flash=134217728 sector=131072 geom=uniform largest=131072 regions=1 buf=512 cmdset=amd lane=low primary=0x0002
2026-09-10 22:52:42 I (1122359) burner_web: GBA AMD Bacon compatibility: keep flash size 134217728, use 32MB banked writes
2026-09-10 22:52:42 I (1122369) burner_web: GBA AMD runtime commands: standard AMD source=AMD standard
2026-09-10 22:52:42 I (1122375) burner_web: GBA prepared: chip=S29GL01GP/GS profile=AGB:AMD:555/2AA:AA/55 flash=134217728 sector=131072 geom=uniform largest=131072 regions=1 buf=512 prog_buf=512 cfi=ok nor=amd cmd=word-address low-lane id=01 00 7E 22 28 22 01 22
2026-09-10 22:52:42 I (1122397) burner_web: GBA mapping: Bacon AMD 32MB-bank bank=32MB force_multi=0 range=0x00000000-0x01FFFFFF
2026-09-10 22:53:07 I (1147635) burner_web: burn_task result: err=ESP_OK state=done processed=33554432/33554432 msg=verify finished
2026-09-10 22:53:07 I (1147637) power_manager: CPU perf lock released by burn_task
2026-09-10 22:53:07 I (1147640) burner_web: burn_task stack free min=11808 bytes
2026-09-10 22:54:06 I (1206151) power_manager: CPU perf lock acquired by burn_task
2026-09-10 22:54:06 I (1206354) burner_web: GBA D0/D1 swap detection starting...
2026-09-10 22:54:06 I (1206356) burner_web: D0/D1 swap detection: entering CFI mode (word addr 0x055)
2026-09-10 22:54:06 I (1206357) burner_web: D0/D1 swap detection: CFI 'QRY' detected (normal, low-byte lane) [010]=0051 [011]=0052 [012]=0059
2026-09-10 22:54:06 I (1206369) burner_web: GBA D0/D1 swap detection: NORMAL (no swap), lane=low
2026-09-10 22:54:06 I (1206375) burner_web: GBA ReadID trace begin t=1205152980us
2026-09-10 22:54:06 I (1206380) burner_web: GBA ReadID trace write addr=0x555 data=0x00AA dt=5330us (0.005330s)
2026-09-10 22:54:06 I (1206388) burner_web: GBA ReadID trace write addr=0x2AA data=0x0055 dt=8382us (0.008382s)
2026-09-10 22:54:06 I (1206396) burner_web: GBA ReadID trace write addr=0x555 data=0x0090 dt=7826us (0.007826s)
2026-09-10 22:54:06 I (1206405) burner_web: GBA ReadID trace read addr=0x000 data=0x0001 dt=8303us (0.008303s)
2026-09-10 22:54:06 I (1206412) burner_web: GBA ReadID trace read addr=0x001 data=0x227E dt=7785us (0.007785s)
2026-09-10 22:54:06 I (1206421) burner_web: GBA ReadID trace read addr=0x00E data=0x2228 dt=8417us (0.008417s)
2026-09-10 22:54:06 I (1206429) burner_web: GBA ReadID trace read addr=0x00F data=0x2201 dt=7718us (0.007718s)
2026-09-10 22:54:06 I (1206437) burner_web: GBA ReadID trace write addr=0x000 data=0x00F0 dt=8048us (0.008048s)
2026-09-10 22:54:06 I (1206444) burner_web: GBA ReadID trace end status=ESP_OK total=69589us (0.069589s)
2026-09-10 22:54:06 I (1206452) burner_web: GBA word-address probe @40000000Hz try=1 id=01 00 7E 22 28 22 01 22 (candidate-id)
2026-09-10 22:54:06 I (1206461) burner_web: GBA Intel ReadID trace begin t=1205239619us
2026-09-10 22:54:06 I (1206467) burner_web: GBA Intel ReadID trace write addr=0x000 data=0x0050 dt=5864us (0.005864s)
2026-09-10 22:54:06 I (1206476) burner_web: GBA Intel ReadID trace write addr=0x000 data=0x00FF dt=8863us (0.008863s)
2026-09-10 22:54:06 I (1206485) burner_web: GBA Intel ReadID trace write addr=0x000 data=0x0090 dt=8609us (0.008609s)
2026-09-10 22:54:06 I (1206493) burner_web: GBA Intel ReadID trace read addr=0x000 data=0x002E dt=8411us (0.008411s)
2026-09-10 22:54:06 I (1206502) burner_web: GBA Intel ReadID trace read addr=0x001 data=0xEA00 dt=8591us (0.008591s)
2026-09-10 22:54:06 I (1206510) burner_web: GBA Intel ReadID trace read addr=0x00E data=0x52A3 dt=8443us (0.008443s)
2026-09-10 22:54:06 I (1206519) burner_web: GBA Intel ReadID trace read addr=0x00F data=0x19BE dt=8573us (0.008573s)
2026-09-10 22:54:06 I (1206528) burner_web: GBA Intel ReadID trace write addr=0x000 data=0x0050 dt=8829us (0.008829s)
2026-09-10 22:54:06 I (1206536) burner_web: GBA Intel ReadID trace write addr=0x000 data=0x00FF dt=8246us (0.008246s)
2026-09-10 22:54:06 I (1206544) burner_web: GBA Intel ReadID trace end status=ESP_OK total=82976us (0.082976s)
2026-09-10 22:54:06 I (1206552) burner_web: GBA intel-id probe @40000000Hz try=1 id=2E 00 00 EA A3 52 BE 19 (candidate-id)
2026-09-10 22:54:06 I (1206573) burner_web: GBA raw ID method scan summary @40000000Hz try=1: candidates=0 best=AMD standard
2026-09-10 22:54:06 I (1206576) burner_web: GBA profile match @40000000Hz try=1: chip=S29GL01GP/GS profile=AGB:AMD:555/2AA:AA/55 cmdset=amd method=AMD standard
2026-09-10 22:54:06 I (1206585) burner_web: GBA auto probe @40000000Hz try=1 id=01 00 7E 22 28 22 01 22 (candidate-id)
2026-09-10 22:54:06 I (1206594) burner_web: GBA CFI ok in word-address mode @40000000Hz try=1: chip=S29GL01GP/GS profile=AGB:AMD:555/2AA:AA/55 flash=134217728 sector=131072 geom=uniform largest=131072 regions=1 buf=512 cmdset=amd lane=low primary=0x0002
2026-09-10 22:54:06 I (1206614) burner_web: GBA AMD Bacon compatibility: keep flash size 134217728, use 32MB banked writes
2026-09-10 22:54:06 I (1206623) burner_web: GBA AMD runtime commands: standard AMD source=AMD standard
2026-09-10 22:54:06 I (1206630) burner_web: GBA prepared: chip=S29GL01GP/GS profile=AGB:AMD:555/2AA:AA/55 flash=134217728 sector=131072 geom=uniform largest=131072 regions=1 buf=512 prog_buf=512 cfi=ok nor=amd cmd=word-address low-lane id=01 00 7E 22 28 22 01 22
2026-09-10 22:54:06 I (1206652) burner_web: GBA mapping: Bacon AMD 32MB-bank bank=32MB force_multi=0 range=0x00000000-0x01FFFFFF
2026-09-10 22:54:40 I (1240107) burner_web: burn_task result: err=ESP_OK state=done processed=33554432/33554432 msg=verify finished
2026-09-10 22:54:40 I (1240109) power_manager: CPU perf lock released by burn_task
2026-09-10 22:54:40 I (1240113) burner_web: burn_task stack free min=11808 bytes
