2026-09-11 00:22:38 I (717972) burner_web: PSRAM auto window: free=7523380 largest=7471104 reserve=262144 -> 6MB
2026-09-11 00:22:38 I (718079) burner_web: MBC5 power rail: 3V3
2026-09-11 00:22:38 I (718181) burner_web: MBC5 ReadID trace begin t=716966787us
2026-09-11 00:22:38 I (718183) burner_web: MBC5 ReadID trace write addr=0x0AAA data=0xAA dt=2452us (0.002452s)
2026-09-11 00:22:38 I (718187) burner_web: MBC5 ReadID trace write addr=0x0555 data=0x55 dt=3671us (0.003671s)
2026-09-11 00:22:38 I (718195) burner_web: MBC5 ReadID trace write addr=0x0AAA data=0x90 dt=7930us (0.007930s)
2026-09-11 00:22:38 I (718201) burner_web: MBC5 ReadID trace read addr=0x0000 data=0xC2 dt=6592us (0.006592s)
2026-09-11 00:22:38 I (718210) burner_web: MBC5 ReadID trace read addr=0x0002 data=0x7E dt=8611us (0.008611s)
2026-09-11 00:22:38 I (718217) burner_web: MBC5 ReadID trace read addr=0x001C data=0x22 dt=7596us (0.007596s)
2026-09-11 00:22:38 I (718224) burner_web: MBC5 ReadID trace read addr=0x001E data=0x01 dt=6959us (0.006959s)
2026-09-11 00:22:38 I (718233) burner_web: MBC5 ReadID trace write addr=0x0000 data=0xF0 dt=8752us (0.008752s)
2026-09-11 00:22:38 I (718241) burner_web: MBC5 ReadID trace end status=ESP_OK total=60394us (0.060394s)
2026-09-11 00:22:38 I (718249) burner_web: MBC5 ID probe: id=C2 7E 22 01 chip=MX29GL256E/F flash=33554432 sector=131072 geom=uniform largest=131072 regions=1 buf=64 cmdset=amd
2026-09-11 00:22:38 I (718266) power_manager: CPU perf lock acquired by burn_task
2026-09-11 00:22:38 I (718373) burner_web: MBC5 power rail: 3V3
2026-09-11 00:22:38 I (718474) burner_web: MBC5 ReadID trace begin t=717260287us
2026-09-11 00:22:38 I (718475) burner_web: MBC5 ReadID trace write addr=0x0AAA data=0xAA dt=1363us (0.001363s)
2026-09-11 00:22:38 I (718478) burner_web: MBC5 ReadID trace write addr=0x0555 data=0x55 dt=2518us (0.002518s)
2026-09-11 00:22:38 I (718486) burner_web: MBC5 ReadID trace write addr=0x0AAA data=0x90 dt=8306us (0.008306s)
2026-09-11 00:22:38 I (718494) burner_web: MBC5 ReadID trace read addr=0x0000 data=0xC2 dt=7901us (0.007901s)
2026-09-11 00:22:38 I (718502) burner_web: MBC5 ReadID trace read addr=0x0002 data=0x7E dt=7785us (0.007785s)
2026-09-11 00:22:38 I (718510) burner_web: MBC5 ReadID trace read addr=0x001C data=0x22 dt=7990us (0.007990s)
2026-09-11 00:22:38 I (718518) burner_web: MBC5 ReadID trace read addr=0x001E data=0x01 dt=7954us (0.007954s)
2026-09-11 00:22:38 I (718526) burner_web: MBC5 ReadID trace write addr=0x0000 data=0xF0 dt=7702us (0.007702s)
2026-09-11 00:22:38 I (718534) burner_web: MBC5 ReadID trace end status=ESP_OK total=59504us (0.059504s)
2026-09-11 00:22:38 I (718541) burner_web: MBC5 ID probe: id=C2 7E 22 01 chip=MX29GL256E/F flash=33554432 sector=131072 geom=uniform largest=131072 regions=1 buf=64 cmdset=amd
2026-09-11 00:22:38 I (718556) burner_web: GB mapper detect: bank0 fixed=0000 switch=4000 len=64 fixed=FF-FF-FF-FF switch=FF-FF-FF-FF eq=1 blank=0/0 result=MBC5
2026-09-11 00:22:38 I (718567) burner_web: GB prepared: mapper=MBC5 flash=33554432 usable=33554432 sector=131072 geom=uniform largest=131072 regions=1 buf=64 nor=amd cfi=ok id=C2 7E 22 01
2026-09-11 00:25:36 W (896042) burner_web: burn_task result: err=ESP_ERR_INVALID_STATE state=cancelled processed=8781824/33554432 msg=task cancelled
2026-09-11 00:25:36 I (896044) power_manager: CPU perf lock released by burn_task
2026-09-11 00:25:36 I (896049) burner_web: burn_task stack free min=11892 bytes
