2026-09-11 01:21:21 @mori {"event":"status","version":"v2.32.113","uptime_ms":3070145,"internal_free":72927,"internal_largest":31744,"psram_free":7523436,"burn_running":false,"patch_running":false,"cancel_requested":false,"phase":"waitcnt","detail":"literal references","offset":9256960,"total":9256960,"passes":11,"read_bytes":39462588,"read_ms":8745,"elapsed_ms":20034,"result":0,"ag32_link":"auto","ag32_link_active":"unknown","ag32_capabilities":0,"ag32_capabilities_known":false}
2026-09-11 01:21:21 @mori {"event":"ui","process_calls":151688,"render_calls":9823,"music_polls":26510,"model_bytes":15352,"directory_scans":2,"cache_hits":0,"page":19,"selected":0,"count":22,"preview_generation":2,"file_worker_stack_free":10160,"file_start_active":false,"preview_active":false,"preview_done":false,"preview_available":false,"screen_dimmed":true,"selection":"","status":"burner done: verify finished"}
2026-09-11 01:21:21 @mori {"event":"key","message":"b"}
2026-09-11 01:21:21 @mori {"event":"ui","process_calls":151698,"render_calls":9823,"music_polls":26511,"model_bytes":15352,"directory_scans":2,"cache_hits":0,"page":19,"selected":0,"count":22,"preview_generation":2,"file_worker_stack_free":10160,"file_start_active":false,"preview_active":false,"preview_done":false,"preview_available":false,"screen_dimmed":false,"selection":"","status":"burner done: verify finished"}
2026-09-11 01:21:21 @mori {"event":"ui","process_calls":151700,"render_calls":9823,"music_polls":26512,"model_bytes":15352,"directory_scans":2,"cache_hits":0,"page":19,"selected":0,"count":22,"preview_generation":2,"file_worker_stack_free":10160,"file_start_active":false,"preview_active":false,"preview_done":false,"preview_available":false,"screen_dimmed":false,"selection":"","status":"burner done: verify finished"}
2026-09-11 01:21:21 @mori {"event":"key","message":"b"}
2026-09-11 01:21:21 @mori {"event":"ui","process_calls":151704,"render_calls":9825,"music_polls":26513,"model_bytes":15352,"directory_scans":2,"cache_hits":0,"page":14,"selected":0,"count":2,"preview_generation":2,"file_worker_stack_free":10160,"file_start_active":false,"preview_active":false,"preview_done":false,"preview_available":false,"screen_dimmed":false,"selection":"","status":"就绪"}
2026-09-11 01:21:21 @mori {"event":"key","message":"b"}
2026-09-11 01:21:21 @mori {"event":"ui","process_calls":151710,"render_calls":9831,"music_polls":26514,"model_bytes":15352,"directory_scans":2,"cache_hits":0,"page":0,"selected":3,"count":5,"preview_generation":2,"file_worker_stack_free":10160,"file_start_active":false,"preview_active":false,"preview_done":false,"preview_available":false,"screen_dimmed":false,"selection":"烧录器","status":"就绪"}
2026-09-11 01:21:21 @mori {"event":"ui","process_calls":151712,"render_calls":9833,"music_polls":26514,"model_bytes":15352,"directory_scans":2,"cache_hits":0,"page":0,"selected":3,"count":5,"preview_generation":2,"file_worker_stack_free":10160,"file_start_active":false,"preview_active":false,"preview_done":false,"preview_available":false,"screen_dimmed":false,"selection":"烧录器","status":"就绪"}
2026-09-11 01:21:21 @mori {"event":"key","message":"a"}
2026-09-11 01:21:21 @mori {"event":"ui","process_calls":151717,"render_calls":9838,"music_polls":26515,"model_bytes":15352,"directory_scans":2,"cache_hits":0,"page":14,"selected":0,"count":2,"preview_generation":2,"file_worker_stack_free":10160,"file_start_active":false,"preview_active":false,"preview_done":false,"preview_available":false,"screen_dimmed":false,"selection":"","status":"就绪"}
2026-09-11 01:21:22 @mori {"event":"key","message":"a"}
2026-09-11 01:21:22 @mori {"event":"ui","process_calls":151723,"render_calls":9844,"music_polls":26515,"model_bytes":15352,"directory_scans":2,"cache_hits":0,"page":15,"selected":0,"count":3,"preview_generation":2,"file_worker_stack_free":10160,"file_start_active":false,"preview_active":false,"preview_done":false,"preview_available":false,"screen_dimmed":false,"selection":"分析卡带","status":"请先分析卡带"}
2026-09-11 01:21:22 @mori {"event":"key","message":"a"}
2026-09-11 01:21:22 @mori {"event":"ui","process_calls":151726,"render_calls":9847,"music_polls":26517,"model_bytes":15352,"directory_scans":2,"cache_hits":0,"page":15,"selected":0,"count":3,"preview_generation":2,"file_worker_stack_free":10160,"file_start_active":false,"preview_active":false,"preview_done":false,"preview_available":false,"screen_dimmed":false,"selection":"分析卡带","status":"analyzing cart"}
2026-09-11 01:21:22 @mori {"event":"ui","process_calls":151727,"render_calls":9848,"music_polls":26517,"model_bytes":15352,"directory_scans":2,"cache_hits":0,"page":15,"selected":0,"count":3,"preview_generation":2,"file_worker_stack_free":10160,"file_start_active":false,"preview_active":false,"preview_done":false,"preview_available":false,"screen_dimmed":false,"selection":"分析卡带","status":"analyzing cart"}
2026-09-11 01:21:22 I (3072456) burner_web: GBA D0/D1 swap detection starting...
2026-09-11 01:21:22 I (3072457) burner_web: D0/D1 swap detection: entering CFI mode (word addr 0x055)
2026-09-11 01:21:22 I (3072459) burner_web: D0/D1 swap detection: CFI 'QRY' detected (normal, low-byte lane) [010]=0051 [011]=0052 [012]=0059
2026-09-11 01:21:22 I (3072470) burner_web: GBA D0/D1 swap detection: NORMAL (no swap), lane=low
2026-09-11 01:21:22 I (3072477) burner_web: GBA ReadID trace begin t=3071262729us
2026-09-11 01:21:22 I (3072482) burner_web: GBA ReadID trace write addr=0x555 data=0x00AA dt=5418us (0.005418s)
2026-09-11 01:21:22 I (3072491) burner_web: GBA ReadID trace write addr=0x2AA data=0x0055 dt=8565us (0.008565s)
2026-09-11 01:21:22 I (3072498) burner_web: GBA ReadID trace write addr=0x555 data=0x0090 dt=7955us (0.007955s)
2026-09-11 01:21:22 I (3072507) burner_web: GBA ReadID trace read addr=0x000 data=0x0001 dt=8154us (0.008154s)
2026-09-11 01:21:22 I (3072515) burner_web: GBA ReadID trace read addr=0x001 data=0x227E dt=7957us (0.007957s)
2026-09-11 01:21:22 I (3072523) burner_web: GBA ReadID trace read addr=0x00E data=0x2228 dt=7979us (0.007979s)
2026-09-11 01:21:22 I (3072531) burner_web: GBA ReadID trace read addr=0x00F data=0x2201 dt=7947us (0.007947s)
2026-09-11 01:21:22 I (3072538) burner_web: GBA ReadID trace write addr=0x000 data=0x00F0 dt=7929us (0.007929s)
2026-09-11 01:21:22 I (3072547) burner_web: GBA ReadID trace end status=ESP_OK total=69978us (0.069978s)
2026-09-11 01:21:22 I (3072554) burner_web: GBA word-address probe @40000000Hz try=1 id=01 00 7E 22 28 22 01 22 (candidate-id)
2026-09-11 01:21:22 I (3072564) burner_web: GBA Intel ReadID trace begin t=3071349732us
2026-09-11 01:21:22 I (3072569) burner_web: GBA Intel ReadID trace write addr=0x000 data=0x0050 dt=5643us (0.005643s)
2026-09-11 01:21:22 I (3072578) burner_web: GBA Intel ReadID trace write addr=0x000 data=0x00FF dt=9046us (0.009046s)
2026-09-11 01:21:22 I (3072587) burner_web: GBA Intel ReadID trace write addr=0x000 data=0x0090 dt=8447us (0.008447s)
2026-09-11 01:21:22 I (3072595) burner_web: GBA Intel ReadID trace read addr=0x000 data=0x002E dt=8681us (0.008681s)
2026-09-11 01:21:22 I (3072604) burner_web: GBA Intel ReadID trace read addr=0x001 data=0xEA00 dt=8319us (0.008319s)
2026-09-11 01:21:22 I (3072612) burner_web: GBA Intel ReadID trace read addr=0x00E data=0x52A3 dt=8656us (0.008656s)
2026-09-11 01:21:22 I (3072621) burner_web: GBA Intel ReadID trace read addr=0x00F data=0x19BE dt=8590us (0.008590s)
2026-09-11 01:21:22 I (3072629) burner_web: GBA Intel ReadID trace write addr=0x000 data=0x0050 dt=8487us (0.008487s)
2026-09-11 01:21:22 I (3072638) burner_web: GBA Intel ReadID trace write addr=0x000 data=0x00FF dt=8418us (0.008418s)
2026-09-11 01:21:22 @mori {"event":"ui","process_calls":151732,"render_calls":9853,"music_polls":26519,"model_bytes":15352,"directory_scans":2,"cache_hits":0,"page":15,"selected":0,"count":3,"preview_generation":2,"file_worker_stack_free":10160,"file_start_active":false,"preview_active":false,"preview_done":false,"preview_available":false,"screen_dimmed":false,"selection":"分析卡带","status":"analyzing cart"}
2026-09-11 01:21:22 I (3072646) burner_web: GBA Intel ReadID trace end status=ESP_OK total=82801us (0.082801s)
2026-09-11 01:21:22 I (3072690) burner_web: GBA intel-id probe @40000000Hz try=1 id=2E 00 00 EA A3 52 BE 19 (candidate-id)
2026-09-11 01:21:22 I (3072710) burner_web: GBA raw ID method scan summary @40000000Hz try=1: candidates=0 best=AMD standard
2026-09-11 01:21:22 I (3072713) burner_web: GBA profile match @40000000Hz try=1: chip=S29GL01GP/GS profile=AGB:AMD:555/2AA:AA/55 cmdset=amd method=AMD standard
2026-09-11 01:21:22 I (3072722) burner_web: GBA auto probe @40000000Hz try=1 id=01 00 7E 22 28 22 01 22 (candidate-id)
2026-09-11 01:21:22 I (3072731) burner_web: GBA CFI ok in word-address mode @40000000Hz try=1: chip=S29GL01GP/GS profile=AGB:AMD:555/2AA:AA/55 flash=134217728 sector=131072 geom=uniform largest=131072 regions=1 buf=512 cmdset=amd lane=low primary=0x0002
2026-09-11 01:21:22 @mori {"event":"ui","process_calls":151740,"render_calls":9861,"music_polls":26521,"model_bytes":15352,"directory_scans":2,"cache_hits":0,"page":15,"selected":0,"count":3,"preview_generation":2,"file_worker_stack_free":10160,"file_start_active":false,"preview_active":false,"preview_done":false,"preview_available":false,"screen_dimmed":false,"selection":"分析卡带","status":"analyzing cart"}
2026-09-11 01:21:22 I (3072938) ui: UI probe task stack free min=9600 bytes
2026-09-11 01:21:23 @mori {"event":"ui","process_calls":151744,"render_calls":9865,"music_polls":26523,"model_bytes":15352,"directory_scans":2,"cache_hits":0,"page":15,"selected":1,"count":9,"preview_generation":2,"file_worker_stack_free":10160,"file_start_active":false,"preview_active":false,"preview_done":false,"preview_available":false,"screen_dimmed":false,"selection":"ROM: 选择文件","status":"GBA ID 01 00 7E 22 CFI"}
2026-09-11 01:21:23 @mori {"event":"ui","process_calls":151745,"render_calls":9866,"music_polls":26523,"model_bytes":15352,"directory_scans":2,"cache_hits":0,"page":15,"selected":1,"count":9,"preview_generation":2,"file_worker_stack_free":10160,"file_start_active":false,"preview_active":false,"preview_done":false,"preview_available":false,"screen_dimmed":false,"selection":"ROM: 选择文件","status":"GBA ID 01 00 7E 22 CFI"}
2026-09-11 01:21:23 @mori {"event":"key","message":"down"}
2026-09-11 01:21:23 @mori {"event":"ui","process_calls":151749,"render_calls":9870,"music_polls":26524,"model_bytes":15352,"directory_scans":2,"cache_hits":0,"page":15,"selected":2,"count":9,"preview_generation":2,"file_worker_stack_free":10160,"file_start_active":false,"preview_active":false,"preview_done":false,"preview_available":false,"screen_dimmed":false,"selection":"ROM: 写入","status":"GBA ID 01 00 7E 22 CFI"}
2026-09-11 01:21:23 @mori {"event":"key","message":"down"}
2026-09-11 01:21:23 @mori {"event":"ui","process_calls":151753,"render_calls":9874,"music_polls":26526,"model_bytes":15352,"directory_scans":2,"cache_hits":0,"page":15,"selected":3,"count":9,"preview_generation":2,"file_worker_stack_free":10160,"file_start_active":false,"preview_active":false,"preview_done":false,"preview_available":false,"screen_dimmed":false,"selection":"ROM: 校验","status":"GBA ID 01 00 7E 22 CFI"}
2026-09-11 01:21:23 @mori {"event":"key","message":"down"}
2026-09-11 01:21:23 @mori {"event":"ui","process_calls":151757,"render_calls":9878,"music_polls":26527,"model_bytes":15352,"directory_scans":2,"cache_hits":0,"page":15,"selected":4,"count":9,"preview_generation":2,"file_worker_stack_free":10160,"file_start_active":false,"preview_active":false,"preview_done":false,"preview_available":false,"screen_dimmed":false,"selection":"ROM: 读取","status":"GBA ID 01 00 7E 22 CFI"}
2026-09-11 01:21:23 @mori {"event":"key","message":"down"}
2026-09-11 01:21:23 @mori {"event":"ui","process_calls":151762,"render_calls":9883,"music_polls":26528,"model_bytes":15352,"directory_scans":2,"cache_hits":0,"page":15,"selected":5,"count":9,"preview_generation":2,"file_worker_stack_free":10160,"file_start_active":false,"preview_active":false,"preview_done":false,"preview_available":false,"screen_dimmed":false,"selection":"ROM: 整片擦除","status":"GBA ID 01 00 7E 22 CFI"}
2026-09-11 01:21:23 @mori {"event":"key","message":"down"}
2026-09-11 01:21:23 @mori {"event":"ui","process_calls":151765,"render_calls":9886,"music_polls":26529,"model_bytes":15352,"directory_scans":2,"cache_hits":0,"page":15,"selected":6,"count":9,"preview_generation":2,"file_worker_stack_free":10160,"file_start_active":false,"preview_active":false,"preview_done":false,"preview_available":false,"screen_dimmed":false,"selection":"ROM: 解锁PPB","status":"GBA ID 01 00 7E 22 CFI"}
2026-09-11 01:21:23 @mori {"event":"key","message":"down"}
2026-09-11 01:21:24 @mori {"event":"ui","process_calls":151769,"render_calls":9890,"music_polls":26531,"model_bytes":15352,"directory_scans":2,"cache_hits":0,"page":15,"selected":7,"count":9,"preview_generation":2,"file_worker_stack_free":10160,"file_start_active":false,"preview_active":false,"preview_done":false,"preview_available":false,"screen_dimmed":false,"selection":"烧录方式","status":"GBA ID 01 00 7E 22 CFI"}
2026-09-11 01:21:24 @mori {"event":"key","message":"down"}
2026-09-11 01:21:24 @mori {"event":"ui","process_calls":151773,"render_calls":9894,"music_polls":26532,"model_bytes":15352,"directory_scans":2,"cache_hits":0,"page":15,"selected":8,"count":9,"preview_generation":2,"file_worker_stack_free":10160,"file_start_active":false,"preview_active":false,"preview_done":false,"preview_available":false,"screen_dimmed":false,"selection":"设置","status":"GBA ID 01 00 7E 22 CFI"}
2026-09-11 01:21:24 @mori {"event":"key","message":"a"}
2026-09-11 01:21:24 @mori {"event":"ui","process_calls":151776,"render_calls":9897,"music_polls":26533,"model_bytes":15352,"directory_scans":2,"cache_hits":0,"page":15,"selected":0,"count":4,"preview_generation":2,"file_worker_stack_free":10160,"file_start_active":false,"preview_active":false,"preview_done":false,"preview_available":false,"screen_dimmed":false,"selection":"Write method","status":"GBA ID 01 00 7E 22 CFI"}
2026-09-11 01:21:24 @mori {"event":"key","message":"b"}
2026-09-11 01:21:24 @mori {"event":"ui","process_calls":151779,"render_calls":9900,"music_polls":26535,"model_bytes":15352,"directory_scans":2,"cache_hits":0,"page":15,"selected":8,"count":9,"preview_generation":2,"file_worker_stack_free":10160,"file_start_active":false,"preview_active":false,"preview_done":false,"preview_available":false,"screen_dimmed":false,"selection":"设置","status":"GBA ID 01 00 7E 22 CFI"}
2026-09-11 01:21:24 @mori {"event":"key","message":"b"}
2026-09-11 01:21:24 @mori {"event":"ui","process_calls":151781,"render_calls":9902,"music_polls":26535,"model_bytes":15352,"directory_scans":2,"cache_hits":0,"page":14,"selected":0,"count":2,"preview_generation":2,"file_worker_stack_free":10160,"file_start_active":false,"preview_active":false,"preview_done":false,"preview_available":false,"screen_dimmed":false,"selection":"","status":"GBA ID 01 00 7E 22 CFI"}
2026-09-11 01:21:24 @mori {"event":"key","message":"b"}
2026-09-11 01:21:24 @mori {"event":"ui","process_calls":151786,"render_calls":9907,"music_polls":26537,"model_bytes":15352,"directory_scans":2,"cache_hits":0,"page":0,"selected":3,"count":5,"preview_generation":2,"file_worker_stack_free":10160,"file_start_active":false,"preview_active":false,"preview_done":false,"preview_available":false,"screen_dimmed":false,"selection":"烧录器","status":"GBA ID 01 00 7E 22 CFI"}
2026-09-11 01:21:24 @mori {"event":"status","version":"v2.32.113","uptime_ms":3073719,"internal_free":72927,"internal_largest":31744,"psram_free":7523436,"burn_running":false,"patch_running":false,"cancel_requested":false,"phase":"waitcnt","detail":"literal references","offset":9256960,"total":9256960,"passes":11,"read_bytes":39462588,"read_ms":8745,"elapsed_ms":20034,"result":0,"ag32_link":"auto","ag32_link_active":"cpld","ag32_capabilities":0,"ag32_capabilities_known":false}
