2026-09-11 00:32:59 I (95) boot:  6 retro-core       OTA app          00 11 00ae0000
2026-09-11 00:32:59 @mori {"event":"ready","message":"Mori serial debug v1; type help"}
2026-09-11 00:32:59 I (1276) pm: Frequency switching config: CPU_MAX: 160, APB_MAX: 80, APB_MIN: 80, Light sleep: DISABLED
2026-09-11 00:32:59 I (1285) power_manager: CPU DFS enabled: idle=80MHz max=160MHz light_sleep=off
2026-09-11 00:32:59 I (1292) main: timezone configured: CST-8
2026-09-11 00:32:59 I (1296) main: boot step: mount assets
2026-09-11 00:32:59 I (1391) assets: mounted /assets: total=1438481 used=759777
2026-09-11 00:32:59 I (1392) main: boot step: mount sdcard
2026-09-11 00:32:59 I (1444) SDCARD: SD card mounted
2026-09-11 00:32:59 I (1445) SDCARD: Total: 59638MB
2026-09-11 00:32:59 W (1615) main: repaired legacy lang_zh_cn.ini
2026-09-11 00:32:59 I (3450) burner_web: burn config loaded: erase=smart write_path=psram recipe=chis psram_mb=auto mbc5_chunk=16 dump_chunk=64 voltage=3v3 settle=100ms cores=cpu1/cpu1/cpu1 ag32_link=cpld
2026-09-11 00:32:59 I (3456) main: GBX cache auto rebuild disabled; update manually from system menu
2026-09-11 00:32:59 I (3467) main: UI language=1 (zh)
2026-09-11 00:32:59 I (3475) main: boot step: init i2c peripherals
2026-09-11 00:32:59 W (3476) i2c.master: Please check pull-up resistances whether be connected properly. Otherwise unexpected behavior would happen. For more detailed information, please read docs
2026-09-11 00:32:59 I (3486) mori_i2c: I2C bus ready. SDA=18, SCL=8, freq=100000
2026-09-11 00:32:59 I (3494) axp209: AXP209 ready at 0x34, charge current fixed to 500mA
2026-09-11 00:32:59 I (3497) power_manager: detected AXP209 at 0x34
2026-09-11 00:32:59 I (3501) main: AXP209 power manager ready at 0x34
2026-09-11 00:32:59 I (3506) tca9555: TCA9555 ready at 0x20
2026-09-11 00:32:59 I (3514) main: tca9555.ini apply=0, skip register apply
2026-09-11 00:32:59 I (3516) main: TCA9555@0x20 input=0xFFFF cfg=0xEFFF
2026-09-11 00:32:59 I (3519) tca9555: IRQ enabled on GPIO 17
2026-09-11 00:32:59 I (3522) main: boot step: init usb msc manager
2026-09-11 00:32:59 I (3526) usb_msc_tf: USB MSC manager ready (default: disabled)
2026-09-11 00:32:59 I (3532) main: USB MSC manager ready, pass-through default is disabled
2026-09-11 00:32:59 I (3539) main: boot step: init nvs
2026-09-11 00:32:59 I (3570) main: boot step: init mcu debug
2026-09-11 00:32:59 I (3571) main: boot step: init lvgl/display
2026-09-11 00:32:59 I (3814) lcd_display: LCD init done (ST7789, 320x240, rot=270), pins CLK=6 MOSI=4 CS=5 DC=13 BK=14, bk_pwm=1
2026-09-11 00:32:59 I (3816) lvgl_port: draw_buf1 allocated in internal DMA (12800 bytes)
2026-09-11 00:32:59 I (3820) lvgl_port: using single LVGL draw buffer (20
2026-09-11 00:32:59 I (170040) burner_web: PSRAM auto window: free=7523352 largest=7471104 reserve=262144 -> 6MB
2026-09-11 00:32:59 I (170047) burner_web: MCU SPI init: host=1 cs0=21 cs1=1 clk=47 miso=48 mosi=45 freq=40000000Hz
2026-09-11 00:32:59 I (170050) burner_web: MCU SPI ready: actual=40000000Hz dma_scratch_tx=16384 dma_scratch_rw=16384
2026-09-11 00:33:00 I (170156) burner_web: MBC5 power rail: 3V3
2026-09-11 00:33:00 I (170258) burner_web: MBC5 ReadID trace begin t=169043763us
2026-09-11 00:33:00 I (170260) burner_web: MBC5 ReadID trace write addr=0x0AAA data=0xAA dt=2500us (0.002500s)
2026-09-11 00:33:00 I (170264) burner_web: MBC5 ReadID trace write addr=0x0555 data=0x55 dt=3654us (0.003654s)
2026-09-11 00:33:00 I (170271) burner_web: MBC5 ReadID trace write addr=0x0AAA data=0x90 dt=7003us (0.007003s)
2026-09-11 00:33:00 I (170280) burner_web: MBC5 ReadID trace read addr=0x0000 data=0xC2 dt=8842us (0.008842s)
2026-09-11 00:33:00 I (170287) burner_web: MBC5 ReadID trace read addr=0x0002 data=0x7E dt=7808us (0.007808s)
2026-09-11 00:33:00 I (170296) burner_web: MBC5 ReadID trace read addr=0x001C data=0x22 dt=8588us (0.008588s)
2026-09-11 00:33:00 I (170302) burner_web: MBC5 ReadID trace read addr=0x001E data=0x01 dt=6384us (0.006384s)
2026-09-11 00:33:00 I (170310) burner_web: MBC5 ReadID trace write addr=0x0000 data=0xF0 dt=7797us (0.007797s)
2026-09-11 00:33:00 I (170319) burner_web: MBC5 ReadID trace end status=ESP_OK total=61305us (0.061305s)
2026-09-11 00:33:00 I (170327) burner_web: MBC5 ID probe: id=C2 7E 22 01 chip=MX29GL256E/F flash=33554432 sector=131072 geom=uniform largest=131072 regions=1 buf=64 cmdset=amd
2026-09-11 00:33:00 I (170341) power_manager: CPU perf lock acquired by burn_task
2026-09-11 00:33:00 I (170449) burner_web: MBC5 power rail: 3V3
2026-09-11 00:33:00 I (170550) burner_web: MBC5 ReadID trace begin t=169336267us
2026-09-11 00:33:00 I (170551) burner_web: MBC5 ReadID trace write addr=0x0AAA data=0xAA dt=1424us (0.001424s)
2026-09-11 00:33:00 I (170554) burner_web: MBC5 ReadID trace write addr=0x0555 data=0x55 dt=2741us (0.002741s)
2026-09-11 00:33:00 I (170562) burner_web: MBC5 ReadID trace write addr=0x0AAA data=0x90 dt=7978us (0.007978s)
2026-09-11 00:33:00 I (170570) burner_web: MBC5 ReadID trace read addr=0x0000 data=0xC2 dt=7971us (0.007971s)
2026-09-11 00:33:00 I (170578) burner_web: MBC5 ReadID trace read addr=0x0002 data=0x7E dt=7783us (0.007783s)
2026-09-11 00:33:00 I (170586) burner_web: MBC5 ReadID trace read addr=0x001C data=0x22 dt=7990us (0.007990s)
2026-09-11 00:33:00 I (170594) burner_web: MBC5 ReadID trace read addr=0x001E data=0x01 dt=7926us (0.007926s)
2026-09-11 00:33:00 I (170602) burner_web: MBC5 ReadID trace write addr=0x0000 data=0xF0 dt=7844us (0.007844s)
2026-09-11 00:33:00 I (170609) burner_web: MBC5 ReadID trace end status=ESP_OK total=59413us (0.059413s)
2026-09-11 00:33:00 I (170617) burner_web: MBC5 ID probe: id=C2 7E 22 01 chip=MX29GL256E/F flash=33554432 sector=131072 geom=uniform largest=131072 regions=1 buf=64 cmdset=amd
2026-09-11 00:33:00 I (170631) burner_web: GB mapper detect: bank0 fixed=0000 switch=4000 len=64 fixed=FF-FF-FF-FF switch=FF-FF-FF-FF eq=1 blank=0/0 result=MBC5
2026-09-11 00:33:00 I (170642) burner_web: GB prepared: mapper=MBC5 flash=33554432 usable=33554432 sector=131072 geom=uniform largest=131072 regions=1 buf=64 nor=amd cfi=ok id=C2 7E 22 01
2026-09-11 00:35:03 W (293143) httpd_txrx: httpd_resp_send_custom_err: 409 Conflict - cartridge task is running
2026-09-11 00:37:36 I (446471) burner_web: ROM verify: err=ESP_OK bytes=33554432/33554432 tf=4255ms cart=17463ms
2026-09-11 00:37:36 I (446474) burner_web: burn_task result: err=ESP_OK state=done processed=33554432/33554432 msg=burn finished
2026-09-11 00:37:36 I (446480) power_manager: CPU perf lock released by burn_task
2026-09-11 00:37:36 I (446485) burner_web: burn_task stack free min=11892 bytes
2026-09-11 00:37:37 I (447583) burner_web: PSRAM auto window: free=7523372 largest=7471104 reserve=262144 -> 6MB
2026-09-11 00:37:37 I (447585) power_manager: CPU perf lock acquired by burn_task
2026-09-11 00:37:37 I (447687) burner_web: MBC5 power rail: 3V3
2026-09-11 00:37:37 I (447788) burner_web: MBC5 ReadID trace begin t=446574260us
2026-09-11 00:37:37 I (447789) burner_web: MBC5 ReadID trace write addr=0x0AAA data=0xAA dt=1363us (0.001363s)
2026-09-11 00:37:37 I (447792) burner_web: MBC5 ReadID trace write addr=0x0555 data=0x55 dt=2753us (0.002753s)
2026-09-11 00:37:37 I (447800) burner_web: MBC5 ReadID trace write addr=0x0AAA data=0x90 dt=8082us (0.008082s)
2026-09-11 00:37:37 I (447808) burner_web: MBC5 ReadID trace read addr=0x0000 data=0xC2 dt=7893us (0.007893s)
2026-09-11 00:37:37 I (447816) burner_web: MBC5 ReadID trace read addr=0x0002 data=0x7E dt=7985us (0.007985s)
2026-09-11 00:37:37 I (447824) burner_web: MBC5 ReadID trace read addr=0x001C data=0x22 dt=7587us (0.007587s)
2026-09-11 00:37:37 I (447832) burner_web: MBC5 ReadID trace read addr=0x001E data=0x01 dt=8061us (0.008061s)
2026-09-11 00:37:37 I (447840) burner_web: MBC5 ReadID trace write addr=0x0000 data=0xF0 dt=7722us (0.007722s)
2026-09-11 00:37:37 I (447847) burner_web: MBC5 ReadID trace end status=ESP_OK total=59375us (0.059375s)
2026-09-11 00:37:37 I (447855) burner_web: MBC5 ID probe: id=C2 7E 22 01 chip=MX29GL256E/F flash=33554432 sector=131072 geom=uniform largest=131072 regions=1 buf=64 cmdset=amd
2026-09-11 00:37:37 I (447869) burner_web: GB mapper detect: bank0 fixed=0000 switch=4000 len=64 fixed=FF-FF-FF-FF switch=FF-FF-FF-FF eq=1 blank=0/0 result=MBC5
2026-09-11 00:37:37 I (447880) burner_web: GB prepared: mapper=MBC5 flash=33554432 usable=33554432 sector=131072 geom=uniform largest=131072 regions=1 buf=64 nor=amd cfi=ok id=C2 7E 22 01
2026-09-11 00:38:01 I (471336) burner_web: ROM verify: err=ESP_OK bytes=33554432/33554432 tf=4216ms cart=17420ms
2026-09-11 00:38:01 I (471338) burner_web: burn_task result: err=ESP_OK state=done processed=33554432/33554432 msg=verify finished
2026-09-11 00:38:01 I (471345) power_manager: CPU perf lock released by burn_task
2026-09-11 00:38:01 I (471350) burner_web: burn_task stack free min=12040 bytes
