2026-09-11 00:54:40
2026-09-11 00:54:40 @mori {"event":"patch_started","message":"patch and save new ROM"}
2026-09-11 00:54:40
2026-09-11 00:54:40 @mori {"event":"patch_done","result":-1,"error":"open rom for patch plan failed","elapsed_ms":41,"save_type":"","sram":false,"batteryless":false,"waitcnt_count":0,"output_size":0}
2026-09-11 01:04:33
2026-09-11 01:04:33 @mori {"event":"patch_started","message":"patch and save new ROM"}
2026-09-11 01:04:35
2026-09-11 01:04:35 @mori {"event":"status","version":"v2.32.113","uptime_ms":2064677,"internal_free":47751,"internal_largest":15360,"psram_free":7440488,"burn_running":false,"patch_running":true,"cancel_requested":false,"phase":"sram_identifier","detail":"all save types (one pass)","offset":1966080,"total":16777216,"passes":2,"read_bytes":1966080,"read_ms":1674,"elapsed_ms":2025,"result":0,"ag32_link":"cpld","ag32_link_active":"cpld","ag32_capabilities":0,"ag32_capabilities_known":false}
2026-09-11 01:04:38
2026-09-11 01:04:38 @mori {"event":"status","version":"v2.32.113","uptime_ms":2066749,"internal_free":47751,"internal_largest":15360,"psram_free":7440488,"burn_running":false,"patch_running":true,"cancel_requested":false,"phase":"sram_identifier","detail":"all save types (one pass)","offset":4161536,"total":16777216,"passes":2,"read_bytes":4161536,"read_ms":3496,"elapsed_ms":4097,"result":0,"ag32_link":"cpld","ag32_link_active":"cpld","ag32_capabilities":0,"ag32_capabilities_known":false}
2026-09-11 01:04:40
2026-09-11 01:04:40 @mori {"event":"status","version":"v2.32.113","uptime_ms":2068782,"internal_free":48267,"internal_largest":15360,"psram_free":7440488,"burn_running":false,"patch_running":true,"cancel_requested":false,"phase":"sram_identifier","detail":"all save types (one pass)","offset":6258688,"total":16777216,"passes":2,"read_bytes":6258688,"read_ms":5279,"elapsed_ms":6130,"result":0,"ag32_link":"cpld","ag32_link_active":"cpld","ag32_capabilities":0,"ag32_capabilities_known":false}
2026-09-11 01:04:42
2026-09-11 01:04:42 @mori {"event":"status","version":"v2.32.113","uptime_ms":2070820,"internal_free":47751,"internal_largest":15360,"psram_free":7440488,"burn_running":false,"patch_running":true,"cancel_requested":false,"phase":"sram_identifier","detail":"all save types (one pass)","offset":8388608,"total":16777216,"passes":2,"read_bytes":8388608,"read_ms":7041,"elapsed_ms":8168,"result":0,"ag32_link":"cpld","ag32_link_active":"cpld","ag32_capabilities":0,"ag32_capabilities_known":false}
2026-09-11 01:04:44
2026-09-11 01:04:44 @mori {"event":"status","version":"v2.32.113","uptime_ms":2072863,"internal_free":47751,"internal_largest":15360,"psram_free":7440488,"burn_running":false,"patch_running":true,"cancel_requested":false,"phase":"sram_identifier","detail":"all save types (one pass)","offset":10551296,"total":16777216,"passes":2,"read_bytes":10551296,"read_ms":8830,"elapsed_ms":10211,"result":0,"ag32_link":"cpld","ag32_link_active":"cpld","ag32_capabilities":0,"ag32_capabilities_known":false}
2026-09-11 01:04:46
2026-09-11 01:04:46 @mori {"event":"status","version":"v2.32.113","uptime_ms":2074913,"internal_free":47751,"internal_largest":15360,"psram_free":7440488,"burn_running":false,"patch_running":true,"cancel_requested":false,"phase":"sram_identifier","detail":"all save types (one pass)","offset":12681216,"total":16777216,"passes":2,"read_bytes":12681216,"read_ms":10589,"elapsed_ms":12261,"result":0,"ag32_link":"cpld","ag32_link_active":"cpld","ag32_capabilities":0,"ag32_capabilities_known":false}
2026-09-11 01:04:48
2026-09-11 01:04:48 @mori {"event":"status","version":"v2.32.113","uptime_ms":2076944,"internal_free":47751,"internal_largest":15360,"psram_free":7440488,"burn_running":false,"patch_running":true,"cancel_requested":false,"phase":"sram_identifier","detail":"all save types (one pass)","offset":14843904,"total":16777216,"passes":2,"read_bytes":14843904,"read_ms":12367,"elapsed_ms":14292,"result":0,"ag32_link":"cpld","ag32_link_active":"cpld","ag32_capabilities":0,"ag32_capabilities_known":false}
2026-09-11 01:04:50
2026-09-11 01:04:50 @mori {"event":"status","version":"v2.32.113","uptime_ms":2078974,"internal_free":47303,"internal_largest":15360,"psram_free":7408744,"burn_running":false,"patch_running":true,"cancel_requested":false,"phase":"batteryless_space","detail":"payload and save reserve","offset":16643912,"total":16777216,"passes":3,"read_bytes":16910520,"read_ms":14070,"elapsed_ms":16322,"result":0,"ag32_link":"cpld","ag32_link_active":"cpld","ag32_capabilities":0,"ag32_capabilities_known":false}
2026-09-11 01:04:52
2026-09-11 01:04:52 @mori {"event":"status","version":"v2.32.113","uptime_ms":2081007,"internal_free":47303,"internal_largest":15360,"psram_free":7406696,"burn_running":false,"patch_running":true,"cancel_requested":false,"phase":"batteryless_irq","detail":"IRQ literals","offset":2097152,"total":16777216,"passes":4,"read_bytes":19140980,"read_ms":15954,"elapsed_ms":18355,"result":0,"ag32_link":"cpld","ag32_link_active":"cpld","ag32_capabilities":0,"ag32_capabilities_known":false}
2026-09-11 01:04:54
2026-09-11 01:04:54 @mori {"event":"status","version":"v2.32.113","uptime_ms":2083038,"internal_free":47303,"internal_largest":15360,"psram_free":7406696,"burn_running":false,"patch_running":true,"cancel_requested":false,"phase":"batteryless_irq","detail":"IRQ literals","offset":4390912,"total":16777216,"passes":4,"read_bytes":21434740,"read_ms":17845,"elapsed_ms":20386,"result":0,"ag32_link":"cpld","ag32_link_active":"cpld","ag32_capabilities":0,"ag32_capabilities_known":false}
2026-09-11 01:04:56
2026-09-11 01:04:56 @mori {"event":"status","version":"v2.32.113","uptime_ms":2085068,"internal_free":47303,"internal_largest":15360,"psram_free":7406696,"burn_running":false,"patch_running":true,"cancel_requested":false,"phase":"batteryless_irq","detail":"IRQ literals","offset":6619136,"total":16777216,"passes":4,"read_bytes":23662964,"read_ms":19727,"elapsed_ms":22416,"result":0,"ag32_link":"cpld","ag32_link_active":"cpld","ag32_capabilities":0,"ag32_capabilities_known":false}
2026-09-11 01:04:58
2026-09-11 01:04:58 @mori {"event":"status","version":"v2.32.113","uptime_ms":2087110,"internal_free":47303,"internal_largest":15360,"psram_free":7406696,"burn_running":false,"patch_running":true,"cancel_requested":false,"phase":"batteryless_irq","detail":"IRQ literals","offset":8978432,"total":16777216,"passes":4,"read_bytes":26022260,"read_ms":21673,"elapsed_ms":24458,"result":0,"ag32_link":"cpld","ag32_link_active":"cpld","ag32_capabilities":0,"ag32_capabilities_known":false}
2026-09-11 01:05:00
2026-09-11 01:05:00 @mori {"event":"status","version":"v2.32.113","uptime_ms":2089151,"internal_free":47303,"internal_largest":15360,"psram_free":7406696,"burn_running":false,"patch_running":true,"cancel_requested":false,"phase":"batteryless_irq","detail":"IRQ literals","offset":11272192,"total":16777216,"passes":4,"read_bytes":28316020,"read_ms":23564,"elapsed_ms":26499,"result":0,"ag32_link":"cpld","ag32_link_active":"cpld","ag32_capabilities":0,"ag32_capabilities_known":false}
2026-09-11 01:05:02
2026-09-11 01:05:02 @mori {"event":"status","version":"v2.32.113","uptime_ms":2091184,"internal_free":47303,"internal_largest":15360,"psram_free":7406696,"burn_running":false,"patch_running":true,"cancel_requested":false,"phase":"batteryless_irq","detail":"IRQ literals","offset":13565952,"total":16777216,"passes":4,"read_bytes":30609780,"read_ms":25450,"elapsed_ms":28532,"result":0,"ag32_link":"cpld","ag32_link_active":"cpld","ag32_capabilities":0,"ag32_capabilities_known":false}
2026-09-11 01:05:04
2026-09-11 01:05:04 @mori {"event":"status","version":"v2.32.113","uptime_ms":2093227,"internal_free":47303,"internal_largest":15360,"psram_free":7406696,"burn_running":false,"patch_running":true,"cancel_requested":false,"phase":"batteryless_irq","detail":"IRQ literals","offset":15925248,"total":16777216,"passes":4,"read_bytes":32969076,"read_ms":27392,"elapsed_ms":30575,"result":0,"ag32_link":"cpld","ag32_link_active":"cpld","ag32_capabilities":0,"ag32_capabilities_known":false}
2026-09-11 01:05:06
2026-09-11 01:05:06 @mori {"event":"status","version":"v2.32.113","uptime_ms":2095265,"internal_free":47303,"internal_largest":15360,"psram_free":7406696,"burn_running":false,"patch_running":true,"cancel_requested":false,"phase":"batteryless_hook","detail":"all save hooks (one pass)","offset":917504,"total":16777216,"passes":5,"read_bytes":34738548,"read_ms":28895,"elapsed_ms":32613,"result":0,"ag32_link":"cpld","ag32_link_active":"cpld","ag32_capabilities":0,"ag32_capabilities_known":false}
2026-09-11 01:05:08
2026-09-11 01:05:08 @mori {"event":"status","version":"v2.32.113","uptime_ms":2097297,"internal_free":47303,"internal_largest":15360,"psram_free":7441512,"burn_running":false,"patch_running":true,"cancel_requested":false,"phase":"waitcnt","detail":"literal references","offset":1540096,"total":16777216,"passes":6,"read_bytes":36804468,"read_ms":30620,"elapsed_ms":34645,"result":0,"ag32_link":"cpld","ag32_link_active":"cpld","ag32_capabilities":0,"ag32_capabilities_known":false}
2026-09-11 01:05:10
2026-09-11 01:05:10 @mori {"event":"status","version":"v2.32.113","uptime_ms":2099326,"internal_free":47303,"internal_largest":15360,"psram_free":7441512,"burn_running":false,"patch_running":true,"cancel_requested":false,"phase":"waitcnt","detail":"literal references","offset":3866624,"total":16777216,"passes":6,"read_bytes":39130996,"read_ms":32578,"elapsed_ms":36674,"result":0,"ag32_link":"cpld","ag32_link_active":"cpld","ag32_capabilities":0,"ag32_capabilities_known":false}
2026-09-11 01:05:12
2026-09-11 01:05:12 @mori {"event":"status","version":"v2.32.113","uptime_ms":2101355,"internal_free":47303,"internal_largest":15360,"psram_free":7441512,"burn_running":false,"patch_running":true,"cancel_requested":false,"phase":"waitcnt","detail":"literal references","offset":6193152,"total":16777216,"passes":6,"read_bytes":41457524,"read_ms":34503,"elapsed_ms":38703,"result":0,"ag32_link":"cpld","ag32_link_active":"cpld","ag32_capabilities":0,"ag32_capabilities_known":false}
2026-09-11 01:05:14
2026-09-11 01:05:14 @mori {"event":"status","version":"v2.32.113","uptime_ms":2103379,"internal_free":47819,"internal_largest":15360,"psram_free":7441512,"burn_running":false,"patch_running":true,"cancel_requested":false,"phase":"waitcnt","detail":"literal references","offset":8585216,"total":16777216,"passes":6,"read_bytes":43849588,"read_ms":36460,"elapsed_ms":40727,"result":0,"ag32_link":"cpld","ag32_link_active":"cpld","ag32_capabilities":0,"ag32_capabilities_known":false}
2026-09-11 01:05:16
2026-09-11 01:05:16 @mori {"event":"status","version":"v2.32.113","uptime_ms":2105410,"internal_free":47303,"internal_largest":15360,"psram_free":7441512,"burn_running":false,"patch_running":true,"cancel_requested":false,"phase":"waitcnt","detail":"literal references","offset":10977280,"total":16777216,"passes":6,"read_bytes":46241652,"read_ms":38422,"elapsed_ms":42758,"result":0,"ag32_link":"cpld","ag32_link_active":"cpld","ag32_capabilities":0,"ag32_capabilities_known":false}
2026-09-11 01:05:18
2026-09-11 01:05:18 @mori {"event":"status","version":"v2.32.113","uptime_ms":2107432,"internal_free":47303,"internal_largest":15360,"psram_free":7441512,"burn_running":false,"patch_running":true,"cancel_requested":false,"phase":"waitcnt","detail":"literal references","offset":13336576,"total":16777216,"passes":6,"read_bytes":48600948,"read_ms":40355,"elapsed_ms":44780,"result":0,"ag32_link":"cpld","ag32_link_active":"cpld","ag32_capabilities":0,"ag32_capabilities_known":false}
2026-09-11 01:05:20
2026-09-11 01:05:20 @mori {"event":"status","version":"v2.32.113","uptime_ms":2109464,"internal_free":47303,"internal_largest":15360,"psram_free":7441512,"burn_running":false,"patch_running":true,"cancel_requested":false,"phase":"waitcnt","detail":"literal references","offset":15728640,"total":16777216,"passes":6,"read_bytes":50993012,"read_ms":42305,"elapsed_ms":46812,"result":0,"ag32_link":"cpld","ag32_link_active":"cpld","ag32_capabilities":0,"ag32_capabilities_known":false}
2026-09-11 01:05:21
2026-09-11 01:05:21 @mori {"event":"save_progress","percent":0,"done":0,"total":16777216}
2026-09-11 01:05:22
2026-09-11 01:05:22 @mori {"event":"status","version":"v2.32.113","uptime_ms":2111507,"internal_free":47095,"internal_largest":15360,"psram_free":7474284,"burn_running":false,"patch_running":true,"cancel_requested":false,"phase":"saving_rom","detail":"/sdcard/Kirby & The Amazing Mirror (USA).patched.gba","offset":163840,"total":16777216,"passes":7,"read_bytes":52205428,"read_ms":43373,"elapsed_ms":48855,"result":0,"ag32_link":"cpld","ag32_link_active":"cpld","ag32_capabilities":0,"ag32_capabilities_known":false}
2026-09-11 01:05:23
2026-09-11 01:05:23 @mori {"event":"save_progress","percent":1,"done":196608,"total":16777216}
2026-09-11 01:05:24
2026-09-11 01:05:24 @mori {"event":"save_progress","percent":2,"done":360448,"total":16777216}
2026-09-11 01:05:24
2026-09-11 01:05:24 @mori {"event":"status","version":"v2.32.113","uptime_ms":2113536,"internal_free":47095,"internal_largest":15360,"psram_free":7474284,"burn_running":false,"patch_running":true,"cancel_requested":false,"phase":"saving_rom","detail":"/sdcard/Kirby & The Amazing Mirror (USA).patched.gba","offset":458752,"total":16777216,"passes":7,"read_bytes":52500340,"read_ms":43722,"elapsed_ms":50884,"result":0,"ag32_link":"cpld","ag32_link_active":"cpld","ag32_capabilities":0,"ag32_capabilities_known":false}
2026-09-11 01:05:25
2026-09-11 01:05:25 @mori {"event":"save_progress","percent":3,"done":524288,"total":16777216}
2026-09-11 01:05:25
2026-09-11 01:05:25 @mori {"event":"save_progress","percent":4,"done":688128,"total":16777216}
2026-09-11 01:05:26
2026-09-11 01:05:26 @mori {"event":"save_progress","percent":5,"done":851968,"total":16777216}
2026-09-11 01:05:26
2026-09-11 01:05:26 @mori {"event":"save_progress","percent":6,"done":1015808,"total":16777216}
2026-09-11 01:05:26
2026-09-11 01:05:26 @mori {"event":"status","version":"v2.32.113","uptime_ms":2115574,"internal_free":47051,"internal_largest":15360,"psram_free":7474284,"burn_running":false,"patch_running":true,"cancel_requested":false,"phase":"saving_rom","detail":"/sdcard/Kirby & The Amazing Mirror (USA).patched.gba","offset":1114112,"total":16777216,"passes":7,"read_bytes":53155700,"read_ms":44309,"elapsed_ms":52922,"result":0,"ag32_link":"cpld","ag32_link_active":"cpld","ag32_capabilities":0,"ag32_capabilities_known":false}
2026-09-11 01:05:27
2026-09-11 01:05:27 @mori {"event":"save_progress","percent":7,"done":1179648,"total":16777216}
2026-09-11 01:05:27
2026-09-11 01:05:27 @mori {"event":"save_progress","percent":8,"done":1343488,"total":16777216}
2026-09-11 01:05:28
2026-09-11 01:05:28 @mori {"event":"save_progress","percent":9,"done":1540096,"total":16777216}
2026-09-11 01:05:28
2026-09-11 01:05:28 @mori {"event":"save_progress","percent":10,"done":1703936,"total":16777216}
2026-09-11 01:05:28
2026-09-11 01:05:28 @mori {"event":"status","version":"v2.32.113","uptime_ms":2117609,"internal_free":47095,"internal_largest":15360,"psram_free":7474284,"burn_running":false,"patch_running":true,"cancel_requested":false,"phase":"saving_rom","detail":"/sdcard/Kirby & The Amazing Mirror (USA).patched.gba","offset":1769472,"total":16777216,"passes":7,"read_bytes":53811060,"read_ms":44888,"elapsed_ms":54957,"result":0,"ag32_link":"cpld","ag32_link_active":"cpld","ag32_capabilities":0,"ag32_capabilities_known":false}
2026-09-11 01:05:29
2026-09-11 01:05:29 @mori {"event":"save_progress","percent":11,"done":1867776,"total":16777216}
2026-09-11 01:05:29
2026-09-11 01:05:29 @mori {"event":"save_progress","percent":12,"done":2031616,"total":16777216}
2026-09-11 01:05:30
2026-09-11 01:05:30 @mori {"event":"save_progress","percent":13,"done":2195456,"total":16777216}
2026-09-11 01:05:30
2026-09-11 01:05:30 @mori {"event":"save_progress","percent":14,"done":2359296,"total":16777216}
2026-09-11 01:05:30
2026-09-11 01:05:30 @mori {"event":"status","version":"v2.32.113","uptime_ms":2119643,"internal_free":47095,"internal_largest":15360,"psram_free":7474284,"burn_running":false,"patch_running":true,"cancel_requested":false,"phase":"saving_rom","detail":"/sdcard/Kirby & The Amazing Mirror (USA).patched.gba","offset":2457600,"total":16777216,"passes":7,"read_bytes":54499188,"read_ms":45506,"elapsed_ms":56991,"result":0,"ag32_link":"cpld","ag32_link_active":"cpld","ag32_capabilities":0,"ag32_capabilities_known":false}
2026-09-11 01:05:31
2026-09-11 01:05:31 @mori {"event":"save_progress","percent":15,"done":2523136,"total":16777216}
2026-09-11 01:05:31
2026-09-11 01:05:31 @mori {"event":"save_progress","percent":16,"done":2686976,"total":16777216}
2026-09-11 01:05:32
2026-09-11 01:05:32 @mori {"event":"save_progress","percent":17,"done":2883584,"total":16777216}
2026-09-11 01:05:32
2026-09-11 01:05:32 @mori {"event":"save_progress","percent":18,"done":3047424,"total":16777216}
2026-09-11 01:05:32
2026-09-11 01:05:32 @mori {"event":"status","version":"v2.32.113","uptime_ms":2121673,"internal_free":47095,"internal_largest":15360,"psram_free":7474284,"burn_running":false,"patch_running":true,"cancel_requested":false,"phase":"saving_rom","detail":"/sdcard/Kirby & The Amazing Mirror (USA).patched.gba","offset":3112960,"total":16777216,"passes":7,"read_bytes":55154548,"read_ms":46119,"elapsed_ms":59021,"result":0,"ag32_link":"cpld","ag32_link_active":"cpld","ag32_capabilities":0,"ag32_capabilities_known":false}
2026-09-11 01:05:33
2026-09-11 01:05:33 @mori {"event":"save_progress","percent":19,"done":3211264,"total":16777216}
2026-09-11 01:05:33
2026-09-11 01:05:33 @mori {"event":"save_progress","percent":20,"done":3375104,"total":16777216}
2026-09-11 01:05:34
2026-09-11 01:05:34 @mori {"event":"save_progress","percent":21,"done":3538944,"total":16777216}
2026-09-11 01:05:34
2026-09-11 01:05:34 @mori {"event":"save_progress","percent":22,"done":3702784,"total":16777216}
2026-09-11 01:05:35
2026-09-11 01:05:35 @mori {"event":"status","version":"v2.32.113","uptime_ms":2123698,"internal_free":47611,"internal_largest":15360,"psram_free":7474284,"burn_running":false,"patch_running":true,"cancel_requested":false,"phase":"saving_rom","detail":"/sdcard/Kirby & The Amazing Mirror (USA).patched.gba","offset":3768320,"total":16777216,"passes":7,"read_bytes":55809908,"read_ms":46695,"elapsed_ms":61046,"result":0,"ag32_link":"cpld","ag32_link_active":"cpld","ag32_capabilities":0,"ag32_capabilities_known":false}
2026-09-11 01:05:35
2026-09-11 01:05:35 @mori {"event":"save_progress","percent":23,"done":3866624,"total":16777216}
2026-09-11 01:05:35
2026-09-11 01:05:35 @mori {"event":"save_progress","percent":24,"done":4030464,"total":16777216}
2026-09-11 01:05:36
2026-09-11 01:05:36 @mori {"event":"save_progress","percent":25,"done":4194304,"total":16777216}
2026-09-11 01:05:36
2026-09-11 01:05:36 @mori {"event":"save_progress","percent":26,"done":4390912,"total":16777216}
2026-09-11 01:05:37
2026-09-11 01:05:37 @mori {"event":"status","version":"v2.32.113","uptime_ms":2125740,"internal_free":47095,"internal_largest":15360,"psram_free":7474284,"burn_running":false,"patch_running":true,"cancel_requested":false,"phase":"saving_rom","detail":"/sdcard/Kirby & The Amazing Mirror (USA).patched.gba","offset":4456448,"total":16777216,"passes":7,"read_bytes":56498036,"read_ms":47309,"elapsed_ms":63088,"result":0,"ag32_link":"cpld","ag32_link_active":"cpld","ag32_capabilities":0,"ag32_capabilities_known":false}
2026-09-11 01:05:37
2026-09-11 01:05:37 @mori {"event":"save_progress","percent":27,"done":4554752,"total":16777216}
2026-09-11 01:05:37
2026-09-11 01:05:37 @mori {"event":"save_progress","percent":28,"done":4718592,"total":16777216}
2026-09-11 01:05:38
2026-09-11 01:05:38 @mori {"event":"save_progress","percent":29,"done":4882432,"total":16777216}
2026-09-11 01:05:38
2026-09-11 01:05:38 @mori {"event":"save_progress","percent":30,"done":5046272,"total":16777216}
2026-09-11 01:05:39
2026-09-11 01:05:39 @mori {"event":"status","version":"v2.32.113","uptime_ms":2127772,"internal_free":47095,"internal_largest":15360,"psram_free":7474284,"burn_running":false,"patch_running":true,"cancel_requested":false,"phase":"saving_rom","detail":"/sdcard/Kirby & The Amazing Mirror (USA).patched.gba","offset":5144576,"total":16777216,"passes":7,"read_bytes":57186164,"read_ms":47917,"elapsed_ms":65120,"result":0,"ag32_link":"cpld","ag32_link_active":"cpld","ag32_capabilities":0,"ag32_capabilities_known":false}
2026-09-11 01:05:39
2026-09-11 01:05:39 @mori {"event":"save_progress","percent":31,"done":5210112,"total":16777216}
2026-09-11 01:05:39
2026-09-11 01:05:39 @mori {"event":"save_progress","percent":32,"done":5373952,"total":16777216}
2026-09-11 01:05:40
2026-09-11 01:05:40 @mori {"event":"save_progress","percent":33,"done":5537792,"total":16777216}
2026-09-11 01:05:40
2026-09-11 01:05:40 @mori {"event":"save_progress","percent":34,"done":5734400,"total":16777216}
2026-09-11 01:05:41
2026-09-11 01:05:41 @mori {"event":"status","version":"v2.32.113","uptime_ms":2129792,"internal_free":47095,"internal_largest":15360,"psram_free":7474284,"burn_running":false,"patch_running":true,"cancel_requested":false,"phase":"saving_rom","detail":"/sdcard/Kirby & The Amazing Mirror (USA).patched.gba","offset":5799936,"total":16777216,"passes":7,"read_bytes":57841524,"read_ms":48503,"elapsed_ms":67140,"result":0,"ag32_link":"cpld","ag32_link_active":"cpld","ag32_capabilities":0,"ag32_capabilities_known":false}
2026-09-11 01:05:41
2026-09-11 01:05:41 @mori {"event":"save_progress","percent":35,"done":5898240,"total":16777216}
2026-09-11 01:05:41
2026-09-11 01:05:41 @mori {"event":"save_progress","percent":36,"done":6062080,"total":16777216}
2026-09-11 01:05:42
2026-09-11 01:05:42 @mori {"event":"save_progress","percent":37,"done":6225920,"total":16777216}
2026-09-11 01:05:42
2026-09-11 01:05:42 @mori {"event":"save_progress","percent":38,"done":6389760,"total":16777216}
2026-09-11 01:05:43
2026-09-11 01:05:43 @mori {"event":"status","version":"v2.32.113","uptime_ms":2131820,"internal_free":47095,"internal_largest":15360,"psram_free":7474284,"burn_running":false,"patch_running":true,"cancel_requested":false,"phase":"saving_rom","detail":"/sdcard/Kirby & The Amazing Mirror (USA).patched.gba","offset":6455296,"total":16777216,"passes":7,"read_bytes":58496884,"read_ms":49127,"elapsed_ms":69168,"result":0,"ag32_link":"cpld","ag32_link_active":"cpld","ag32_capabilities":0,"ag32_capabilities_known":false}
2026-09-11 01:05:43
2026-09-11 01:05:43 @mori {"event":"save_progress","percent":39,"done":6553600,"total":16777216}
2026-09-11 01:05:43
2026-09-11 01:05:43 @mori {"event":"save_progress","percent":40,"done":6717440,"total":16777216}
2026-09-11 01:05:44
2026-09-11 01:05:44 @mori {"event":"save_progress","percent":41,"done":6881280,"total":16777216}
2026-09-11 01:05:44
2026-09-11 01:05:44 @mori {"event":"save_progress","percent":42,"done":7077888,"total":16777216}
2026-09-11 01:05:45
2026-09-11 01:05:45 @mori {"event":"status","version":"v2.32.113","uptime_ms":2133863,"internal_free":47095,"internal_largest":15360,"psram_free":7474284,"burn_running":false,"patch_running":true,"cancel_requested":false,"phase":"saving_rom","detail":"/sdcard/Kirby & The Amazing Mirror (USA).patched.gba","offset":7143424,"total":16777216,"passes":7,"read_bytes":59185012,"read_ms":49734,"elapsed_ms":71211,"result":0,"ag32_link":"cpld","ag32_link_active":"cpld","ag32_capabilities":0,"ag32_capabilities_known":false}
2026-09-11 01:05:45
2026-09-11 01:05:45 @mori {"event":"save_progress","percent":43,"done":7241728,"total":16777216}
2026-09-11 01:05:45
2026-09-11 01:05:45 @mori {"event":"save_progress","percent":44,"done":7405568,"total":16777216}
2026-09-11 01:05:46
2026-09-11 01:05:46 @mori {"event":"save_progress","percent":45,"done":7569408,"total":16777216}
2026-09-11 01:05:46
2026-09-11 01:05:46 @mori {"event":"save_progress","percent":46,"done":7733248,"total":16777216}
2026-09-11 01:05:47
2026-09-11 01:05:47 @mori {"event":"status","version":"v2.32.113","uptime_ms":2135888,"internal_free":47095,"internal_largest":15360,"psram_free":7474284,"burn_running":false,"patch_running":true,"cancel_requested":false,"phase":"saving_rom","detail":"/sdcard/Kirby & The Amazing Mirror (USA).patched.gba","offset":7798784,"total":16777216,"passes":7,"read_bytes":59840372,"read_ms":50312,"elapsed_ms":73236,"result":0,"ag32_link":"cpld","ag32_link_active":"cpld","ag32_capabilities":0,"ag32_capabilities_known":false}
2026-09-11 01:05:47
2026-09-11 01:05:47 @mori {"event":"save_progress","percent":47,"done":7897088,"total":16777216}
2026-09-11 01:05:47
2026-09-11 01:05:47 @mori {"event":"save_progress","percent":48,"done":8060928,"total":16777216}
2026-09-11 01:05:48
2026-09-11 01:05:48 @mori {"event":"save_progress","percent":49,"done":8224768,"total":16777216}
2026-09-11 01:05:49
2026-09-11 01:05:49 @mori {"event":"status","version":"v2.32.113","uptime_ms":2137917,"internal_free":47095,"internal_largest":15360,"psram_free":7474284,"burn_running":false,"patch_running":true,"cancel_requested":false,"phase":"saving_rom","detail":"/sdcard/Kirby & The Amazing Mirror (USA).patched.gba","offset":8323072,"total":16777216,"passes":7,"read_bytes":60364660,"read_ms":50806,"elapsed_ms":75265,"result":0,"ag32_link":"cpld","ag32_link_active":"cpld","ag32_capabilities":0,"ag32_capabilities_known":false}
2026-09-11 01:05:49
2026-09-11 01:05:49 @mori {"event":"save_progress","percent":50,"done":8388608,"total":16777216}
2026-09-11 01:05:50
2026-09-11 01:05:50 @mori {"event":"save_progress","percent":51,"done":8585216,"total":16777216}
2026-09-11 01:05:51
2026-09-11 01:05:51 @mori {"event":"status","version":"v2.32.113","uptime_ms":2139969,"internal_free":47095,"internal_largest":15360,"psram_free":7474284,"burn_running":false,"patch_running":true,"cancel_requested":false,"phase":"saving_rom","detail":"/sdcard/Kirby & The Amazing Mirror (USA).patched.gba","offset":8650752,"total":16777216,"passes":7,"read_bytes":60692340,"read_ms":51137,"elapsed_ms":77317,"result":0,"ag32_link":"cpld","ag32_link_active":"cpld","ag32_capabilities":0,"ag32_capabilities_known":false}
2026-09-11 01:05:51
2026-09-11 01:05:51 @mori {"event":"save_progress","percent":52,"done":8749056,"total":16777216}
2026-09-11 01:05:52
2026-09-11 01:05:52 @mori {"event":"save_progress","percent":53,"done":8912896,"total":16777216}
2026-09-11 01:05:53
2026-09-11 01:05:53 @mori {"event":"status","version":"v2.32.113","uptime_ms":2142002,"internal_free":47095,"internal_largest":15360,"psram_free":7474284,"burn_running":false,"patch_running":true,"cancel_requested":false,"phase":"saving_rom","detail":"/sdcard/Kirby & The Amazing Mirror (USA).patched.gba","offset":9011200,"total":16777216,"passes":7,"read_bytes":61052788,"read_ms":51539,"elapsed_ms":79350,"result":0,"ag32_link":"cpld","ag32_link_active":"cpld","ag32_capabilities":0,"ag32_capabilities_known":false}
2026-09-11 01:05:53
2026-09-11 01:05:53 @mori {"event":"save_progress","percent":54,"done":9076736,"total":16777216}
2026-09-11 01:05:54
2026-09-11 01:05:54 @mori {"event":"save_progress","percent":55,"done":9240576,"total":16777216}
2026-09-11 01:05:54
2026-09-11 01:05:54 @mori {"event":"save_progress","percent":56,"done":9404416,"total":16777216}
2026-09-11 01:05:54
2026-09-11 01:05:54 @mori {"event":"save_progress","percent":57,"done":9568256,"total":16777216}
2026-09-11 01:05:55
2026-09-11 01:05:55 @mori {"event":"status","version":"v2.32.113","uptime_ms":2144036,"internal_free":47095,"internal_largest":15360,"psram_free":7474284,"burn_running":false,"patch_running":true,"cancel_requested":false,"phase":"saving_rom","detail":"/sdcard/Kirby & The Amazing Mirror (USA).patched.gba","offset":9633792,"total":16777216,"passes":7,"read_bytes":61675380,"read_ms":52136,"elapsed_ms":81384,"result":0,"ag32_link":"cpld","ag32_link_active":"cpld","ag32_capabilities":0,"ag32_capabilities_known":false}
2026-09-11 01:05:55
2026-09-11 01:05:55 @mori {"event":"save_progress","percent":58,"done":9732096,"total":16777216}
2026-09-11 01:05:56
2026-09-11 01:05:56 @mori {"event":"save_progress","percent":59,"done":9928704,"total":16777216}
2026-09-11 01:05:56
2026-09-11 01:05:56 @mori {"event":"save_progress","percent":60,"done":10092544,"total":16777216}
2026-09-11 01:05:57
2026-09-11 01:05:57 @mori {"event":"save_progress","percent":61,"done":10256384,"total":16777216}
2026-09-11 01:05:57
2026-09-11 01:05:57 @mori {"event":"status","version":"v2.32.113","uptime_ms":2146078,"internal_free":47095,"internal_largest":15360,"psram_free":7474284,"burn_running":false,"patch_running":true,"cancel_requested":false,"phase":"saving_rom","detail":"/sdcard/Kirby & The Amazing Mirror (USA).patched.gba","offset":10321920,"total":16777216,"passes":7,"read_bytes":62363508,"read_ms":52741,"elapsed_ms":83426,"result":0,"ag32_link":"cpld","ag32_link_active":"cpld","ag32_capabilities":0,"ag32_capabilities_known":false}
2026-09-11 01:05:57
2026-09-11 01:05:57 @mori {"event":"save_progress","percent":62,"done":10420224,"total":16777216}
2026-09-11 01:05:57
2026-09-11 01:05:57 @mori {"event":"save_progress","percent":63,"done":10584064,"total":16777216}
2026-09-11 01:05:58
2026-09-11 01:05:58 @mori {"event":"save_progress","percent":64,"done":10747904,"total":16777216}
2026-09-11 01:05:58
2026-09-11 01:05:58 @mori {"event":"save_progress","percent":65,"done":10911744,"total":16777216}
2026-09-11 01:05:59
2026-09-11 01:05:59 @mori {"event":"status","version":"v2.32.113","uptime_ms":2148114,"internal_free":47095,"internal_largest":15360,"psram_free":7474284,"burn_running":false,"patch_running":true,"cancel_requested":false,"phase":"saving_rom","detail":"/sdcard/Kirby & The Amazing Mirror (USA).patched.gba","offset":11010048,"total":16777216,"passes":7,"read_bytes":63051636,"read_ms":53351,"elapsed_ms":85463,"result":0,"ag32_link":"cpld","ag32_link_active":"cpld","ag32_capabilities":0,"ag32_capabilities_known":false}
2026-09-11 01:05:59
2026-09-11 01:05:59 @mori {"event":"save_progress","percent":66,"done":11075584,"total":16777216}
2026-09-11 01:06:00
2026-09-11 01:06:00 @mori {"event":"save_progress","percent":67,"done":11272192,"total":16777216}
2026-09-11 01:06:00
2026-09-11 01:06:00 @mori {"event":"save_progress","percent":68,"done":11436032,"total":16777216}
2026-09-11 01:06:01
2026-09-11 01:06:01 @mori {"event":"save_progress","percent":69,"done":11599872,"total":16777216}
2026-09-11 01:06:01
2026-09-11 01:06:01 @mori {"event":"status","version":"v2.32.113","uptime_ms":2150156,"internal_free":47095,"internal_largest":15360,"psram_free":7474284,"burn_running":false,"patch_running":true,"cancel_requested":false,"phase":"saving_rom","detail":"/sdcard/Kirby & The Amazing Mirror (USA).patched.gba","offset":11665408,"total":16777216,"passes":7,"read_bytes":63706996,"read_ms":53948,"elapsed_ms":87504,"result":0,"ag32_link":"cpld","ag32_link_active":"cpld","ag32_capabilities":0,"ag32_capabilities_known":false}
2026-09-11 01:06:01
2026-09-11 01:06:01 @mori {"event":"save_progress","percent":70,"done":11763712,"total":16777216}
2026-09-11 01:06:02
2026-09-11 01:06:02 @mori {"event":"save_progress","percent":71,"done":11927552,"total":16777216}
2026-09-11 01:06:02
2026-09-11 01:06:02 @mori {"event":"save_progress","percent":72,"done":12091392,"total":16777216}
2026-09-11 01:06:03
2026-09-11 01:06:03 @mori {"event":"save_progress","percent":73,"done":12255232,"total":16777216}
2026-09-11 01:06:03
2026-09-11 01:06:03 @mori {"event":"status","version":"v2.32.113","uptime_ms":2152219,"internal_free":47095,"internal_largest":15360,"psram_free":7474284,"burn_running":false,"patch_running":true,"cancel_requested":false,"phase":"saving_rom","detail":"/sdcard/Kirby & The Amazing Mirror (USA).patched.gba","offset":12353536,"total":16777216,"passes":7,"read_bytes":64395124,"read_ms":54560,"elapsed_ms":89567,"result":0,"ag32_link":"cpld","ag32_link_active":"cpld","ag32_capabilities":0,"ag32_capabilities_known":false}
2026-09-11 01:06:03
2026-09-11 01:06:03 @mori {"event":"save_progress","percent":74,"done":12419072,"total":16777216}
2026-09-11 01:06:04
2026-09-11 01:06:04 @mori {"event":"save_progress","percent":75,"done":12582912,"total":16777216}
2026-09-11 01:06:04
2026-09-11 01:06:04 @mori {"event":"save_progress","percent":76,"done":12779520,"total":16777216}
2026-09-11 01:06:05
2026-09-11 01:06:05 @mori {"event":"save_progress","percent":77,"done":12943360,"total":16777216}
2026-09-11 01:06:05
2026-09-11 01:06:05 @mori {"event":"status","version":"v2.32.113","uptime_ms":2154265,"internal_free":47095,"internal_largest":15360,"psram_free":7474284,"burn_running":false,"patch_running":true,"cancel_requested":false,"phase":"saving_rom","detail":"/sdcard/Kirby & The Amazing Mirror (USA).patched.gba","offset":13008896,"total":16777216,"passes":7,"read_bytes":65050484,"read_ms":55165,"elapsed_ms":91613,"result":0,"ag32_link":"cpld","ag32_link_active":"cpld","ag32_capabilities":0,"ag32_capabilities_known":false}
2026-09-11 01:06:05
2026-09-11 01:06:05 @mori {"event":"save_progress","percent":78,"done":13107200,"total":16777216}
2026-09-11 01:06:06
2026-09-11 01:06:06 @mori {"event":"save_progress","percent":79,"done":13271040,"total":16777216}
2026-09-11 01:06:06
2026-09-11 01:06:06 @mori {"event":"save_progress","percent":80,"done":13434880,"total":16777216}
2026-09-11 01:06:07
2026-09-11 01:06:07 @mori {"event":"save_progress","percent":81,"done":13598720,"total":16777216}
2026-09-11 01:06:07
2026-09-11 01:06:07 @mori {"event":"status","version":"v2.32.113","uptime_ms":2156296,"internal_free":47095,"internal_largest":15360,"psram_free":7474284,"burn_running":false,"patch_running":true,"cancel_requested":false,"phase":"saving_rom","detail":"/sdcard/Kirby & The Amazing Mirror (USA).patched.gba","offset":13664256,"total":16777216,"passes":7,"read_bytes":65705844,"read_ms":55760,"elapsed_ms":93644,"result":0,"ag32_link":"cpld","ag32_link_active":"cpld","ag32_capabilities":0,"ag32_capabilities_known":false}
2026-09-11 01:06:07
2026-09-11 01:06:07 @mori {"event":"save_progress","percent":82,"done":13762560,"total":16777216}
2026-09-11 01:06:08
2026-09-11 01:06:08 @mori {"event":"save_progress","percent":83,"done":13926400,"total":16777216}
2026-09-11 01:06:09
2026-09-11 01:06:09 @mori {"event":"save_progress","percent":84,"done":14123008,"total":16777216}
2026-09-11 01:06:09
2026-09-11 01:06:09 @mori {"event":"save_progress","percent":85,"done":14286848,"total":16777216}
2026-09-11 01:06:09
2026-09-11 01:06:09 @mori {"event":"status","version":"v2.32.113","uptime_ms":2158320,"internal_free":47095,"internal_largest":15360,"psram_free":7474284,"burn_running":false,"patch_running":true,"cancel_requested":false,"phase":"saving_rom","detail":"/sdcard/Kirby & The Amazing Mirror (USA).patched.gba","offset":14319616,"total":16777216,"passes":7,"read_bytes":66361204,"read_ms":56335,"elapsed_ms":95668,"result":0,"ag32_link":"cpld","ag32_link_active":"cpld","ag32_capabilities":0,"ag32_capabilities_known":false}
2026-09-11 01:06:09
2026-09-11 01:06:09 @mori {"event":"save_progress","percent":86,"done":14450688,"total":16777216}
2026-09-11 01:06:10
2026-09-11 01:06:10 @mori {"event":"save_progress","percent":87,"done":14614528,"total":16777216}
2026-09-11 01:06:10
2026-09-11 01:06:10 @mori {"event":"save_progress","percent":88,"done":14778368,"total":16777216}
2026-09-11 01:06:11
2026-09-11 01:06:11 @mori {"event":"save_progress","percent":89,"done":14942208,"total":16777216}
2026-09-11 01:06:11
2026-09-11 01:06:11 @mori {"event":"status","version":"v2.32.113","uptime_ms":2160354,"internal_free":47095,"internal_largest":15360,"psram_free":7474284,"burn_running":false,"patch_running":true,"cancel_requested":false,"phase":"saving_rom","detail":"/sdcard/Kirby & The Amazing Mirror (USA).patched.gba","offset":15007744,"total":16777216,"passes":7,"read_bytes":67049332,"read_ms":56948,"elapsed_ms":97702,"result":0,"ag32_link":"cpld","ag32_link_active":"cpld","ag32_capabilities":0,"ag32_capabilities_known":false}
2026-09-11 01:06:11
2026-09-11 01:06:11 @mori {"event":"save_progress","percent":90,"done":15106048,"total":16777216}
2026-09-11 01:06:12
2026-09-11 01:06:12 @mori {"event":"save_progress","percent":91,"done":15269888,"total":16777216}
2026-09-11 01:06:13
2026-09-11 01:06:13 @mori {"event":"save_progress","percent":92,"done":15466496,"total":16777216}
2026-09-11 01:06:13
2026-09-11 01:06:13 @mori {"event":"save_progress","percent":93,"done":15630336,"total":16777216}
2026-09-11 01:06:13
2026-09-11 01:06:13 @mori {"event":"status","version":"v2.32.113","uptime_ms":2162396,"internal_free":47095,"internal_largest":15360,"psram_free":7474284,"burn_running":false,"patch_running":true,"cancel_requested":false,"phase":"saving_rom","detail":"/sdcard/Kirby & The Amazing Mirror (USA).patched.gba","offset":15663104,"total":16777216,"passes":7,"read_bytes":67704692,"read_ms":57524,"elapsed_ms":99744,"result":0,"ag32_link":"cpld","ag32_link_active":"cpld","ag32_capabilities":0,"ag32_capabilities_known":false}
2026-09-11 01:06:13
2026-09-11 01:06:13 @mori {"event":"save_progress","percent":94,"done":15794176,"total":16777216}
2026-09-11 01:06:14
2026-09-11 01:06:14 @mori {"event":"save_progress","percent":95,"done":15958016,"total":16777216}
2026-09-11 01:06:14
2026-09-11 01:06:14 @mori {"event":"save_progress","percent":96,"done":16121856,"total":16777216}
2026-09-11 01:06:15
2026-09-11 01:06:15 @mori {"event":"save_progress","percent":97,"done":16285696,"total":16777216}
2026-09-11 01:06:15
2026-09-11 01:06:15 @mori {"event":"status","version":"v2.32.113","uptime_ms":2164440,"internal_free":47095,"internal_largest":15360,"psram_free":7474284,"burn_running":false,"patch_running":true,"cancel_requested":false,"phase":"saving_rom","detail":"/sdcard/Kirby & The Amazing Mirror (USA).patched.gba","offset":16351232,"total":16777216,"passes":7,"read_bytes":68392820,"read_ms":58128,"elapsed_ms":101788,"result":0,"ag32_link":"cpld","ag32_link_active":"cpld","ag32_capabilities":0,"ag32_capabilities_known":false}
2026-09-11 01:06:15
2026-09-11 01:06:15 @mori {"event":"save_progress","percent":98,"done":16449536,"total":16777216}
2026-09-11 01:06:16
2026-09-11 01:06:16 @mori {"event":"save_progress","percent":99,"done":16613376,"total":16777216}
2026-09-11 01:06:17
2026-09-11 01:06:17 @mori {"event":"save_progress","percent":100,"done":16777216,"total":16777216}
2026-09-11 01:06:17
2026-09-11 01:06:17 @mori {"event":"patch_done","result":0,"error":"","elapsed_ms":103764,"save_type":"","sram":false,"batteryless":true,"waitcnt_count":3,"output_size":16777216,"output_path":"/sdcard/Kirby & The Amazing Mirror (USA).patched.gba"}
2026-09-11 01:12:59
2026-09-11 01:12:59 @mori {"event":"patch_started","message":"patch and save new ROM"}
2026-09-11 01:13:02
2026-09-11 01:13:02 @mori {"event":"status","version":"v2.32.113","uptime_ms":2570736,"internal_free":47303,"internal_largest":15360,"psram_free":7440488,"burn_running":false,"patch_running":true,"cancel_requested":false,"phase":"sram_identifier","detail":"all save types (one pass)","offset":1933312,"total":9256960,"passes":2,"read_bytes":1933312,"read_ms":1683,"elapsed_ms":2045,"result":0,"ag32_link":"cpld","ag32_link_active":"cpld","ag32_capabilities":0,"ag32_capabilities_known":false}
2026-09-11 01:13:04
2026-09-11 01:13:04 @mori {"event":"status","version":"v2.32.113","uptime_ms":2572767,"internal_free":47303,"internal_largest":15360,"psram_free":7440488,"burn_running":false,"patch_running":true,"cancel_requested":false,"phase":"sram_identifier","detail":"all save types (one pass)","offset":4096000,"total":9256960,"passes":2,"read_bytes":4096000,"read_ms":3461,"elapsed_ms":4076,"result":0,"ag32_link":"cpld","ag32_link_active":"cpld","ag32_capabilities":0,"ag32_capabilities_known":false}
2026-09-11 01:13:06
2026-09-11 01:13:06 @mori {"event":"status","version":"v2.32.113","uptime_ms":2574819,"internal_free":47303,"internal_largest":15360,"psram_free":7440488,"burn_running":false,"patch_running":true,"cancel_requested":false,"phase":"sram_identifier","detail":"all save types (one pass)","offset":6160384,"total":9256960,"passes":2,"read_bytes":6160384,"read_ms":5222,"elapsed_ms":6128,"result":0,"ag32_link":"cpld","ag32_link_active":"cpld","ag32_capabilities":0,"ag32_capabilities_known":false}
2026-09-11 01:13:08
2026-09-11 01:13:08 @mori {"event":"status","version":"v2.32.113","uptime_ms":2576849,"internal_free":47303,"internal_largest":15360,"psram_free":7440488,"burn_running":false,"patch_running":true,"cancel_requested":false,"phase":"sram_identifier","detail":"all save types (one pass)","offset":8290304,"total":9256960,"passes":2,"read_bytes":8290304,"read_ms":6981,"elapsed_ms":8158,"result":0,"ag32_link":"cpld","ag32_link_active":"cpld","ag32_capabilities":0,"ag32_capabilities_known":false}
2026-09-11 01:13:10
2026-09-11 01:13:10 @mori {"event":"status","version":"v2.32.113","uptime_ms":2578891,"internal_free":47303,"internal_largest":15360,"psram_free":7408744,"burn_running":false,"patch_running":true,"cancel_requested":false,"phase":"batteryless_space","detail":"payload and save reserve","offset":7403336,"total":9256960,"passes":7,"read_bytes":9914552,"read_ms":8500,"elapsed_ms":10200,"result":0,"ag32_link":"cpld","ag32_link_active":"cpld","ag32_capabilities":0,"ag32_capabilities_known":false}
2026-09-11 01:13:12
2026-09-11 01:13:12 @mori {"event":"status","version":"v2.32.113","uptime_ms":2580914,"internal_free":47303,"internal_largest":15360,"psram_free":7408744,"burn_running":false,"patch_running":true,"cancel_requested":false,"phase":"batteryless_space","detail":"payload and save reserve","offset":2160456,"total":9256960,"passes":7,"read_bytes":11225272,"read_ms":9962,"elapsed_ms":12223,"result":0,"ag32_link":"cpld","ag32_link_active":"cpld","ag32_capabilities":0,"ag32_capabilities_known":false}
2026-09-11 01:13:14
2026-09-11 01:13:14 @mori {"event":"status","version":"v2.32.113","uptime_ms":2582954,"internal_free":47819,"internal_largest":15360,"psram_free":7406696,"burn_running":false,"patch_running":true,"cancel_requested":false,"phase":"batteryless_irq","detail":"IRQ literals","offset":1703936,"total":9256960,"passes":9,"read_bytes":13387964,"read_ms":11785,"elapsed_ms":14263,"result":0,"ag32_link":"cpld","ag32_link_active":"cpld","ag32_capabilities":0,"ag32_capabilities_known":false}
2026-09-11 01:13:16
2026-09-11 01:13:16 @mori {"event":"status","version":"v2.32.113","uptime_ms":2584996,"internal_free":47303,"internal_largest":15360,"psram_free":7406696,"burn_running":false,"patch_running":true,"cancel_requested":false,"phase":"batteryless_irq","detail":"IRQ literals","offset":3997696,"total":9256960,"passes":9,"read_bytes":15681724,"read_ms":13669,"elapsed_ms":16305,"result":0,"ag32_link":"cpld","ag32_link_active":"cpld","ag32_capabilities":0,"ag32_capabilities_known":false}
2026-09-11 01:13:18
2026-09-11 01:13:18 @mori {"event":"status","version":"v2.32.113","uptime_ms":2587007,"internal_free":47303,"internal_largest":15360,"psram_free":7406696,"burn_running":false,"patch_running":true,"cancel_requested":false,"phase":"batteryless_irq","detail":"IRQ literals","offset":6225920,"total":9256960,"passes":9,"read_bytes":17909948,"read_ms":15561,"elapsed_ms":18316,"result":0,"ag32_link":"cpld","ag32_link_active":"cpld","ag32_capabilities":0,"ag32_capabilities_known":false}
2026-09-11 01:13:20
2026-09-11 01:13:20 @mori {"event":"status","version":"v2.32.113","uptime_ms":2589057,"internal_free":47303,"internal_largest":15360,"psram_free":7406696,"burn_running":false,"patch_running":true,"cancel_requested":false,"phase":"batteryless_irq","detail":"IRQ literals","offset":8519680,"total":9256960,"passes":9,"read_bytes":20203708,"read_ms":17452,"elapsed_ms":20366,"result":0,"ag32_link":"cpld","ag32_link_active":"cpld","ag32_capabilities":0,"ag32_capabilities_known":false}
2026-09-11 01:13:22
2026-09-11 01:13:22 @mori {"event":"status","version":"v2.32.113","uptime_ms":2591100,"internal_free":47303,"internal_largest":15360,"psram_free":7406696,"burn_running":false,"patch_running":true,"cancel_requested":false,"phase":"batteryless_hook","detail":"all save hooks (one pass)","offset":1114112,"total":9256960,"passes":10,"read_bytes":22055100,"read_ms":19016,"elapsed_ms":22409,"result":0,"ag32_link":"cpld","ag32_link_active":"cpld","ag32_capabilities":0,"ag32_capabilities_known":false}
2026-09-11 01:13:24
2026-09-11 01:13:24 @mori {"event":"status","version":"v2.32.113","uptime_ms":2593155,"internal_free":47303,"internal_largest":15360,"psram_free":7406696,"burn_running":false,"patch_running":true,"cancel_requested":false,"phase":"batteryless_hook","detail":"all save hooks (one pass)","offset":2752512,"total":9256960,"passes":10,"read_bytes":23693500,"read_ms":20367,"elapsed_ms":24464,"result":0,"ag32_link":"cpld","ag32_link_active":"cpld","ag32_capabilities":0,"ag32_capabilities_known":false}
2026-09-11 01:13:26
2026-09-11 01:13:26 @mori {"event":"status","version":"v2.32.113","uptime_ms":2595196,"internal_free":47819,"internal_largest":15360,"psram_free":7406696,"burn_running":false,"patch_running":true,"cancel_requested":false,"phase":"batteryless_hook","detail":"all save hooks (one pass)","offset":4456448,"total":9256960,"passes":10,"read_bytes":25397436,"read_ms":21769,"elapsed_ms":26505,"result":0,"ag32_link":"cpld","ag32_link_active":"cpld","ag32_capabilities":0,"ag32_capabilities_known":false}
2026-09-11 01:13:28
2026-09-11 01:13:28 @mori {"event":"status","version":"v2.32.113","uptime_ms":2597229,"internal_free":47819,"internal_largest":15360,"psram_free":7406696,"burn_running":false,"patch_running":true,"cancel_requested":false,"phase":"batteryless_hook","detail":"all save hooks (one pass)","offset":6029312,"total":9256960,"passes":10,"read_bytes":26970300,"read_ms":23121,"elapsed_ms":28538,"result":0,"ag32_link":"cpld","ag32_link_active":"cpld","ag32_capabilities":0,"ag32_capabilities_known":false}
2026-09-11 01:13:30
2026-09-11 01:13:30 @mori {"event":"status","version":"v2.32.113","uptime_ms":2599292,"internal_free":47303,"internal_largest":15360,"psram_free":7406696,"burn_running":false,"patch_running":true,"cancel_requested":false,"phase":"batteryless_hook","detail":"all save hooks (one pass)","offset":7667712,"total":9256960,"passes":10,"read_bytes":28608700,"read_ms":24469,"elapsed_ms":30601,"result":0,"ag32_link":"cpld","ag32_link_active":"cpld","ag32_capabilities":0,"ag32_capabilities_known":false}
2026-09-11 01:13:32
2026-09-11 01:13:32 @mori {"event":"status","version":"v2.32.113","uptime_ms":2601324,"internal_free":46787,"internal_largest":15360,"psram_free":7441512,"burn_running":false,"patch_running":true,"cancel_requested":false,"phase":"waitcnt","detail":"literal references","offset":11940,"total":9256960,"passes":11,"read_bytes":30231228,"read_ms":25804,"elapsed_ms":32633,"result":0,"ag32_link":"cpld","ag32_link_active":"cpld","ag32_capabilities":0,"ag32_capabilities_known":false}
2026-09-11 01:13:34
2026-09-11 01:13:34 @mori {"event":"status","version":"v2.32.113","uptime_ms":2603343,"internal_free":47303,"internal_largest":15360,"psram_free":7441512,"burn_running":false,"patch_running":true,"cancel_requested":false,"phase":"waitcnt","detail":"literal references","offset":2359296,"total":9256960,"passes":11,"read_bytes":32564924,"read_ms":27732,"elapsed_ms":34652,"result":0,"ag32_link":"cpld","ag32_link_active":"cpld","ag32_capabilities":0,"ag32_capabilities_known":false}
2026-09-11 01:13:36
2026-09-11 01:13:36 @mori {"event":"status","version":"v2.32.113","uptime_ms":2605367,"internal_free":47303,"internal_largest":15360,"psram_free":7441512,"burn_running":false,"patch_running":true,"cancel_requested":false,"phase":"waitcnt","detail":"literal references","offset":4784128,"total":9256960,"passes":11,"read_bytes":34989756,"read_ms":29694,"elapsed_ms":36676,"result":0,"ag32_link":"cpld","ag32_link_active":"cpld","ag32_capabilities":0,"ag32_capabilities_known":false}
2026-09-11 01:13:38
2026-09-11 01:13:38 @mori {"event":"status","version":"v2.32.113","uptime_ms":2607401,"internal_free":47303,"internal_largest":15360,"psram_free":7441512,"burn_running":false,"patch_running":true,"cancel_requested":false,"phase":"waitcnt","detail":"literal references","offset":7143424,"total":9256960,"passes":11,"read_bytes":37349052,"read_ms":31648,"elapsed_ms":38710,"result":0,"ag32_link":"cpld","ag32_link_active":"cpld","ag32_capabilities":0,"ag32_capabilities_known":false}
2026-09-11 01:13:40
2026-09-11 01:13:40 @mori {"event":"save_progress","percent":0,"done":0,"total":9699328}
2026-09-11 01:13:40
2026-09-11 01:13:40 @mori {"event":"status","version":"v2.32.113","uptime_ms":2609433,"internal_free":47095,"internal_largest":15360,"psram_free":7474284,"burn_running":false,"patch_running":true,"cancel_requested":false,"phase":"saving_rom","detail":"/sdcard/黄金太阳1 开启的封印.patched-5.gba","offset":32768,"total":9699328,"passes":12,"read_bytes":39495356,"read_ms":33388,"elapsed_ms":40742,"result":0,"ag32_link":"cpld","ag32_link_active":"cpld","ag32_capabilities":0,"ag32_capabilities_known":false}
2026-09-11 01:13:41
2026-09-11 01:13:41 @mori {"event":"save_progress","percent":1,"done":98304,"total":9699328}
2026-09-11 01:13:41
2026-09-11 01:13:41 @mori {"event":"save_progress","percent":2,"done":196608,"total":9699328}
2026-09-11 01:13:42
2026-09-11 01:13:42 @mori {"event":"save_progress","percent":3,"done":294912,"total":9699328}
2026-09-11 01:13:42
2026-09-11 01:13:42 @mori {"event":"status","version":"v2.32.113","uptime_ms":2611458,"internal_free":47095,"internal_largest":15360,"psram_free":7474284,"burn_running":false,"patch_running":true,"cancel_requested":false,"phase":"saving_rom","detail":"/sdcard/黄金太阳1 开启的封印.patched-5.gba","offset":294912,"total":9699328,"passes":12,"read_bytes":39757500,"read_ms":33845,"elapsed_ms":42767,"result":0,"ag32_link":"cpld","ag32_link_active":"cpld","ag32_capabilities":0,"ag32_capabilities_known":false}
2026-09-11 01:13:43
2026-09-11 01:13:43 @mori {"event":"save_progress","percent":4,"done":393216,"total":9699328}
2026-09-11 01:13:43
2026-09-11 01:13:43 @mori {"event":"save_progress","percent":5,"done":491520,"total":9699328}
2026-09-11 01:13:44
2026-09-11 01:13:44 @mori {"event":"save_progress","percent":6,"done":589824,"total":9699328}
2026-09-11 01:13:44
2026-09-11 01:13:44 @mori {"event":"status","version":"v2.32.113","uptime_ms":2613503,"internal_free":47095,"internal_largest":15360,"psram_free":7474284,"burn_running":false,"patch_running":true,"cancel_requested":false,"phase":"saving_rom","detail":"/sdcard/黄金太阳1 开启的封印.patched-5.gba","offset":655360,"total":9699328,"passes":12,"read_bytes":40117948,"read_ms":34457,"elapsed_ms":44812,"result":0,"ag32_link":"cpld","ag32_link_active":"cpld","ag32_capabilities":0,"ag32_capabilities_known":false}
2026-09-11 01:13:44
2026-09-11 01:13:44 @mori {"event":"save_progress","percent":7,"done":688128,"total":9699328}
2026-09-11 01:13:45
2026-09-11 01:13:45 @mori {"event":"save_progress","percent":8,"done":786432,"total":9699328}
2026-09-11 01:13:45 I (2615682) burner_web: bacon idle timeout reached, cartridge power rails off
2026-09-11 01:13:45
2026-09-11 01:13:45 @mori {"event":"save_progress","percent":9,"done":884736,"total":9699328}
2026-09-11 01:13:46
2026-09-11 01:13:46 @mori {"event":"save_progress","percent":10,"done":983040,"total":9699328}
2026-09-11 01:13:46
2026-09-11 01:13:46 @mori {"event":"save_progress","percent":11,"done":1081344,"total":9699328}
2026-09-11 01:13:46
2026-09-11 01:13:46 @mori {"event":"status","version":"v2.32.113","uptime_ms":2615539,"internal_free":47095,"internal_largest":15360,"psram_free":7474284,"burn_running":false,"patch_running":true,"cancel_requested":false,"phase":"saving_rom","detail":"/sdcard/黄金太阳1 开启的封印.patched-5.gba","offset":1146880,"total":9699328,"passes":12,"read_bytes":40609468,"read_ms":35277,"elapsed_ms":46848,"result":0,"ag32_link":"cpld","ag32_link_active":"cpld","ag32_capabilities":0,"ag32_capabilities_known":false}
2026-09-11 01:13:46
2026-09-11 01:13:46 @mori {"event":"save_progress","percent":12,"done":1179648,"total":9699328}
2026-09-11 01:13:47
2026-09-11 01:13:47 @mori {"event":"save_progress","percent":13,"done":1277952,"total":9699328}
2026-09-11 01:13:47
2026-09-11 01:13:47 @mori {"event":"save_progress","percent":14,"done":1376256,"total":9699328}
2026-09-11 01:13:48
2026-09-11 01:13:48 @mori {"event":"save_progress","percent":15,"done":1474560,"total":9699328}
2026-09-11 01:13:48
2026-09-11 01:13:48 @mori {"event":"save_progress","percent":16,"done":1572864,"total":9699328}
2026-09-11 01:13:48
2026-09-11 01:13:48 @mori {"event":"status","version":"v2.32.113","uptime_ms":2617568,"internal_free":47095,"internal_largest":15360,"psram_free":7474284,"burn_running":false,"patch_running":true,"cancel_requested":false,"phase":"saving_rom","detail":"/sdcard/黄金太阳1 开启的封印.patched-5.gba","offset":1638400,"total":9699328,"passes":12,"read_bytes":41100988,"read_ms":36076,"elapsed_ms":48877,"result":0,"ag32_link":"cpld","ag32_link_active":"cpld","ag32_capabilities":0,"ag32_capabilities_known":false}
2026-09-11 01:13:48
2026-09-11 01:13:48 @mori {"event":"save_progress","percent":17,"done":1671168,"total":9699328}
2026-09-11 01:13:49
2026-09-11 01:13:49 @mori {"event":"save_progress","percent":18,"done":1769472,"total":9699328}
2026-09-11 01:13:49
2026-09-11 01:13:49 @mori {"event":"save_progress","percent":19,"done":1867776,"total":9699328}
2026-09-11 01:13:50
2026-09-11 01:13:50 @mori {"event":"save_progress","percent":20,"done":1966080,"total":9699328}
2026-09-11 01:13:50
2026-09-11 01:13:50 @mori {"event":"save_progress","percent":21,"done":2064384,"total":9699328}
2026-09-11 01:13:50
2026-09-11 01:13:50 @mori {"event":"status","version":"v2.32.113","uptime_ms":2619599,"internal_free":47095,"internal_largest":15360,"psram_free":7474284,"burn_running":false,"patch_running":true,"cancel_requested":false,"phase":"saving_rom","detail":"/sdcard/黄金太阳1 开启的封印.patched-5.gba","offset":2129920,"total":9699328,"passes":12,"read_bytes":41592508,"read_ms":36901,"elapsed_ms":50908,"result":0,"ag32_link":"cpld","ag32_link_active":"cpld","ag32_capabilities":0,"ag32_capabilities_known":false}
2026-09-11 01:13:50
2026-09-11 01:13:50 @mori {"event":"save_progress","percent":22,"done":2162688,"total":9699328}
2026-09-11 01:13:51
2026-09-11 01:13:51 @mori {"event":"save_progress","percent":23,"done":2260992,"total":9699328}
2026-09-11 01:13:51
2026-09-11 01:13:51 @mori {"event":"save_progress","percent":24,"done":2359296,"total":9699328}
2026-09-11 01:13:51
2026-09-11 01:13:51 @mori {"event":"save_progress","percent":25,"done":2424832,"total":9699328}
2026-09-11 01:13:52
2026-09-11 01:13:52 @mori {"event":"save_progress","percent":26,"done":2523136,"total":9699328}
2026-09-11 01:13:52
2026-09-11 01:13:52 @mori {"event":"save_progress","percent":27,"done":2621440,"total":9699328}
2026-09-11 01:13:52
2026-09-11 01:13:52 @mori {"event":"status","version":"v2.32.113","uptime_ms":2621637,"internal_free":47095,"internal_largest":15360,"psram_free":7474284,"burn_running":false,"patch_running":true,"cancel_requested":false,"phase":"saving_rom","detail":"/sdcard/黄金太阳1 开启的封印.patched-5.gba","offset":2621440,"total":9699328,"passes":12,"read_bytes":42084028,"read_ms":37687,"elapsed_ms":52946,"result":0,"ag32_link":"cpld","ag32_link_active":"cpld","ag32_capabilities":0,"ag32_capabilities_known":false}
2026-09-11 01:13:53
2026-09-11 01:13:53 @mori {"event":"save_progress","percent":28,"done":2719744,"total":9699328}
2026-09-11 01:13:53
2026-09-11 01:13:53 @mori {"event":"save_progress","percent":29,"done":2818048,"total":9699328}
2026-09-11 01:13:53
2026-09-11 01:13:53 @mori {"event":"save_progress","percent":30,"done":2916352,"total":9699328}
2026-09-11 01:13:54
2026-09-11 01:13:54 @mori {"event":"save_progress","percent":31,"done":3014656,"total":9699328}
2026-09-11 01:13:54
2026-09-11 01:13:54 @mori {"event":"save_progress","percent":32,"done":3112960,"total":9699328}
2026-09-11 01:13:54
2026-09-11 01:13:54 @mori {"event":"status","version":"v2.32.113","uptime_ms":2623659,"internal_free":47095,"internal_largest":15360,"psram_free":7474284,"burn_running":false,"patch_running":true,"cancel_requested":false,"phase":"saving_rom","detail":"/sdcard/黄金太阳1 开启的封印.patched-5.gba","offset":3145728,"total":9699328,"passes":12,"read_bytes":42608316,"read_ms":38491,"elapsed_ms":54968,"result":0,"ag32_link":"cpld","ag32_link_active":"cpld","ag32_capabilities":0,"ag32_capabilities_known":false}
2026-09-11 01:13:55
2026-09-11 01:13:55 @mori {"event":"save_progress","percent":33,"done":3211264,"total":9699328}
2026-09-11 01:13:55
2026-09-11 01:13:55 @mori {"event":"save_progress","percent":34,"done":3309568,"total":9699328}
2026-09-11 01:13:55
2026-09-11 01:13:55 @mori {"event":"save_progress","percent":35,"done":3407872,"total":9699328}
2026-09-11 01:13:56
2026-09-11 01:13:56 @mori {"event":"save_progress","percent":36,"done":3506176,"total":9699328}
2026-09-11 01:13:56
2026-09-11 01:13:56 @mori {"event":"save_progress","percent":37,"done":3604480,"total":9699328}
2026-09-11 01:13:56
2026-09-11 01:13:56 @mori {"event":"status","version":"v2.32.113","uptime_ms":2625689,"internal_free":47095,"internal_largest":15360,"psram_free":7474284,"burn_running":false,"patch_running":true,"cancel_requested":false,"phase":"saving_rom","detail":"/sdcard/黄金太阳1 开启的封印.patched-5.gba","offset":3604480,"total":9699328,"passes":12,"read_bytes":43067068,"read_ms":39292,"elapsed_ms":56998,"result":0,"ag32_link":"cpld","ag32_link_active":"cpld","ag32_capabilities":0,"ag32_capabilities_known":false}
2026-09-11 01:13:57
2026-09-11 01:13:57 @mori {"event":"save_progress","percent":38,"done":3702784,"total":9699328}
2026-09-11 01:13:57
2026-09-11 01:13:57 @mori {"event":"save_progress","percent":39,"done":3801088,"total":9699328}
2026-09-11 01:13:58
2026-09-11 01:13:58 @mori {"event":"save_progress","percent":40,"done":3899392,"total":9699328}
2026-09-11 01:13:58
2026-09-11 01:13:58 @mori {"event":"save_progress","percent":41,"done":3997696,"total":9699328}
2026-09-11 01:13:59
2026-09-11 01:13:59 @mori {"event":"status","version":"v2.32.113","uptime_ms":2627715,"internal_free":47095,"internal_largest":15360,"psram_free":7474284,"burn_running":false,"patch_running":true,"cancel_requested":false,"phase":"saving_rom","detail":"/sdcard/黄金太阳1 开启的封印.patched-5.gba","offset":4096000,"total":9699328,"passes":12,"read_bytes":43558588,"read_ms":40134,"elapsed_ms":59024,"result":0,"ag32_link":"cpld","ag32_link_active":"cpld","ag32_capabilities":0,"ag32_capabilities_known":false}
2026-09-11 01:13:59
2026-09-11 01:13:59 @mori {"event":"save_progress","percent":42,"done":4096000,"total":9699328}
2026-09-11 01:13:59
2026-09-11 01:13:59 @mori {"event":"save_progress","percent":43,"done":4194304,"total":9699328}
2026-09-11 01:13:59
2026-09-11 01:13:59 @mori {"event":"save_progress","percent":44,"done":4292608,"total":9699328}
2026-09-11 01:14:00
2026-09-11 01:14:00 @mori {"event":"save_progress","percent":45,"done":4390912,"total":9699328}
2026-09-11 01:14:00
2026-09-11 01:14:00 @mori {"event":"save_progress","percent":46,"done":4489216,"total":9699328}
2026-09-11 01:14:01
2026-09-11 01:14:01 @mori {"event":"status","version":"v2.32.113","uptime_ms":2629739,"internal_free":47095,"internal_largest":15360,"psram_free":7474284,"burn_running":false,"patch_running":true,"cancel_requested":false,"phase":"saving_rom","detail":"/sdcard/黄金太阳1 开启的封印.patched-5.gba","offset":4554752,"total":9699328,"passes":12,"read_bytes":44017340,"read_ms":40922,"elapsed_ms":61048,"result":0,"ag32_link":"cpld","ag32_link_active":"cpld","ag32_capabilities":0,"ag32_capabilities_known":false}
2026-09-11 01:14:01
2026-09-11 01:14:01 @mori {"event":"save_progress","percent":47,"done":4587520,"total":9699328}
2026-09-11 01:14:01
2026-09-11 01:14:01 @mori {"event":"save_progress","percent":48,"done":4685824,"total":9699328}
2026-09-11 01:14:01
2026-09-11 01:14:01 @mori {"event":"save_progress","percent":49,"done":4784128,"total":9699328}
2026-09-11 01:14:02
2026-09-11 01:14:02 @mori {"event":"save_progress","percent":50,"done":4849664,"total":9699328}
2026-09-11 01:14:02
2026-09-11 01:14:02 @mori {"event":"save_progress","percent":51,"done":4947968,"total":9699328}
2026-09-11 01:14:03
2026-09-11 01:14:03 @mori {"event":"save_progress","percent":52,"done":5046272,"total":9699328}
2026-09-11 01:14:03
2026-09-11 01:14:03 @mori {"event":"status","version":"v2.32.113","uptime_ms":2631757,"internal_free":47095,"internal_largest":15360,"psram_free":7474284,"burn_running":false,"patch_running":true,"cancel_requested":false,"phase":"saving_rom","detail":"/sdcard/黄金太阳1 开启的封印.patched-5.gba","offset":5046272,"total":9699328,"passes":12,"read_bytes":44508860,"read_ms":41774,"elapsed_ms":63066,"result":0,"ag32_link":"cpld","ag32_link_active":"cpld","ag32_capabilities":0,"ag32_capabilities_known":false}
2026-09-11 01:14:03
2026-09-11 01:14:03 @mori {"event":"save_progress","percent":53,"done":5144576,"total":9699328}
2026-09-11 01:14:03
2026-09-11 01:14:03 @mori {"event":"save_progress","percent":54,"done":5242880,"total":9699328}
2026-09-11 01:14:04
2026-09-11 01:14:04 @mori {"event":"save_progress","percent":55,"done":5341184,"total":9699328}
2026-09-11 01:14:04
2026-09-11 01:14:04 @mori {"event":"save_progress","percent":56,"done":5439488,"total":9699328}
2026-09-11 01:14:05
2026-09-11 01:14:05 @mori {"event":"status","version":"v2.32.113","uptime_ms":2633808,"internal_free":47095,"internal_largest":15360,"psram_free":7474284,"burn_running":false,"patch_running":true,"cancel_requested":false,"phase":"saving_rom","detail":"/sdcard/黄金太阳1 开启的封印.patched-5.gba","offset":5537792,"total":9699328,"passes":12,"read_bytes":45000380,"read_ms":42643,"elapsed_ms":65117,"result":0,"ag32_link":"cpld","ag32_link_active":"cpld","ag32_capabilities":0,"ag32_capabilities_known":false}
2026-09-11 01:14:05
2026-09-11 01:14:05 @mori {"event":"save_progress","percent":57,"done":5537792,"total":9699328}
2026-09-11 01:14:05
2026-09-11 01:14:05 @mori {"event":"save_progress","percent":58,"done":5636096,"total":9699328}
2026-09-11 01:14:05
2026-09-11 01:14:05 @mori {"event":"save_progress","percent":59,"done":5734400,"total":9699328}
2026-09-11 01:14:06
2026-09-11 01:14:06 @mori {"event":"save_progress","percent":60,"done":5832704,"total":9699328}
2026-09-11 01:14:06
2026-09-11 01:14:06 @mori {"event":"save_progress","percent":61,"done":5931008,"total":9699328}
2026-09-11 01:14:07
2026-09-11 01:14:07 @mori {"event":"status","version":"v2.32.113","uptime_ms":2635833,"internal_free":47095,"internal_largest":15360,"psram_free":7474284,"burn_running":false,"patch_running":true,"cancel_requested":false,"phase":"saving_rom","detail":"/sdcard/黄金太阳1 开启的封印.patched-5.gba","offset":6029312,"total":9699328,"passes":12,"read_bytes":45491900,"read_ms":43503,"elapsed_ms":67142,"result":0,"ag32_link":"cpld","ag32_link_active":"cpld","ag32_capabilities":0,"ag32_capabilities_known":false}
2026-09-11 01:14:07
2026-09-11 01:14:07 @mori {"event":"save_progress","percent":62,"done":6029312,"total":9699328}
2026-09-11 01:14:07
2026-09-11 01:14:07 @mori {"event":"save_progress","percent":63,"done":6127616,"total":9699328}
2026-09-11 01:14:07
2026-09-11 01:14:07 @mori {"event":"save_progress","percent":64,"done":6225920,"total":9699328}
2026-09-11 01:14:08
2026-09-11 01:14:08 @mori {"event":"save_progress","percent":65,"done":6324224,"total":9699328}
2026-09-11 01:14:08
2026-09-11 01:14:08 @mori {"event":"save_progress","percent":66,"done":6422528,"total":9699328}
2026-09-11 01:14:09
2026-09-11 01:14:09 @mori {"event":"status","version":"v2.32.113","uptime_ms":2637867,"internal_free":47095,"internal_largest":15360,"psram_free":7474284,"burn_running":false,"patch_running":true,"cancel_requested":false,"phase":"saving_rom","detail":"/sdcard/黄金太阳1 开启的封印.patched-5.gba","offset":6488064,"total":9699328,"passes":12,"read_bytes":45950652,"read_ms":44299,"elapsed_ms":69176,"result":0,"ag32_link":"cpld","ag32_link_active":"cpld","ag32_capabilities":0,"ag32_capabilities_known":false}
2026-09-11 01:14:09
2026-09-11 01:14:09 @mori {"event":"save_progress","percent":67,"done":6520832,"total":9699328}
2026-09-11 01:14:09
2026-09-11 01:14:09 @mori {"event":"save_progress","percent":68,"done":6619136,"total":9699328}
2026-09-11 01:14:09
2026-09-11 01:14:09 @mori {"event":"save_progress","percent":69,"done":6717440,"total":9699328}
2026-09-11 01:14:10
2026-09-11 01:14:10 @mori {"event":"save_progress","percent":70,"done":6815744,"total":9699328}
2026-09-11 01:14:10
2026-09-11 01:14:10 @mori {"event":"save_progress","percent":71,"done":6914048,"total":9699328}
2026-09-11 01:14:11
2026-09-11 01:14:11 @mori {"event":"status","version":"v2.32.113","uptime_ms":2639894,"internal_free":47095,"internal_largest":15360,"psram_free":7474284,"burn_running":false,"patch_running":true,"cancel_requested":false,"phase":"saving_rom","detail":"/sdcard/黄金太阳1 开启的封印.patched-5.gba","offset":6979584,"total":9699328,"passes":12,"read_bytes":46442172,"read_ms":45175,"elapsed_ms":71203,"result":0,"ag32_link":"cpld","ag32_link_active":"cpld","ag32_capabilities":0,"ag32_capabilities_known":false}
2026-09-11 01:14:11
2026-09-11 01:14:11 @mori {"event":"save_progress","percent":72,"done":7012352,"total":9699328}
2026-09-11 01:14:11
2026-09-11 01:14:11 @mori {"event":"save_progress","percent":73,"done":7110656,"total":9699328}
2026-09-11 01:14:12
2026-09-11 01:14:12 @mori {"event":"save_progress","percent":74,"done":7208960,"total":9699328}
2026-09-11 01:14:12
2026-09-11 01:14:12 @mori {"event":"save_progress","percent":75,"done":7274496,"total":9699328}
2026-09-11 01:14:12
2026-09-11 01:14:12 @mori {"event":"save_progress","percent":76,"done":7372800,"total":9699328}
2026-09-11 01:14:13
2026-09-11 01:14:13 @mori {"event":"status","version":"v2.32.113","uptime_ms":2641927,"internal_free":47095,"internal_largest":15360,"psram_free":7474284,"burn_running":false,"patch_running":true,"cancel_requested":false,"phase":"saving_rom","detail":"/sdcard/黄金太阳1 开启的封印.patched-5.gba","offset":7471104,"total":9699328,"passes":12,"read_bytes":46933692,"read_ms":46053,"elapsed_ms":73237,"result":0,"ag32_link":"cpld","ag32_link_active":"cpld","ag32_capabilities":0,"ag32_capabilities_known":false}
2026-09-11 01:14:13
2026-09-11 01:14:13 @mori {"event":"save_progress","percent":77,"done":7471104,"total":9699328}
2026-09-11 01:14:13
2026-09-11 01:14:13 @mori {"event":"save_progress","percent":78,"done":7569408,"total":9699328}
2026-09-11 01:14:14
2026-09-11 01:14:14 @mori {"event":"save_progress","percent":79,"done":7667712,"total":9699328}
2026-09-11 01:14:14
2026-09-11 01:14:14 @mori {"event":"save_progress","percent":80,"done":7766016,"total":9699328}
2026-09-11 01:14:14
2026-09-11 01:14:14 @mori {"event":"save_progress","percent":81,"done":7864320,"total":9699328}
2026-09-11 01:14:15
2026-09-11 01:14:15 @mori {"event":"status","version":"v2.32.113","uptime_ms":2643965,"internal_free":47051,"internal_largest":15360,"psram_free":7474284,"burn_running":false,"patch_running":true,"cancel_requested":false,"phase":"saving_rom","detail":"/sdcard/黄金太阳1 开启的封印.patched-5.gba","offset":7929856,"total":9699328,"passes":12,"read_bytes":47392444,"read_ms":46889,"elapsed_ms":75274,"result":0,"ag32_link":"cpld","ag32_link_active":"cpld","ag32_capabilities":0,"ag32_capabilities_known":false}
2026-09-11 01:14:15
2026-09-11 01:14:15 @mori {"event":"save_progress","percent":82,"done":7962624,"total":9699328}
2026-09-11 01:14:15
2026-09-11 01:14:15 @mori {"event":"save_progress","percent":83,"done":8060928,"total":9699328}
2026-09-11 01:14:16
2026-09-11 01:14:16 @mori {"event":"save_progress","percent":84,"done":8159232,"total":9699328}
2026-09-11 01:14:16
2026-09-11 01:14:16 @mori {"event":"save_progress","percent":85,"done":8257536,"total":9699328}
2026-09-11 01:14:17
2026-09-11 01:14:17 @mori {"event":"status","version":"v2.32.113","uptime_ms":2646001,"internal_free":47095,"internal_largest":15360,"psram_free":7474284,"burn_running":false,"patch_running":true,"cancel_requested":false,"phase":"saving_rom","detail":"/sdcard/黄金太阳1 开启的封印.patched-5.gba","offset":8323072,"total":9699328,"passes":12,"read_bytes":47785660,"read_ms":47606,"elapsed_ms":77310,"result":0,"ag32_link":"cpld","ag32_link_active":"cpld","ag32_capabilities":0,"ag32_capabilities_known":false}
2026-09-11 01:14:17
2026-09-11 01:14:17 @mori {"event":"save_progress","percent":86,"done":8355840,"total":9699328}
2026-09-11 01:14:18
2026-09-11 01:14:18 @mori {"event":"save_progress","percent":87,"done":8454144,"total":9699328}
2026-09-11 01:14:18
2026-09-11 01:14:18 @mori {"event":"save_progress","percent":88,"done":8552448,"total":9699328}
2026-09-11 01:14:19
2026-09-11 01:14:19 @mori {"event":"status","version":"v2.32.113","uptime_ms":2648030,"internal_free":47095,"internal_largest":15360,"psram_free":7474284,"burn_running":false,"patch_running":true,"cancel_requested":false,"phase":"saving_rom","detail":"/sdcard/黄金太阳1 开启的封印.patched-5.gba","offset":8585216,"total":9699328,"passes":12,"read_bytes":48047804,"read_ms":48112,"elapsed_ms":79339,"result":0,"ag32_link":"cpld","ag32_link_active":"cpld","ag32_capabilities":0,"ag32_capabilities_known":false}
2026-09-11 01:14:19
2026-09-11 01:14:19 @mori {"event":"save_progress","percent":89,"done":8650752,"total":9699328}
2026-09-11 01:14:20
2026-09-11 01:14:20 @mori {"event":"save_progress","percent":90,"done":8749056,"total":9699328}
2026-09-11 01:14:21
2026-09-11 01:14:21 @mori {"event":"save_progress","percent":91,"done":8847360,"total":9699328}
2026-09-11 01:14:21
2026-09-11 01:14:21 @mori {"event":"status","version":"v2.32.113","uptime_ms":2650054,"internal_free":47095,"internal_largest":15360,"psram_free":7474284,"burn_running":false,"patch_running":true,"cancel_requested":false,"phase":"saving_rom","detail":"/sdcard/黄金太阳1 开启的封印.patched-5.gba","offset":8847360,"total":9699328,"passes":12,"read_bytes":48309948,"read_ms":48605,"elapsed_ms":81363,"result":0,"ag32_link":"cpld","ag32_link_active":"cpld","ag32_capabilities":0,"ag32_capabilities_known":false}
2026-09-11 01:14:21
2026-09-11 01:14:21 @mori {"event":"save_progress","percent":92,"done":8945664,"total":9699328}
2026-09-11 01:14:22
2026-09-11 01:14:22 @mori {"event":"save_progress","percent":93,"done":9043968,"total":9699328}
2026-09-11 01:14:22
2026-09-11 01:14:22 @mori {"event":"save_progress","percent":94,"done":9142272,"total":9699328}
2026-09-11 01:14:22
2026-09-11 01:14:22 @mori {"event":"save_progress","percent":95,"done":9240576,"total":9699328}
2026-09-11 01:14:23
2026-09-11 01:14:23 @mori {"event":"save_progress","percent":96,"done":9338880,"total":9699328}
2026-09-11 01:14:23
2026-09-11 01:14:23 @mori {"event":"status","version":"v2.32.113","uptime_ms":2652076,"internal_free":47095,"internal_largest":15360,"psram_free":7474284,"burn_running":false,"patch_running":true,"cancel_requested":false,"phase":"saving_rom","detail":"/sdcard/黄金太阳1 开启的封印.patched-5.gba","offset":9338880,"total":9699328,"passes":12,"read_bytes":48719548,"read_ms":49340,"elapsed_ms":83385,"result":0,"ag32_link":"cpld","ag32_link_active":"cpld","ag32_capabilities":0,"ag32_capabilities_known":false}
2026-09-11 01:14:23
2026-09-11 01:14:23 @mori {"event":"save_progress","percent":97,"done":9437184,"total":9699328}
2026-09-11 01:14:23
2026-09-11 01:14:23 @mori {"event":"save_progress","percent":98,"done":9535488,"total":9699328}
2026-09-11 01:14:23
2026-09-11 01:14:23 @mori {"event":"save_progress","percent":99,"done":9633792,"total":9699328}
2026-09-11 01:14:24
2026-09-11 01:14:24 @mori {"event":"save_progress","percent":100,"done":9699328,"total":9699328}
2026-09-11 01:14:24
2026-09-11 01:14:24 @mori {"event":"patch_done","result":0,"error":"","elapsed_ms":84203,"save_type":"FLASH_V123","sram":true,"batteryless":true,"waitcnt_count":15,"output_size":9699328,"output_path":"/sdcard/黄金太阳1 开启的封印.patched-5.gba"}
