2026-09-11 01:15:28 I (2718699) burner_web: PSRAM auto window: free=7523360 largest=7471104 reserve=262144 -> 6MB
2026-09-11 01:15:48 I (2738940) burner_web: GBA D0/D1 swap detection starting...
2026-09-11 01:15:48 I (2738941) burner_web: D0/D1 swap detection: entering CFI mode (word addr 0x055)
2026-09-11 01:15:48 I (2738943) burner_web: D0/D1 swap detection: CFI 'QRY' detected (normal, low-byte lane) [010]=0051 [011]=0052 [012]=0059
2026-09-11 01:15:48 I (2738954) burner_web: GBA D0/D1 swap detection: NORMAL (no swap), lane=low
2026-09-11 01:15:48 I (2738960) burner_web: GBA ReadID trace begin t=2737746280us
2026-09-11 01:15:48 I (2738965) burner_web: GBA ReadID trace write addr=0x555 data=0x00AA dt=5201us (0.005201s)
2026-09-11 01:15:48 I (2738974) burner_web: GBA ReadID trace write addr=0x2AA data=0x0055 dt=8448us (0.008448s)
2026-09-11 01:15:48 I (2738983) burner_web: GBA ReadID trace write addr=0x555 data=0x0090 dt=8875us (0.008875s)
2026-09-11 01:15:48 I (2738990) burner_web: GBA ReadID trace read addr=0x000 data=0x0001 dt=7339us (0.007339s)
2026-09-11 01:15:48 I (2738998) burner_web: GBA ReadID trace read addr=0x001 data=0x227E dt=8002us (0.008002s)
2026-09-11 01:15:48 I (2739006) burner_web: GBA ReadID trace read addr=0x00E data=0x2228 dt=7901us (0.007901s)
2026-09-11 01:15:48 I (2739014) burner_web: GBA ReadID trace read addr=0x00F data=0x2201 dt=8007us (0.008007s)
2026-09-11 01:15:48 I (2739022) burner_web: GBA ReadID trace write addr=0x000 data=0x00F0 dt=7970us (0.007970s)
2026-09-11 01:15:48 I (2739030) burner_web: GBA ReadID trace end status=ESP_OK total=69757us (0.069757s)
2026-09-11 01:15:48 I (2739037) burner_web: GBA word-address probe @40000000Hz try=1 id=01 00 7E 22 28 22 01 22 (candidate-id)
2026-09-11 01:15:48 I (2739047) burner_web: GBA Intel ReadID trace begin t=2737833126us
2026-09-11 01:15:48 I (2739052) burner_web: GBA Intel ReadID trace write addr=0x000 data=0x0050 dt=5526us (0.005526s)
2026-09-11 01:15:48 I (2739062) burner_web: GBA Intel ReadID trace write addr=0x000 data=0x00FF dt=9041us (0.009041s)
2026-09-11 01:15:48 I (2739070) burner_web: GBA Intel ReadID trace write addr=0x000 data=0x0090 dt=8485us (0.008485s)
2026-09-11 01:15:48 I (2739079) burner_web: GBA Intel ReadID trace read addr=0x000 data=0xFDE5 dt=9257us (0.009257s)
2026-09-11 01:15:48 I (2739087) burner_web: GBA Intel ReadID trace read addr=0x001 data=0xEA3E dt=7872us (0.007872s)
2026-09-11 01:15:48 I (2739096) burner_web: GBA Intel ReadID trace read addr=0x00E data=0x52A3 dt=8555us (0.008555s)
2026-09-11 01:15:48 I (2739104) burner_web: GBA Intel ReadID trace read addr=0x00F data=0x19BE dt=8746us (0.008746s)
2026-09-11 01:15:48 I (2739113) burner_web: GBA Intel ReadID trace write addr=0x000 data=0x0050 dt=8268us (0.008268s)
2026-09-11 01:15:49 I (2739121) burner_web: GBA Intel ReadID trace write addr=0x000 data=0x00FF dt=8488us (0.008488s)
2026-09-11 01:15:49 I (2739130) burner_web: GBA Intel ReadID trace end status=ESP_OK total=82825us (0.082825s)
2026-09-11 01:15:49 I (2739138) burner_web: GBA intel-id probe @40000000Hz try=1 id=E5 FD 3E EA A3 52 BE 19 (candidate-id)
2026-09-11 01:15:49 I (2739157) burner_web: GBA raw ID method scan summary @40000000Hz try=1: candidates=0 best=AMD standard
2026-09-11 01:15:49 I (2739160) burner_web: GBA profile match @40000000Hz try=1: chip=S29GL01GP/GS profile=AGB:AMD:555/2AA:AA/55 cmdset=amd method=AMD standard
2026-09-11 01:15:49 I (2739169) burner_web: GBA auto probe @40000000Hz try=1 id=01 00 7E 22 28 22 01 22 (candidate-id)
2026-09-11 01:15:49 I (2739178) burner_web: GBA CFI ok in word-address mode @40000000Hz try=1: chip=S29GL01GP/GS profile=AGB:AMD:555/2AA:AA/55 flash=134217728 sector=131072 geom=uniform largest=131072 regions=1 buf=512 cmdset=amd lane=low primary=0x0002
2026-09-11 01:15:49 I (2739199) power_manager: CPU perf lock acquired by burn_task
2026-09-11 01:15:49 I (2739424) burner_web: GBA D0/D1 swap detection starting...
2026-09-11 01:15:49 I (2739426) burner_web: D0/D1 swap detection: entering CFI mode (word addr 0x055)
2026-09-11 01:15:49 I (2739428) burner_web: D0/D1 swap detection: CFI 'QRY' detected (normal, low-byte lane) [010]=0051 [011]=0052 [012]=0059
2026-09-11 01:15:49 I (2739439) burner_web: GBA D0/D1 swap detection: NORMAL (no swap), lane=low
2026-09-11 01:15:49 I (2739445) burner_web: GBA ReadID trace begin t=2738230962us
2026-09-11 01:15:49 I (2739450) burner_web: GBA ReadID trace write addr=0x555 data=0x00AA dt=5399us (0.005399s)
2026-09-11 01:15:49 I (2739459) burner_web: GBA ReadID trace write addr=0x2AA data=0x0055 dt=8731us (0.008731s)
2026-09-11 01:15:49 I (2739467) burner_web: GBA ReadID trace write addr=0x555 data=0x0090 dt=7910us (0.007910s)
2026-09-11 01:15:49 I (2739475) burner_web: GBA ReadID trace read addr=0x000 data=0x0001 dt=8002us (0.008002s)
2026-09-11 01:15:49 I (2739483) burner_web: GBA ReadID trace read addr=0x001 data=0x227E dt=7810us (0.007810s)
2026-09-11 01:15:49 I (2739491) burner_web: GBA ReadID trace read addr=0x00E data=0x2228 dt=8153us (0.008153s)
2026-09-11 01:15:49 I (2739499) burner_web: GBA ReadID trace read addr=0x00F data=0x2201 dt=8118us (0.008118s)
2026-09-11 01:15:49 I (2739507) burner_web: GBA ReadID trace write addr=0x000 data=0x00F0 dt=8122us (0.008122s)
2026-09-11 01:15:49 I (2739515) burner_web: GBA ReadID trace end status=ESP_OK total=70011us (0.070011s)
2026-09-11 01:15:49 I (2739522) burner_web: GBA word-address probe @40000000Hz try=1 id=01 00 7E 22 28 22 01 22 (candidate-id)
2026-09-11 01:15:49 I (2739532) burner_web: GBA Intel ReadID trace begin t=2738317933us
2026-09-11 01:15:49 I (2739537) burner_web: GBA Intel ReadID trace write addr=0x000 data=0x0050 dt=5645us (0.005645s)
2026-09-11 01:15:49 I (2739546) burner_web: GBA Intel ReadID trace write addr=0x000 data=0x00FF dt=8755us (0.008755s)
2026-09-11 01:15:49 I (2739555) burner_web: GBA Intel ReadID trace write addr=0x000 data=0x0090 dt=9022us (0.009022s)
2026-09-11 01:15:49 I (2739564) burner_web: GBA Intel ReadID trace read addr=0x000 data=0xFDE5 dt=8532us (0.008532s)
2026-09-11 01:15:49 I (2739572) burner_web: GBA Intel ReadID trace read addr=0x001 data=0xEA3E dt=8278us (0.008278s)
2026-09-11 01:15:49 I (2739580) burner_web: GBA Intel ReadID trace read addr=0x00E data=0x52A3 dt=8479us (0.008479s)
2026-09-11 01:15:49 I (2739589) burner_web: GBA Intel ReadID trace read addr=0x00F data=0x19BE dt=8712us (0.008712s)
2026-09-11 01:15:49 I (2739598) burner_web: GBA Intel ReadID trace write addr=0x000 data=0x0050 dt=8623us (0.008623s)
2026-09-11 01:15:49 I (2739606) burner_web: GBA Intel ReadID trace write addr=0x000 data=0x00FF dt=8258us (0.008258s)
2026-09-11 01:15:49 I (2739615) burner_web: GBA Intel ReadID trace end status=ESP_OK total=82948us (0.082948s)
2026-09-11 01:15:49 I (2739623) burner_web: GBA intel-id probe @40000000Hz try=1 id=E5 FD 3E EA A3 52 BE 19 (candidate-id)
2026-09-11 01:15:49 I (2739643) burner_web: GBA raw ID method scan summary @40000000Hz try=1: candidates=0 best=AMD standard
2026-09-11 01:15:49 I (2739646) burner_web: GBA profile match @40000000Hz try=1: chip=S29GL01GP/GS profile=AGB:AMD:555/2AA:AA/55 cmdset=amd method=AMD standard
2026-09-11 01:15:49 I (2739655) burner_web: GBA auto probe @40000000Hz try=1 id=01 00 7E 22 28 22 01 22 (candidate-id)
2026-09-11 01:15:49 I (2739664) burner_web: GBA CFI ok in word-address mode @40000000Hz try=1: chip=S29GL01GP/GS profile=AGB:AMD:555/2AA:AA/55 flash=134217728 sector=131072 geom=uniform largest=131072 regions=1 buf=512 cmdset=amd lane=low primary=0x0002
2026-09-11 01:15:49 I (2739684) burner_web: GBA AMD Bacon compatibility: keep flash size 134217728, use 32MB banked writes
2026-09-11 01:15:49 I (2739694) burner_web: GBA AMD runtime commands: standard AMD source=AMD standard
2026-09-11 01:15:49 I (2739700) burner_web: GBA prepared: chip=S29GL01GP/GS profile=AGB:AMD:555/2AA:AA/55 flash=134217728 sector=131072 geom=uniform largest=131072 regions=1 buf=512 prog_buf=512 cfi=ok nor=amd cmd=word-address low-lane id=01 00 7E 22 28 22 01 22
2026-09-11 01:15:49 I (2739722) burner_web: GBA mapping: Bacon AMD 32MB-bank bank=32MB force_multi=0 range=0x00000000-0x0093FFFF
2026-09-11 01:15:49 I (2739732) burner_web: GBA paired polling: 4 read-only address checks passed
2026-09-11 01:16:18 I (2768239) burner_web: GBA CHIS summary: err=ESP_OK total=28507ms bytes=9259520/9699328 erase=19681ms tf=19742ms program=7966ms avg_once=0B
2026-09-11 01:16:18 I (2768241) burner_web: GBA program profile: calls=0 build=0ms spi=0ms entry=0ms poll=0ms reset=0ms prefetch_wait=63ms skipped_ff=439808B
2026-09-11 01:16:24 I (2774709) burner_web: ROM verify: err=ESP_OK bytes=9699328/9699328 tf=1386ms cart=4506ms
2026-09-11 01:16:24 I (2774712) burner_web: burn_task result: err=ESP_OK state=done processed=9699328/9699328 msg=burn finished
2026-09-11 01:16:24 I (2774717) power_manager: CPU perf lock released by burn_task
2026-09-11 01:16:24 I (2774723) burner_web: burn_task stack free min=11788 bytes
2026-09-11 01:16:25 I (2775375) burner_web: PSRAM auto window: free=7523372 largest=7471104 reserve=262144 -> 6MB
2026-09-11 01:16:25 I (2775378) power_manager: CPU perf lock acquired by burn_task
2026-09-11 01:16:25 I (2775580) burner_web: GBA D0/D1 swap detection starting...
2026-09-11 01:16:25 I (2775581) burner_web: D0/D1 swap detection: entering CFI mode (word addr 0x055)
2026-09-11 01:16:25 I (2775583) burner_web: D0/D1 swap detection: CFI 'QRY' detected (normal, low-byte lane) [010]=0051 [011]=0052 [012]=0059
2026-09-11 01:16:25 I (2775594) burner_web: GBA D0/D1 swap detection: NORMAL (no swap), lane=low
2026-09-11 01:16:25 I (2775601) burner_web: GBA ReadID trace begin t=2774386780us
2026-09-11 01:16:25 I (2775606) burner_web: GBA ReadID trace write addr=0x555 data=0x00AA dt=5354us (0.005354s)
2026-09-11 01:16:25 I (2775614) burner_web: GBA ReadID trace write addr=0x2AA data=0x0055 dt=8416us (0.008416s)
2026-09-11 01:16:25 I (2775623) burner_web: GBA ReadID trace write addr=0x555 data=0x0090 dt=8220us (0.008220s)
2026-09-11 01:16:25 I (2775631) burner_web: GBA ReadID trace read addr=0x000 data=0x0001 dt=7986us (0.007986s)
2026-09-11 01:16:25 I (2775639) burner_web: GBA ReadID trace read addr=0x001 data=0x227E dt=7963us (0.007963s)
2026-09-11 01:16:25 I (2775646) burner_web: GBA ReadID trace read addr=0x00E data=0x2228 dt=7865us (0.007865s)
2026-09-11 01:16:25 I (2775655) burner_web: GBA ReadID trace read addr=0x00F data=0x2201 dt=8119us (0.008119s)
2026-09-11 01:16:25 I (2775663) burner_web: GBA ReadID trace write addr=0x000 data=0x00F0 dt=8023us (0.008023s)
2026-09-11 01:16:25 I (2775670) burner_web: GBA ReadID trace end status=ESP_OK total=69765us (0.069765s)
2026-09-11 01:16:25 I (2775678) burner_web: GBA word-address probe @40000000Hz try=1 id=01 00 7E 22 28 22 01 22 (candidate-id)
2026-09-11 01:16:25 I (2775687) burner_web: GBA Intel ReadID trace begin t=2774473571us
2026-09-11 01:16:25 I (2775693) burner_web: GBA Intel ReadID trace write addr=0x000 data=0x0050 dt=5784us (0.005784s)
2026-09-11 01:16:25 I (2775702) burner_web: GBA Intel ReadID trace write addr=0x000 data=0x00FF dt=8800us (0.008800s)
2026-09-11 01:16:25 I (2775711) burner_web: GBA Intel ReadID trace write addr=0x000 data=0x0090 dt=8560us (0.008560s)
2026-09-11 01:16:25 I (2775719) burner_web: GBA Intel ReadID trace read addr=0x000 data=0xFDE5 dt=8447us (0.008447s)
2026-09-11 01:16:25 I (2775728) burner_web: GBA Intel ReadID trace read addr=0x001 data=0xEA23 dt=8657us (0.008657s)
2026-09-11 01:16:25 I (2775736) burner_web: GBA Intel ReadID trace read addr=0x00E data=0x52A3 dt=8428us (0.008428s)
2026-09-11 01:16:25 I (2775745) burner_web: GBA Intel ReadID trace read addr=0x00F data=0x19BE dt=8842us (0.008842s)
2026-09-11 01:16:25 I (2775753) burner_web: GBA Intel ReadID trace write addr=0x000 data=0x0050 dt=8339us (0.008339s)
2026-09-11 01:16:25 I (2775762) burner_web: GBA Intel ReadID trace write addr=0x000 data=0x00FF dt=8379us (0.008379s)
2026-09-11 01:16:25 I (2775770) burner_web: GBA Intel ReadID trace end status=ESP_OK total=82813us (0.082813s)
2026-09-11 01:16:25 I (2775778) burner_web: GBA intel-id probe @40000000Hz try=1 id=E5 FD 23 EA A3 52 BE 19 (candidate-id)
2026-09-11 01:16:25 I (2775798) burner_web: GBA raw ID method scan summary @40000000Hz try=1: candidates=0 best=AMD standard
2026-09-11 01:16:25 I (2775801) burner_web: GBA profile match @40000000Hz try=1: chip=S29GL01GP/GS profile=AGB:AMD:555/2AA:AA/55 cmdset=amd method=AMD standard
2026-09-11 01:16:25 I (2775809) burner_web: GBA auto probe @40000000Hz try=1 id=01 00 7E 22 28 22 01 22 (candidate-id)
2026-09-11 01:16:25 I (2775819) burner_web: GBA CFI ok in word-address mode @40000000Hz try=1: chip=S29GL01GP/GS profile=AGB:AMD:555/2AA:AA/55 flash=134217728 sector=131072 geom=uniform largest=131072 regions=1 buf=512 cmdset=amd lane=low primary=0x0002
2026-09-11 01:16:25 I (2775839) burner_web: GBA AMD Bacon compatibility: keep flash size 134217728, use 32MB banked writes
2026-09-11 01:16:25 I (2775848) burner_web: GBA AMD runtime commands: standard AMD source=AMD standard
2026-09-11 01:16:25 I (2775855) burner_web: GBA prepared: chip=S29GL01GP/GS profile=AGB:AMD:555/2AA:AA/55 flash=134217728 sector=131072 geom=uniform largest=131072 regions=1 buf=512 prog_buf=512 cfi=ok nor=amd cmd=word-address low-lane id=01 00 7E 22 28 22 01 22
2026-09-11 01:16:25 I (2775877) burner_web: GBA mapping: Bacon AMD 32MB-bank bank=32MB force_multi=0 range=0x00000000-0x0093FFFF
2026-09-11 01:16:32 I (2782212) burner_web: ROM verify: err=ESP_OK bytes=9699328/9699328 tf=1242ms cart=4528ms
2026-09-11 01:16:32 I (2782215) burner_web: burn_task result: err=ESP_OK state=done processed=9699328/9699328 msg=verify finished
2026-09-11 01:16:32 I (2782221) power_manager: CPU perf lock released by burn_task
2026-09-11 01:16:32 I (2782226) burner_web: burn_task stack free min=11924 bytes
