2026-09-11 00:41:13 @mori {"event":"status","version":"v2.32.113","uptime_ms":662099,"internal_free":73375,"internal_largest":31744,"psram_free":7523452,"burn_running":false,"patch_running":false,"cancel_requested":false,"phase":"","detail":"","offset":0,"total":0,"passes":0,"read_bytes":0,"read_ms":0,"elapsed_ms":0,"result":0,"ag32_link":"cpld","ag32_link_active":"cpld","ag32_capabilities":0,"ag32_capabilities_known":false}
2026-09-11 00:41:13 @mori {"event":"ui","process_calls":31364,"render_calls":2325,"music_polls":5571,"model_bytes":15352,"directory_scans":0,"cache_hits":0,"page":19,"selected":0,"count":22,"preview_generation":0,"file_worker_stack_free":14752,"file_start_active":false,"preview_active":false,"preview_done":false,"preview_available":false,"screen_dimmed":true,"selection":"","status":"burner done: verify finished"}
2026-09-11 00:41:13 @mori {"event":"key","message":"b"}
2026-09-11 00:41:13 @mori {"event":"ui","process_calls":31373,"render_calls":2325,"music_polls":5572,"model_bytes":15352,"directory_scans":0,"cache_hits":0,"page":19,"selected":0,"count":22,"preview_generation":0,"file_worker_stack_free":14752,"file_start_active":false,"preview_active":false,"preview_done":false,"preview_available":false,"screen_dimmed":false,"selection":"","status":"burner done: verify finished"}
2026-09-11 00:41:13 @mori {"event":"key","message":"b"}
2026-09-11 00:41:13 @mori {"event":"ui","process_calls":31378,"render_calls":2328,"music_polls":5574,"model_bytes":15352,"directory_scans":0,"cache_hits":0,"page":14,"selected":0,"count":2,"preview_generation":0,"file_worker_stack_free":14752,"file_start_active":false,"preview_active":false,"preview_done":false,"preview_available":false,"screen_dimmed":false,"selection":"","status":"就绪"}
2026-09-11 00:41:13 @mori {"event":"key","message":"b"}
2026-09-11 00:41:13 @mori {"event":"ui","process_calls":31383,"render_calls":2333,"music_polls":5574,"model_bytes":15352,"directory_scans":0,"cache_hits":0,"page":0,"selected":0,"count":5,"preview_generation":0,"file_worker_stack_free":14752,"file_start_active":false,"preview_active":false,"preview_done":false,"preview_available":false,"screen_dimmed":false,"selection":"系统","status":"就绪"}
2026-09-11 00:41:13 @mori {"event":"ui","process_calls":31386,"render_calls":2336,"music_polls":5575,"model_bytes":15352,"directory_scans":0,"cache_hits":0,"page":0,"selected":0,"count":5,"preview_generation":0,"file_worker_stack_free":14752,"file_start_active":false,"preview_active":false,"preview_done":false,"preview_available":false,"screen_dimmed":false,"selection":"系统","status":"就绪"}
2026-09-11 00:41:13 @mori {"event":"key","message":"right"}
2026-09-11 00:41:13 @mori {"event":"ui","process_calls":31394,"render_calls":2344,"music_polls":5576,"model_bytes":15352,"directory_scans":0,"cache_hits":0,"page":0,"selected":1,"count":5,"preview_generation":0,"file_worker_stack_free":14752,"file_start_active":false,"preview_active":false,"preview_done":false,"preview_available":false,"screen_dimmed":false,"selection":"音乐","status":"就绪"}
2026-09-11 00:41:13 @mori {"event":"key","message":"right"}
2026-09-11 00:41:14 @mori {"event":"ui","process_calls":31402,"render_calls":2352,"music_polls":5577,"model_bytes":15352,"directory_scans":0,"cache_hits":0,"page":0,"selected":2,"count":5,"preview_generation":0,"file_worker_stack_free":14752,"file_start_active":false,"preview_active":false,"preview_done":false,"preview_available":false,"screen_dimmed":false,"selection":"阅读器","status":"就绪"}
2026-09-11 00:41:14 @mori {"event":"key","message":"right"}
2026-09-11 00:41:14 @mori {"event":"ui","process_calls":31410,"render_calls":2360,"music_polls":5579,"model_bytes":15352,"directory_scans":0,"cache_hits":0,"page":0,"selected":3,"count":5,"preview_generation":0,"file_worker_stack_free":14752,"file_start_active":false,"preview_active":false,"preview_done":false,"preview_available":false,"screen_dimmed":false,"selection":"烧录器","status":"就绪"}
2026-09-11 00:41:14 @mori {"event":"key","message":"a"}
2026-09-11 00:41:14 @mori {"event":"ui","process_calls":31415,"render_calls":2365,"music_polls":5580,"model_bytes":15352,"directory_scans":0,"cache_hits":0,"page":14,"selected":0,"count":2,"preview_generation":0,"file_worker_stack_free":14752,"file_start_active":false,"preview_active":false,"preview_done":false,"preview_available":false,"screen_dimmed":false,"selection":"","status":"就绪"}
2026-09-11 00:41:14 @mori {"event":"ui","process_calls":31417,"render_calls":2367,"music_polls":5580,"model_bytes":15352,"directory_scans":0,"cache_hits":0,"page":14,"selected":0,"count":2,"preview_generation":0,"file_worker_stack_free":14752,"file_start_active":false,"preview_active":false,"preview_done":false,"preview_available":false,"screen_dimmed":false,"selection":"","status":"就绪"}
2026-09-11 00:41:14 @mori {"event":"key","message":"right"}
2026-09-11 00:41:14 @mori {"event":"ui","process_calls":31426,"render_calls":2376,"music_polls":5581,"model_bytes":15352,"directory_scans":0,"cache_hits":0,"page":14,"selected":1,"count":2,"preview_generation":0,"file_worker_stack_free":14752,"file_start_active":false,"preview_active":false,"preview_done":false,"preview_available":false,"screen_dimmed":false,"selection":"","status":"就绪"}
2026-09-11 00:41:14 @mori {"event":"key","message":"a"}
2026-09-11 00:41:14 @mori {"event":"ui","process_calls":31431,"render_calls":2381,"music_polls":5582,"model_bytes":15352,"directory_scans":0,"cache_hits":0,"page":15,"selected":0,"count":4,"preview_generation":0,"file_worker_stack_free":14752,"file_start_active":false,"preview_active":false,"preview_done":false,"preview_available":false,"screen_dimmed":false,"selection":"分析卡带","status":"请先分析卡带"}
2026-09-11 00:41:14 @mori {"event":"ui","process_calls":31432,"render_calls":2382,"music_polls":5583,"model_bytes":15352,"directory_scans":0,"cache_hits":0,"page":15,"selected":0,"count":4,"preview_generation":0,"file_worker_stack_free":14752,"file_start_active":false,"preview_active":false,"preview_done":false,"preview_available":false,"screen_dimmed":false,"selection":"分析卡带","status":"请先分析卡带"}
2026-09-11 00:41:14 @mori {"event":"key","message":"a"}
2026-09-11 00:41:14 I (664922) burner_web: MBC5 power rail: 3V3
2026-09-11 00:41:14 @mori {"event":"ui","process_calls":31435,"render_calls":2385,"music_polls":5584,"model_bytes":15352,"directory_scans":0,"cache_hits":0,"page":15,"selected":0,"count":4,"preview_generation":0,"file_worker_stack_free":14752,"file_start_active":false,"preview_active":false,"preview_done":false,"preview_available":false,"screen_dimmed":false,"selection":"分析卡带","status":"analyzing cart"}
2026-09-11 00:41:14 @mori {"event":"ui","process_calls":31436,"render_calls":2386,"music_polls":5584,"model_bytes":15352,"directory_scans":0,"cache_hits":0,"page":15,"selected":0,"count":4,"preview_generation":0,"file_worker_stack_free":14752,"file_start_active":false,"preview_active":false,"preview_done":false,"preview_available":false,"screen_dimmed":false,"selection":"分析卡带","status":"analyzing cart"}
2026-09-11 00:41:15 I (665024) burner_web: MBC5 ReadID trace begin t=663810259us
2026-09-11 00:41:15 I (665025) burner_web: MBC5 ReadID trace write addr=0x0AAA data=0xAA dt=1255us (0.001255s)
2026-09-11 00:41:15 I (665028) burner_web: MBC5 ReadID trace write addr=0x0555 data=0x55 dt=2614us (0.002614s)
2026-09-11 00:41:15 I (665036) burner_web: MBC5 ReadID trace write addr=0x0AAA data=0x90 dt=8174us (0.008174s)
2026-09-11 00:41:15 I (665044) burner_web: MBC5 ReadID trace read addr=0x0000 data=0xC2 dt=8118us (0.008118s)
2026-09-11 00:41:15 I (665052) burner_web: MBC5 ReadID trace read addr=0x0002 data=0x7E dt=7929us (0.007929s)
2026-09-11 00:41:15 I (665060) burner_web: MBC5 ReadID trace read addr=0x001C data=0x22 dt=7755us (0.007755s)
2026-09-11 00:41:15 I (665068) burner_web: MBC5 ReadID trace read addr=0x001E data=0x01 dt=7743us (0.007743s)
2026-09-11 00:41:15 I (665076) burner_web: MBC5 ReadID trace write addr=0x0000 data=0xF0 dt=8024us (0.008024s)
2026-09-11 00:41:15 I (665083) burner_web: MBC5 ReadID trace end status=ESP_OK total=59330us (0.059330s)
2026-09-11 00:41:15 I (665092) ui: UI probe task stack free min=21864 bytes
2026-09-11 00:41:15 @mori {"event":"ui","process_calls":31440,"render_calls":2390,"music_polls":5585,"model_bytes":15352,"directory_scans":0,"cache_hits":0,"page":15,"selected":2,"count":12,"preview_generation":0,"file_worker_stack_free":14752,"file_start_active":false,"preview_active":false,"preview_done":false,"preview_available":false,"screen_dimmed":false,"selection":"ROM: 选择文件","status":"GBC ID C2 7E 22 01 CFI"}
2026-09-11 00:41:15 @mori {"event":"ui","process_calls":31441,"render_calls":2391,"music_polls":5586,"model_bytes":15352,"directory_scans":0,"cache_hits":0,"page":15,"selected":2,"count":12,"preview_generation":0,"file_worker_stack_free":14752,"file_start_active":false,"preview_active":false,"preview_done":false,"preview_available":false,"screen_dimmed":false,"selection":"ROM: 选择文件","status":"GBC ID C2 7E 22 01 CFI"}
2026-09-11 00:41:15 @mori {"event":"key","message":"a"}
2026-09-11 00:41:15 @mori {"event":"ui","process_calls":31444,"render_calls":2394,"music_polls":5587,"model_bytes":15352,"directory_scans":1,"cache_hits":0,"page":6,"selected":0,"count":19,"preview_generation":0,"file_worker_stack_free":14752,"file_start_active":false,"preview_active":false,"preview_done":false,"preview_available":false,"screen_dimmed":false,"selection":"_gba","status":"TF根目录"}
2026-09-11 00:41:15 @mori {"event":"ui","process_calls":31448,"render_calls":2398,"music_polls":5588,"model_bytes":15352,"directory_scans":1,"cache_hits":0,"page":6,"selected":0,"count":19,"preview_generation":0,"file_worker_stack_free":14752,"file_start_active":false,"preview_active":false,"preview_done":false,"preview_available":false,"screen_dimmed":false,"selection":"_gba","status":"TF根目录"}
2026-09-11 00:41:15 @mori {"event":"key","message":"down"}
2026-09-11 00:41:15 @mori {"event":"ui","process_calls":31458,"render_calls":2408,"music_polls":5589,"model_bytes":15352,"directory_scans":1,"cache_hits":0,"page":6,"selected":1,"count":19,"preview_generation":0,"file_worker_stack_free":14752,"file_start_active":false,"preview_active":false,"preview_done":false,"preview_available":false,"screen_dimmed":false,"selection":"_nds","status":"TF根目录"}
2026-09-11 00:41:15 @mori {"event":"key","message":"down"}
2026-09-11 00:41:15 @mori {"event":"ui","process_calls":31467,"render_calls":2417,"music_polls":5591,"model_bytes":15352,"directory_scans":1,"cache_hits":0,"page":6,"selected":2,"count":19,"preview_generation":0,"file_worker_stack_free":14752,"file_start_active":false,"preview_active":false,"preview_done":false,"preview_available":false,"screen_dimmed":false,"selection":"dumps","status":"TF根目录"}
2026-09-11 00:41:15 @mori {"event":"key","message":"down"}
2026-09-11 00:41:15 @mori {"event":"ui","process_calls":31477,"render_calls":2427,"music_polls":5592,"model_bytes":15352,"directory_scans":1,"cache_hits":0,"page":6,"selected":3,"count":19,"preview_generation":0,"file_worker_stack_free":14752,"file_start_active":false,"preview_active":false,"preview_done":false,"preview_available":false,"screen_dimmed":false,"selection":"GBA汉化","status":"TF根目录"}
2026-09-11 00:41:15 @mori {"event":"key","message":"down"}
2026-09-11 00:41:16 @mori {"event":"ui","process_calls":31487,"render_calls":2437,"music_polls":5593,"model_bytes":15352,"directory_scans":1,"cache_hits":0,"page":6,"selected":4,"count":19,"preview_generation":0,"file_worker_stack_free":14752,"file_start_active":false,"preview_active":false,"preview_done":false,"preview_available":false,"screen_dimmed":false,"selection":"music","status":"TF根目录"}
2026-09-11 00:41:16 @mori {"event":"key","message":"down"}
2026-09-11 00:41:16 @mori {"event":"ui","process_calls":31496,"render_calls":2446,"music_polls":5595,"model_bytes":15352,"directory_scans":1,"cache_hits":0,"page":6,"selected":5,"count":19,"preview_generation":0,"file_worker_stack_free":14752,"file_start_active":false,"preview_active":false,"preview_done":false,"preview_available":false,"screen_dimmed":false,"selection":"retro-go","status":"TF根目录"}
2026-09-11 00:41:16 @mori {"event":"key","message":"down"}
2026-09-11 00:41:16 @mori {"event":"ui","process_calls":31506,"render_calls":2456,"music_polls":5596,"model_bytes":15352,"directory_scans":1,"cache_hits":0,"page":6,"selected":6,"count":19,"preview_generation":0,"file_worker_stack_free":14752,"file_start_active":false,"preview_active":false,"preview_done":false,"preview_available":false,"screen_dimmed":false,"selection":"ROM_OUTPUT","status":"TF根目录"}
2026-09-11 00:41:16 @mori {"event":"key","message":"a"}
2026-09-11 00:41:16 @mori {"event":"ui","process_calls":31511,"render_calls":2461,"music_polls":5598,"model_bytes":15352,"directory_scans":2,"cache_hits":0,"page":6,"selected":0,"count":5,"preview_generation":0,"file_worker_stack_free":14752,"file_start_active":false,"preview_active":false,"preview_done":false,"preview_available":false,"screen_dimmed":false,"selection":"cart_20260910_231045.gbc","status":"ROM_OUTPUT"}
2026-09-11 00:41:16 @mori {"event":"ui","process_calls":31514,"render_calls":2464,"music_polls":5598,"model_bytes":15352,"directory_scans":2,"cache_hits":0,"page":6,"selected":0,"count":5,"preview_generation":0,"file_worker_stack_free":14752,"file_start_active":false,"preview_active":false,"preview_done":false,"preview_available":false,"screen_dimmed":false,"selection":"cart_20260910_231045.gbc","status":"ROM_OUTPUT"}
2026-09-11 00:41:16 @mori {"event":"key","message":"down"}
2026-09-11 00:41:16 @mori {"event":"ui","process_calls":31523,"render_calls":2473,"music_polls":5599,"model_bytes":15352,"directory_scans":2,"cache_hits":0,"page":6,"selected":1,"count":5,"preview_generation":0,"file_worker_stack_free":14752,"file_start_active":false,"preview_active":false,"preview_done":false,"preview_available":false,"screen_dimmed":false,"selection":"dump_20260910_224009.gbc","status":"ROM_OUTPUT"}
2026-09-11 00:41:16 @mori {"event":"key","message":"a"}
2026-09-11 00:41:16 @mori {"event":"ui","process_calls":31528,"render_calls":2478,"music_polls":5601,"model_bytes":15352,"directory_scans":2,"cache_hits":0,"page":15,"selected":0,"count":2,"preview_generation":1,"file_worker_stack_free":14752,"file_start_active":false,"preview_active":false,"preview_done":false,"preview_available":false,"screen_dimmed":false,"selection":"MBC5","status":"select type"}
2026-09-11 00:41:16 @mori {"event":"ui","process_calls":31529,"render_calls":2479,"music_polls":5601,"model_bytes":15352,"directory_scans":2,"cache_hits":0,"page":15,"selected":0,"count":2,"preview_generation":1,"file_worker_stack_free":14752,"file_start_active":false,"preview_active":false,"preview_done":false,"preview_available":false,"screen_dimmed":false,"selection":"MBC5","status":"select type"}
2026-09-11 00:41:17 @mori {"event":"key","message":"a"}
2026-09-11 00:41:17 @mori {"event":"ui","process_calls":31531,"render_calls":2481,"music_polls":5602,"model_bytes":15352,"directory_scans":2,"cache_hits":0,"page":15,"selected":4,"count":12,"preview_generation":1,"file_worker_stack_free":14752,"file_start_active":false,"preview_active":false,"preview_done":false,"preview_available":false,"screen_dimmed":false,"selection":"ROM: 写入","status":"MBC5"}
2026-09-11 00:41:17 @mori {"event":"ui","process_calls":31534,"render_calls":2484,"music_polls":5603,"model_bytes":15352,"directory_scans":2,"cache_hits":0,"page":15,"selected":4,"count":12,"preview_generation":1,"file_worker_stack_free":14752,"file_start_active":false,"preview_active":false,"preview_done":false,"preview_available":false,"screen_dimmed":false,"selection":"ROM: 写入","status":"MBC5"}
2026-09-11 00:41:17 @mori {"event":"key","message":"a"}
2026-09-11 00:41:17 @mori {"event":"ui","process_calls":31536,"render_calls":2486,"music_polls":5604,"model_bytes":15352,"directory_scans":2,"cache_hits":0,"page":15,"selected":0,"count":1,"preview_generation":1,"file_worker_stack_free":14752,"file_start_active":false,"preview_active":false,"preview_done":false,"preview_available":false,"screen_dimmed":false,"selection":"ROM: 写入","status":"已选择ROM"}
2026-09-11 00:41:17 I (667451) power_manager: CPU perf lock acquired by ui_file_start
2026-09-11 00:41:17 I (667452) ui: LCD start file action: action=PSRAM烧录 path=ROM_OUTPUT/dump_20260910_224009.gbc mode=mbc5 write_path=psram
2026-09-11 00:41:17 I (667459) burner_web: PSRAM auto window: free=7523452 largest=7471104 reserve=262144 -> 6MB
2026-09-11 00:41:17 @mori {"event":"key","message":"a"}
2026-09-11 00:41:17 I (667571) burner_web: MBC5 power rail: 3V3
2026-09-11 00:41:17 @mori {"event":"ui","process_calls":31539,"render_calls":2489,"music_polls":5605,"model_bytes":15352,"directory_scans":2,"cache_hits":0,"page":18,"selected":0,"count":12,"preview_generation":2,"file_worker_stack_free":10160,"file_start_active":true,"preview_active":false,"preview_done":false,"preview_available":false,"screen_dimmed":false,"selection":"","status":"任务状态"}
2026-09-11 00:41:17 @mori {"event":"ui","process_calls":31540,"render_calls":2490,"music_polls":5606,"model_bytes":15352,"directory_scans":2,"cache_hits":0,"page":18,"selected":0,"count":12,"preview_generation":2,"file_worker_stack_free":10160,"file_start_active":true,"preview_active":false,"preview_done":false,"preview_available":false,"screen_dimmed":false,"selection":"","status":"任务状态"}
2026-09-11 00:41:17 I (667672) burner_web: MBC5 ReadID trace begin t=666458235us
2026-09-11 00:41:17 I (667673) burner_web: MBC5 ReadID trace write addr=0x0AAA data=0xAA dt=1314us (0.001314s)
2026-09-11 00:41:17 I (667676) burner_web: MBC5 ReadID trace write addr=0x0555 data=0x55 dt=2371us (0.002371s)
2026-09-11 00:41:17 I (667684) burner_web: MBC5 ReadID trace write addr=0x0AAA data=0x90 dt=8193us (0.008193s)
2026-09-11 00:41:17 I (667692) burner_web: MBC5 ReadID trace read addr=0x0000 data=0xC2 dt=8246us (0.008246s)
2026-09-11 00:41:17 I (667700) burner_web: MBC5 ReadID trace read addr=0x0002 data=0x7E dt=7740us (0.007740s)
2026-09-11 00:41:17 I (667708) burner_web: MBC5 ReadID trace read addr=0x001C data=0x22 dt=7779us (0.007779s)
2026-09-11 00:41:17 I (667716) burner_web: MBC5 ReadID trace read addr=0x001E data=0x01 dt=8077us (0.008077s)
2026-09-11 00:41:17 I (667724) burner_web: MBC5 ReadID trace write addr=0x0000 data=0xF0 dt=7834us (0.007834s)
2026-09-11 00:41:17 I (667731) burner_web: MBC5 ReadID trace end status=ESP_OK total=59446us (0.059446s)
2026-09-11 00:41:17 I (667739) burner_web: MBC5 ID probe: id=C2 7E 22 01 chip=MX29GL256E/F flash=33554432 sector=131072 geom=uniform largest=131072 regions=1 buf=64 cmdset=amd
2026-09-11 00:41:17 I (667756) ui: LCD file action task stack free min=10160 bytes
2026-09-11 00:41:17 I (667859) burner_web: MBC5 power rail: 3V3
2026-09-11 00:41:17 I (667960) burner_web: MBC5 ReadID trace begin t=666746319us
2026-09-11 00:41:17 @mori {"event":"ui","process_calls":31550,"render_calls":2500,"music_polls":5609,"model_bytes":15352,"directory_scans":2,"cache_hits":0,"page":18,"selected":0,"count":12,"preview_generation":2,"file_worker_stack_free":10160,"file_start_active":false,"preview_active":false,"preview_done":false,"preview_available":false,"screen_dimmed":false,"selection":"","status":"PSRAM烧录已启动"}
2026-09-11 00:41:18 I (667962) burner_web: MBC5 ReadID trace write addr=0x0AAA data=0xAA dt=1695us (0.001695s)
2026-09-11 00:41:18 I (667999) burner_web: MBC5 ReadID trace write addr=0x0555 data=0x55 dt=36808us (0.036808s)
2026-09-11 00:41:18 I (668006) burner_web: MBC5 ReadID trace write addr=0x0AAA data=0x90 dt=7832us (0.007832s)
2026-09-11 00:41:18 I (668014) burner_web: MBC5 ReadID trace read addr=0x0000 data=0xC2 dt=8040us (0.008040s)
2026-09-11 00:41:18 I (668023) burner_web: MBC5 ReadID trace read addr=0x0002 data=0x7E dt=8049us (0.008049s)
2026-09-11 00:41:18 I (668030) burner_web: MBC5 ReadID trace read addr=0x001C data=0x22 dt=7920us (0.007920s)
2026-09-11 00:41:18 I (668038) burner_web: MBC5 ReadID trace read addr=0x001E data=0x01 dt=7923us (0.007923s)
2026-09-11 00:41:18 I (668046) burner_web: MBC5 ReadID trace write addr=0x0000 data=0xF0 dt=7836us (0.007836s)
2026-09-11 00:41:18 I (668054) burner_web: MBC5 ReadID trace end status=ESP_OK total=93792us (0.093792s)
2026-09-11 00:41:18 I (668062) burner_web: MBC5 ID probe: id=C2 7E 22 01 chip=MX29GL256E/F flash=33554432 sector=131072 geom=uniform largest=131072 regions=1 buf=64 cmdset=amd
2026-09-11 00:41:18 I (668075) burner_web: GB mapper override: using MBC5
2026-09-11 00:41:18 I (668080) burner_web: GB prepared: mapper=MBC5 flash=33554432 usable=33554432 sector=131072 geom=uniform largest=131072 regions=1 buf=64 nor=amd cfi=ok id=C2 7E 22 01
2026-09-11 00:41:18 @mori {"event":"ui","process_calls":31561,"render_calls":2511,"music_polls":5612,"model_bytes":15352,"directory_scans":2,"cache_hits":0,"page":18,"selected":0,"count":12,"preview_generation":2,"file_worker_stack_free":10160,"file_start_active":false,"preview_active":false,"preview_done":false,"preview_available":false,"screen_dimmed":false,"selection":"","status":"burner burning: comparing target sector"}
2026-09-11 00:41:18 @mori {"event":"ui","process_calls":31563,"render_calls":2513,"music_polls":5614,"model_bytes":15352,"directory_scans":2,"cache_hits":0,"page":18,"selected":0,"count":12,"preview_generation":2,"file_worker_stack_free":10160,"file_start_active":false,"preview_active":false,"preview_done":false,"preview_available":false,"screen_dimmed":false,"selection":"","status":"burner burning: comparing target sector"}
2026-09-11 00:41:18 @mori {"event":"ui","process_calls":31567,"render_calls":2517,"music_polls":5618,"model_bytes":15352,"directory_scans":2,"cache_hits":0,"page":18,"selected":0,"count":12,"preview_generation":2,"file_worker_stack_free":10160,"file_start_active":false,"preview_active":false,"preview_done":false,"preview_available":false,"screen_dimmed":false,"selection":"","status":"burner burning: sector write complete"}
2026-09-11 00:41:19 @mori {"event":"ui","process_calls":31570,"render_calls":2520,"music_polls":5621,"model_bytes":15352,"directory_scans":2,"cache_hits":0,"page":18,"selected":0,"count":12,"preview_generation":2,"file_worker_stack_free":10160,"file_start_active":false,"preview_active":false,"preview_done":false,"preview_available":false,"screen_dimmed":false,"selection":"","status":"burner burning: comparing target sector"}
2026-09-11 00:41:19 @mori {"event":"ui","process_calls":31572,"render_calls":2522,"music_polls":5623,"model_bytes":15352,"directory_scans":2,"cache_hits":0,"page":18,"selected":0,"count":12,"preview_generation":2,"file_worker_stack_free":10160,"file_start_active":false,"preview_active":false,"preview_done":false,"preview_available":false,"screen_dimmed":false,"selection":"","status":"burner burning: comparing target sector"}
2026-09-11 00:41:19 @mori {"event":"ui","process_calls":31576,"render_calls":2526,"music_polls":5627,"model_bytes":15352,"directory_scans":2,"cache_hits":0,"page":18,"selected":0,"count":12,"preview_generation":2,"file_worker_stack_free":10160,"file_start_active":false,"preview_active":false,"preview_done":false,"preview_available":false,"screen_dimmed":false,"selection":"","status":"burner burning: comparing target sector"}
2026-09-11 00:41:20 @mori {"event":"ui","process_calls":31579,"render_calls":2529,"music_polls":5630,"model_bytes":15352,"directory_scans":2,"cache_hits":0,"page":18,"selected":0,"count":12,"preview_generation":2,"file_worker_stack_free":10160,"file_start_active":false,"preview_active":false,"preview_done":false,"preview_available":false,"screen_dimmed":false,"selection":"","status":"burner burning: sector write complete"}
2026-09-11 00:41:20 @mori {"event":"ui","process_calls":31582,"render_calls":2532,"music_polls":5633,"model_bytes":15352,"directory_scans":2,"cache_hits":0,"page":18,"selected":0,"count":12,"preview_generation":2,"file_worker_stack_free":10160,"file_start_active":false,"preview_active":false,"preview_done":false,"preview_available":false,"screen_dimmed":false,"selection":"","status":"burner burning: comparing target sector"}
2026-09-11 00:41:20 @mori {"event":"ui","process_calls":31585,"render_calls":2535,"music_polls":5636,"model_bytes":15352,"directory_scans":2,"cache_hits":0,"page":18,"selected":0,"count":12,"preview_generation":2,"file_worker_stack_free":10160,"file_start_active":false,"preview_active":false,"preview_done":false,"preview_available":false,"screen_dimmed":false,"selection":"","status":"burner burning: comparing target sector"}
2026-09-11 00:41:21 @mori {"event":"ui","process_calls":31588,"render_calls":2538,"music_polls":5639,"model_bytes":15352,"directory_scans":2,"cache_hits":0,"page":18,"selected":0,"count":12,"preview_generation":2,"file_worker_stack_free":10160,"file_start_active":false,"preview_active":false,"preview_done":false,"preview_available":false,"screen_dimmed":false,"selection":"","status":"burner burning: comparing target sector"}
2026-09-11 00:41:21 @mori {"event":"ui","process_calls":31591,"render_calls":2541,"music_polls":5642,"model_bytes":15352,"directory_scans":2,"cache_hits":0,"page":18,"selected":0,"count":12,"preview_generation":2,"file_worker_stack_free":10160,"file_start_active":false,"preview_active":false,"preview_done":false,"preview_available":false,"screen_dimmed":false,"selection":"","status":"burner burning: comparing target sector"}
2026-09-11 00:41:22 @mori {"event":"ui","process_calls":31594,"render_calls":2544,"music_polls":5645,"model_bytes":15352,"directory_scans":2,"cache_hits":0,"page":18,"selected":0,"count":12,"preview_generation":2,"file_worker_stack_free":10160,"file_start_active":false,"preview_active":false,"preview_done":false,"preview_available":false,"screen_dimmed":false,"selection":"","status":"burner burning: comparing target sector"}
2026-09-11 00:41:22 @mori {"event":"ui","process_calls":31598,"render_calls":2548,"music_polls":5649,"model_bytes":15352,"directory_scans":2,"cache_hits":0,"page":18,"selected":0,"count":12,"preview_generation":2,"file_worker_stack_free":10160,"file_start_active":false,"preview_active":false,"preview_done":false,"preview_available":false,"screen_dimmed":false,"selection":"","status":"burner burning: comparing target sector"}
2026-09-11 00:41:22 @mori {"event":"ui","process_calls":31601,"render_calls":2551,"music_polls":5652,"model_bytes":15352,"directory_scans":2,"cache_hits":0,"page":18,"selected":0,"count":12,"preview_generation":2,"file_worker_stack_free":10160,"file_start_active":false,"preview_active":false,"preview_done":false,"preview_available":false,"screen_dimmed":false,"selection":"","status":"burner burning: comparing target sector"}
2026-09-11 00:41:23 @mori {"event":"ui","process_calls":31603,"render_calls":2553,"music_polls":5654,"model_bytes":15352,"directory_scans":2,"cache_hits":0,"page":18,"selected":0,"count":12,"preview_generation":2,"file_worker_stack_free":10160,"file_start_active":false,"preview_active":false,"preview_done":false,"preview_available":false,"screen_dimmed":false,"selection":"","status":"burner burning: comparing target sector"}
2026-09-11 00:41:23 @mori {"event":"ui","process_calls":31606,"render_calls":2556,"music_polls":5657,"model_bytes":15352,"directory_scans":2,"cache_hits":0,"page":18,"selected":0,"count":12,"preview_generation":2,"file_worker_stack_free":10160,"file_start_active":false,"preview_active":false,"preview_done":false,"preview_available":false,"screen_dimmed":false,"selection":"","status":"burner burning: comparing target sector"}
2026-09-11 00:41:23 @mori {"event":"ui","process_calls":31610,"render_calls":2560,"music_polls":5661,"model_bytes":15352,"directory_scans":2,"cache_hits":0,"page":18,"selected":0,"count":12,"preview_generation":2,"file_worker_stack_free":10160,"file_start_active":false,"preview_active":false,"preview_done":false,"preview_available":false,"screen_dimmed":false,"selection":"","status":"burner burning: comparing target sector"}
2026-09-11 00:41:24 @mori {"event":"ui","process_calls":31613,"render_calls":2563,"music_polls":5664,"model_bytes":15352,"directory_scans":2,"cache_hits":0,"page":18,"selected":0,"count":12,"preview_generation":2,"file_worker_stack_free":10160,"file_start_active":false,"preview_active":false,"preview_done":false,"preview_available":false,"screen_dimmed":false,"selection":"","status":"burner burning: comparing target sector"}
2026-09-11 00:41:24 @mori {"event":"ui","process_calls":31615,"render_calls":2565,"music_polls":5666,"model_bytes":15352,"directory_scans":2,"cache_hits":0,"page":18,"selected":0,"count":12,"preview_generation":2,"file_worker_stack_free":10160,"file_start_active":false,"preview_active":false,"preview_done":false,"preview_available":false,"screen_dimmed":false,"selection":"","status":"burner burning: comparing target sector"}
2026-09-11 00:41:24 @mori {"event":"ui","process_calls":31619,"render_calls":2569,"music_polls":5670,"model_bytes":15352,"directory_scans":2,"cache_hits":0,"page":18,"selected":0,"count":12,"preview_generation":2,"file_worker_stack_free":10160,"file_start_active":false,"preview_active":false,"preview_done":false,"preview_available":false,"screen_dimmed":false,"selection":"","status":"burner burning: comparing target sector"}
2026-09-11 00:41:25 @mori {"event":"ui","process_calls":31623,"render_calls":2573,"music_polls":5674,"model_bytes":15352,"directory_scans":2,"cache_hits":0,"page":18,"selected":0,"count":12,"preview_generation":2,"file_worker_stack_free":10160,"file_start_active":false,"preview_active":false,"preview_done":false,"preview_available":false,"screen_dimmed":false,"selection":"","status":"burner burning: comparing target sector"}
2026-09-11 00:41:25 @mori {"event":"ui","process_calls":31625,"render_calls":2575,"music_polls":5676,"model_bytes":15352,"directory_scans":2,"cache_hits":0,"page":18,"selected":0,"count":12,"preview_generation":2,"file_worker_stack_free":10160,"file_start_active":false,"preview_active":false,"preview_done":false,"preview_available":false,"screen_dimmed":false,"selection":"","status":"burner burning: comparing target sector"}
2026-09-11 00:41:25 @mori {"event":"ui","process_calls":31629,"render_calls":2579,"music_polls":5680,"model_bytes":15352,"directory_scans":2,"cache_hits":0,"page":18,"selected":0,"count":12,"preview_generation":2,"file_worker_stack_free":10160,"file_start_active":false,"preview_active":false,"preview_done":false,"preview_available":false,"screen_dimmed":false,"selection":"","status":"burner burning: sector write complete"}
2026-09-11 00:41:26 @mori {"event":"ui","process_calls":31632,"render_calls":2582,"music_polls":5683,"model_bytes":15352,"directory_scans":2,"cache_hits":0,"page":18,"selected":0,"count":12,"preview_generation":2,"file_worker_stack_free":10160,"file_start_active":false,"preview_active":false,"preview_done":false,"preview_available":false,"screen_dimmed":false,"selection":"","status":"burner burning: comparing target sector"}
2026-09-11 00:41:26 @mori {"event":"ui","process_calls":31635,"render_calls":2585,"music_polls":5686,"model_bytes":15352,"directory_scans":2,"cache_hits":0,"page":18,"selected":0,"count":12,"preview_generation":2,"file_worker_stack_free":10160,"file_start_active":false,"preview_active":false,"preview_done":false,"preview_available":false,"screen_dimmed":false,"selection":"","status":"burner burning: comparing target sector"}
2026-09-11 00:41:27 @mori {"event":"ui","process_calls":31639,"render_calls":2589,"music_polls":5690,"model_bytes":15352,"directory_scans":2,"cache_hits":0,"page":18,"selected":0,"count":12,"preview_generation":2,"file_worker_stack_free":10160,"file_start_active":false,"preview_active":false,"preview_done":false,"preview_available":false,"screen_dimmed":false,"selection":"","status":"burner burning: comparing target sector"}
2026-09-11 00:41:27 @mori {"event":"ui","process_calls":31642,"render_calls":2592,"music_polls":5693,"model_bytes":15352,"directory_scans":2,"cache_hits":0,"page":18,"selected":0,"count":12,"preview_generation":2,"file_worker_stack_free":10160,"file_start_active":false,"preview_active":false,"preview_done":false,"preview_available":false,"screen_dimmed":false,"selection":"","status":"burner burning: sector write complete"}
2026-09-11 00:41:27 @mori {"event":"ui","process_calls":31645,"render_calls":2595,"music_polls":5696,"model_bytes":15352,"directory_scans":2,"cache_hits":0,"page":18,"selected":0,"count":12,"preview_generation":2,"file_worker_stack_free":10160,"file_start_active":false,"preview_active":false,"preview_done":false,"preview_available":false,"screen_dimmed":false,"selection":"","status":"burner burning: comparing target sector"}
2026-09-11 00:41:27 @mori {"event":"ui","process_calls":31647,"render_calls":2597,"music_polls":5698,"model_bytes":15352,"directory_scans":2,"cache_hits":0,"page":18,"selected":0,"count":12,"preview_generation":2,"file_worker_stack_free":10160,"file_start_active":false,"preview_active":false,"preview_done":false,"preview_available":false,"screen_dimmed":false,"selection":"","status":"burner burning: comparing target sector"}
2026-09-11 00:41:28 @mori {"event":"ui","process_calls":31650,"render_calls":2600,"music_polls":5701,"model_bytes":15352,"directory_scans":2,"cache_hits":0,"page":18,"selected":0,"count":12,"preview_generation":2,"file_worker_stack_free":10160,"file_start_active":false,"preview_active":false,"preview_done":false,"preview_available":false,"screen_dimmed":false,"selection":"","status":"burner burning: comparing target sector"}
2026-09-11 00:41:28 @mori {"event":"ui","process_calls":31653,"render_calls":2603,"music_polls":5704,"model_bytes":15352,"directory_scans":2,"cache_hits":0,"page":18,"selected":0,"count":12,"preview_generation":2,"file_worker_stack_free":10160,"file_start_active":false,"preview_active":false,"preview_done":false,"preview_available":false,"screen_dimmed":false,"selection":"","status":"burner burning: sector write complete"}
2026-09-11 00:41:28 @mori {"event":"ui","process_calls":31655,"render_calls":2605,"music_polls":5706,"model_bytes":15352,"directory_scans":2,"cache_hits":0,"page":18,"selected":0,"count":12,"preview_generation":2,"file_worker_stack_free":10160,"file_start_active":false,"preview_active":false,"preview_done":false,"preview_available":false,"screen_dimmed":false,"selection":"","status":"burner burning: sector write complete"}
2026-09-11 00:41:29 @mori {"event":"ui","process_calls":31658,"render_calls":2608,"music_polls":5709,"model_bytes":15352,"directory_scans":2,"cache_hits":0,"page":18,"selected":0,"count":12,"preview_generation":2,"file_worker_stack_free":10160,"file_start_active":false,"preview_active":false,"preview_done":false,"preview_available":false,"screen_dimmed":false,"selection":"","status":"burner burning: comparing target sector"}
2026-09-11 00:41:29 @mori {"event":"ui","process_calls":31661,"render_calls":2611,"music_polls":5712,"model_bytes":15352,"directory_scans":2,"cache_hits":0,"page":18,"selected":0,"count":12,"preview_generation":2,"file_worker_stack_free":10160,"file_start_active":false,"preview_active":false,"preview_done":false,"preview_available":false,"screen_dimmed":false,"selection":"","status":"burner burning: comparing target sector"}
2026-09-11 00:41:29 @mori {"event":"ui","process_calls":31663,"render_calls":2613,"music_polls":5714,"model_bytes":15352,"directory_scans":2,"cache_hits":0,"page":18,"selected":0,"count":12,"preview_generation":2,"file_worker_stack_free":10160,"file_start_active":false,"preview_active":false,"preview_done":false,"preview_available":false,"screen_dimmed":false,"selection":"","status":"burner burning: comparing target sector"}
2026-09-11 00:41:30 @mori {"event":"ui","process_calls":31666,"render_calls":2616,"music_polls":5717,"model_bytes":15352,"directory_scans":2,"cache_hits":0,"page":18,"selected":0,"count":12,"preview_generation":2,"file_worker_stack_free":10160,"file_start_active":false,"preview_active":false,"preview_done":false,"preview_available":false,"screen_dimmed":false,"selection":"","status":"burner burning: comparing target sector"}
2026-09-11 00:41:30 @mori {"event":"ui","process_calls":31669,"render_calls":2619,"music_polls":5720,"model_bytes":15352,"directory_scans":2,"cache_hits":0,"page":18,"selected":0,"count":12,"preview_generation":2,"file_worker_stack_free":10160,"file_start_active":false,"preview_active":false,"preview_done":false,"preview_available":false,"screen_dimmed":false,"selection":"","status":"burner burning: comparing target sector"}
2026-09-11 00:41:30 @mori {"event":"ui","process_calls":31672,"render_calls":2622,"music_polls":5723,"model_bytes":15352,"directory_scans":2,"cache_hits":0,"page":18,"selected":0,"count":12,"preview_generation":2,"file_worker_stack_free":10160,"file_start_active":false,"preview_active":false,"preview_done":false,"preview_available":false,"screen_dimmed":false,"selection":"","status":"burner burning: comparing target sector"}
2026-09-11 00:41:31 @mori {"event":"ui","process_calls":31674,"render_calls":2624,"music_polls":5725,"model_bytes":15352,"directory_scans":2,"cache_hits":0,"page":18,"selected":0,"count":12,"preview_generation":2,"file_worker_stack_free":10160,"file_start_active":false,"preview_active":false,"preview_done":false,"preview_available":false,"screen_dimmed":false,"selection":"","status":"burner burning: comparing target sector"}
2026-09-11 00:41:31 @mori {"event":"ui","process_calls":31678,"render_calls":2628,"music_polls":5729,"model_bytes":15352,"directory_scans":2,"cache_hits":0,"page":18,"selected":0,"count":12,"preview_generation":2,"file_worker_stack_free":10160,"file_start_active":false,"preview_active":false,"preview_done":false,"preview_available":false,"screen_dimmed":false,"selection":"","status":"burner burning: comparing target sector"}
2026-09-11 00:41:31 @mori {"event":"ui","process_calls":31681,"render_calls":2631,"music_polls":5732,"model_bytes":15352,"directory_scans":2,"cache_hits":0,"page":18,"selected":0,"count":12,"preview_generation":2,"file_worker_stack_free":10160,"file_start_active":false,"preview_active":false,"preview_done":false,"preview_available":false,"screen_dimmed":false,"selection":"","status":"burner burning: comparing target sector"}
2026-09-11 00:41:32 @mori {"event":"ui","process_calls":31684,"render_calls":2634,"music_polls":5735,"model_bytes":15352,"directory_scans":2,"cache_hits":0,"page":18,"selected":0,"count":12,"preview_generation":2,"file_worker_stack_free":10160,"file_start_active":false,"preview_active":false,"preview_done":false,"preview_available":false,"screen_dimmed":false,"selection":"","status":"burner burning: comparing target sector"}
2026-09-11 00:41:32 @mori {"event":"ui","process_calls":31687,"render_calls":2637,"music_polls":5738,"model_bytes":15352,"directory_scans":2,"cache_hits":0,"page":18,"selected":0,"count":12,"preview_generation":2,"file_worker_stack_free":10160,"file_start_active":false,"preview_active":false,"preview_done":false,"preview_available":false,"screen_dimmed":false,"selection":"","status":"burner burning: comparing target sector"}
2026-09-11 00:41:32 @mori {"event":"ui","process_calls":31690,"render_calls":2640,"music_polls":5741,"model_bytes":15352,"directory_scans":2,"cache_hits":0,"page":18,"selected":0,"count":12,"preview_generation":2,"file_worker_stack_free":10160,"file_start_active":false,"preview_active":false,"preview_done":false,"preview_available":false,"screen_dimmed":false,"selection":"","status":"burner burning: comparing target sector"}
2026-09-11 00:41:33 @mori {"event":"ui","process_calls":31692,"render_calls":2642,"music_polls":5743,"model_bytes":15352,"directory_scans":2,"cache_hits":0,"page":18,"selected":0,"count":12,"preview_generation":2,"file_worker_stack_free":10160,"file_start_active":false,"preview_active":false,"preview_done":false,"preview_available":false,"screen_dimmed":false,"selection":"","status":"burner burning: sector write complete"}
2026-09-11 00:41:33 @mori {"event":"ui","process_calls":31696,"render_calls":2646,"music_polls":5747,"model_bytes":15352,"directory_scans":2,"cache_hits":0,"page":18,"selected":0,"count":12,"preview_generation":2,"file_worker_stack_free":10160,"file_start_active":false,"preview_active":false,"preview_done":false,"preview_available":false,"screen_dimmed":false,"selection":"","status":"burner burning: comparing target sector"}
2026-09-11 00:41:33 @mori {"event":"ui","process_calls":31699,"render_calls":2649,"music_polls":5750,"model_bytes":15352,"directory_scans":2,"cache_hits":0,"page":18,"selected":0,"count":12,"preview_generation":2,"file_worker_stack_free":10160,"file_start_active":false,"preview_active":false,"preview_done":false,"preview_available":false,"screen_dimmed":false,"selection":"","status":"burner burning: comparing target sector"}
2026-09-11 00:41:34 @mori {"event":"ui","process_calls":31701,"render_calls":2651,"music_polls":5752,"model_bytes":15352,"directory_scans":2,"cache_hits":0,"page":18,"selected":0,"count":12,"preview_generation":2,"file_worker_stack_free":10160,"file_start_active":false,"preview_active":false,"preview_done":false,"preview_available":false,"screen_dimmed":false,"selection":"","status":"burner burning: comparing target sector"}
2026-09-11 00:41:34 @mori {"event":"ui","process_calls":31704,"render_calls":2654,"music_polls":5755,"model_bytes":15352,"directory_scans":2,"cache_hits":0,"page":18,"selected":0,"count":12,"preview_generation":2,"file_worker_stack_free":10160,"file_start_active":false,"preview_active":false,"preview_done":false,"preview_available":false,"screen_dimmed":false,"selection":"","status":"burner burning: comparing target sector"}
2026-09-11 00:41:34 @mori {"event":"ui","process_calls":31707,"render_calls":2657,"music_polls":5758,"model_bytes":15352,"directory_scans":2,"cache_hits":0,"page":18,"selected":0,"count":12,"preview_generation":2,"file_worker_stack_free":10160,"file_start_active":false,"preview_active":false,"preview_done":false,"preview_available":false,"screen_dimmed":false,"selection":"","status":"burner burning: sector write complete"}
2026-09-11 00:41:35 @mori {"event":"ui","process_calls":31710,"render_calls":2660,"music_polls":5761,"model_bytes":15352,"directory_scans":2,"cache_hits":0,"page":18,"selected":0,"count":12,"preview_generation":2,"file_worker_stack_free":10160,"file_start_active":false,"preview_active":false,"preview_done":false,"preview_available":false,"screen_dimmed":false,"selection":"","status":"burner burning: comparing target sector"}
2026-09-11 00:41:35 @mori {"event":"ui","process_calls":31712,"render_calls":2662,"music_polls":5763,"model_bytes":15352,"directory_scans":2,"cache_hits":0,"page":18,"selected":0,"count":12,"preview_generation":2,"file_worker_stack_free":10160,"file_start_active":false,"preview_active":false,"preview_done":false,"preview_available":false,"screen_dimmed":false,"selection":"","status":"burner burning: comparing target sector"}
2026-09-11 00:41:35 @mori {"event":"ui","process_calls":31716,"render_calls":2666,"music_polls":5767,"model_bytes":15352,"directory_scans":2,"cache_hits":0,"page":18,"selected":0,"count":12,"preview_generation":2,"file_worker_stack_free":10160,"file_start_active":false,"preview_active":false,"preview_done":false,"preview_available":false,"screen_dimmed":false,"selection":"","status":"burner burning: comparing target sector"}
2026-09-11 00:41:36 @mori {"event":"ui","process_calls":31719,"render_calls":2669,"music_polls":5770,"model_bytes":15352,"directory_scans":2,"cache_hits":0,"page":18,"selected":0,"count":12,"preview_generation":2,"file_worker_stack_free":10160,"file_start_active":false,"preview_active":false,"preview_done":false,"preview_available":false,"screen_dimmed":false,"selection":"","status":"burner burning: comparing target sector"}
2026-09-11 00:41:36 @mori {"event":"ui","process_calls":31722,"render_calls":2672,"music_polls":5773,"model_bytes":15352,"directory_scans":2,"cache_hits":0,"page":18,"selected":0,"count":12,"preview_generation":2,"file_worker_stack_free":10160,"file_start_active":false,"preview_active":false,"preview_done":false,"preview_available":false,"screen_dimmed":false,"selection":"","status":"burner burning: comparing target sector"}
2026-09-11 00:41:36 @mori {"event":"ui","process_calls":31726,"render_calls":2676,"music_polls":5777,"model_bytes":15352,"directory_scans":2,"cache_hits":0,"page":18,"selected":0,"count":12,"preview_generation":2,"file_worker_stack_free":10160,"file_start_active":false,"preview_active":false,"preview_done":false,"preview_available":false,"screen_dimmed":false,"selection":"","status":"burner burning: comparing target sector"}
2026-09-11 00:41:37 @mori {"event":"ui","process_calls":31729,"render_calls":2679,"music_polls":5780,"model_bytes":15352,"directory_scans":2,"cache_hits":0,"page":18,"selected":0,"count":12,"preview_generation":2,"file_worker_stack_free":10160,"file_start_active":false,"preview_active":false,"preview_done":false,"preview_available":false,"screen_dimmed":false,"selection":"","status":"burner burning: sector write complete"}
2026-09-11 00:41:37 @mori {"event":"ui","process_calls":31732,"render_calls":2682,"music_polls":5783,"model_bytes":15352,"directory_scans":2,"cache_hits":0,"page":18,"selected":0,"count":12,"preview_generation":2,"file_worker_stack_free":10160,"file_start_active":false,"preview_active":false,"preview_done":false,"preview_available":false,"screen_dimmed":false,"selection":"","status":"burner burning: comparing target sector"}
2026-09-11 00:41:37 @mori {"event":"ui","process_calls":31735,"render_calls":2685,"music_polls":5786,"model_bytes":15352,"directory_scans":2,"cache_hits":0,"page":18,"selected":0,"count":12,"preview_generation":2,"file_worker_stack_free":10160,"file_start_active":false,"preview_active":false,"preview_done":false,"preview_available":false,"screen_dimmed":false,"selection":"","status":"burner burning: sector write complete"}
2026-09-11 00:41:38 @mori {"event":"ui","process_calls":31738,"render_calls":2688,"music_polls":5789,"model_bytes":15352,"directory_scans":2,"cache_hits":0,"page":18,"selected":0,"count":12,"preview_generation":2,"file_worker_stack_free":10160,"file_start_active":false,"preview_active":false,"preview_done":false,"preview_available":false,"screen_dimmed":false,"selection":"","status":"burner burning: comparing target sector"}
2026-09-11 00:41:38 @mori {"event":"ui","process_calls":31741,"render_calls":2691,"music_polls":5792,"model_bytes":15352,"directory_scans":2,"cache_hits":0,"page":18,"selected":0,"count":12,"preview_generation":2,"file_worker_stack_free":10160,"file_start_active":false,"preview_active":false,"preview_done":false,"preview_available":false,"screen_dimmed":false,"selection":"","status":"burner burning: comparing target sector"}
2026-09-11 00:41:38 @mori {"event":"ui","process_calls":31745,"render_calls":2695,"music_polls":5796,"model_bytes":15352,"directory_scans":2,"cache_hits":0,"page":18,"selected":0,"count":12,"preview_generation":2,"file_worker_stack_free":10160,"file_start_active":false,"preview_active":false,"preview_done":false,"preview_available":false,"screen_dimmed":false,"selection":"","status":"burner burning: sector write complete"}
2026-09-11 00:41:39 @mori {"event":"ui","process_calls":31748,"render_calls":2698,"music_polls":5799,"model_bytes":15352,"directory_scans":2,"cache_hits":0,"page":18,"selected":0,"count":12,"preview_generation":2,"file_worker_stack_free":10160,"file_start_active":false,"preview_active":false,"preview_done":false,"preview_available":false,"screen_dimmed":false,"selection":"","status":"burner burning: comparing target sector"}
2026-09-11 00:41:39 @mori {"event":"ui","process_calls":31750,"render_calls":2700,"music_polls":5801,"model_bytes":15352,"directory_scans":2,"cache_hits":0,"page":18,"selected":0,"count":12,"preview_generation":2,"file_worker_stack_free":10160,"file_start_active":false,"preview_active":false,"preview_done":false,"preview_available":false,"screen_dimmed":false,"selection":"","status":"burner burning: comparing target sector"}
2026-09-11 00:41:39 @mori {"event":"ui","process_calls":31753,"render_calls":2703,"music_polls":5804,"model_bytes":15352,"directory_scans":2,"cache_hits":0,"page":18,"selected":0,"count":12,"preview_generation":2,"file_worker_stack_free":10160,"file_start_active":false,"preview_active":false,"preview_done":false,"preview_available":false,"screen_dimmed":false,"selection":"","status":"burner burning: comparing target sector"}
2026-09-11 00:41:40 @mori {"event":"ui","process_calls":31756,"render_calls":2706,"music_polls":5807,"model_bytes":15352,"directory_scans":2,"cache_hits":0,"page":18,"selected":0,"count":12,"preview_generation":2,"file_worker_stack_free":10160,"file_start_active":false,"preview_active":false,"preview_done":false,"preview_available":false,"screen_dimmed":false,"selection":"","status":"burner burning: sector write complete"}
2026-09-11 00:41:40 @mori {"event":"ui","process_calls":31758,"render_calls":2708,"music_polls":5809,"model_bytes":15352,"directory_scans":2,"cache_hits":0,"page":18,"selected":0,"count":12,"preview_generation":2,"file_worker_stack_free":10160,"file_start_active":false,"preview_active":false,"preview_done":false,"preview_available":false,"screen_dimmed":false,"selection":"","status":"burner burning: sector write complete"}
2026-09-11 00:41:40 @mori {"event":"ui","process_calls":31762,"render_calls":2712,"music_polls":5813,"model_bytes":15352,"directory_scans":2,"cache_hits":0,"page":18,"selected":0,"count":12,"preview_generation":2,"file_worker_stack_free":10160,"file_start_active":false,"preview_active":false,"preview_done":false,"preview_available":false,"screen_dimmed":false,"selection":"","status":"burner burning: comparing target sector"}
2026-09-11 00:41:41 @mori {"event":"ui","process_calls":31765,"render_calls":2715,"music_polls":5816,"model_bytes":15352,"directory_scans":2,"cache_hits":0,"page":18,"selected":0,"count":12,"preview_generation":2,"file_worker_stack_free":10160,"file_start_active":false,"preview_active":false,"preview_done":false,"preview_available":false,"screen_dimmed":false,"selection":"","status":"burner burning: comparing target sector"}
2026-09-11 00:41:41 @mori {"event":"ui","process_calls":31767,"render_calls":2717,"music_polls":5818,"model_bytes":15352,"directory_scans":2,"cache_hits":0,"page":18,"selected":0,"count":12,"preview_generation":2,"file_worker_stack_free":10160,"file_start_active":false,"preview_active":false,"preview_done":false,"preview_available":false,"screen_dimmed":false,"selection":"","status":"burner burning: comparing target sector"}
2026-09-11 00:41:41 @mori {"event":"ui","process_calls":31771,"render_calls":2721,"music_polls":5822,"model_bytes":15352,"directory_scans":2,"cache_hits":0,"page":18,"selected":0,"count":12,"preview_generation":2,"file_worker_stack_free":10160,"file_start_active":false,"preview_active":false,"preview_done":false,"preview_available":false,"screen_dimmed":false,"selection":"","status":"burner burning: comparing target sector"}
2026-09-11 00:41:42 @mori {"event":"ui","process_calls":31774,"render_calls":2724,"music_polls":5825,"model_bytes":15352,"directory_scans":2,"cache_hits":0,"page":18,"selected":0,"count":12,"preview_generation":2,"file_worker_stack_free":10160,"file_start_active":false,"preview_active":false,"preview_done":false,"preview_available":false,"screen_dimmed":false,"selection":"","status":"burner burning: comparing target sector"}
2026-09-11 00:41:42 @mori {"event":"ui","process_calls":31777,"render_calls":2727,"music_polls":5828,"model_bytes":15352,"directory_scans":2,"cache_hits":0,"page":18,"selected":0,"count":12,"preview_generation":2,"file_worker_stack_free":10160,"file_start_active":false,"preview_active":false,"preview_done":false,"preview_available":false,"screen_dimmed":false,"selection":"","status":"burner burning: verifying written ROM"}
2026-09-11 00:41:42 @mori {"event":"ui","process_calls":31782,"render_calls":2730,"music_polls":5831,"model_bytes":15352,"directory_scans":2,"cache_hits":0,"page":18,"selected":0,"count":12,"preview_generation":2,"file_worker_stack_free":10160,"file_start_active":false,"preview_active":false,"preview_done":false,"preview_available":false,"screen_dimmed":false,"selection":"","status":"burner burning: verifying written ROM"}
2026-09-11 00:41:43 @mori {"event":"ui","process_calls":31786,"render_calls":2732,"music_polls":5833,"model_bytes":15352,"directory_scans":2,"cache_hits":0,"page":18,"selected":0,"count":12,"preview_generation":2,"file_worker_stack_free":10160,"file_start_active":false,"preview_active":false,"preview_done":false,"preview_available":false,"screen_dimmed":false,"selection":"","status":"burner burning: verifying written ROM"}
2026-09-11 00:41:43 @mori {"event":"ui","process_calls":31790,"render_calls":2736,"music_polls":5837,"model_bytes":15352,"directory_scans":2,"cache_hits":0,"page":18,"selected":0,"count":12,"preview_generation":2,"file_worker_stack_free":10160,"file_start_active":false,"preview_active":false,"preview_done":false,"preview_available":false,"screen_dimmed":false,"selection":"","status":"burner burning: verifying written ROM"}
2026-09-11 00:41:44 @mori {"event":"ui","process_calls":31793,"render_calls":2739,"music_polls":5839,"model_bytes":15352,"directory_scans":2,"cache_hits":0,"page":18,"selected":0,"count":12,"preview_generation":2,"file_worker_stack_free":10160,"file_start_active":false,"preview_active":false,"preview_done":false,"preview_available":false,"screen_dimmed":false,"selection":"","status":"burner burning: verifying written ROM"}
2026-09-11 00:41:44 @mori {"event":"ui","process_calls":31798,"render_calls":2742,"music_polls":5842,"model_bytes":15352,"directory_scans":2,"cache_hits":0,"page":18,"selected":0,"count":12,"preview_generation":2,"file_worker_stack_free":10160,"file_start_active":false,"preview_active":false,"preview_done":false,"preview_available":false,"screen_dimmed":false,"selection":"","status":"burner burning: verifying written ROM"}
2026-09-11 00:41:44 @mori {"event":"ui","process_calls":31801,"render_calls":2745,"music_polls":5845,"model_bytes":15352,"directory_scans":2,"cache_hits":0,"page":18,"selected":0,"count":12,"preview_generation":2,"file_worker_stack_free":10160,"file_start_active":false,"preview_active":false,"preview_done":false,"preview_available":false,"screen_dimmed":false,"selection":"","status":"burner burning: verifying written ROM"}
2026-09-11 00:41:44 @mori {"event":"ui","process_calls":31804,"render_calls":2747,"music_polls":5847,"model_bytes":15352,"directory_scans":2,"cache_hits":0,"page":18,"selected":0,"count":12,"preview_generation":2,"file_worker_stack_free":10160,"file_start_active":false,"preview_active":false,"preview_done":false,"preview_available":false,"screen_dimmed":false,"selection":"","status":"burner burning: verifying written ROM"}
2026-09-11 00:41:45 @mori {"event":"ui","process_calls":31807,"render_calls":2750,"music_polls":5850,"model_bytes":15352,"directory_scans":2,"cache_hits":0,"page":18,"selected":0,"count":12,"preview_generation":2,"file_worker_stack_free":10160,"file_start_active":false,"preview_active":false,"preview_done":false,"preview_available":false,"screen_dimmed":false,"selection":"","status":"burner burning: verifying written ROM"}
2026-09-11 00:41:45 @mori {"event":"ui","process_calls":31810,"render_calls":2752,"music_polls":5852,"model_bytes":15352,"directory_scans":2,"cache_hits":0,"page":18,"selected":0,"count":12,"preview_generation":2,"file_worker_stack_free":10160,"file_start_active":false,"preview_active":false,"preview_done":false,"preview_available":false,"screen_dimmed":false,"selection":"","status":"burner burning: verifying written ROM"}
2026-09-11 00:41:45 @mori {"event":"ui","process_calls":31814,"render_calls":2756,"music_polls":5856,"model_bytes":15352,"directory_scans":2,"cache_hits":0,"page":18,"selected":0,"count":12,"preview_generation":2,"file_worker_stack_free":10160,"file_start_active":false,"preview_active":false,"preview_done":false,"preview_available":false,"screen_dimmed":false,"selection":"","status":"burner burning: verifying written ROM"}
2026-09-11 00:41:46 @mori {"event":"ui","process_calls":31819,"render_calls":2759,"music_polls":5859,"model_bytes":15352,"directory_scans":2,"cache_hits":0,"page":18,"selected":0,"count":12,"preview_generation":2,"file_worker_stack_free":10160,"file_start_active":false,"preview_active":false,"preview_done":false,"preview_available":false,"screen_dimmed":false,"selection":"","status":"burner burning: verifying written ROM"}
2026-09-11 00:41:46 @mori {"event":"ui","process_calls":31821,"render_calls":2761,"music_polls":5861,"model_bytes":15352,"directory_scans":2,"cache_hits":0,"page":18,"selected":0,"count":12,"preview_generation":2,"file_worker_stack_free":10160,"file_start_active":false,"preview_active":false,"preview_done":false,"preview_available":false,"screen_dimmed":false,"selection":"","status":"burner burning: verifying written ROM"}
2026-09-11 00:41:46 @mori {"event":"ui","process_calls":31827,"render_calls":2765,"music_polls":5865,"model_bytes":15352,"directory_scans":2,"cache_hits":0,"page":18,"selected":0,"count":12,"preview_generation":2,"file_worker_stack_free":10160,"file_start_active":false,"preview_active":false,"preview_done":false,"preview_available":false,"screen_dimmed":false,"selection":"","status":"burner burning: verifying written ROM"}
2026-09-11 00:41:47 @mori {"event":"ui","process_calls":31830,"render_calls":2768,"music_polls":5868,"model_bytes":15352,"directory_scans":2,"cache_hits":0,"page":18,"selected":0,"count":12,"preview_generation":2,"file_worker_stack_free":10160,"file_start_active":false,"preview_active":false,"preview_done":false,"preview_available":false,"screen_dimmed":false,"selection":"","status":"burner burning: verifying written ROM"}
2026-09-11 00:41:47 @mori {"event":"ui","process_calls":31835,"render_calls":2771,"music_polls":5871,"model_bytes":15352,"directory_scans":2,"cache_hits":0,"page":18,"selected":0,"count":12,"preview_generation":2,"file_worker_stack_free":10160,"file_start_active":false,"preview_active":false,"preview_done":false,"preview_available":false,"screen_dimmed":false,"selection":"","status":"burner burning: verifying written ROM"}
2026-09-11 00:41:48 @mori {"event":"ui","process_calls":31838,"render_calls":2774,"music_polls":5874,"model_bytes":15352,"directory_scans":2,"cache_hits":0,"page":18,"selected":0,"count":12,"preview_generation":2,"file_worker_stack_free":10160,"file_start_active":false,"preview_active":false,"preview_done":false,"preview_available":false,"screen_dimmed":false,"selection":"","status":"burner burning: verifying written ROM"}
2026-09-11 00:41:48 @mori {"event":"ui","process_calls":31842,"render_calls":2776,"music_polls":5876,"model_bytes":15352,"directory_scans":2,"cache_hits":0,"page":18,"selected":0,"count":12,"preview_generation":2,"file_worker_stack_free":10160,"file_start_active":false,"preview_active":false,"preview_done":false,"preview_available":false,"screen_dimmed":false,"selection":"","status":"burner burning: verifying written ROM"}
2026-09-11 00:41:48 @mori {"event":"ui","process_calls":31847,"render_calls":2780,"music_polls":5880,"model_bytes":15352,"directory_scans":2,"cache_hits":0,"page":18,"selected":0,"count":12,"preview_generation":2,"file_worker_stack_free":10160,"file_start_active":false,"preview_active":false,"preview_done":false,"preview_available":false,"screen_dimmed":false,"selection":"","status":"burner burning: verifying written ROM"}
2026-09-11 00:41:49 @mori {"event":"ui","process_calls":31853,"render_calls":2782,"music_polls":5882,"model_bytes":15352,"directory_scans":2,"cache_hits":0,"page":18,"selected":0,"count":12,"preview_generation":2,"file_worker_stack_free":10160,"file_start_active":false,"preview_active":false,"preview_done":false,"preview_available":false,"screen_dimmed":false,"selection":"","status":"burner burning: verifying written ROM"}
2026-09-11 00:41:49 @mori {"event":"ui","process_calls":31857,"render_calls":2786,"music_polls":5884,"model_bytes":15352,"directory_scans":2,"cache_hits":0,"page":18,"selected":0,"count":12,"preview_generation":2,"file_worker_stack_free":10160,"file_start_active":false,"preview_active":false,"preview_done":false,"preview_available":false,"screen_dimmed":false,"selection":"","status":"burner burning: verifying written ROM"}
2026-09-11 00:41:49 @mori {"event":"ui","process_calls":31861,"render_calls":2790,"music_polls":5888,"model_bytes":15352,"directory_scans":2,"cache_hits":0,"page":18,"selected":0,"count":12,"preview_generation":2,"file_worker_stack_free":10160,"file_start_active":false,"preview_active":false,"preview_done":false,"preview_available":false,"screen_dimmed":false,"selection":"","status":"burner burning: verifying written ROM"}
2026-09-11 00:41:50 @mori {"event":"ui","process_calls":31864,"render_calls":2792,"music_polls":5890,"model_bytes":15352,"directory_scans":2,"cache_hits":0,"page":18,"selected":0,"count":12,"preview_generation":2,"file_worker_stack_free":10160,"file_start_active":false,"preview_active":false,"preview_done":false,"preview_available":false,"screen_dimmed":false,"selection":"","status":"burner burning: verifying written ROM"}
2026-09-11 00:41:50 @mori {"event":"ui","process_calls":31871,"render_calls":2795,"music_polls":5893,"model_bytes":15352,"directory_scans":2,"cache_hits":0,"page":18,"selected":0,"count":12,"preview_generation":2,"file_worker_stack_free":10160,"file_start_active":false,"preview_active":false,"preview_done":false,"preview_available":false,"screen_dimmed":false,"selection":"","status":"burner burning: verifying written ROM"}
2026-09-11 00:41:50 @mori {"event":"ui","process_calls":31877,"render_calls":2798,"music_polls":5895,"model_bytes":15352,"directory_scans":2,"cache_hits":0,"page":18,"selected":0,"count":12,"preview_generation":2,"file_worker_stack_free":10160,"file_start_active":false,"preview_active":false,"preview_done":false,"preview_available":false,"screen_dimmed":false,"selection":"","status":"burner burning: verifying written ROM"}
2026-09-11 00:41:50 @mori {"event":"ui","process_calls":31881,"render_calls":2801,"music_polls":5898,"model_bytes":15352,"directory_scans":2,"cache_hits":0,"page":18,"selected":0,"count":12,"preview_generation":2,"file_worker_stack_free":10160,"file_start_active":false,"preview_active":false,"preview_done":false,"preview_available":false,"screen_dimmed":false,"selection":"","status":"burner burning: verifying written ROM"}
2026-09-11 00:41:51 @mori {"event":"ui","process_calls":31886,"render_calls":2804,"music_polls":5901,"model_bytes":15352,"directory_scans":2,"cache_hits":0,"page":18,"selected":0,"count":12,"preview_generation":2,"file_worker_stack_free":10160,"file_start_active":false,"preview_active":false,"preview_done":false,"preview_available":false,"screen_dimmed":false,"selection":"","status":"burner burning: verifying written ROM"}
2026-09-11 00:41:51 @mori {"event":"ui","process_calls":31891,"render_calls":2806,"music_polls":5903,"model_bytes":15352,"directory_scans":2,"cache_hits":0,"page":18,"selected":0,"count":12,"preview_generation":2,"file_worker_stack_free":10160,"file_start_active":false,"preview_active":false,"preview_done":false,"preview_available":false,"screen_dimmed":false,"selection":"","status":"burner burning: verifying written ROM"}
2026-09-11 00:41:51 @mori {"event":"ui","process_calls":31894,"render_calls":2809,"music_polls":5906,"model_bytes":15352,"directory_scans":2,"cache_hits":0,"page":18,"selected":0,"count":12,"preview_generation":2,"file_worker_stack_free":10160,"file_start_active":false,"preview_active":false,"preview_done":false,"preview_available":false,"screen_dimmed":false,"selection":"","status":"burner burning: verifying written ROM"}
2026-09-11 00:41:52 @mori {"event":"ui","process_calls":31898,"render_calls":2812,"music_polls":5909,"model_bytes":15352,"directory_scans":2,"cache_hits":0,"page":18,"selected":0,"count":12,"preview_generation":2,"file_worker_stack_free":10160,"file_start_active":false,"preview_active":false,"preview_done":false,"preview_available":false,"screen_dimmed":false,"selection":"","status":"burner burning: verifying written ROM"}
2026-09-11 00:41:52 @mori {"event":"ui","process_calls":31900,"render_calls":2814,"music_polls":5911,"model_bytes":15352,"directory_scans":2,"cache_hits":0,"page":18,"selected":0,"count":12,"preview_generation":2,"file_worker_stack_free":10160,"file_start_active":false,"preview_active":false,"preview_done":false,"preview_available":false,"screen_dimmed":false,"selection":"","status":"burner burning: verifying written ROM"}
2026-09-11 00:41:52 @mori {"event":"ui","process_calls":31904,"render_calls":2817,"music_polls":5914,"model_bytes":15352,"directory_scans":2,"cache_hits":0,"page":18,"selected":0,"count":12,"preview_generation":2,"file_worker_stack_free":10160,"file_start_active":false,"preview_active":false,"preview_done":false,"preview_available":false,"screen_dimmed":false,"selection":"","status":"burner burning: verifying written ROM"}
2026-09-11 00:41:53 @mori {"event":"ui","process_calls":31907,"render_calls":2820,"music_polls":5917,"model_bytes":15352,"directory_scans":2,"cache_hits":0,"page":18,"selected":0,"count":12,"preview_generation":2,"file_worker_stack_free":10160,"file_start_active":false,"preview_active":false,"preview_done":false,"preview_available":false,"screen_dimmed":false,"selection":"","status":"burner burning: verifying written ROM"}
2026-09-11 00:41:53 @mori {"event":"ui","process_calls":31911,"render_calls":2822,"music_polls":5919,"model_bytes":15352,"directory_scans":2,"cache_hits":0,"page":18,"selected":0,"count":12,"preview_generation":2,"file_worker_stack_free":10160,"file_start_active":false,"preview_active":false,"preview_done":false,"preview_available":false,"screen_dimmed":false,"selection":"","status":"burner burning: verifying written ROM"}
2026-09-11 00:41:53 @mori {"event":"ui","process_calls":31915,"render_calls":2825,"music_polls":5922,"model_bytes":15352,"directory_scans":2,"cache_hits":0,"page":18,"selected":0,"count":12,"preview_generation":2,"file_worker_stack_free":10160,"file_start_active":false,"preview_active":false,"preview_done":false,"preview_available":false,"screen_dimmed":false,"selection":"","status":"burner burning: verifying written ROM"}
2026-09-11 00:41:54 @mori {"event":"ui","process_calls":31917,"render_calls":2827,"music_polls":5924,"model_bytes":15352,"directory_scans":2,"cache_hits":0,"page":18,"selected":0,"count":12,"preview_generation":2,"file_worker_stack_free":10160,"file_start_active":false,"preview_active":false,"preview_done":false,"preview_available":false,"screen_dimmed":false,"selection":"","status":"burner burning: verifying written ROM"}
2026-09-11 00:41:54 @mori {"event":"ui","process_calls":31923,"render_calls":2832,"music_polls":5927,"model_bytes":15352,"directory_scans":2,"cache_hits":0,"page":18,"selected":0,"count":12,"preview_generation":2,"file_worker_stack_free":10160,"file_start_active":false,"preview_active":false,"preview_done":false,"preview_available":false,"screen_dimmed":false,"selection":"","status":"burner burning: verifying written ROM"}
2026-09-11 00:41:54 @mori {"event":"ui","process_calls":31927,"render_calls":2835,"music_polls":5930,"model_bytes":15352,"directory_scans":2,"cache_hits":0,"page":18,"selected":0,"count":12,"preview_generation":2,"file_worker_stack_free":10160,"file_start_active":false,"preview_active":false,"preview_done":false,"preview_available":false,"screen_dimmed":false,"selection":"","status":"burner burning: verifying written ROM"}
2026-09-11 00:41:55 @mori {"event":"ui","process_calls":31931,"render_calls":2838,"music_polls":5933,"model_bytes":15352,"directory_scans":2,"cache_hits":0,"page":18,"selected":0,"count":12,"preview_generation":2,"file_worker_stack_free":10160,"file_start_active":false,"preview_active":false,"preview_done":false,"preview_available":false,"screen_dimmed":false,"selection":"","status":"burner burning: verifying written ROM"}
2026-09-11 00:41:55 @mori {"event":"ui","process_calls":31937,"render_calls":2841,"music_polls":5935,"model_bytes":15352,"directory_scans":2,"cache_hits":0,"page":18,"selected":0,"count":12,"preview_generation":2,"file_worker_stack_free":10160,"file_start_active":false,"preview_active":false,"preview_done":false,"preview_available":false,"screen_dimmed":false,"selection":"","status":"burner burning: verifying written ROM"}
2026-09-11 00:41:55 @mori {"event":"ui","process_calls":31942,"render_calls":2843,"music_polls":5937,"model_bytes":15352,"directory_scans":2,"cache_hits":0,"page":18,"selected":0,"count":12,"preview_generation":2,"file_worker_stack_free":10160,"file_start_active":false,"preview_active":false,"preview_done":false,"preview_available":false,"screen_dimmed":false,"selection":"","status":"burner burning: verifying written ROM"}
2026-09-11 00:41:56 @mori {"event":"ui","process_calls":31946,"render_calls":2846,"music_polls":5940,"model_bytes":15352,"directory_scans":2,"cache_hits":0,"page":18,"selected":0,"count":12,"preview_generation":2,"file_worker_stack_free":10160,"file_start_active":false,"preview_active":false,"preview_done":false,"preview_available":false,"screen_dimmed":false,"selection":"","status":"burner burning: verifying written ROM"}
2026-09-11 00:41:56 @mori {"event":"ui","process_calls":31949,"render_calls":2848,"music_polls":5943,"model_bytes":15352,"directory_scans":2,"cache_hits":0,"page":18,"selected":0,"count":12,"preview_generation":2,"file_worker_stack_free":10160,"file_start_active":false,"preview_active":false,"preview_done":false,"preview_available":false,"screen_dimmed":false,"selection":"","status":"burner burning: verifying written ROM"}
2026-09-11 00:41:56 @mori {"event":"ui","process_calls":31954,"render_calls":2851,"music_polls":5945,"model_bytes":15352,"directory_scans":2,"cache_hits":0,"page":18,"selected":0,"count":12,"preview_generation":2,"file_worker_stack_free":10160,"file_start_active":false,"preview_active":false,"preview_done":false,"preview_available":false,"screen_dimmed":false,"selection":"","status":"burner burning: verifying written ROM"}
2026-09-11 00:41:57 @mori {"event":"ui","process_calls":31959,"render_calls":2853,"music_polls":5947,"model_bytes":15352,"directory_scans":2,"cache_hits":0,"page":18,"selected":0,"count":12,"preview_generation":2,"file_worker_stack_free":10160,"file_start_active":false,"preview_active":false,"preview_done":false,"preview_available":false,"screen_dimmed":false,"selection":"","status":"burner burning: verifying written ROM"}
2026-09-11 00:41:57 @mori {"event":"ui","process_calls":31962,"render_calls":2856,"music_polls":5950,"model_bytes":15352,"directory_scans":2,"cache_hits":0,"page":18,"selected":0,"count":12,"preview_generation":2,"file_worker_stack_free":10160,"file_start_active":false,"preview_active":false,"preview_done":false,"preview_available":false,"screen_dimmed":false,"selection":"","status":"burner burning: verifying written ROM"}
2026-09-11 00:41:57 @mori {"event":"ui","process_calls":31967,"render_calls":2859,"music_polls":5953,"model_bytes":15352,"directory_scans":2,"cache_hits":0,"page":18,"selected":0,"count":12,"preview_generation":2,"file_worker_stack_free":10160,"file_start_active":false,"preview_active":false,"preview_done":false,"preview_available":false,"screen_dimmed":false,"selection":"","status":"burner burning: verifying written ROM"}
2026-09-11 00:41:58 @mori {"event":"ui","process_calls":31973,"render_calls":2863,"music_polls":5956,"model_bytes":15352,"directory_scans":2,"cache_hits":0,"page":18,"selected":0,"count":12,"preview_generation":2,"file_worker_stack_free":10160,"file_start_active":false,"preview_active":false,"preview_done":false,"preview_available":false,"screen_dimmed":false,"selection":"","status":"burner burning: verifying written ROM"}
2026-09-11 00:41:58 @mori {"event":"ui","process_calls":31976,"render_calls":2865,"music_polls":5959,"model_bytes":15352,"directory_scans":2,"cache_hits":0,"page":18,"selected":0,"count":12,"preview_generation":2,"file_worker_stack_free":10160,"file_start_active":false,"preview_active":false,"preview_done":false,"preview_available":false,"screen_dimmed":false,"selection":"","status":"burner burning: verifying written ROM"}
2026-09-11 00:41:58 @mori {"event":"ui","process_calls":31983,"render_calls":2869,"music_polls":5962,"model_bytes":15352,"directory_scans":2,"cache_hits":0,"page":18,"selected":0,"count":12,"preview_generation":2,"file_worker_stack_free":10160,"file_start_active":false,"preview_active":false,"preview_done":false,"preview_available":false,"screen_dimmed":false,"selection":"","status":"burner burning: verifying written ROM"}
2026-09-11 00:41:59 @mori {"event":"ui","process_calls":31988,"render_calls":2873,"music_polls":5965,"model_bytes":15352,"directory_scans":2,"cache_hits":0,"page":18,"selected":0,"count":12,"preview_generation":2,"file_worker_stack_free":10160,"file_start_active":false,"preview_active":false,"preview_done":false,"preview_available":false,"screen_dimmed":false,"selection":"","status":"burner burning: verifying written ROM"}
2026-09-11 00:41:59 @mori {"event":"ui","process_calls":31991,"render_calls":2876,"music_polls":5968,"model_bytes":15352,"directory_scans":2,"cache_hits":0,"page":18,"selected":0,"count":12,"preview_generation":2,"file_worker_stack_free":10160,"file_start_active":false,"preview_active":false,"preview_done":false,"preview_available":false,"screen_dimmed":false,"selection":"","status":"burner burning: verifying written ROM"}
2026-09-11 00:41:59 @mori {"event":"ui","process_calls":31999,"render_calls":2879,"music_polls":5971,"model_bytes":15352,"directory_scans":2,"cache_hits":0,"page":18,"selected":0,"count":12,"preview_generation":2,"file_worker_stack_free":10160,"file_start_active":false,"preview_active":false,"preview_done":false,"preview_available":false,"screen_dimmed":false,"selection":"","status":"burner burning: verifying written ROM"}
2026-09-11 00:42:00 @mori {"event":"ui","process_calls":32002,"render_calls":2882,"music_polls":5973,"model_bytes":15352,"directory_scans":2,"cache_hits":0,"page":18,"selected":0,"count":12,"preview_generation":2,"file_worker_stack_free":10160,"file_start_active":false,"preview_active":false,"preview_done":false,"preview_available":false,"screen_dimmed":false,"selection":"","status":"burner burning: verifying written ROM"}
2026-09-11 00:42:00 @mori {"event":"ui","process_calls":32005,"render_calls":2885,"music_polls":5976,"model_bytes":15352,"directory_scans":2,"cache_hits":0,"page":18,"selected":0,"count":12,"preview_generation":2,"file_worker_stack_free":10160,"file_start_active":false,"preview_active":false,"preview_done":false,"preview_available":false,"screen_dimmed":false,"selection":"","status":"burner burning: verifying written ROM"}
2026-09-11 00:42:00 @mori {"event":"ui","process_calls":32009,"render_calls":2887,"music_polls":5978,"model_bytes":15352,"directory_scans":2,"cache_hits":0,"page":18,"selected":0,"count":12,"preview_generation":2,"file_worker_stack_free":10160,"file_start_active":false,"preview_active":false,"preview_done":false,"preview_available":false,"screen_dimmed":false,"selection":"","status":"burner burning: verifying written ROM"}
2026-09-11 00:42:01 @mori {"event":"ui","process_calls":32012,"render_calls":2890,"music_polls":5981,"model_bytes":15352,"directory_scans":2,"cache_hits":0,"page":18,"selected":0,"count":12,"preview_generation":2,"file_worker_stack_free":10160,"file_start_active":false,"preview_active":false,"preview_done":false,"preview_available":false,"screen_dimmed":false,"selection":"","status":"burner burning: verifying written ROM"}
2026-09-11 00:42:01 @mori {"event":"ui","process_calls":32017,"render_calls":2892,"music_polls":5984,"model_bytes":15352,"directory_scans":2,"cache_hits":0,"page":18,"selected":0,"count":12,"preview_generation":2,"file_worker_stack_free":10160,"file_start_active":false,"preview_active":false,"preview_done":false,"preview_available":false,"screen_dimmed":false,"selection":"","status":"burner burning: verifying written ROM"}
2026-09-11 00:42:01 @mori {"event":"ui","process_calls":32023,"render_calls":2895,"music_polls":5986,"model_bytes":15352,"directory_scans":2,"cache_hits":0,"page":18,"selected":0,"count":12,"preview_generation":2,"file_worker_stack_free":10160,"file_start_active":false,"preview_active":false,"preview_done":false,"preview_available":false,"screen_dimmed":false,"selection":"","status":"burner burning: verifying written ROM"}
2026-09-11 00:42:02 @mori {"event":"ui","process_calls":32026,"render_calls":2897,"music_polls":5988,"model_bytes":15352,"directory_scans":2,"cache_hits":0,"page":18,"selected":0,"count":12,"preview_generation":2,"file_worker_stack_free":10160,"file_start_active":false,"preview_active":false,"preview_done":false,"preview_available":false,"screen_dimmed":false,"selection":"","status":"burner burning: verifying written ROM"}
2026-09-11 00:42:02 @mori {"event":"ui","process_calls":32032,"render_calls":2901,"music_polls":5992,"model_bytes":15352,"directory_scans":2,"cache_hits":0,"page":18,"selected":0,"count":12,"preview_generation":2,"file_worker_stack_free":10160,"file_start_active":false,"preview_active":false,"preview_done":false,"preview_available":false,"screen_dimmed":false,"selection":"","status":"burner burning: verifying written ROM"}
2026-09-11 00:42:02 @mori {"event":"ui","process_calls":32034,"render_calls":2903,"music_polls":5994,"model_bytes":15352,"directory_scans":2,"cache_hits":0,"page":18,"selected":0,"count":12,"preview_generation":2,"file_worker_stack_free":10160,"file_start_active":false,"preview_active":false,"preview_done":false,"preview_available":false,"screen_dimmed":false,"selection":"","status":"burner burning: verifying written ROM"}
2026-09-11 00:42:03 @mori {"event":"ui","process_calls":32038,"render_calls":2907,"music_polls":5998,"model_bytes":15352,"directory_scans":2,"cache_hits":0,"page":18,"selected":0,"count":12,"preview_generation":2,"file_worker_stack_free":10160,"file_start_active":false,"preview_active":false,"preview_done":false,"preview_available":false,"screen_dimmed":false,"selection":"","status":"burner burning: verifying written ROM"}
2026-09-11 00:42:03 @mori {"event":"ui","process_calls":32044,"render_calls":2911,"music_polls":6002,"model_bytes":15352,"directory_scans":2,"cache_hits":0,"page":18,"selected":0,"count":12,"preview_generation":2,"file_worker_stack_free":10160,"file_start_active":false,"preview_active":false,"preview_done":false,"preview_available":false,"screen_dimmed":false,"selection":"","status":"burner burning: verifying written ROM"}
2026-09-11 00:42:03 @mori {"event":"ui","process_calls":32049,"render_calls":2914,"music_polls":6004,"model_bytes":15352,"directory_scans":2,"cache_hits":0,"page":18,"selected":0,"count":12,"preview_generation":2,"file_worker_stack_free":10160,"file_start_active":false,"preview_active":false,"preview_done":false,"preview_available":false,"screen_dimmed":false,"selection":"","status":"burner burning: verifying written ROM"}
2026-09-11 00:42:04 @mori {"event":"ui","process_calls":32052,"render_calls":2917,"music_polls":6007,"model_bytes":15352,"directory_scans":2,"cache_hits":0,"page":18,"selected":0,"count":12,"preview_generation":2,"file_worker_stack_free":10160,"file_start_active":false,"preview_active":false,"preview_done":false,"preview_available":false,"screen_dimmed":false,"selection":"","status":"burner burning: verifying written ROM"}
2026-09-11 00:42:04 @mori {"event":"ui","process_calls":32057,"render_calls":2921,"music_polls":6011,"model_bytes":15352,"directory_scans":2,"cache_hits":0,"page":18,"selected":0,"count":12,"preview_generation":2,"file_worker_stack_free":10160,"file_start_active":false,"preview_active":false,"preview_done":false,"preview_available":false,"screen_dimmed":false,"selection":"","status":"burner burning: verifying written ROM"}
2026-09-11 00:42:05 @mori {"event":"ui","process_calls":32060,"render_calls":2924,"music_polls":6014,"model_bytes":15352,"directory_scans":2,"cache_hits":0,"page":18,"selected":0,"count":12,"preview_generation":2,"file_worker_stack_free":10160,"file_start_active":false,"preview_active":false,"preview_done":false,"preview_available":false,"screen_dimmed":false,"selection":"","status":"burner burning: verifying written ROM"}
2026-09-11 00:42:05 @mori {"event":"ui","process_calls":32065,"render_calls":2926,"music_polls":6016,"model_bytes":15352,"directory_scans":2,"cache_hits":0,"page":18,"selected":0,"count":12,"preview_generation":2,"file_worker_stack_free":10160,"file_start_active":false,"preview_active":false,"preview_done":false,"preview_available":false,"screen_dimmed":false,"selection":"","status":"burner burning: verifying written ROM"}
2026-09-11 00:42:05 @mori {"event":"ui","process_calls":32070,"render_calls":2928,"music_polls":6019,"model_bytes":15352,"directory_scans":2,"cache_hits":0,"page":18,"selected":0,"count":12,"preview_generation":2,"file_worker_stack_free":10160,"file_start_active":false,"preview_active":false,"preview_done":false,"preview_available":false,"screen_dimmed":false,"selection":"","status":"burner burning: verifying written ROM"}
2026-09-11 00:42:05 @mori {"event":"ui","process_calls":32076,"render_calls":2930,"music_polls":6021,"model_bytes":15352,"directory_scans":2,"cache_hits":0,"page":18,"selected":0,"count":12,"preview_generation":2,"file_worker_stack_free":10160,"file_start_active":false,"preview_active":false,"preview_done":false,"preview_available":false,"screen_dimmed":false,"selection":"","status":"burner burning: verifying written ROM"}
2026-09-11 00:42:06 @mori {"event":"ui","process_calls":32079,"render_calls":2933,"music_polls":6023,"model_bytes":15352,"directory_scans":2,"cache_hits":0,"page":18,"selected":0,"count":12,"preview_generation":2,"file_worker_stack_free":10160,"file_start_active":false,"preview_active":false,"preview_done":false,"preview_available":false,"screen_dimmed":false,"selection":"","status":"burner burning: verifying written ROM"}
2026-09-11 00:42:06 I (716534) burner_web: ROM verify: err=ESP_OK bytes=33554432/33554432 tf=4353ms cart=17676ms
2026-09-11 00:42:06 I (716536) burner_web: burn_task result: err=ESP_OK state=done processed=33554432/33554432 msg=burn finished
2026-09-11 00:42:06 I (716543) power_manager: CPU perf lock released by burn_task
2026-09-11 00:42:06 I (716548) burner_web: burn_task stack free min=11896 bytes
2026-09-11 00:42:06 @mori {"event":"ui","process_calls":32082,"render_calls":2936,"music_polls":6026,"model_bytes":15352,"directory_scans":2,"cache_hits":0,"page":18,"selected":0,"count":12,"preview_generation":2,"file_worker_stack_free":10160,"file_start_active":false,"preview_active":false,"preview_done":false,"preview_available":false,"screen_dimmed":false,"selection":"","status":"burner done: burn finished"}
2026-09-11 00:42:06 @mori {"event":"key","message":"b"}
2026-09-11 00:42:06 @mori {"event":"ui","process_calls":32088,"render_calls":2938,"music_polls":6028,"model_bytes":15352,"directory_scans":2,"cache_hits":0,"page":15,"selected":0,"count":12,"preview_generation":2,"file_worker_stack_free":10160,"file_start_active":false,"preview_active":false,"preview_done":false,"preview_available":false,"screen_dimmed":false,"selection":"重新分析","status":"burner done: burn finished"}
2026-09-11 00:42:06 @mori {"event":"key","message":"b"}
2026-09-11 00:42:06 @mori {"event":"ui","process_calls":32090,"render_calls":2940,"music_polls":6028,"model_bytes":15352,"directory_scans":2,"cache_hits":0,"page":14,"selected":0,"count":2,"preview_generation":2,"file_worker_stack_free":10160,"file_start_active":false,"preview_active":false,"preview_done":false,"preview_available":false,"screen_dimmed":false,"selection":"","status":"burner done: burn finished"}
2026-09-11 00:42:06 @mori {"event":"key","message":"b"}
2026-09-11 00:42:07 @mori {"event":"ui","process_calls":32095,"render_calls":2945,"music_polls":6030,"model_bytes":15352,"directory_scans":2,"cache_hits":0,"page":0,"selected":3,"count":5,"preview_generation":2,"file_worker_stack_free":10160,"file_start_active":false,"preview_active":false,"preview_done":false,"preview_available":false,"screen_dimmed":false,"selection":"烧录器","status":"burner done: burn finished"}
