2026-09-11 01:33:45 I (95) boot:  6 retro-core       OTA app          00 11 00ae0000
2026-09-11 01:33:45 @mori {"event":"ready","message":"Mori serial debug v1; type help"}
2026-09-11 01:33:45 I (1275) pm: Frequency switching config: CPU_MAX: 160, APB_MAX: 80, APB_MIN: 80, Light sleep: DISABLED
2026-09-11 01:33:45 I (1284) power_manager: CPU DFS enabled: idle=80MHz max=160MHz light_sleep=off
2026-09-11 01:33:45 I (1291) main: timezone configured: CST-8
2026-09-11 01:33:45 I (1295) main: boot step: mount assets
2026-09-11 01:33:45 I (1390) assets: mounted /assets: total=1438481 used=759777
2026-09-11 01:33:45 I (1391) main: boot step: mount sdcard
2026-09-11 01:33:45 I (1439) SDCARD: SD card mounted
2026-09-11 01:33:45 I (1440) SDCARD: Total: 59638MB
2026-09-11 01:33:45 W (1602) main: repaired legacy lang_zh_cn.ini
2026-09-11 01:33:45 I (3398) burner_web: burn config loaded: erase=smart write_path=psram recipe=chis psram_mb=auto mbc5_chunk=16 dump_chunk=64 voltage=3v3 settle=100ms cores=cpu1/cpu1/cpu1 ag32_link=cpld
2026-09-11 01:33:45 I (3404) main: GBX cache auto rebuild disabled; update manually from system menu
2026-09-11 01:33:45 I (3416) main: UI language=1 (zh)
2026-09-11 01:33:45 I (3424) main: boot step: init i2c peripherals
2026-09-11 01:33:45 W (3425) i2c.master: Please check pull-up resistances whether be connected properly. Otherwise unexpected behavior would happen. For more detailed information, please read docs
2026-09-11 01:33:45 I (3435) mori_i2c: I2C bus ready. SDA=18, SCL=8, freq=100000
2026-09-11 01:33:45 I (3442) axp209: AXP209 ready at 0x34, charge current fixed to 500mA
2026-09-11 01:33:45 I (3446) power_manager: detected AXP209 at 0x34
2026-09-11 01:33:45 I (3450) main: AXP209 power manager ready at 0x34
2026-09-11 01:33:45 I (3455) tca9555: TCA9555 ready at 0x20
2026-09-11 01:33:45 I (3462) main: tca9555.ini apply=0, skip register apply
2026-09-11 01:33:45 I (3465) main: TCA9555@0x20 input=0xFFFF cfg=0xEFFF
2026-09-11 01:33:45 I (3468) tca9555: IRQ enabled on GPIO 17
2026-09-11 01:33:45 I (3471) main: boot step: init usb msc manager
2026-09-11 01:33:45 I (3475) usb_msc_tf: USB MSC manager ready (default: disabled)
2026-09-11 01:33:45 I (3481) main: USB MSC manager ready, pass-through default is disabled
2026-09-11 01:33:45 I (3487) main: boot step: init nvs
2026-09-11 01:33:45 I (3518) main: boot step: init mcu debug
2026-09-11 01:33:45 I (3519) main: boot step: init lvgl/display
2026-09-11 01:33:45 I (3763) lcd_display: LCD init done (ST7789, 320x240, rot=270), pins CLK=6 MOSI=4 CS=5 DC=13 BK=14, bk_pwm=1
2026-09-11 01:33:45 I (3765) lvgl_port: draw_buf1 allocated in internal DMA (12800 bytes)
2026-09-11 01:33:45 I (3769) lvgl_port: using single LVGL draw buffer (20
2026-09-11 01:33:45 @mori {"event":"status","version":"v2.32.114","uptime_ms":21178,"internal_free":74919,"internal_largest":31744,"psram_free":7523408,"burn_running":false,"patch_running":false,"cancel_requested":false,"phase":"","detail":"","offset":0,"total":0,"passes":0,"read_bytes":0,"read_ms":0,"elapsed_ms":0,"result":0,"ag32_link":"cpld","ag32_link_active":"unknown","ag32_capabilities":0,"ag32_capabilities_known":false}
