2026-09-11 01:36:28 @mori {"event":"status","version":"v2.32.114","uptime_ms":183773,"internal_free":73455,"internal_largest":31744,"psram_free":7523436,"burn_running":false,"patch_running":false,"cancel_requested":false,"phase":"","detail":"","offset":0,"total":0,"passes":0,"read_bytes":0,"read_ms":0,"elapsed_ms":0,"result":0,"ag32_link":"cpld","ag32_link_active":"cpld","ag32_capabilities":0,"ag32_capabilities_known":false}
2026-09-11 01:36:28 @mori {"event":"status","version":"v2.32.114","uptime_ms":183809,"internal_free":73455,"internal_largest":31744,"psram_free":7523456,"burn_running":false,"patch_running":false,"cancel_requested":false,"phase":"","detail":"","offset":0,"total":0,"passes":0,"read_bytes":0,"read_ms":0,"elapsed_ms":0,"result":0,"ag32_link":"cpld","ag32_link_active":"cpld","ag32_capabilities":0,"ag32_capabilities_known":false}
2026-09-11 01:36:28 @mori {"event":"ui","process_calls":8851,"render_calls":651,"music_polls":1605,"model_bytes":15352,"directory_scans":0,"cache_hits":0,"page":19,"selected":0,"count":20,"preview_generation":0,"file_worker_stack_free":14760,"file_start_active":false,"preview_active":false,"preview_done":false,"preview_available":false,"screen_dimmed":false,"selection":"","status":"burner done: verify finished"}
2026-09-11 01:36:28 @mori {"event":"ui","process_calls":8854,"render_calls":651,"music_polls":1606,"model_bytes":15352,"directory_scans":0,"cache_hits":0,"page":19,"selected":0,"count":20,"preview_generation":0,"file_worker_stack_free":14760,"file_start_active":false,"preview_active":false,"preview_done":false,"preview_available":false,"screen_dimmed":false,"selection":"","status":"burner done: verify finished"}
2026-09-11 01:36:28 @mori {"event":"key","message":"b"}
2026-09-11 01:36:28 @mori {"event":"ui","process_calls":8858,"render_calls":653,"music_polls":1607,"model_bytes":15352,"directory_scans":0,"cache_hits":0,"page":14,"selected":0,"count":2,"preview_generation":0,"file_worker_stack_free":14760,"file_start_active":false,"preview_active":false,"preview_done":false,"preview_available":false,"screen_dimmed":false,"selection":"","status":"就绪"}
2026-09-11 01:36:28 @mori {"event":"key","message":"b"}
2026-09-11 01:36:28 @mori {"event":"ui","process_calls":8863,"render_calls":658,"music_polls":1608,"model_bytes":15352,"directory_scans":0,"cache_hits":0,"page":0,"selected":0,"count":5,"preview_generation":0,"file_worker_stack_free":14760,"file_start_active":false,"preview_active":false,"preview_done":false,"preview_available":false,"screen_dimmed":false,"selection":"系统","status":"就绪"}
2026-09-11 01:36:28 @mori {"event":"ui","process_calls":8865,"render_calls":660,"music_polls":1608,"model_bytes":15352,"directory_scans":0,"cache_hits":0,"page":0,"selected":0,"count":5,"preview_generation":0,"file_worker_stack_free":14760,"file_start_active":false,"preview_active":false,"preview_done":false,"preview_available":false,"screen_dimmed":false,"selection":"系统","status":"就绪"}
2026-09-11 01:36:28 @mori {"event":"key","message":"right"}
2026-09-11 01:36:28 @mori {"event":"ui","process_calls":8873,"render_calls":668,"music_polls":1609,"model_bytes":15352,"directory_scans":0,"cache_hits":0,"page":0,"selected":1,"count":5,"preview_generation":0,"file_worker_stack_free":14760,"file_start_active":false,"preview_active":false,"preview_done":false,"preview_available":false,"screen_dimmed":false,"selection":"音乐","status":"就绪"}
2026-09-11 01:36:28 @mori {"event":"key","message":"right"}
2026-09-11 01:36:28 @mori {"event":"ui","process_calls":8882,"render_calls":677,"music_polls":1611,"model_bytes":15352,"directory_scans":0,"cache_hits":0,"page":0,"selected":2,"count":5,"preview_generation":0,"file_worker_stack_free":14760,"file_start_active":false,"preview_active":false,"preview_done":false,"preview_available":false,"screen_dimmed":false,"selection":"阅读器","status":"就绪"}
2026-09-11 01:36:29 @mori {"event":"key","message":"right"}
2026-09-11 01:36:29 @mori {"event":"ui","process_calls":8890,"render_calls":685,"music_polls":1612,"model_bytes":15352,"directory_scans":0,"cache_hits":0,"page":0,"selected":3,"count":5,"preview_generation":0,"file_worker_stack_free":14760,"file_start_active":false,"preview_active":false,"preview_done":false,"preview_available":false,"screen_dimmed":false,"selection":"烧录器","status":"就绪"}
2026-09-11 01:36:29 @mori {"event":"key","message":"a"}
2026-09-11 01:36:29 @mori {"event":"ui","process_calls":8895,"render_calls":690,"music_polls":1613,"model_bytes":15352,"directory_scans":0,"cache_hits":0,"page":14,"selected":0,"count":2,"preview_generation":0,"file_worker_stack_free":14760,"file_start_active":false,"preview_active":false,"preview_done":false,"preview_available":false,"screen_dimmed":false,"selection":"","status":"就绪"}
2026-09-11 01:36:29 @mori {"event":"key","message":"a"}
2026-09-11 01:36:29 @mori {"event":"ui","process_calls":8901,"render_calls":696,"music_polls":1613,"model_bytes":15352,"directory_scans":0,"cache_hits":0,"page":15,"selected":0,"count":3,"preview_generation":0,"file_worker_stack_free":14760,"file_start_active":false,"preview_active":false,"preview_done":false,"preview_available":false,"screen_dimmed":false,"selection":"分析卡带","status":"请先分析卡带"}
2026-09-11 01:36:29 @mori {"event":"key","message":"a"}
2026-09-11 01:36:29 @mori {"event":"ui","process_calls":8904,"render_calls":699,"music_polls":1615,"model_bytes":15352,"directory_scans":0,"cache_hits":0,"page":15,"selected":0,"count":3,"preview_generation":0,"file_worker_stack_free":14760,"file_start_active":false,"preview_active":false,"preview_done":false,"preview_available":false,"screen_dimmed":false,"selection":"分析卡带","status":"analyzing cart"}
2026-09-11 01:36:29 @mori {"event":"ui","process_calls":8905,"render_calls":700,"music_polls":1615,"model_bytes":15352,"directory_scans":0,"cache_hits":0,"page":15,"selected":0,"count":3,"preview_generation":0,"file_worker_stack_free":14760,"file_start_active":false,"preview_active":false,"preview_done":false,"preview_available":false,"screen_dimmed":false,"selection":"分析卡带","status":"analyzing cart"}
2026-09-11 01:36:29 I (186416) burner_web: GBA D0/D1 swap detection starting...
2026-09-11 01:36:29 I (186417) burner_web: D0/D1 swap detection: entering CFI mode (word addr 0x055)
2026-09-11 01:36:29 I (186419) burner_web: D0/D1 swap detection: CFI 'QRY' detected (normal, low-byte lane) [010]=0051 [011]=0052 [012]=0059
2026-09-11 01:36:29 I (186430) burner_web: GBA D0/D1 swap detection: NORMAL (no swap), lane=low
2026-09-11 01:36:29 I (186436) burner_web: GBA ReadID trace begin t=185223476us
2026-09-11 01:36:29 I (186441) burner_web: GBA ReadID trace write addr=0x555 data=0x00AA dt=5208us (0.005208s)
2026-09-11 01:36:29 I (186450) burner_web: GBA ReadID trace write addr=0x2AA data=0x0055 dt=8430us (0.008430s)
2026-09-11 01:36:29 I (186458) burner_web: GBA ReadID trace write addr=0x555 data=0x0090 dt=7925us (0.007925s)
2026-09-11 01:36:29 I (186466) burner_web: GBA ReadID trace read addr=0x000 data=0x0001 dt=7876us (0.007876s)
2026-09-11 01:36:29 I (186474) burner_web: GBA ReadID trace read addr=0x001 data=0x227E dt=8008us (0.008008s)
2026-09-11 01:36:29 I (186482) burner_web: GBA ReadID trace read addr=0x00E data=0x2228 dt=7794us (0.007794s)
2026-09-11 01:36:29 I (186489) burner_web: GBA ReadID trace read addr=0x00F data=0x2201 dt=7884us (0.007884s)
2026-09-11 01:36:29 I (186497) burner_web: GBA ReadID trace write addr=0x000 data=0x00F0 dt=8029us (0.008029s)
2026-09-11 01:36:29 I (186505) burner_web: GBA ReadID trace end status=ESP_OK total=68882us (0.068882s)
2026-09-11 01:36:29 I (186513) burner_web: GBA word-address probe @40000000Hz try=1 id=01 00 7E 22 28 22 01 22 (candidate-id)
2026-09-11 01:36:29 I (186522) burner_web: GBA Intel ReadID trace begin t=185309346us
2026-09-11 01:36:29 I (186528) burner_web: GBA Intel ReadID trace write addr=0x000 data=0x0050 dt=5416us (0.005416s)
2026-09-11 01:36:29 I (186536) burner_web: GBA Intel ReadID trace write addr=0x000 data=0x00FF dt=8889us (0.008889s)
2026-09-11 01:36:29 I (186545) burner_web: GBA Intel ReadID trace write addr=0x000 data=0x0090 dt=8347us (0.008347s)
2026-09-11 01:36:29 I (186553) burner_web: GBA Intel ReadID trace read addr=0x000 data=0x002E dt=8618us (0.008618s)
2026-09-11 01:36:29 I (186562) burner_web: GBA Intel ReadID trace read addr=0x001 data=0xEA00 dt=8427us (0.008427s)
2026-09-11 01:36:29 I (186570) burner_web: GBA Intel ReadID trace read addr=0x00E data=0x52A3 dt=8537us (0.008537s)
2026-09-11 01:36:29 I (186579) burner_web: GBA Intel ReadID trace read addr=0x00F data=0x19BE dt=8331us (0.008331s)
2026-09-11 01:36:29 I (186587) burner_web: GBA Intel ReadID trace write addr=0x000 data=0x0050 dt=8339us (0.008339s)
2026-09-11 01:36:29 I (186595) burner_web: GBA Intel ReadID trace write addr=0x000 data=0x00FF dt=8395us (0.008395s)
2026-09-11 01:36:29 I (186604) burner_web: GBA Intel ReadID trace end status=ESP_OK total=81807us (0.081807s)
2026-09-11 01:36:29 I (186612) burner_web: GBA intel-id probe @40000000Hz try=1 id=2E 00 00 EA A3 52 BE 19 (candidate-id)
2026-09-11 01:36:29 @mori {"event":"ui","process_calls":8911,"render_calls":706,"music_polls":1617,"model_bytes":15352,"directory_scans":0,"cache_hits":0,"page":15,"selected":0,"count":3,"preview_generation":0,"file_worker_stack_free":14760,"file_start_active":false,"preview_active":false,"preview_done":false,"preview_available":false,"screen_dimmed":false,"selection":"分析卡带","status":"analyzing cart"}
2026-09-11 01:36:30 I (186632) burner_web: GBA raw ID method scan summary @40000000Hz try=1: candidates=0 best=AMD standard
2026-09-11 01:36:30 I (186665) burner_web: GBA profile match @40000000Hz try=1: chip=S29GL01GP/GS profile=AGB:AMD:555/2AA:AA/55 cmdset=amd method=AMD standard
2026-09-11 01:36:30 I (186677) burner_web: GBA auto probe @40000000Hz try=1 id=01 00 7E 22 28 22 01 22 (candidate-id)
2026-09-11 01:36:30 I (186685) burner_web: GBA CFI ok in word-address mode @40000000Hz try=1: chip=S29GL01GP/GS profile=AGB:AMD:555/2AA:AA/55 flash=134217728 sector=131072 geom=uniform largest=131072 regions=1 buf=512 cmdset=amd lane=low primary=0x0002
2026-09-11 01:36:30 @mori {"event":"ui","process_calls":8918,"render_calls":713,"music_polls":1619,"model_bytes":15352,"directory_scans":0,"cache_hits":0,"page":15,"selected":0,"count":3,"preview_generation":0,"file_worker_stack_free":14760,"file_start_active":false,"preview_active":false,"preview_done":false,"preview_available":false,"screen_dimmed":false,"selection":"分析卡带","status":"analyzing cart"}
2026-09-11 01:36:30 I (186893) ui: UI probe task stack free min=9612 bytes
2026-09-11 01:36:30 @mori {"event":"ui","process_calls":8923,"render_calls":718,"music_polls":1621,"model_bytes":15352,"directory_scans":0,"cache_hits":0,"page":15,"selected":1,"count":9,"preview_generation":0,"file_worker_stack_free":14760,"file_start_active":false,"preview_active":false,"preview_done":false,"preview_available":false,"screen_dimmed":false,"selection":"ROM: 选择文件","status":"GBA ID 01 00 7E 22 CFI"}
2026-09-11 01:36:30 @mori {"event":"ui","process_calls":8924,"render_calls":719,"music_polls":1622,"model_bytes":15352,"directory_scans":0,"cache_hits":0,"page":15,"selected":1,"count":9,"preview_generation":0,"file_worker_stack_free":14760,"file_start_active":false,"preview_active":false,"preview_done":false,"preview_available":false,"screen_dimmed":false,"selection":"ROM: 选择文件","status":"GBA ID 01 00 7E 22 CFI"}
2026-09-11 01:36:30 @mori {"event":"key","message":"a"}
2026-09-11 01:36:30 @mori {"event":"ui","process_calls":8926,"render_calls":721,"music_polls":1623,"model_bytes":15352,"directory_scans":1,"cache_hits":0,"page":6,"selected":0,"count":45,"preview_generation":0,"file_worker_stack_free":14760,"file_start_active":false,"preview_active":false,"preview_done":false,"preview_available":false,"screen_dimmed":false,"selection":"_gba","status":"TF根目录"}
2026-09-11 01:36:30 @mori {"event":"ui","process_calls":8929,"render_calls":724,"music_polls":1624,"model_bytes":15352,"directory_scans":1,"cache_hits":0,"page":6,"selected":0,"count":45,"preview_generation":0,"file_worker_stack_free":14760,"file_start_active":false,"preview_active":false,"preview_done":false,"preview_available":false,"screen_dimmed":false,"selection":"_gba","status":"TF根目录"}
2026-09-11 01:36:30 @mori {"event":"key","message":"down"}
2026-09-11 01:36:30 @mori {"event":"ui","process_calls":8938,"render_calls":733,"music_polls":1625,"model_bytes":15352,"directory_scans":1,"cache_hits":0,"page":6,"selected":1,"count":45,"preview_generation":0,"file_worker_stack_free":14760,"file_start_active":false,"preview_active":false,"preview_done":false,"preview_available":false,"screen_dimmed":false,"selection":"_nds","status":"TF根目录"}
2026-09-11 01:36:30 @mori {"event":"key","message":"down"}
2026-09-11 01:36:30 @mori {"event":"ui","process_calls":8948,"render_calls":743,"music_polls":1626,"model_bytes":15352,"directory_scans":1,"cache_hits":0,"page":6,"selected":2,"count":45,"preview_generation":0,"file_worker_stack_free":14760,"file_start_active":false,"preview_active":false,"preview_done":false,"preview_available":false,"screen_dimmed":false,"selection":"dumps","status":"TF根目录"}
2026-09-11 01:36:31 @mori {"event":"key","message":"down"}
2026-09-11 01:36:31 @mori {"event":"ui","process_calls":8957,"render_calls":752,"music_polls":1628,"model_bytes":15352,"directory_scans":1,"cache_hits":0,"page":6,"selected":3,"count":45,"preview_generation":0,"file_worker_stack_free":14760,"file_start_active":false,"preview_active":false,"preview_done":false,"preview_available":false,"screen_dimmed":false,"selection":"GBA汉化","status":"TF根目录"}
2026-09-11 01:36:31 @mori {"event":"key","message":"down"}
2026-09-11 01:36:31 @mori {"event":"ui","process_calls":8966,"render_calls":761,"music_polls":1629,"model_bytes":15352,"directory_scans":1,"cache_hits":0,"page":6,"selected":4,"count":45,"preview_generation":0,"file_worker_stack_free":14760,"file_start_active":false,"preview_active":false,"preview_done":false,"preview_available":false,"screen_dimmed":false,"selection":"music","status":"TF根目录"}
2026-09-11 01:36:31 @mori {"event":"key","message":"down"}
2026-09-11 01:36:31 @mori {"event":"ui","process_calls":8976,"render_calls":771,"music_polls":1630,"model_bytes":15352,"directory_scans":1,"cache_hits":0,"page":6,"selected":5,"count":45,"preview_generation":0,"file_worker_stack_free":14760,"file_start_active":false,"preview_active":false,"preview_done":false,"preview_available":false,"screen_dimmed":false,"selection":"retro-go","status":"TF根目录"}
2026-09-11 01:36:31 @mori {"event":"key","message":"down"}
2026-09-11 01:36:31 @mori {"event":"ui","process_calls":8986,"render_calls":781,"music_polls":1632,"model_bytes":15352,"directory_scans":1,"cache_hits":0,"page":6,"selected":6,"count":45,"preview_generation":0,"file_worker_stack_free":14760,"file_start_active":false,"preview_active":false,"preview_done":false,"preview_available":false,"screen_dimmed":false,"selection":"ROM_OUTPUT","status":"TF根目录"}
2026-09-11 01:36:31 @mori {"event":"key","message":"a"}
2026-09-11 01:36:31 @mori {"event":"ui","process_calls":8991,"render_calls":786,"music_polls":1633,"model_bytes":15352,"directory_scans":2,"cache_hits":0,"page":6,"selected":0,"count":13,"preview_generation":0,"file_worker_stack_free":14760,"file_start_active":false,"preview_active":false,"preview_done":false,"preview_available":false,"screen_dimmed":false,"selection":"ag32_baseline32_0910.gba","status":"ROM_OUTPUT"}
2026-09-11 01:36:31 @mori {"event":"ui","process_calls":8995,"render_calls":790,"music_polls":1634,"model_bytes":15352,"directory_scans":2,"cache_hits":0,"page":6,"selected":0,"count":13,"preview_generation":0,"file_worker_stack_free":14760,"file_start_active":false,"preview_active":false,"preview_done":false,"preview_available":false,"screen_dimmed":false,"selection":"ag32_baseline32_0910.gba","status":"ROM_OUTPUT"}
2026-09-11 01:36:31 @mori {"event":"key","message":"down"}
2026-09-11 01:36:31 @mori {"event":"ui","process_calls":9004,"render_calls":799,"music_polls":1636,"model_bytes":15352,"directory_scans":2,"cache_hits":0,"page":6,"selected":1,"count":13,"preview_generation":0,"file_worker_stack_free":14760,"file_start_active":false,"preview_active":false,"preview_done":false,"preview_available":false,"screen_dimmed":false,"selection":"baseline_v112_gba.gba","status":"ROM_OUTPUT"}
2026-09-11 01:36:32 @mori {"event":"key","message":"down"}
2026-09-11 01:36:32 @mori {"event":"ui","process_calls":9014,"render_calls":809,"music_polls":1637,"model_bytes":15352,"directory_scans":2,"cache_hits":0,"page":6,"selected":2,"count":13,"preview_generation":0,"file_worker_stack_free":14760,"file_start_active":false,"preview_active":false,"preview_done":false,"preview_available":false,"screen_dimmed":false,"selection":"cart_20260515_224442.gba","status":"ROM_OUTPUT"}
2026-09-11 01:36:32 @mori {"event":"key","message":"down"}
2026-09-11 01:36:32 @mori {"event":"ui","process_calls":9024,"render_calls":819,"music_polls":1638,"model_bytes":15352,"directory_scans":2,"cache_hits":0,"page":6,"selected":3,"count":13,"preview_generation":0,"file_worker_stack_free":14760,"file_start_active":false,"preview_active":false,"preview_done":false,"preview_available":false,"screen_dimmed":false,"selection":"cart_20260515_230853.gba","status":"ROM_OUTPUT"}
2026-09-11 01:36:32 @mori {"event":"key","message":"down"}
2026-09-11 01:36:32 @mori {"event":"ui","process_calls":9034,"render_calls":829,"music_polls":1640,"model_bytes":15352,"directory_scans":2,"cache_hits":0,"page":6,"selected":4,"count":13,"preview_generation":0,"file_worker_stack_free":14760,"file_start_active":false,"preview_active":false,"preview_done":false,"preview_available":false,"screen_dimmed":false,"selection":"cart_20260515_235150.gba","status":"ROM_OUTPUT"}
2026-09-11 01:36:32 @mori {"event":"key","message":"down"}
2026-09-11 01:36:32 @mori {"event":"ui","process_calls":9044,"render_calls":839,"music_polls":1641,"model_bytes":15352,"directory_scans":2,"cache_hits":0,"page":6,"selected":5,"count":13,"preview_generation":0,"file_worker_stack_free":14760,"file_start_active":false,"preview_active":false,"preview_done":false,"preview_available":false,"screen_dimmed":false,"selection":"cart_20260604_015634.gba","status":"ROM_OUTPUT"}
2026-09-11 01:36:32 @mori {"event":"key","message":"down"}
2026-09-11 01:36:32 @mori {"event":"ui","process_calls":9055,"render_calls":850,"music_polls":1643,"model_bytes":15352,"directory_scans":2,"cache_hits":0,"page":6,"selected":6,"count":13,"preview_generation":0,"file_worker_stack_free":14760,"file_start_active":false,"preview_active":false,"preview_done":false,"preview_available":false,"screen_dimmed":false,"selection":"cart_20260910_230644.gba","status":"ROM_OUTPUT"}
2026-09-11 01:36:32 @mori {"event":"key","message":"down"}
2026-09-11 01:36:32 @mori {"event":"ui","process_calls":9065,"render_calls":860,"music_polls":1644,"model_bytes":15352,"directory_scans":2,"cache_hits":0,"page":6,"selected":7,"count":13,"preview_generation":0,"file_worker_stack_free":14760,"file_start_active":false,"preview_active":false,"preview_done":false,"preview_available":false,"screen_dimmed":false,"selection":"cart_32M_dump_20260407_004017.gba","status":"ROM_OUTPUT"}
2026-09-11 01:36:33 @mori {"event":"key","message":"down"}
2026-09-11 01:36:33 @mori {"event":"ui","process_calls":9074,"render_calls":869,"music_polls":1646,"model_bytes":15352,"directory_scans":2,"cache_hits":0,"page":6,"selected":8,"count":13,"preview_generation":0,"file_worker_stack_free":14760,"file_start_active":false,"preview_active":false,"preview_done":false,"preview_available":false,"screen_dimmed":false,"selection":"cart_32M_dump_20260407_004236.gba","status":"ROM_OUTPUT"}
2026-09-11 01:36:33 @mori {"event":"key","message":"down"}
2026-09-11 01:36:33 @mori {"event":"ui","process_calls":9084,"render_calls":879,"music_polls":1647,"model_bytes":15352,"directory_scans":2,"cache_hits":0,"page":6,"selected":9,"count":13,"preview_generation":0,"file_worker_stack_free":14760,"file_start_active":false,"preview_active":false,"preview_done":false,"preview_available":false,"screen_dimmed":false,"selection":"cpld_before_20260910.gba","status":"ROM_OUTPUT"}
2026-09-11 01:36:33 @mori {"event":"key","message":"down"}
2026-09-11 01:36:33 @mori {"event":"ui","process_calls":9095,"render_calls":890,"music_polls":1649,"model_bytes":15352,"directory_scans":2,"cache_hits":0,"page":6,"selected":10,"count":13,"preview_generation":0,"file_worker_stack_free":14760,"file_start_active":false,"preview_active":false,"preview_done":false,"preview_available":false,"screen_dimmed":false,"selection":"optimized_v112_gba.gba","status":"ROM_OUTPUT"}
2026-09-11 01:36:33 @mori {"event":"key","message":"down"}
2026-09-11 01:36:33 @mori {"event":"ui","process_calls":9105,"render_calls":900,"music_polls":1651,"model_bytes":15352,"directory_scans":2,"cache_hits":0,"page":6,"selected":11,"count":13,"preview_generation":0,"file_worker_stack_free":14760,"file_start_active":false,"preview_active":false,"preview_done":false,"preview_available":false,"screen_dimmed":false,"selection":"ui_worker_before_20260910.gba","status":"ROM_OUTPUT"}
2026-09-11 01:36:33 @mori {"event":"key","message":"down"}
2026-09-11 01:36:33 @mori {"event":"ui","process_calls":9111,"render_calls":906,"music_polls":1652,"model_bytes":15352,"directory_scans":2,"cache_hits":0,"page":6,"selected":12,"count":13,"preview_generation":0,"file_worker_stack_free":14760,"file_start_active":false,"preview_active":false,"preview_done":false,"preview_available":false,"screen_dimmed":false,"selection":"v114_current_gba.gba","status":"ROM_OUTPUT"}
2026-09-11 01:36:33 @mori {"event":"key","message":"a"}
2026-09-11 01:36:33 @mori {"event":"ui","process_calls":9115,"render_calls":910,"music_polls":1652,"model_bytes":15352,"directory_scans":2,"cache_hits":0,"page":15,"selected":2,"count":9,"preview_generation":1,"file_worker_stack_free":13624,"file_start_active":false,"preview_active":true,"preview_done":false,"preview_available":false,"screen_dimmed":false,"selection":"ROM: 写入","status":"已选择ROM"}
2026-09-11 01:36:34 @mori {"event":"key","message":"a"}
2026-09-11 01:36:34 @mori {"event":"ui","process_calls":9119,"render_calls":914,"music_polls":1653,"model_bytes":15352,"directory_scans":2,"cache_hits":0,"page":15,"selected":0,"count":5,"preview_generation":1,"file_worker_stack_free":13624,"file_start_active":false,"preview_active":true,"preview_done":false,"preview_available":false,"screen_dimmed":false,"selection":"直接烧录","status":"选择补丁和烧录操作"}
2026-09-11 01:36:34 I (190915) ui: ROM preview generation=1 result=ESP_ERR_INVALID_STATE available=0 stack_free=13624
2026-09-11 01:36:34 I (190918) power_manager: CPU perf lock acquired by ui_file_start
2026-09-11 01:36:34 I (190921) ui: LCD start file action: action=PSRAM烧录 path=ROM_OUTPUT/v114_current_gba.gba mode=gba write_path=psram
2026-09-11 01:36:34 I (190932) burner_web: PSRAM auto window: free=7523456 largest=7471104 reserve=262144 -> 6MB
2026-09-11 01:36:34 @mori {"event":"key","message":"a"}
2026-09-11 01:36:34 @mori {"event":"ui","process_calls":9121,"render_calls":916,"music_polls":1654,"model_bytes":15352,"directory_scans":2,"cache_hits":0,"page":18,"selected":0,"count":12,"preview_generation":2,"file_worker_stack_free":10168,"file_start_active":true,"preview_active":false,"preview_done":false,"preview_available":false,"screen_dimmed":false,"selection":"","status":"任务状态"}
2026-09-11 01:36:34 @mori {"event":"ui","process_calls":9122,"render_calls":917,"music_polls":1655,"model_bytes":15352,"directory_scans":2,"cache_hits":0,"page":18,"selected":0,"count":12,"preview_generation":2,"file_worker_stack_free":10168,"file_start_active":true,"preview_active":false,"preview_done":false,"preview_available":false,"screen_dimmed":false,"selection":"","status":"任务状态"}
2026-09-11 01:36:34 I (191146) burner_web: GBA D0/D1 swap detection starting...
2026-09-11 01:36:34 I (191147) burner_web: D0/D1 swap detection: entering CFI mode (word addr 0x055)
2026-09-11 01:36:34 I (191149) burner_web: D0/D1 swap detection: CFI 'QRY' detected (normal, low-byte lane) [010]=0051 [011]=0052 [012]=0059
2026-09-11 01:36:34 I (191160) burner_web: GBA D0/D1 swap detection: NORMAL (no swap), lane=low
2026-09-11 01:36:34 I (191166) burner_web: GBA ReadID trace begin t=189953254us
2026-09-11 01:36:34 I (191171) burner_web: GBA ReadID trace write addr=0x555 data=0x00AA dt=5231us (0.005231s)
2026-09-11 01:36:34 I (191180) burner_web: GBA ReadID trace write addr=0x2AA data=0x0055 dt=8467us (0.008467s)
2026-09-11 01:36:34 I (191188) burner_web: GBA ReadID trace write addr=0x555 data=0x0090 dt=8001us (0.008001s)
2026-09-11 01:36:34 I (191196) burner_web: GBA ReadID trace read addr=0x000 data=0x0001 dt=8056us (0.008056s)
2026-09-11 01:36:34 I (191204) burner_web: GBA ReadID trace read addr=0x001 data=0x227E dt=7861us (0.007861s)
2026-09-11 01:36:34 I (191211) burner_web: GBA ReadID trace read addr=0x00E data=0x2228 dt=7809us (0.007809s)
2026-09-11 01:36:34 I (191219) burner_web: GBA ReadID trace read addr=0x00F data=0x2201 dt=7913us (0.007913s)
2026-09-11 01:36:34 I (191227) burner_web: GBA ReadID trace write addr=0x000 data=0x00F0 dt=7925us (0.007925s)
2026-09-11 01:36:34 I (191235) burner_web: GBA ReadID trace end status=ESP_OK total=69029us (0.069029s)
2026-09-11 01:36:34 I (191243) burner_web: GBA word-address probe @40000000Hz try=1 id=01 00 7E 22 28 22 01 22 (candidate-id)
2026-09-11 01:36:34 I (191252) burner_web: GBA Intel ReadID trace begin t=190039033us
2026-09-11 01:36:34 I (191257) burner_web: GBA Intel ReadID trace write addr=0x000 data=0x0050 dt=5591us (0.005591s)
2026-09-11 01:36:34 I (191266) burner_web: GBA Intel ReadID trace write addr=0x000 data=0x00FF dt=8926us (0.008926s)
2026-09-11 01:36:34 I (191275) burner_web: GBA Intel ReadID trace write addr=0x000 data=0x0090 dt=8555us (0.008555s)
2026-09-11 01:36:34 I (191283) burner_web: GBA Intel ReadID trace read addr=0x000 data=0x002E dt=8320us (0.008320s)
2026-09-11 01:36:34 I (191292) burner_web: GBA Intel ReadID trace read addr=0x001 data=0xEA00 dt=8520us (0.008520s)
2026-09-11 01:36:34 I (191300) burner_web: GBA Intel ReadID trace read addr=0x00E data=0x52A3 dt=8317us (0.008317s)
2026-09-11 01:36:34 I (191309) burner_web: GBA Intel ReadID trace read addr=0x00F data=0x19BE dt=8472us (0.008472s)
2026-09-11 01:36:34 I (191317) burner_web: GBA Intel ReadID trace write addr=0x000 data=0x0050 dt=8408us (0.008408s)
2026-09-11 01:36:34 I (191325) burner_web: GBA Intel ReadID trace write addr=0x000 data=0x00FF dt=8363us (0.008363s)
2026-09-11 01:36:34 I (191334) burner_web: GBA Intel ReadID trace end status=ESP_OK total=81844us (0.081844s)
2026-09-11 01:36:34 I (191342) burner_web: GBA intel-id probe @40000000Hz try=1 id=2E 00 00 EA A3 52 BE 19 (candidate-id)
2026-09-11 01:36:34 I (191362) burner_web: GBA raw ID method scan summary @40000000Hz try=1: candidates=0 best=AMD standard
2026-09-11 01:36:34 I (191365) burner_web: GBA profile match @40000000Hz try=1: chip=S29GL01GP/GS profile=AGB:AMD:555/2AA:AA/55 cmdset=amd method=AMD standard
2026-09-11 01:36:34 I (191374) burner_web: GBA auto probe @40000000Hz try=1 id=01 00 7E 22 28 22 01 22 (candidate-id)
2026-09-11 01:36:34 I (191382) burner_web: GBA CFI ok in word-address mode @40000000Hz try=1: chip=S29GL01GP/GS profile=AGB:AMD:555/2AA:AA/55 flash=134217728 sector=131072 geom=uniform largest=131072 regions=1 buf=512 cmdset=amd lane=low primary=0x0002
2026-09-11 01:36:34 I (191407) ui: LCD file action task stack free min=10168 bytes
2026-09-11 01:36:34 @mori {"event":"ui","process_calls":9136,"render_calls":931,"music_polls":1658,"model_bytes":15352,"directory_scans":2,"cache_hits":0,"page":18,"selected":0,"count":12,"preview_generation":2,"file_worker_stack_free":10168,"file_start_active":false,"preview_active":false,"preview_done":false,"preview_available":false,"screen_dimmed":false,"selection":"","status":"PSRAM烧录已启动"}
2026-09-11 01:36:34 I (191613) burner_web: GBA D0/D1 swap detection starting...
2026-09-11 01:36:34 I (191614) burner_web: D0/D1 swap detection: entering CFI mode (word addr 0x055)
2026-09-11 01:36:34 I (191616) burner_web: D0/D1 swap detection: CFI 'QRY' detected (normal, low-byte lane) [010]=0051 [011]=0052 [012]=0059
2026-09-11 01:36:34 I (191627) burner_web: GBA D0/D1 swap detection: NORMAL (no swap), lane=low
2026-09-11 01:36:34 I (191633) burner_web: GBA ReadID trace begin t=190420346us
2026-09-11 01:36:34 I (191638) burner_web: GBA ReadID trace write addr=0x555 data=0x00AA dt=5283us (0.005283s)
2026-09-11 01:36:34 I (191647) burner_web: GBA ReadID trace write addr=0x2AA data=0x0055 dt=8319us (0.008319s)
2026-09-11 01:36:34 I (191655) burner_web: GBA ReadID trace write addr=0x555 data=0x0090 dt=8064us (0.008064s)
2026-09-11 01:36:34 I (191663) burner_web: GBA ReadID trace read addr=0x000 data=0x0001 dt=7832us (0.007832s)
2026-09-11 01:36:34 I (191671) burner_web: GBA ReadID trace read addr=0x001 data=0x227E dt=7982us (0.007982s)
2026-09-11 01:36:34 I (191679) burner_web: GBA ReadID trace read addr=0x00E data=0x2228 dt=7921us (0.007921s)
2026-09-11 01:36:34 I (191686) burner_web: GBA ReadID trace read addr=0x00F data=0x2201 dt=7860us (0.007860s)
2026-09-11 01:36:34 I (191694) burner_web: GBA ReadID trace write addr=0x000 data=0x00F0 dt=7843us (0.007843s)
2026-09-11 01:36:34 I (191702) burner_web: GBA ReadID trace end status=ESP_OK total=68985us (0.068985s)
2026-09-11 01:36:34 I (191710) burner_web: GBA word-address probe @40000000Hz try=1 id=01 00 7E 22 28 22 01 22 (candidate-id)
2026-09-11 01:36:34 I (191719) burner_web: GBA Intel ReadID trace begin t=190506289us
2026-09-11 01:36:34 I (191725) burner_web: GBA Intel ReadID trace write addr=0x000 data=0x0050 dt=5535us (0.005535s)
2026-09-11 01:36:34 I (191733) burner_web: GBA Intel ReadID trace write addr=0x000 data=0x00FF dt=8811us (0.008811s)
2026-09-11 01:36:35 I (191742) burner_web: GBA Intel ReadID trace write addr=0x000 data=0x0090 dt=8598us (0.008598s)
2026-09-11 01:36:35 @mori {"event":"ui","process_calls":9142,"render_calls":937,"music_polls":1661,"model_bytes":15352,"directory_scans":2,"cache_hits":0,"page":18,"selected":0,"count":12,"preview_generation":2,"file_worker_stack_free":10168,"file_start_active":false,"preview_active":false,"preview_done":false,"preview_available":false,"screen_dimmed":false,"selection":"","status":"PSRAM烧录已启动"}
2026-09-11 01:36:35 I (191750) burner_web: GBA Intel ReadID trace read addr=0x000 data=0x002E dt=8298us (0.008298s)
2026-09-11 01:36:35 I (191793) burner_web: GBA Intel ReadID trace read addr=0x001 data=0xEA00 dt=42553us (0.042553s)
2026-09-11 01:36:35 I (191801) burner_web: GBA Intel ReadID trace read addr=0x00E data=0x52A3 dt=8316us (0.008316s)
2026-09-11 01:36:35 I (191810) burner_web: GBA Intel ReadID trace read addr=0x00F data=0x19BE dt=8584us (0.008584s)
2026-09-11 01:36:35 I (191818) burner_web: GBA Intel ReadID trace write addr=0x000 data=0x0050 dt=8432us (0.008432s)
2026-09-11 01:36:35 I (191826) burner_web: GBA Intel ReadID trace write addr=0x000 data=0x00FF dt=8261us (0.008261s)
2026-09-11 01:36:35 I (191835) burner_web: GBA Intel ReadID trace end status=ESP_OK total=115870us (0.115870s)
2026-09-11 01:36:35 I (191843) burner_web: GBA intel-id probe @40000000Hz try=1 id=2E 00 00 EA A3 52 BE 19 (candidate-id)
2026-09-11 01:36:35 I (191863) burner_web: GBA raw ID method scan summary @40000000Hz try=1: candidates=0 best=AMD standard
2026-09-11 01:36:35 I (191866) burner_web: GBA profile match @40000000Hz try=1: chip=S29GL01GP/GS profile=AGB:AMD:555/2AA:AA/55 cmdset=amd method=AMD standard
2026-09-11 01:36:35 I (191875) burner_web: GBA auto probe @40000000Hz try=1 id=01 00 7E 22 28 22 01 22 (candidate-id)
2026-09-11 01:36:35 I (191883) burner_web: GBA CFI ok in word-address mode @40000000Hz try=1: chip=S29GL01GP/GS profile=AGB:AMD:555/2AA:AA/55 flash=134217728 sector=131072 geom=uniform largest=131072 regions=1 buf=512 cmdset=amd lane=low primary=0x0002
2026-09-11 01:36:35 I (191904) burner_web: GBA AMD Bacon compatibility: keep flash size 134217728, use 32MB banked writes
2026-09-11 01:36:35 I (191913) burner_web: GBA AMD runtime commands: standard AMD source=AMD standard
2026-09-11 01:36:35 I (191920) burner_web: GBA prepared: chip=S29GL01GP/GS profile=AGB:AMD:555/2AA:AA/55 flash=134217728 sector=131072 geom=uniform largest=131072 regions=1 buf=512 prog_buf=512 cfi=ok nor=amd cmd=word-address low-lane id=01 00 7E 22 28 22 01 22
2026-09-11 01:36:35 I (191941) burner_web: GBA mapping: Bacon AMD 32MB-bank bank=32MB force_multi=0 range=0x00000000-0x01FFFFFF
2026-09-11 01:36:35 I (191952) burner_web: GBA paired polling: 4 read-only address checks passed
2026-09-11 01:36:35 @mori {"event":"ui","process_calls":9153,"render_calls":948,"music_polls":1663,"model_bytes":15352,"directory_scans":2,"cache_hits":0,"page":18,"selected":0,"count":12,"preview_generation":2,"file_worker_stack_free":10168,"file_start_active":false,"preview_active":false,"preview_done":false,"preview_available":false,"screen_dimmed":false,"selection":"","status":"burner burning: comparing target sector"}
2026-09-11 01:36:35 @mori {"event":"ui","process_calls":9156,"render_calls":951,"music_polls":1666,"model_bytes":15352,"directory_scans":2,"cache_hits":0,"page":18,"selected":0,"count":12,"preview_generation":2,"file_worker_stack_free":10168,"file_start_active":false,"preview_active":false,"preview_done":false,"preview_available":false,"screen_dimmed":false,"selection":"","status":"burner burning: comparing target sector"}
2026-09-11 01:36:36 @mori {"event":"ui","process_calls":9159,"render_calls":954,"music_polls":1669,"model_bytes":15352,"directory_scans":2,"cache_hits":0,"page":18,"selected":0,"count":12,"preview_generation":2,"file_worker_stack_free":10168,"file_start_active":false,"preview_active":false,"preview_done":false,"preview_available":false,"screen_dimmed":false,"selection":"","status":"burner burning: comparing target sector"}
2026-09-11 01:36:36 @mori {"event":"ui","process_calls":9163,"render_calls":958,"music_polls":1673,"model_bytes":15352,"directory_scans":2,"cache_hits":0,"page":18,"selected":0,"count":12,"preview_generation":2,"file_worker_stack_free":10168,"file_start_active":false,"preview_active":false,"preview_done":false,"preview_available":false,"screen_dimmed":false,"selection":"","status":"burner burning: comparing target sector"}
2026-09-11 01:36:36 @mori {"event":"ui","process_calls":9166,"render_calls":961,"music_polls":1676,"model_bytes":15352,"directory_scans":2,"cache_hits":0,"page":18,"selected":0,"count":12,"preview_generation":2,"file_worker_stack_free":10168,"file_start_active":false,"preview_active":false,"preview_done":false,"preview_available":false,"screen_dimmed":false,"selection":"","status":"burner burning: comparing target sector"}
2026-09-11 01:36:37 @mori {"event":"ui","process_calls":9168,"render_calls":963,"music_polls":1678,"model_bytes":15352,"directory_scans":2,"cache_hits":0,"page":18,"selected":0,"count":12,"preview_generation":2,"file_worker_stack_free":10168,"file_start_active":false,"preview_active":false,"preview_done":false,"preview_available":false,"screen_dimmed":false,"selection":"","status":"burner burning: comparing target sector"}
2026-09-11 01:36:37 @mori {"event":"ui","process_calls":9171,"render_calls":966,"music_polls":1681,"model_bytes":15352,"directory_scans":2,"cache_hits":0,"page":18,"selected":0,"count":12,"preview_generation":2,"file_worker_stack_free":10168,"file_start_active":false,"preview_active":false,"preview_done":false,"preview_available":false,"screen_dimmed":false,"selection":"","status":"burner burning: comparing target sector"}
2026-09-11 01:36:37 @mori {"event":"ui","process_calls":9174,"render_calls":969,"music_polls":1684,"model_bytes":15352,"directory_scans":2,"cache_hits":0,"page":18,"selected":0,"count":12,"preview_generation":2,"file_worker_stack_free":10168,"file_start_active":false,"preview_active":false,"preview_done":false,"preview_available":false,"screen_dimmed":false,"selection":"","status":"burner burning: comparing target sector"}
2026-09-11 01:36:38 @mori {"event":"ui","process_calls":9176,"render_calls":971,"music_polls":1686,"model_bytes":15352,"directory_scans":2,"cache_hits":0,"page":18,"selected":0,"count":12,"preview_generation":2,"file_worker_stack_free":10168,"file_start_active":false,"preview_active":false,"preview_done":false,"preview_available":false,"screen_dimmed":false,"selection":"","status":"burner burning: sector write complete"}
2026-09-11 01:36:38 @mori {"event":"ui","process_calls":9180,"render_calls":975,"music_polls":1690,"model_bytes":15352,"directory_scans":2,"cache_hits":0,"page":18,"selected":0,"count":12,"preview_generation":2,"file_worker_stack_free":10168,"file_start_active":false,"preview_active":false,"preview_done":false,"preview_available":false,"screen_dimmed":false,"selection":"","status":"burner burning: comparing target sector"}
2026-09-11 01:36:38 @mori {"event":"ui","process_calls":9183,"render_calls":978,"music_polls":1693,"model_bytes":15352,"directory_scans":2,"cache_hits":0,"page":18,"selected":0,"count":12,"preview_generation":2,"file_worker_stack_free":10168,"file_start_active":false,"preview_active":false,"preview_done":false,"preview_available":false,"screen_dimmed":false,"selection":"","status":"burner burning: comparing target sector"}
2026-09-11 01:36:39 @mori {"event":"ui","process_calls":9186,"render_calls":981,"music_polls":1696,"model_bytes":15352,"directory_scans":2,"cache_hits":0,"page":18,"selected":0,"count":12,"preview_generation":2,"file_worker_stack_free":10168,"file_start_active":false,"preview_active":false,"preview_done":false,"preview_available":false,"screen_dimmed":false,"selection":"","status":"burner burning: comparing target sector"}
2026-09-11 01:36:39 @mori {"event":"ui","process_calls":9189,"render_calls":984,"music_polls":1699,"model_bytes":15352,"directory_scans":2,"cache_hits":0,"page":18,"selected":0,"count":12,"preview_generation":2,"file_worker_stack_free":10168,"file_start_active":false,"preview_active":false,"preview_done":false,"preview_available":false,"screen_dimmed":false,"selection":"","status":"burner burning: comparing target sector"}
2026-09-11 01:36:39 @mori {"event":"ui","process_calls":9193,"render_calls":988,"music_polls":1703,"model_bytes":15352,"directory_scans":2,"cache_hits":0,"page":18,"selected":0,"count":12,"preview_generation":2,"file_worker_stack_free":10168,"file_start_active":false,"preview_active":false,"preview_done":false,"preview_available":false,"screen_dimmed":false,"selection":"","status":"burner burning: comparing target sector"}
2026-09-11 01:36:40 @mori {"event":"ui","process_calls":9196,"render_calls":991,"music_polls":1706,"model_bytes":15352,"directory_scans":2,"cache_hits":0,"page":18,"selected":0,"count":12,"preview_generation":2,"file_worker_stack_free":10168,"file_start_active":false,"preview_active":false,"preview_done":false,"preview_available":false,"screen_dimmed":false,"selection":"","status":"burner burning: comparing target sector"}
2026-09-11 01:36:40 @mori {"event":"ui","process_calls":9198,"render_calls":993,"music_polls":1708,"model_bytes":15352,"directory_scans":2,"cache_hits":0,"page":18,"selected":0,"count":12,"preview_generation":2,"file_worker_stack_free":10168,"file_start_active":false,"preview_active":false,"preview_done":false,"preview_available":false,"screen_dimmed":false,"selection":"","status":"burner burning: comparing target sector"}
2026-09-11 01:36:40 @mori {"event":"ui","process_calls":9201,"render_calls":996,"music_polls":1711,"model_bytes":15352,"directory_scans":2,"cache_hits":0,"page":18,"selected":0,"count":12,"preview_generation":2,"file_worker_stack_free":10168,"file_start_active":false,"preview_active":false,"preview_done":false,"preview_available":false,"screen_dimmed":false,"selection":"","status":"burner burning: comparing target sector"}
2026-09-11 01:36:41 @mori {"event":"ui","process_calls":9204,"render_calls":999,"music_polls":1714,"model_bytes":15352,"directory_scans":2,"cache_hits":0,"page":18,"selected":0,"count":12,"preview_generation":2,"file_worker_stack_free":10168,"file_start_active":false,"preview_active":false,"preview_done":false,"preview_available":false,"screen_dimmed":false,"selection":"","status":"burner burning: comparing target sector"}
2026-09-11 01:36:41 @mori {"event":"ui","process_calls":9206,"render_calls":1001,"music_polls":1716,"model_bytes":15352,"directory_scans":2,"cache_hits":0,"page":18,"selected":0,"count":12,"preview_generation":2,"file_worker_stack_free":10168,"file_start_active":false,"preview_active":false,"preview_done":false,"preview_available":false,"screen_dimmed":false,"selection":"","status":"burner burning: sector write complete"}
2026-09-11 01:36:41 @mori {"event":"ui","process_calls":9209,"render_calls":1004,"music_polls":1719,"model_bytes":15352,"directory_scans":2,"cache_hits":0,"page":18,"selected":0,"count":12,"preview_generation":2,"file_worker_stack_free":10168,"file_start_active":false,"preview_active":false,"preview_done":false,"preview_available":false,"screen_dimmed":false,"selection":"","status":"burner burning: comparing target sector"}
2026-09-11 01:36:41 @mori {"event":"ui","process_calls":9212,"render_calls":1007,"music_polls":1722,"model_bytes":15352,"directory_scans":2,"cache_hits":0,"page":18,"selected":0,"count":12,"preview_generation":2,"file_worker_stack_free":10168,"file_start_active":false,"preview_active":false,"preview_done":false,"preview_available":false,"screen_dimmed":false,"selection":"","status":"burner burning: comparing target sector"}
2026-09-11 01:36:42 @mori {"event":"ui","process_calls":9215,"render_calls":1010,"music_polls":1725,"model_bytes":15352,"directory_scans":2,"cache_hits":0,"page":18,"selected":0,"count":12,"preview_generation":2,"file_worker_stack_free":10168,"file_start_active":false,"preview_active":false,"preview_done":false,"preview_available":false,"screen_dimmed":false,"selection":"","status":"burner burning: comparing target sector"}
2026-09-11 01:36:42 @mori {"event":"ui","process_calls":9218,"render_calls":1013,"music_polls":1728,"model_bytes":15352,"directory_scans":2,"cache_hits":0,"page":18,"selected":0,"count":12,"preview_generation":2,"file_worker_stack_free":10168,"file_start_active":false,"preview_active":false,"preview_done":false,"preview_available":false,"screen_dimmed":false,"selection":"","status":"burner burning: comparing target sector"}
2026-09-11 01:36:43 @mori {"event":"ui","process_calls":9222,"render_calls":1017,"music_polls":1732,"model_bytes":15352,"directory_scans":2,"cache_hits":0,"page":18,"selected":0,"count":12,"preview_generation":2,"file_worker_stack_free":10168,"file_start_active":false,"preview_active":false,"preview_done":false,"preview_available":false,"screen_dimmed":false,"selection":"","status":"burner burning: comparing target sector"}
2026-09-11 01:36:43 @mori {"event":"ui","process_calls":9225,"render_calls":1020,"music_polls":1735,"model_bytes":15352,"directory_scans":2,"cache_hits":0,"page":18,"selected":0,"count":12,"preview_generation":2,"file_worker_stack_free":10168,"file_start_active":false,"preview_active":false,"preview_done":false,"preview_available":false,"screen_dimmed":false,"selection":"","status":"burner burning: comparing target sector"}
2026-09-11 01:36:43 @mori {"event":"ui","process_calls":9227,"render_calls":1022,"music_polls":1737,"model_bytes":15352,"directory_scans":2,"cache_hits":0,"page":18,"selected":0,"count":12,"preview_generation":2,"file_worker_stack_free":10168,"file_start_active":false,"preview_active":false,"preview_done":false,"preview_available":false,"screen_dimmed":false,"selection":"","status":"burner burning: comparing target sector"}
2026-09-11 01:36:44 @mori {"event":"ui","process_calls":9230,"render_calls":1025,"music_polls":1740,"model_bytes":15352,"directory_scans":2,"cache_hits":0,"page":18,"selected":0,"count":12,"preview_generation":2,"file_worker_stack_free":10168,"file_start_active":false,"preview_active":false,"preview_done":false,"preview_available":false,"screen_dimmed":false,"selection":"","status":"burner burning: comparing target sector"}
2026-09-11 01:36:44 @mori {"event":"ui","process_calls":9233,"render_calls":1028,"music_polls":1743,"model_bytes":15352,"directory_scans":2,"cache_hits":0,"page":18,"selected":0,"count":12,"preview_generation":2,"file_worker_stack_free":10168,"file_start_active":false,"preview_active":false,"preview_done":false,"preview_available":false,"screen_dimmed":false,"selection":"","status":"burner burning: comparing target sector"}
2026-09-11 01:36:44 @mori {"event":"ui","process_calls":9235,"render_calls":1030,"music_polls":1745,"model_bytes":15352,"directory_scans":2,"cache_hits":0,"page":18,"selected":0,"count":12,"preview_generation":2,"file_worker_stack_free":10168,"file_start_active":false,"preview_active":false,"preview_done":false,"preview_available":false,"screen_dimmed":false,"selection":"","status":"burner burning: sector write complete"}
2026-09-11 01:36:45 @mori {"event":"ui","process_calls":9239,"render_calls":1034,"music_polls":1749,"model_bytes":15352,"directory_scans":2,"cache_hits":0,"page":18,"selected":0,"count":12,"preview_generation":2,"file_worker_stack_free":10168,"file_start_active":false,"preview_active":false,"preview_done":false,"preview_available":false,"screen_dimmed":false,"selection":"","status":"burner burning: comparing target sector"}
2026-09-11 01:36:45 @mori {"event":"ui","process_calls":9242,"render_calls":1037,"music_polls":1752,"model_bytes":15352,"directory_scans":2,"cache_hits":0,"page":18,"selected":0,"count":12,"preview_generation":2,"file_worker_stack_free":10168,"file_start_active":false,"preview_active":false,"preview_done":false,"preview_available":false,"screen_dimmed":false,"selection":"","status":"burner burning: comparing target sector"}
2026-09-11 01:36:45 @mori {"event":"ui","process_calls":9245,"render_calls":1040,"music_polls":1755,"model_bytes":15352,"directory_scans":2,"cache_hits":0,"page":18,"selected":0,"count":12,"preview_generation":2,"file_worker_stack_free":10168,"file_start_active":false,"preview_active":false,"preview_done":false,"preview_available":false,"screen_dimmed":false,"selection":"","status":"burner burning: comparing target sector"}
2026-09-11 01:36:46 @mori {"event":"ui","process_calls":9248,"render_calls":1043,"music_polls":1758,"model_bytes":15352,"directory_scans":2,"cache_hits":0,"page":18,"selected":0,"count":12,"preview_generation":2,"file_worker_stack_free":10168,"file_start_active":false,"preview_active":false,"preview_done":false,"preview_available":false,"screen_dimmed":false,"selection":"","status":"burner burning: comparing target sector"}
2026-09-11 01:36:46 @mori {"event":"ui","process_calls":9251,"render_calls":1046,"music_polls":1761,"model_bytes":15352,"directory_scans":2,"cache_hits":0,"page":18,"selected":0,"count":12,"preview_generation":2,"file_worker_stack_free":10168,"file_start_active":false,"preview_active":false,"preview_done":false,"preview_available":false,"screen_dimmed":false,"selection":"","status":"burner burning: comparing target sector"}
2026-09-11 01:36:46 @mori {"event":"ui","process_calls":9253,"render_calls":1048,"music_polls":1763,"model_bytes":15352,"directory_scans":2,"cache_hits":0,"page":18,"selected":0,"count":12,"preview_generation":2,"file_worker_stack_free":10168,"file_start_active":false,"preview_active":false,"preview_done":false,"preview_available":false,"screen_dimmed":false,"selection":"","status":"burner burning: comparing target sector"}
2026-09-11 01:36:46 @mori {"event":"ui","process_calls":9256,"render_calls":1051,"music_polls":1766,"model_bytes":15352,"directory_scans":2,"cache_hits":0,"page":18,"selected":0,"count":12,"preview_generation":2,"file_worker_stack_free":10168,"file_start_active":false,"preview_active":false,"preview_done":false,"preview_available":false,"screen_dimmed":false,"selection":"","status":"burner burning: comparing target sector"}
2026-09-11 01:36:47 @mori {"event":"ui","process_calls":9259,"render_calls":1054,"music_polls":1769,"model_bytes":15352,"directory_scans":2,"cache_hits":0,"page":18,"selected":0,"count":12,"preview_generation":2,"file_worker_stack_free":10168,"file_start_active":false,"preview_active":false,"preview_done":false,"preview_available":false,"screen_dimmed":false,"selection":"","status":"burner burning: comparing target sector"}
2026-09-11 01:36:47 @mori {"event":"ui","process_calls":9262,"render_calls":1057,"music_polls":1772,"model_bytes":15352,"directory_scans":2,"cache_hits":0,"page":18,"selected":0,"count":12,"preview_generation":2,"file_worker_stack_free":10168,"file_start_active":false,"preview_active":false,"preview_done":false,"preview_available":false,"screen_dimmed":false,"selection":"","status":"burner burning: comparing target sector"}
2026-09-11 01:36:48 @mori {"event":"ui","process_calls":9265,"render_calls":1060,"music_polls":1775,"model_bytes":15352,"directory_scans":2,"cache_hits":0,"page":18,"selected":0,"count":12,"preview_generation":2,"file_worker_stack_free":10168,"file_start_active":false,"preview_active":false,"preview_done":false,"preview_available":false,"screen_dimmed":false,"selection":"","status":"burner burning: sector write complete"}
2026-09-11 01:36:48 @mori {"event":"ui","process_calls":9268,"render_calls":1063,"music_polls":1778,"model_bytes":15352,"directory_scans":2,"cache_hits":0,"page":18,"selected":0,"count":12,"preview_generation":2,"file_worker_stack_free":10168,"file_start_active":false,"preview_active":false,"preview_done":false,"preview_available":false,"screen_dimmed":false,"selection":"","status":"burner burning: comparing target sector"}
2026-09-11 01:36:48 @mori {"event":"ui","process_calls":9270,"render_calls":1065,"music_polls":1780,"model_bytes":15352,"directory_scans":2,"cache_hits":0,"page":18,"selected":0,"count":12,"preview_generation":2,"file_worker_stack_free":10168,"file_start_active":false,"preview_active":false,"preview_done":false,"preview_available":false,"screen_dimmed":false,"selection":"","status":"burner burning: comparing target sector"}
2026-09-11 01:36:48 @mori {"event":"ui","process_calls":9273,"render_calls":1068,"music_polls":1783,"model_bytes":15352,"directory_scans":2,"cache_hits":0,"page":18,"selected":0,"count":12,"preview_generation":2,"file_worker_stack_free":10168,"file_start_active":false,"preview_active":false,"preview_done":false,"preview_available":false,"screen_dimmed":false,"selection":"","status":"burner burning: comparing target sector"}
2026-09-11 01:36:49 @mori {"event":"ui","process_calls":9276,"render_calls":1071,"music_polls":1786,"model_bytes":15352,"directory_scans":2,"cache_hits":0,"page":18,"selected":0,"count":12,"preview_generation":2,"file_worker_stack_free":10168,"file_start_active":false,"preview_active":false,"preview_done":false,"preview_available":false,"screen_dimmed":false,"selection":"","status":"burner burning: sector write complete"}
2026-09-11 01:36:49 @mori {"event":"ui","process_calls":9279,"render_calls":1074,"music_polls":1789,"model_bytes":15352,"directory_scans":2,"cache_hits":0,"page":18,"selected":0,"count":12,"preview_generation":2,"file_worker_stack_free":10168,"file_start_active":false,"preview_active":false,"preview_done":false,"preview_available":false,"screen_dimmed":false,"selection":"","status":"burner burning: comparing target sector"}
2026-09-11 01:36:49 @mori {"event":"ui","process_calls":9282,"render_calls":1077,"music_polls":1792,"model_bytes":15352,"directory_scans":2,"cache_hits":0,"page":18,"selected":0,"count":12,"preview_generation":2,"file_worker_stack_free":10168,"file_start_active":false,"preview_active":false,"preview_done":false,"preview_available":false,"screen_dimmed":false,"selection":"","status":"burner burning: comparing target sector"}
2026-09-11 01:36:50 @mori {"event":"ui","process_calls":9285,"render_calls":1080,"music_polls":1795,"model_bytes":15352,"directory_scans":2,"cache_hits":0,"page":18,"selected":0,"count":12,"preview_generation":2,"file_worker_stack_free":10168,"file_start_active":false,"preview_active":false,"preview_done":false,"preview_available":false,"screen_dimmed":false,"selection":"","status":"burner burning: comparing target sector"}
2026-09-11 01:36:50 @mori {"event":"ui","process_calls":9288,"render_calls":1083,"music_polls":1798,"model_bytes":15352,"directory_scans":2,"cache_hits":0,"page":18,"selected":0,"count":12,"preview_generation":2,"file_worker_stack_free":10168,"file_start_active":false,"preview_active":false,"preview_done":false,"preview_available":false,"screen_dimmed":false,"selection":"","status":"burner burning: comparing target sector"}
2026-09-11 01:36:50 @mori {"event":"ui","process_calls":9290,"render_calls":1085,"music_polls":1800,"model_bytes":15352,"directory_scans":2,"cache_hits":0,"page":18,"selected":0,"count":12,"preview_generation":2,"file_worker_stack_free":10168,"file_start_active":false,"preview_active":false,"preview_done":false,"preview_available":false,"screen_dimmed":false,"selection":"","status":"burner burning: comparing target sector"}
2026-09-11 01:36:51 @mori {"event":"ui","process_calls":9294,"render_calls":1089,"music_polls":1804,"model_bytes":15352,"directory_scans":2,"cache_hits":0,"page":18,"selected":0,"count":12,"preview_generation":2,"file_worker_stack_free":10168,"file_start_active":false,"preview_active":false,"preview_done":false,"preview_available":false,"screen_dimmed":false,"selection":"","status":"burner burning: comparing target sector"}
2026-09-11 01:36:51 @mori {"event":"ui","process_calls":9297,"render_calls":1092,"music_polls":1807,"model_bytes":15352,"directory_scans":2,"cache_hits":0,"page":18,"selected":0,"count":12,"preview_generation":2,"file_worker_stack_free":10168,"file_start_active":false,"preview_active":false,"preview_done":false,"preview_available":false,"screen_dimmed":false,"selection":"","status":"burner burning: comparing target sector"}
2026-09-11 01:36:52 @mori {"event":"ui","process_calls":9300,"render_calls":1095,"music_polls":1810,"model_bytes":15352,"directory_scans":2,"cache_hits":0,"page":18,"selected":0,"count":12,"preview_generation":2,"file_worker_stack_free":10168,"file_start_active":false,"preview_active":false,"preview_done":false,"preview_available":false,"screen_dimmed":false,"selection":"","status":"burner burning: comparing target sector"}
2026-09-11 01:36:52 @mori {"event":"ui","process_calls":9303,"render_calls":1098,"music_polls":1813,"model_bytes":15352,"directory_scans":2,"cache_hits":0,"page":18,"selected":0,"count":12,"preview_generation":2,"file_worker_stack_free":10168,"file_start_active":false,"preview_active":false,"preview_done":false,"preview_available":false,"screen_dimmed":false,"selection":"","status":"burner burning: comparing target sector"}
2026-09-11 01:36:52 @mori {"event":"ui","process_calls":9305,"render_calls":1100,"music_polls":1815,"model_bytes":15352,"directory_scans":2,"cache_hits":0,"page":18,"selected":0,"count":12,"preview_generation":2,"file_worker_stack_free":10168,"file_start_active":false,"preview_active":false,"preview_done":false,"preview_available":false,"screen_dimmed":false,"selection":"","status":"burner burning: comparing target sector"}
2026-09-11 01:36:53 @mori {"event":"ui","process_calls":9309,"render_calls":1104,"music_polls":1819,"model_bytes":15352,"directory_scans":2,"cache_hits":0,"page":18,"selected":0,"count":12,"preview_generation":2,"file_worker_stack_free":10168,"file_start_active":false,"preview_active":false,"preview_done":false,"preview_available":false,"screen_dimmed":false,"selection":"","status":"burner burning: comparing target sector"}
2026-09-11 01:36:53 @mori {"event":"ui","process_calls":9313,"render_calls":1108,"music_polls":1823,"model_bytes":15352,"directory_scans":2,"cache_hits":0,"page":18,"selected":0,"count":12,"preview_generation":2,"file_worker_stack_free":10168,"file_start_active":false,"preview_active":false,"preview_done":false,"preview_available":false,"screen_dimmed":false,"selection":"","status":"burner burning: comparing target sector"}
2026-09-11 01:36:53 @mori {"event":"ui","process_calls":9316,"render_calls":1111,"music_polls":1826,"model_bytes":15352,"directory_scans":2,"cache_hits":0,"page":18,"selected":0,"count":12,"preview_generation":2,"file_worker_stack_free":10168,"file_start_active":false,"preview_active":false,"preview_done":false,"preview_available":false,"screen_dimmed":false,"selection":"","status":"burner burning: comparing target sector"}
2026-09-11 01:36:54 @mori {"event":"ui","process_calls":9319,"render_calls":1114,"music_polls":1829,"model_bytes":15352,"directory_scans":2,"cache_hits":0,"page":18,"selected":0,"count":12,"preview_generation":2,"file_worker_stack_free":10168,"file_start_active":false,"preview_active":false,"preview_done":false,"preview_available":false,"screen_dimmed":false,"selection":"","status":"burner burning: comparing target sector"}
2026-09-11 01:36:54 @mori {"event":"ui","process_calls":9322,"render_calls":1117,"music_polls":1832,"model_bytes":15352,"directory_scans":2,"cache_hits":0,"page":18,"selected":0,"count":12,"preview_generation":2,"file_worker_stack_free":10168,"file_start_active":false,"preview_active":false,"preview_done":false,"preview_available":false,"screen_dimmed":false,"selection":"","status":"burner burning: comparing target sector"}
2026-09-11 01:36:54 @mori {"event":"ui","process_calls":9324,"render_calls":1119,"music_polls":1834,"model_bytes":15352,"directory_scans":2,"cache_hits":0,"page":18,"selected":0,"count":12,"preview_generation":2,"file_worker_stack_free":10168,"file_start_active":false,"preview_active":false,"preview_done":false,"preview_available":false,"screen_dimmed":false,"selection":"","status":"burner burning: comparing target sector"}
2026-09-11 01:36:55 @mori {"event":"ui","process_calls":9328,"render_calls":1123,"music_polls":1838,"model_bytes":15352,"directory_scans":2,"cache_hits":0,"page":18,"selected":0,"count":12,"preview_generation":2,"file_worker_stack_free":10168,"file_start_active":false,"preview_active":false,"preview_done":false,"preview_available":false,"screen_dimmed":false,"selection":"","status":"burner burning: sector write complete"}
2026-09-11 01:36:55 @mori {"event":"ui","process_calls":9331,"render_calls":1126,"music_polls":1841,"model_bytes":15352,"directory_scans":2,"cache_hits":0,"page":18,"selected":0,"count":12,"preview_generation":2,"file_worker_stack_free":10168,"file_start_active":false,"preview_active":false,"preview_done":false,"preview_available":false,"screen_dimmed":false,"selection":"","status":"burner burning: comparing target sector"}
2026-09-11 01:36:55 @mori {"event":"ui","process_calls":9334,"render_calls":1129,"music_polls":1844,"model_bytes":15352,"directory_scans":2,"cache_hits":0,"page":18,"selected":0,"count":12,"preview_generation":2,"file_worker_stack_free":10168,"file_start_active":false,"preview_active":false,"preview_done":false,"preview_available":false,"screen_dimmed":false,"selection":"","status":"burner burning: comparing target sector"}
2026-09-11 01:36:56 @mori {"event":"ui","process_calls":9336,"render_calls":1131,"music_polls":1846,"model_bytes":15352,"directory_scans":2,"cache_hits":0,"page":18,"selected":0,"count":12,"preview_generation":2,"file_worker_stack_free":10168,"file_start_active":false,"preview_active":false,"preview_done":false,"preview_available":false,"screen_dimmed":false,"selection":"","status":"burner burning: comparing target sector"}
2026-09-11 01:36:56 @mori {"event":"ui","process_calls":9340,"render_calls":1135,"music_polls":1850,"model_bytes":15352,"directory_scans":2,"cache_hits":0,"page":18,"selected":0,"count":12,"preview_generation":2,"file_worker_stack_free":10168,"file_start_active":false,"preview_active":false,"preview_done":false,"preview_available":false,"screen_dimmed":false,"selection":"","status":"burner burning: comparing target sector"}
2026-09-11 01:36:56 @mori {"event":"ui","process_calls":9343,"render_calls":1138,"music_polls":1853,"model_bytes":15352,"directory_scans":2,"cache_hits":0,"page":18,"selected":0,"count":12,"preview_generation":2,"file_worker_stack_free":10168,"file_start_active":false,"preview_active":false,"preview_done":false,"preview_available":false,"screen_dimmed":false,"selection":"","status":"burner burning: comparing target sector"}
2026-09-11 01:36:57 @mori {"event":"ui","process_calls":9345,"render_calls":1140,"music_polls":1855,"model_bytes":15352,"directory_scans":2,"cache_hits":0,"page":18,"selected":0,"count":12,"preview_generation":2,"file_worker_stack_free":10168,"file_start_active":false,"preview_active":false,"preview_done":false,"preview_available":false,"screen_dimmed":false,"selection":"","status":"burner burning: comparing target sector"}
2026-09-11 01:36:57 @mori {"event":"ui","process_calls":9348,"render_calls":1143,"music_polls":1858,"model_bytes":15352,"directory_scans":2,"cache_hits":0,"page":18,"selected":0,"count":12,"preview_generation":2,"file_worker_stack_free":10168,"file_start_active":false,"preview_active":false,"preview_done":false,"preview_available":false,"screen_dimmed":false,"selection":"","status":"burner burning: comparing target sector"}
2026-09-11 01:36:57 @mori {"event":"ui","process_calls":9351,"render_calls":1146,"music_polls":1861,"model_bytes":15352,"directory_scans":2,"cache_hits":0,"page":18,"selected":0,"count":12,"preview_generation":2,"file_worker_stack_free":10168,"file_start_active":false,"preview_active":false,"preview_done":false,"preview_available":false,"screen_dimmed":false,"selection":"","status":"burner burning: comparing target sector"}
2026-09-11 01:36:58 @mori {"event":"ui","process_calls":9353,"render_calls":1148,"music_polls":1863,"model_bytes":15352,"directory_scans":2,"cache_hits":0,"page":18,"selected":0,"count":12,"preview_generation":2,"file_worker_stack_free":10168,"file_start_active":false,"preview_active":false,"preview_done":false,"preview_available":false,"screen_dimmed":false,"selection":"","status":"burner burning: comparing target sector"}
2026-09-11 01:36:58 @mori {"event":"ui","process_calls":9357,"render_calls":1152,"music_polls":1867,"model_bytes":15352,"directory_scans":2,"cache_hits":0,"page":18,"selected":0,"count":12,"preview_generation":2,"file_worker_stack_free":10168,"file_start_active":false,"preview_active":false,"preview_done":false,"preview_available":false,"screen_dimmed":false,"selection":"","status":"burner burning: sector write complete"}
2026-09-11 01:36:58 @mori {"event":"ui","process_calls":9360,"render_calls":1155,"music_polls":1870,"model_bytes":15352,"directory_scans":2,"cache_hits":0,"page":18,"selected":0,"count":12,"preview_generation":2,"file_worker_stack_free":10168,"file_start_active":false,"preview_active":false,"preview_done":false,"preview_available":false,"screen_dimmed":false,"selection":"","status":"burner burning: comparing target sector"}
2026-09-11 01:36:59 @mori {"event":"ui","process_calls":9362,"render_calls":1157,"music_polls":1872,"model_bytes":15352,"directory_scans":2,"cache_hits":0,"page":18,"selected":0,"count":12,"preview_generation":2,"file_worker_stack_free":10168,"file_start_active":false,"preview_active":false,"preview_done":false,"preview_available":false,"screen_dimmed":false,"selection":"","status":"burner burning: comparing target sector"}
2026-09-11 01:36:59 I (216031) burner_web: GBA CHIS summary: err=ESP_OK total=24080ms bytes=0/33554432 erase=0ms tf=23376ms program=0ms avg_once=0B
2026-09-11 01:36:59 I (216034) burner_web: GBA program profile: calls=0 build=0ms spi=0ms entry=0ms poll=0ms reset=0ms prefetch_wait=3990ms skipped_ff=0B
2026-09-11 01:36:59 I (216045) burner_web: burn_task result: err=ESP_OK state=done processed=33554432/33554432 msg=burn finished
2026-09-11 01:36:59 I (216055) power_manager: CPU perf lock released by burn_task
2026-09-11 01:36:59 I (216060) burner_web: burn_task stack free min=11820 bytes
2026-09-11 01:36:59 @mori {"event":"ui","process_calls":9366,"render_calls":1161,"music_polls":1875,"model_bytes":15352,"directory_scans":2,"cache_hits":0,"page":18,"selected":0,"count":12,"preview_generation":2,"file_worker_stack_free":10168,"file_start_active":false,"preview_active":false,"preview_done":false,"preview_available":false,"screen_dimmed":false,"selection":"","status":"burner done: burn finished"}
2026-09-11 01:36:59 @mori {"event":"key","message":"b"}
2026-09-11 01:36:59 @mori {"event":"ui","process_calls":9373,"render_calls":1163,"music_polls":1877,"model_bytes":15352,"directory_scans":2,"cache_hits":0,"page":15,"selected":0,"count":9,"preview_generation":2,"file_worker_stack_free":10168,"file_start_active":false,"preview_active":false,"preview_done":false,"preview_available":false,"screen_dimmed":false,"selection":"重新分析","status":"就绪"}
2026-09-11 01:36:59 @mori {"event":"key","message":"b"}
2026-09-11 01:36:59 @mori {"event":"ui","process_calls":9375,"render_calls":1165,"music_polls":1878,"model_bytes":15352,"directory_scans":2,"cache_hits":0,"page":14,"selected":0,"count":2,"preview_generation":2,"file_worker_stack_free":10168,"file_start_active":false,"preview_active":false,"preview_done":false,"preview_available":false,"screen_dimmed":false,"selection":"","status":"就绪"}
2026-09-11 01:36:59 @mori {"event":"key","message":"b"}
2026-09-11 01:37:00 @mori {"event":"ui","process_calls":9380,"render_calls":1170,"music_polls":1879,"model_bytes":15352,"directory_scans":2,"cache_hits":0,"page":0,"selected":3,"count":5,"preview_generation":2,"file_worker_stack_free":10168,"file_start_active":false,"preview_active":false,"preview_done":false,"preview_available":false,"screen_dimmed":false,"selection":"烧录器","status":"就绪"}
