2026-09-11 01:19:06 I (2936492) burner_web: PSRAM auto window: free=7523352 largest=7471104 reserve=262144 -> 6MB
2026-09-11 01:19:06 I (2936699) burner_web: GBA D0/D1 swap detection starting...
2026-09-11 01:19:06 I (2936701) burner_web: D0/D1 swap detection: entering CFI mode (word addr 0x055)
2026-09-11 01:19:06 I (2936705) burner_web: D0/D1 swap detection: CFI 'QRY' detected (normal, low-byte lane) [010]=0051 [011]=0052 [012]=0059
2026-09-11 01:19:06 I (2936716) burner_web: GBA D0/D1 swap detection: NORMAL (no swap), lane=low
2026-09-11 01:19:06 I (2936721) burner_web: GBA ReadID trace begin t=2935506867us
2026-09-11 01:19:06 I (2936725) burner_web: GBA ReadID trace write addr=0x555 data=0x00AA dt=4776us (0.004776s)
2026-09-11 01:19:06 I (2936733) burner_web: GBA ReadID trace write addr=0x2AA data=0x0055 dt=7375us (0.007375s)
2026-09-11 01:19:06 I (2936743) burner_web: GBA ReadID trace write addr=0x555 data=0x0090 dt=10170us (0.010170s)
2026-09-11 01:19:06 I (2936751) burner_web: GBA ReadID trace read addr=0x000 data=0x0001 dt=8079us (0.008079s)
2026-09-11 01:19:06 I (2936759) burner_web: GBA ReadID trace read addr=0x001 data=0x227E dt=7942us (0.007942s)
2026-09-11 01:19:06 I (2936766) burner_web: GBA ReadID trace read addr=0x00E data=0x2228 dt=7093us (0.007093s)
2026-09-11 01:19:06 I (2936774) burner_web: GBA ReadID trace read addr=0x00F data=0x2201 dt=7818us (0.007818s)
2026-09-11 01:19:06 I (2936782) burner_web: GBA ReadID trace write addr=0x000 data=0x00F0 dt=8153us (0.008153s)
2026-09-11 01:19:06 I (2936790) burner_web: GBA ReadID trace end status=ESP_OK total=69356us (0.069356s)
2026-09-11 01:19:06 I (2936798) burner_web: GBA word-address probe @40000000Hz try=1 id=01 00 7E 22 28 22 01 22 (candidate-id)
2026-09-11 01:19:06 I (2936807) burner_web: GBA Intel ReadID trace begin t=2935593317us
2026-09-11 01:19:06 I (2936813) burner_web: GBA Intel ReadID trace write addr=0x000 data=0x0050 dt=5505us (0.005505s)
2026-09-11 01:19:06 I (2936821) burner_web: GBA Intel ReadID trace write addr=0x000 data=0x00FF dt=8801us (0.008801s)
2026-09-11 01:19:06 I (2936830) burner_web: GBA Intel ReadID trace write addr=0x000 data=0x0090 dt=8111us (0.008111s)
2026-09-11 01:19:06 I (2936838) burner_web: GBA Intel ReadID trace read addr=0x000 data=0x002E dt=8775us (0.008775s)
2026-09-11 01:19:06 I (2936847) burner_web: GBA Intel ReadID trace read addr=0x001 data=0xEA00 dt=9037us (0.009037s)
2026-09-11 01:19:06 I (2936856) burner_web: GBA Intel ReadID trace read addr=0x00E data=0x52A3 dt=8814us (0.008814s)
2026-09-11 01:19:06 I (2936864) burner_web: GBA Intel ReadID trace read addr=0x00F data=0x19BE dt=8263us (0.008263s)
2026-09-11 01:19:06 I (2936873) burner_web: GBA Intel ReadID trace write addr=0x000 data=0x0050 dt=8738us (0.008738s)
2026-09-11 01:19:06 I (2936882) burner_web: GBA Intel ReadID trace write addr=0x000 data=0x00FF dt=8824us (0.008824s)
2026-09-11 01:19:06 I (2936891) burner_web: GBA Intel ReadID trace end status=ESP_OK total=83832us (0.083832s)
2026-09-11 01:19:06 I (2936898) burner_web: GBA intel-id probe @40000000Hz try=1 id=2E 00 00 EA A3 52 BE 19 (candidate-id)
2026-09-11 01:19:06 I (2936921) burner_web: GBA raw ID method scan summary @40000000Hz try=1: candidates=0 best=AMD standard
2026-09-11 01:19:06 I (2936927) burner_web: GBA profile match @40000000Hz try=1: chip=S29GL01GP/GS profile=AGB:AMD:555/2AA:AA/55 cmdset=amd method=AMD standard
2026-09-11 01:19:06 I (2936935) burner_web: GBA auto probe @40000000Hz try=1 id=01 00 7E 22 28 22 01 22 (candidate-id)
2026-09-11 01:19:06 I (2936945) burner_web: GBA CFI ok in word-address mode @40000000Hz try=1: chip=S29GL01GP/GS profile=AGB:AMD:555/2AA:AA/55 flash=134217728 sector=131072 geom=uniform largest=131072 regions=1 buf=512 cmdset=amd lane=low primary=0x0002
2026-09-11 01:19:06 I (2936964) power_manager: CPU perf lock acquired by burn_task
2026-09-11 01:19:07 I (2937176) burner_web: GBA D0/D1 swap detection starting...
2026-09-11 01:19:07 I (2937177) burner_web: D0/D1 swap detection: entering CFI mode (word addr 0x055)
2026-09-11 01:19:07 I (2937179) burner_web: D0/D1 swap detection: CFI 'QRY' detected (normal, low-byte lane) [010]=0051 [011]=0052 [012]=0059
2026-09-11 01:19:07 I (2937191) burner_web: GBA D0/D1 swap detection: NORMAL (no swap), lane=low
2026-09-11 01:19:07 I (2937197) burner_web: GBA ReadID trace begin t=2935982804us
2026-09-11 01:19:07 I (2937202) burner_web: GBA ReadID trace write addr=0x555 data=0x00AA dt=5351us (0.005351s)
2026-09-11 01:19:07 I (2937210) burner_web: GBA ReadID trace write addr=0x2AA data=0x0055 dt=8155us (0.008155s)
2026-09-11 01:19:07 I (2937218) burner_web: GBA ReadID trace write addr=0x555 data=0x0090 dt=8230us (0.008230s)
2026-09-11 01:19:07 I (2937226) burner_web: GBA ReadID trace read addr=0x000 data=0x0001 dt=7953us (0.007953s)
2026-09-11 01:19:07 I (2937235) burner_web: GBA ReadID trace read addr=0x001 data=0x227E dt=8359us (0.008359s)
2026-09-11 01:19:07 I (2937242) burner_web: GBA ReadID trace read addr=0x00E data=0x2228 dt=7744us (0.007744s)
2026-09-11 01:19:07 I (2937250) burner_web: GBA ReadID trace read addr=0x00F data=0x2201 dt=8050us (0.008050s)
2026-09-11 01:19:07 I (2937258) burner_web: GBA ReadID trace write addr=0x000 data=0x00F0 dt=7737us (0.007737s)
2026-09-11 01:19:07 I (2937266) burner_web: GBA ReadID trace end status=ESP_OK total=69718us (0.069718s)
2026-09-11 01:19:07 I (2937274) burner_web: GBA word-address probe @40000000Hz try=1 id=01 00 7E 22 28 22 01 22 (candidate-id)
2026-09-11 01:19:07 I (2937284) burner_web: GBA Intel ReadID trace begin t=2936069714us
2026-09-11 01:19:07 I (2937289) burner_web: GBA Intel ReadID trace write addr=0x000 data=0x0050 dt=5570us (0.005570s)
2026-09-11 01:19:07 I (2937298) burner_web: GBA Intel ReadID trace write addr=0x000 data=0x00FF dt=8873us (0.008873s)
2026-09-11 01:19:07 I (2937306) burner_web: GBA Intel ReadID trace write addr=0x000 data=0x0090 dt=8360us (0.008360s)
2026-09-11 01:19:07 I (2937315) burner_web: GBA Intel ReadID trace read addr=0x000 data=0x002E dt=8805us (0.008805s)
2026-09-11 01:19:07 I (2937323) burner_web: GBA Intel ReadID trace read addr=0x001 data=0xEA00 dt=8302us (0.008302s)
2026-09-11 01:19:07 I (2937332) burner_web: GBA Intel ReadID trace read addr=0x00E data=0x52A3 dt=8918us (0.008918s)
2026-09-11 01:19:07 I (2937341) burner_web: GBA Intel ReadID trace read addr=0x00F data=0x19BE dt=8481us (0.008481s)
2026-09-11 01:19:07 I (2937349) burner_web: GBA Intel ReadID trace write addr=0x000 data=0x0050 dt=8345us (0.008345s)
2026-09-11 01:19:07 I (2937358) burner_web: GBA Intel ReadID trace write addr=0x000 data=0x00FF dt=8441us (0.008441s)
2026-09-11 01:19:07 I (2937366) burner_web: GBA Intel ReadID trace end status=ESP_OK total=82757us (0.082757s)
2026-09-11 01:19:07 I (2937374) burner_web: GBA intel-id probe @40000000Hz try=1 id=2E 00 00 EA A3 52 BE 19 (candidate-id)
2026-09-11 01:19:07 I (2937395) burner_web: GBA raw ID method scan summary @40000000Hz try=1: candidates=0 best=AMD standard
2026-09-11 01:19:07 I (2937398) burner_web: GBA profile match @40000000Hz try=1: chip=S29GL01GP/GS profile=AGB:AMD:555/2AA:AA/55 cmdset=amd method=AMD standard
2026-09-11 01:19:07 I (2937407) burner_web: GBA auto probe @40000000Hz try=1 id=01 00 7E 22 28 22 01 22 (candidate-id)
2026-09-11 01:19:07 I (2937416) burner_web: GBA CFI ok in word-address mode @40000000Hz try=1: chip=S29GL01GP/GS profile=AGB:AMD:555/2AA:AA/55 flash=134217728 sector=131072 geom=uniform largest=131072 regions=1 buf=512 cmdset=amd lane=low primary=0x0002
2026-09-11 01:19:07 I (2937436) burner_web: GBA AMD Bacon compatibility: keep flash size 134217728, use 32MB banked writes
2026-09-11 01:19:07 I (2937446) burner_web: GBA AMD runtime commands: standard AMD source=AMD standard
2026-09-11 01:19:07 I (2937452) burner_web: GBA prepared: chip=S29GL01GP/GS profile=AGB:AMD:555/2AA:AA/55 flash=134217728 sector=131072 geom=uniform largest=131072 regions=1 buf=512 prog_buf=512 cfi=ok nor=amd cmd=word-address low-lane id=01 00 7E 22 28 22 01 22
2026-09-11 01:19:07 I (2937474) burner_web: GBA mapping: Bacon AMD 32MB-bank bank=32MB force_multi=0 range=0x00000000-0x01FFFFFF
2026-09-11 01:19:07 I (2937484) burner_web: GBA paired polling: 4 read-only address checks passed
2026-09-11 01:19:32 I (2962319) burner_web: GBA CHIS summary: err=ESP_OK total=24835ms bytes=0/33554432 erase=0ms tf=4969ms program=0ms avg_once=0B
2026-09-11 01:19:32 I (2962321) burner_web: GBA program profile: calls=0 build=0ms spi=0ms entry=0ms poll=0ms reset=0ms prefetch_wait=0ms skipped_ff=0B
2026-09-11 01:19:53 I (2984074) burner_web: ROM verify: err=ESP_OK bytes=33554432/33554432 tf=4315ms cart=15557ms
2026-09-11 01:19:53 I (2984076) burner_web: burn_task result: err=ESP_OK state=done processed=33554432/33554432 msg=burn finished
2026-09-11 01:19:53 I (2984082) power_manager: CPU perf lock released by burn_task
2026-09-11 01:19:53 I (2984087) burner_web: burn_task stack free min=11784 bytes
2026-09-11 01:19:54 I (2984386) burner_web: PSRAM auto window: free=7523360 largest=7471104 reserve=262144 -> 6MB
2026-09-11 01:19:54 I (2984390) power_manager: CPU perf lock acquired by burn_task
2026-09-11 01:19:54 I (2984593) burner_web: GBA D0/D1 swap detection starting...
2026-09-11 01:19:54 I (2984595) burner_web: D0/D1 swap detection: entering CFI mode (word addr 0x055)
2026-09-11 01:19:54 I (2984597) burner_web: D0/D1 swap detection: CFI 'QRY' detected (normal, low-byte lane) [010]=0051 [011]=0052 [012]=0059
2026-09-11 01:19:54 I (2984608) burner_web: GBA D0/D1 swap detection: NORMAL (no swap), lane=low
2026-09-11 01:19:54 I (2984614) burner_web: GBA ReadID trace begin t=2983400134us
2026-09-11 01:19:54 I (2984619) burner_web: GBA ReadID trace write addr=0x555 data=0x00AA dt=5488us (0.005488s)
2026-09-11 01:19:54 I (2984628) burner_web: GBA ReadID trace write addr=0x2AA data=0x0055 dt=8345us (0.008345s)
2026-09-11 01:19:54 I (2984636) burner_web: GBA ReadID trace write addr=0x555 data=0x0090 dt=7893us (0.007893s)
2026-09-11 01:19:54 I (2984644) burner_web: GBA ReadID trace read addr=0x000 data=0x0001 dt=8246us (0.008246s)
2026-09-11 01:19:54 I (2984652) burner_web: GBA ReadID trace read addr=0x001 data=0x227E dt=7788us (0.007788s)
2026-09-11 01:19:54 I (2984660) burner_web: GBA ReadID trace read addr=0x00E data=0x2228 dt=8290us (0.008290s)
2026-09-11 01:19:54 I (2984668) burner_web: GBA ReadID trace read addr=0x00F data=0x2201 dt=7962us (0.007962s)
2026-09-11 01:19:54 I (2984676) burner_web: GBA ReadID trace write addr=0x000 data=0x00F0 dt=8058us (0.008058s)
2026-09-11 01:19:54 I (2984684) burner_web: GBA ReadID trace end status=ESP_OK total=69702us (0.069702s)
2026-09-11 01:19:54 I (2984691) burner_web: GBA word-address probe @40000000Hz try=1 id=01 00 7E 22 28 22 01 22 (candidate-id)
2026-09-11 01:19:54 I (2984701) burner_web: GBA Intel ReadID trace begin t=2983486876us
2026-09-11 01:19:54 I (2984707) burner_web: GBA Intel ReadID trace write addr=0x000 data=0x0050 dt=5829us (0.005829s)
2026-09-11 01:19:54 I (2984716) burner_web: GBA Intel ReadID trace write addr=0x000 data=0x00FF dt=8993us (0.008993s)
2026-09-11 01:19:54 I (2984724) burner_web: GBA Intel ReadID trace write addr=0x000 data=0x0090 dt=8626us (0.008626s)
2026-09-11 01:19:54 I (2984733) burner_web: GBA Intel ReadID trace read addr=0x000 data=0x002E dt=8381us (0.008381s)
2026-09-11 01:19:54 I (2984741) burner_web: GBA Intel ReadID trace read addr=0x001 data=0xEA00 dt=8558us (0.008558s)
2026-09-11 01:19:54 I (2984749) burner_web: GBA Intel ReadID trace read addr=0x00E data=0x52A3 dt=8421us (0.008421s)
2026-09-11 01:19:54 I (2984758) burner_web: GBA Intel ReadID trace read addr=0x00F data=0x19BE dt=8773us (0.008773s)
2026-09-11 01:19:54 I (2984767) burner_web: GBA Intel ReadID trace write addr=0x000 data=0x0050 dt=8369us (0.008369s)
2026-09-11 01:19:54 I (2984775) burner_web: GBA Intel ReadID trace write addr=0x000 data=0x00FF dt=8368us (0.008368s)
2026-09-11 01:19:54 I (2984784) burner_web: GBA Intel ReadID trace end status=ESP_OK total=82862us (0.082862s)
2026-09-11 01:19:54 I (2984792) burner_web: GBA intel-id probe @40000000Hz try=1 id=2E 00 00 EA A3 52 BE 19 (candidate-id)
2026-09-11 01:19:54 I (2984811) burner_web: GBA raw ID method scan summary @40000000Hz try=1: candidates=0 best=AMD standard
2026-09-11 01:19:54 I (2984815) burner_web: GBA profile match @40000000Hz try=1: chip=S29GL01GP/GS profile=AGB:AMD:555/2AA:AA/55 cmdset=amd method=AMD standard
2026-09-11 01:19:54 I (2984823) burner_web: GBA auto probe @40000000Hz try=1 id=01 00 7E 22 28 22 01 22 (candidate-id)
2026-09-11 01:19:54 I (2984833) burner_web: GBA CFI ok in word-address mode @40000000Hz try=1: chip=S29GL01GP/GS profile=AGB:AMD:555/2AA:AA/55 flash=134217728 sector=131072 geom=uniform largest=131072 regions=1 buf=512 cmdset=amd lane=low primary=0x0002
2026-09-11 01:19:54 I (2984853) burner_web: GBA AMD Bacon compatibility: keep flash size 134217728, use 32MB banked writes
2026-09-11 01:19:54 I (2984862) burner_web: GBA AMD runtime commands: standard AMD source=AMD standard
2026-09-11 01:19:54 I (2984869) burner_web: GBA prepared: chip=S29GL01GP/GS profile=AGB:AMD:555/2AA:AA/55 flash=134217728 sector=131072 geom=uniform largest=131072 regions=1 buf=512 prog_buf=512 cfi=ok nor=amd cmd=word-address low-lane id=01 00 7E 22 28 22 01 22
2026-09-11 01:19:54 I (2984890) burner_web: GBA mapping: Bacon AMD 32MB-bank bank=32MB force_multi=0 range=0x00000000-0x01FFFFFF
2026-09-11 01:20:16 I (3006665) burner_web: ROM verify: err=ESP_OK bytes=33554432/33554432 tf=4293ms cart=15599ms
2026-09-11 01:20:16 I (3006667) burner_web: burn_task result: err=ESP_OK state=done processed=33554432/33554432 msg=verify finished
2026-09-11 01:20:16 I (3006673) power_manager: CPU perf lock released by burn_task
2026-09-11 01:20:16 I (3006678) burner_web: burn_task stack free min=11960 bytes
