2026-09-11 01:11:15 I (2466097) burner_web: PSRAM auto window: free=7523356 largest=7471104 reserve=262144 -> 6MB
2026-09-11 01:11:33 I (2483975) burner_web: GBA D0/D1 swap detection starting...
2026-09-11 01:11:33 I (2483976) burner_web: D0/D1 swap detection: entering CFI mode (word addr 0x055)
2026-09-11 01:11:33 I (2483978) burner_web: D0/D1 swap detection: CFI 'QRY' detected (normal, low-byte lane) [010]=0051 [011]=0052 [012]=0059
2026-09-11 01:11:33 I (2483989) burner_web: GBA D0/D1 swap detection: NORMAL (no swap), lane=low
2026-09-11 01:11:33 I (2483995) burner_web: GBA ReadID trace begin t=2482781163us
2026-09-11 01:11:33 I (2484000) burner_web: GBA ReadID trace write addr=0x555 data=0x00AA dt=5360us (0.005360s)
2026-09-11 01:11:33 I (2484009) burner_web: GBA ReadID trace write addr=0x2AA data=0x0055 dt=8508us (0.008508s)
2026-09-11 01:11:33 I (2484017) burner_web: GBA ReadID trace write addr=0x555 data=0x0090 dt=8273us (0.008273s)
2026-09-11 01:11:33 I (2484025) burner_web: GBA ReadID trace read addr=0x000 data=0x0001 dt=7804us (0.007804s)
2026-09-11 01:11:33 I (2484033) burner_web: GBA ReadID trace read addr=0x001 data=0x227E dt=8243us (0.008243s)
2026-09-11 01:11:33 I (2484041) burner_web: GBA ReadID trace read addr=0x00E data=0x2228 dt=7707us (0.007707s)
2026-09-11 01:11:33 I (2484049) burner_web: GBA ReadID trace read addr=0x00F data=0x2201 dt=8169us (0.008169s)
2026-09-11 01:11:33 I (2484057) burner_web: GBA ReadID trace write addr=0x000 data=0x00F0 dt=7783us (0.007783s)
2026-09-11 01:11:33 I (2484065) burner_web: GBA ReadID trace end status=ESP_OK total=70180us (0.070180s)
2026-09-11 01:11:33 I (2484072) burner_web: GBA word-address probe @40000000Hz try=1 id=01 00 7E 22 28 22 01 22 (candidate-id)
2026-09-11 01:11:33 I (2484082) burner_web: GBA Intel ReadID trace begin t=2482868342us
2026-09-11 01:11:33 I (2484087) burner_web: GBA Intel ReadID trace write addr=0x000 data=0x0050 dt=5317us (0.005317s)
2026-09-11 01:11:33 I (2484096) burner_web: GBA Intel ReadID trace write addr=0x000 data=0x00FF dt=8922us (0.008922s)
2026-09-11 01:11:33 I (2484105) burner_web: GBA Intel ReadID trace write addr=0x000 data=0x0090 dt=8969us (0.008969s)
2026-09-11 01:11:34 I (2484114) burner_web: GBA Intel ReadID trace read addr=0x000 data=0x002E dt=8646us (0.008646s)
2026-09-11 01:11:34 I (2484122) burner_web: GBA Intel ReadID trace read addr=0x001 data=0xEA00 dt=8060us (0.008060s)
2026-09-11 01:11:34 I (2484131) burner_web: GBA Intel ReadID trace read addr=0x00E data=0x52A3 dt=8580us (0.008580s)
2026-09-11 01:11:34 I (2484139) burner_web: GBA Intel ReadID trace read addr=0x00F data=0x19BE dt=8450us (0.008450s)
2026-09-11 01:11:34 I (2484148) burner_web: GBA Intel ReadID trace write addr=0x000 data=0x0050 dt=8614us (0.008614s)
2026-09-11 01:11:34 I (2484156) burner_web: GBA Intel ReadID trace write addr=0x000 data=0x00FF dt=8446us (0.008446s)
2026-09-11 01:11:34 I (2484165) burner_web: GBA Intel ReadID trace end status=ESP_OK total=82624us (0.082624s)
2026-09-11 01:11:34 I (2484173) burner_web: GBA intel-id probe @40000000Hz try=1 id=2E 00 00 EA A3 52 BE 19 (candidate-id)
2026-09-11 01:11:34 I (2484192) burner_web: GBA raw ID method scan summary @40000000Hz try=1: candidates=0 best=AMD standard
2026-09-11 01:11:34 I (2484195) burner_web: GBA profile match @40000000Hz try=1: chip=S29GL01GP/GS profile=AGB:AMD:555/2AA:AA/55 cmdset=amd method=AMD standard
2026-09-11 01:11:34 I (2484204) burner_web: GBA auto probe @40000000Hz try=1 id=01 00 7E 22 28 22 01 22 (candidate-id)
2026-09-11 01:11:34 I (2484213) burner_web: GBA CFI ok in word-address mode @40000000Hz try=1: chip=S29GL01GP/GS profile=AGB:AMD:555/2AA:AA/55 flash=134217728 sector=131072 geom=uniform largest=131072 regions=1 buf=512 cmdset=amd lane=low primary=0x0002
2026-09-11 01:11:34 I (2484234) power_manager: CPU perf lock acquired by burn_task
2026-09-11 01:11:34 I (2484447) burner_web: GBA D0/D1 swap detection starting...
2026-09-11 01:11:34 I (2484449) burner_web: D0/D1 swap detection: entering CFI mode (word addr 0x055)
2026-09-11 01:11:34 I (2484451) burner_web: D0/D1 swap detection: CFI 'QRY' detected (normal, low-byte lane) [010]=0051 [011]=0052 [012]=0059
2026-09-11 01:11:34 I (2484462) burner_web: GBA D0/D1 swap detection: NORMAL (no swap), lane=low
2026-09-11 01:11:34 I (2484468) burner_web: GBA ReadID trace begin t=2483254031us
2026-09-11 01:11:34 I (2484473) burner_web: GBA ReadID trace write addr=0x555 data=0x00AA dt=5290us (0.005290s)
2026-09-11 01:11:34 I (2484482) burner_web: GBA ReadID trace write addr=0x2AA data=0x0055 dt=8562us (0.008562s)
2026-09-11 01:11:34 I (2484490) burner_web: GBA ReadID trace write addr=0x555 data=0x0090 dt=7865us (0.007865s)
2026-09-11 01:11:34 I (2484498) burner_web: GBA ReadID trace read addr=0x000 data=0x0001 dt=8536us (0.008536s)
2026-09-11 01:11:34 I (2484506) burner_web: GBA ReadID trace read addr=0x001 data=0x227E dt=7767us (0.007767s)
2026-09-11 01:11:34 I (2484514) burner_web: GBA ReadID trace read addr=0x00E data=0x2228 dt=8068us (0.008068s)
2026-09-11 01:11:34 I (2484522) burner_web: GBA ReadID trace read addr=0x00F data=0x2201 dt=7654us (0.007654s)
2026-09-11 01:11:34 I (2484530) burner_web: GBA ReadID trace write addr=0x000 data=0x00F0 dt=8195us (0.008195s)
2026-09-11 01:11:34 I (2484538) burner_web: GBA ReadID trace end status=ESP_OK total=69770us (0.069770s)
2026-09-11 01:11:34 I (2484546) burner_web: GBA word-address probe @40000000Hz try=1 id=01 00 7E 22 28 22 01 22 (candidate-id)
2026-09-11 01:11:34 I (2484555) burner_web: GBA Intel ReadID trace begin t=2483340987us
2026-09-11 01:11:34 I (2484561) burner_web: GBA Intel ReadID trace write addr=0x000 data=0x0050 dt=5728us (0.005728s)
2026-09-11 01:11:34 I (2484569) burner_web: GBA Intel ReadID trace write addr=0x000 data=0x00FF dt=8636us (0.008636s)
2026-09-11 01:11:34 I (2484578) burner_web: GBA Intel ReadID trace write addr=0x000 data=0x0090 dt=8752us (0.008752s)
2026-09-11 01:11:34 I (2484586) burner_web: GBA Intel ReadID trace read addr=0x000 data=0x002E dt=8425us (0.008425s)
2026-09-11 01:11:34 I (2484595) burner_web: GBA Intel ReadID trace read addr=0x001 data=0xEA00 dt=8881us (0.008881s)
2026-09-11 01:11:34 I (2484604) burner_web: GBA Intel ReadID trace read addr=0x00E data=0x52A3 dt=8379us (0.008379s)
2026-09-11 01:11:34 I (2484612) burner_web: GBA Intel ReadID trace read addr=0x00F data=0x19BE dt=8483us (0.008483s)
2026-09-11 01:11:34 I (2484621) burner_web: GBA Intel ReadID trace write addr=0x000 data=0x0050 dt=8463us (0.008463s)
2026-09-11 01:11:34 I (2484629) burner_web: GBA Intel ReadID trace write addr=0x000 data=0x00FF dt=8551us (0.008551s)
2026-09-11 01:11:34 I (2484638) burner_web: GBA Intel ReadID trace end status=ESP_OK total=82860us (0.082860s)
2026-09-11 01:11:34 I (2484646) burner_web: GBA intel-id probe @40000000Hz try=1 id=2E 00 00 EA A3 52 BE 19 (candidate-id)
2026-09-11 01:11:34 I (2484666) burner_web: GBA raw ID method scan summary @40000000Hz try=1: candidates=0 best=AMD standard
2026-09-11 01:11:34 I (2484670) burner_web: GBA profile match @40000000Hz try=1: chip=S29GL01GP/GS profile=AGB:AMD:555/2AA:AA/55 cmdset=amd method=AMD standard
2026-09-11 01:11:34 I (2484678) burner_web: GBA auto probe @40000000Hz try=1 id=01 00 7E 22 28 22 01 22 (candidate-id)
2026-09-11 01:11:34 I (2484687) burner_web: GBA CFI ok in word-address mode @40000000Hz try=1: chip=S29GL01GP/GS profile=AGB:AMD:555/2AA:AA/55 flash=134217728 sector=131072 geom=uniform largest=131072 regions=1 buf=512 cmdset=amd lane=low primary=0x0002
2026-09-11 01:11:34 I (2484707) burner_web: GBA AMD Bacon compatibility: keep flash size 134217728, use 32MB banked writes
2026-09-11 01:11:34 I (2484717) burner_web: GBA AMD runtime commands: standard AMD source=AMD standard
2026-09-11 01:11:34 I (2484723) burner_web: GBA prepared: chip=S29GL01GP/GS profile=AGB:AMD:555/2AA:AA/55 flash=134217728 sector=131072 geom=uniform largest=131072 regions=1 buf=512 prog_buf=512 cfi=ok nor=amd cmd=word-address low-lane id=01 00 7E 22 28 22 01 22
2026-09-11 01:11:34 I (2484745) burner_web: GBA mapping: Bacon AMD 32MB-bank bank=32MB force_multi=0 range=0x00000000-0x00FFFFFF
2026-09-11 01:11:34 I (2484755) burner_web: GBA paired polling: 4 read-only address checks passed
2026-09-11 01:12:21 I (2532039) burner_web: GBA CHIS summary: err=ESP_OK total=47283ms bytes=15933440/16777216 erase=31487ms tf=33358ms program=13087ms avg_once=0B
2026-09-11 01:12:21 I (2532042) burner_web: GBA program profile: calls=0 build=0ms spi=0ms entry=0ms poll=0ms reset=0ms prefetch_wait=243ms skipped_ff=188416B
2026-09-11 01:12:32 I (2543108) burner_web: ROM verify: err=ESP_OK bytes=16777216/16777216 tf=2387ms cart=7745ms
2026-09-11 01:12:33 I (2543111) burner_web: burn_task result: err=ESP_OK state=done processed=16777216/16777216 msg=burn finished
2026-09-11 01:12:33 I (2543117) power_manager: CPU perf lock released by burn_task
2026-09-11 01:12:33 I (2543122) burner_web: burn_task stack free min=11788 bytes
2026-09-11 01:12:33 I (2543944) burner_web: PSRAM auto window: free=7523372 largest=7471104 reserve=262144 -> 6MB
2026-09-11 01:12:33 I (2543946) power_manager: CPU perf lock acquired by burn_task
2026-09-11 01:12:34 I (2544149) burner_web: GBA D0/D1 swap detection starting...
2026-09-11 01:12:34 I (2544151) burner_web: D0/D1 swap detection: entering CFI mode (word addr 0x055)
2026-09-11 01:12:34 I (2544153) burner_web: D0/D1 swap detection: CFI 'QRY' detected (normal, low-byte lane) [010]=0051 [011]=0052 [012]=0059
2026-09-11 01:12:34 I (2544164) burner_web: GBA D0/D1 swap detection: NORMAL (no swap), lane=low
2026-09-11 01:12:34 I (2544170) burner_web: GBA ReadID trace begin t=2542956069us
2026-09-11 01:12:34 I (2544175) burner_web: GBA ReadID trace write addr=0x555 data=0x00AA dt=5385us (0.005385s)
2026-09-11 01:12:34 I (2544184) burner_web: GBA ReadID trace write addr=0x2AA data=0x0055 dt=8317us (0.008317s)
2026-09-11 01:12:34 I (2544191) burner_web: GBA ReadID trace write addr=0x555 data=0x0090 dt=7867us (0.007867s)
2026-09-11 01:12:34 I (2544200) burner_web: GBA ReadID trace read addr=0x000 data=0x0001 dt=8433us (0.008433s)
2026-09-11 01:12:34 I (2544208) burner_web: GBA ReadID trace read addr=0x001 data=0x227E dt=7704us (0.007704s)
2026-09-11 01:12:34 I (2544216) burner_web: GBA ReadID trace read addr=0x00E data=0x2228 dt=8099us (0.008099s)
2026-09-11 01:12:34 I (2544224) burner_web: GBA ReadID trace read addr=0x00F data=0x2201 dt=8087us (0.008087s)
2026-09-11 01:12:34 I (2544232) burner_web: GBA ReadID trace write addr=0x000 data=0x00F0 dt=7928us (0.007928s)
2026-09-11 01:12:34 I (2544239) burner_web: GBA ReadID trace end status=ESP_OK total=69605us (0.069605s)
2026-09-11 01:12:34 I (2544247) burner_web: GBA word-address probe @40000000Hz try=1 id=01 00 7E 22 28 22 01 22 (candidate-id)
2026-09-11 01:12:34 I (2544256) burner_web: GBA Intel ReadID trace begin t=2543042702us
2026-09-11 01:12:34 I (2544262) burner_web: GBA Intel ReadID trace write addr=0x000 data=0x0050 dt=5741us (0.005741s)
2026-09-11 01:12:34 I (2544271) burner_web: GBA Intel ReadID trace write addr=0x000 data=0x00FF dt=9129us (0.009129s)
2026-09-11 01:12:34 I (2544280) burner_web: GBA Intel ReadID trace write addr=0x000 data=0x0090 dt=8443us (0.008443s)
2026-09-11 01:12:34 I (2544288) burner_web: GBA Intel ReadID trace read addr=0x000 data=0xFDE5 dt=8399us (0.008399s)
2026-09-11 01:12:34 I (2544297) burner_web: GBA Intel ReadID trace read addr=0x001 data=0xEA3E dt=8652us (0.008652s)
2026-09-11 01:12:34 I (2544305) burner_web: GBA Intel ReadID trace read addr=0x00E data=0x52A3 dt=8288us (0.008288s)
2026-09-11 01:12:34 I (2544314) burner_web: GBA Intel ReadID trace read addr=0x00F data=0x19BE dt=8764us (0.008764s)
2026-09-11 01:12:34 I (2544323) burner_web: GBA Intel ReadID trace write addr=0x000 data=0x0050 dt=8640us (0.008640s)
2026-09-11 01:12:34 I (2544331) burner_web: GBA Intel ReadID trace write addr=0x000 data=0x00FF dt=8364us (0.008364s)
2026-09-11 01:12:34 I (2544340) burner_web: GBA Intel ReadID trace end status=ESP_OK total=83071us (0.083071s)
2026-09-11 01:12:34 I (2544348) burner_web: GBA intel-id probe @40000000Hz try=1 id=E5 FD 3E EA A3 52 BE 19 (candidate-id)
2026-09-11 01:12:34 I (2544368) burner_web: GBA raw ID method scan summary @40000000Hz try=1: candidates=0 best=AMD standard
2026-09-11 01:12:34 I (2544371) burner_web: GBA profile match @40000000Hz try=1: chip=S29GL01GP/GS profile=AGB:AMD:555/2AA:AA/55 cmdset=amd method=AMD standard
2026-09-11 01:12:34 I (2544380) burner_web: GBA auto probe @40000000Hz try=1 id=01 00 7E 22 28 22 01 22 (candidate-id)
2026-09-11 01:12:34 I (2544389) burner_web: GBA CFI ok in word-address mode @40000000Hz try=1: chip=S29GL01GP/GS profile=AGB:AMD:555/2AA:AA/55 flash=134217728 sector=131072 geom=uniform largest=131072 regions=1 buf=512 cmdset=amd lane=low primary=0x0002
2026-09-11 01:12:34 I (2544409) burner_web: GBA AMD Bacon compatibility: keep flash size 134217728, use 32MB banked writes
2026-09-11 01:12:34 I (2544418) burner_web: GBA AMD runtime commands: standard AMD source=AMD standard
2026-09-11 01:12:34 I (2544425) burner_web: GBA prepared: chip=S29GL01GP/GS profile=AGB:AMD:555/2AA:AA/55 flash=134217728 sector=131072 geom=uniform largest=131072 regions=1 buf=512 prog_buf=512 cfi=ok nor=amd cmd=word-address low-lane id=01 00 7E 22 28 22 01 22
2026-09-11 01:12:34 I (2544446) burner_web: GBA mapping: Bacon AMD 32MB-bank bank=32MB force_multi=0 range=0x00000000-0x00FFFFFF
2026-09-11 01:12:45 I (2555448) burner_web: ROM verify: err=ESP_OK bytes=16777216/16777216 tf=2222ms cart=7816ms
2026-09-11 01:12:45 I (2555451) burner_web: burn_task result: err=ESP_OK state=done processed=16777216/16777216 msg=verify finished
2026-09-11 01:12:45 I (2555457) power_manager: CPU perf lock released by burn_task
2026-09-11 01:12:45 I (2555462) burner_web: burn_task stack free min=11924 bytes
