2026-09-11 01:35:25 I (122402) burner_web: PSRAM auto window: free=7523352 largest=7471104 reserve=262144 -> 6MB
2026-09-11 01:35:25 I (122404) power_manager: CPU perf lock acquired by burn_task
2026-09-11 01:35:25 I (122606) burner_web: GBA D0/D1 swap detection starting...
2026-09-11 01:35:25 I (122607) burner_web: D0/D1 swap detection: entering CFI mode (word addr 0x055)
2026-09-11 01:35:25 I (122609) burner_web: D0/D1 swap detection: CFI 'QRY' detected (normal, low-byte lane) [010]=0051 [011]=0052 [012]=0059
2026-09-11 01:35:25 I (122620) burner_web: GBA D0/D1 swap detection: NORMAL (no swap), lane=low
2026-09-11 01:35:25 I (122626) burner_web: GBA ReadID trace begin t=121413475us
2026-09-11 01:35:25 I (122632) burner_web: GBA ReadID trace write addr=0x555 data=0x00AA dt=5243us (0.005243s)
2026-09-11 01:35:25 I (122640) burner_web: GBA ReadID trace write addr=0x2AA data=0x0055 dt=8199us (0.008199s)
2026-09-11 01:35:25 I (122648) burner_web: GBA ReadID trace write addr=0x555 data=0x0090 dt=8126us (0.008126s)
2026-09-11 01:35:25 I (122656) burner_web: GBA ReadID trace read addr=0x000 data=0x0001 dt=7851us (0.007851s)
2026-09-11 01:35:25 I (122664) burner_web: GBA ReadID trace read addr=0x001 data=0x227E dt=7998us (0.007998s)
2026-09-11 01:35:25 I (122672) burner_web: GBA ReadID trace read addr=0x00E data=0x2228 dt=7987us (0.007987s)
2026-09-11 01:35:25 I (122680) burner_web: GBA ReadID trace read addr=0x00F data=0x2201 dt=7847us (0.007847s)
2026-09-11 01:35:25 I (122687) burner_web: GBA ReadID trace write addr=0x000 data=0x00F0 dt=7799us (0.007799s)
2026-09-11 01:35:25 I (122695) burner_web: GBA ReadID trace end status=ESP_OK total=68983us (0.068983s)
2026-09-11 01:35:25 I (122703) burner_web: GBA word-address probe @40000000Hz try=1 id=01 00 7E 22 28 22 01 22 (candidate-id)
2026-09-11 01:35:25 I (122712) burner_web: GBA Intel ReadID trace begin t=121499386us
2026-09-11 01:35:25 I (122718) burner_web: GBA Intel ReadID trace write addr=0x000 data=0x0050 dt=5539us (0.005539s)
2026-09-11 01:35:25 I (122727) burner_web: GBA Intel ReadID trace write addr=0x000 data=0x00FF dt=8792us (0.008792s)
2026-09-11 01:35:25 I (122735) burner_web: GBA Intel ReadID trace write addr=0x000 data=0x0090 dt=8320us (0.008320s)
2026-09-11 01:35:26 I (122743) burner_web: GBA Intel ReadID trace read addr=0x000 data=0x002E dt=8647us (0.008647s)
2026-09-11 01:35:26 I (122752) burner_web: GBA Intel ReadID trace read addr=0x001 data=0xEA00 dt=8215us (0.008215s)
2026-09-11 01:35:26 I (122760) burner_web: GBA Intel ReadID trace read addr=0x00E data=0x52A3 dt=8660us (0.008660s)
2026-09-11 01:35:26 I (122769) burner_web: GBA Intel ReadID trace read addr=0x00F data=0x19BE dt=8429us (0.008429s)
2026-09-11 01:35:26 I (122777) burner_web: GBA Intel ReadID trace write addr=0x000 data=0x0050 dt=8506us (0.008506s)
2026-09-11 01:35:26 I (122785) burner_web: GBA Intel ReadID trace write addr=0x000 data=0x00FF dt=8110us (0.008110s)
2026-09-11 01:35:26 I (122794) burner_web: GBA Intel ReadID trace end status=ESP_OK total=81917us (0.081917s)
2026-09-11 01:35:26 I (122802) burner_web: GBA intel-id probe @40000000Hz try=1 id=2E 00 00 EA A3 52 BE 19 (candidate-id)
2026-09-11 01:35:26 I (122822) burner_web: GBA raw ID method scan summary @40000000Hz try=1: candidates=0 best=AMD standard
2026-09-11 01:35:26 I (122825) burner_web: GBA profile match @40000000Hz try=1: chip=S29GL01GP/GS profile=AGB:AMD:555/2AA:AA/55 cmdset=amd method=AMD standard
2026-09-11 01:35:26 I (122834) burner_web: GBA auto probe @40000000Hz try=1 id=01 00 7E 22 28 22 01 22 (candidate-id)
2026-09-11 01:35:26 I (122842) burner_web: GBA CFI ok in word-address mode @40000000Hz try=1: chip=S29GL01GP/GS profile=AGB:AMD:555/2AA:AA/55 flash=134217728 sector=131072 geom=uniform largest=131072 regions=1 buf=512 cmdset=amd lane=low primary=0x0002
2026-09-11 01:35:26 I (122863) burner_web: GBA AMD Bacon compatibility: keep flash size 134217728, use 32MB banked writes
2026-09-11 01:35:26 I (122872) burner_web: GBA AMD runtime commands: standard AMD source=AMD standard
2026-09-11 01:35:26 I (122879) burner_web: GBA prepared: chip=S29GL01GP/GS profile=AGB:AMD:555/2AA:AA/55 flash=134217728 sector=131072 geom=uniform largest=131072 regions=1 buf=512 prog_buf=512 cfi=ok nor=amd cmd=word-address low-lane id=01 00 7E 22 28 22 01 22
2026-09-11 01:35:26 I (122900) burner_web: GBA mapping: Bacon AMD 32MB-bank bank=32MB force_multi=0 range=0x00000000-0x01FFFFFF
2026-09-11 01:35:47 I (144694) burner_web: ROM verify: err=ESP_OK bytes=33554432/33554432 tf=4182ms cart=15723ms
2026-09-11 01:35:47 I (144696) burner_web: burn_task result: err=ESP_OK state=done processed=33554432/33554432 msg=verify finished
2026-09-11 01:35:47 I (144703) power_manager: CPU perf lock released by burn_task
2026-09-11 01:35:47 I (144708) burner_web: burn_task stack free min=11956 bytes
