2026-09-11 00:11:50 I (95) boot:  6 retro-core       OTA app          00 11 00ae0000
2026-09-11 00:11:50 @mori {"event":"ready","message":"Mori serial debug v1; type help"}
2026-09-11 00:11:50 I (1276) pm: Frequency switching config: CPU_MAX: 160, APB_MAX: 80, APB_MIN: 80, Light sleep: DISABLED
2026-09-11 00:11:50 I (1285) power_manager: CPU DFS enabled: idle=80MHz max=160MHz light_sleep=off
2026-09-11 00:11:50 I (1292) main: timezone configured: CST-8
2026-09-11 00:11:50 I (1296) main: boot step: mount assets
2026-09-11 00:11:50 I (1391) assets: mounted /assets: total=1438481 used=759777
2026-09-11 00:11:50 I (1392) main: boot step: mount sdcard
2026-09-11 00:11:50 I (1444) SDCARD: SD card mounted
2026-09-11 00:11:50 I (1445) SDCARD: Total: 59638MB
2026-09-11 00:11:50 W (1605) main: repaired legacy lang_zh_cn.ini
2026-09-11 00:11:50 I (3410) burner_web: burn config loaded: erase=smart write_path=psram recipe=chis psram_mb=auto mbc5_chunk=16 dump_chunk=64 voltage=3v3 settle=100ms cores=cpu1/cpu1/cpu1 ag32_link=cpld
2026-09-11 00:11:50 I (3416) main: GBX cache auto rebuild disabled; update manually from system menu
2026-09-11 00:11:50 I (3427) main: UI language=1 (zh)
2026-09-11 00:11:50 I (3435) main: boot step: init i2c peripherals
2026-09-11 00:11:50 W (3436) i2c.master: Please check pull-up resistances whether be connected properly. Otherwise unexpected behavior would happen. For more detailed information, please read docs
2026-09-11 00:11:50 I (3447) mori_i2c: I2C bus ready. SDA=18, SCL=8, freq=100000
2026-09-11 00:11:50 I (3454) axp209: AXP209 ready at 0x34, charge current fixed to 500mA
2026-09-11 00:11:50 I (3458) power_manager: detected AXP209 at 0x34
2026-09-11 00:11:50 I (3462) main: AXP209 power manager ready at 0x34
2026-09-11 00:11:50 I (3466) tca9555: TCA9555 ready at 0x20
2026-09-11 00:11:50 I (3474) main: tca9555.ini apply=0, skip register apply
2026-09-11 00:11:50 I (3477) main: TCA9555@0x20 input=0xFFFF cfg=0xEFFF
2026-09-11 00:11:50 I (3480) tca9555: IRQ enabled on GPIO 17
2026-09-11 00:11:50 I (3483) main: boot step: init usb msc manager
2026-09-11 00:11:50 I (3487) usb_msc_tf: USB MSC manager ready (default: disabled)
2026-09-11 00:11:50 I (3493) main: USB MSC manager ready, pass-through default is disabled
2026-09-11 00:11:50 I (3499) main: boot step: init nvs
2026-09-11 00:11:50 I (3530) main: boot step: init mcu debug
2026-09-11 00:11:50 I (3531) main: boot step: init lvgl/display
2026-09-11 00:11:50 I (3774) lcd_display: LCD init done (ST7789, 320x240, rot=270), pins CLK=6 MOSI=4 CS=5 DC=13 BK=14, bk_pwm=1
2026-09-11 00:11:50 I (3775) lvgl_port: draw_buf1 allocated in internal DMA (12800 bytes)
2026-09-11 00:11:50 I (3780) lvgl_port: using single LVGL draw buffer (20
2026-09-11 00:11:50 I (70245) burner_web: PSRAM auto window: free=7523332 largest=7471104 reserve=262144 -> 6MB
2026-09-11 00:11:50 I (70351) burner_web: MBC5 power rail: 3V3
2026-09-11 00:11:50 I (70453) burner_web: MBC5 ReadID trace begin t=69238758us
2026-09-11 00:11:50 I (70455) burner_web: MBC5 ReadID trace write addr=0x0AAA data=0xAA dt=2510us (0.002510s)
2026-09-11 00:11:50 I (70457) burner_web: MBC5 ReadID trace write addr=0x0555 data=0x55 dt=1824us (0.001824s)
2026-09-11 00:11:50 I (70466) burner_web: MBC5 ReadID trace write addr=0x0AAA data=0x90 dt=9136us (0.009136s)
2026-09-11 00:11:50 I (70472) burner_web: MBC5 ReadID trace read addr=0x0000 data=0xC2 dt=6142us (0.006142s)
2026-09-11 00:11:50 I (70482) burner_web: MBC5 ReadID trace read addr=0x0002 data=0x7E dt=9819us (0.009819s)
2026-09-11 00:11:50 I (70488) burner_web: MBC5 ReadID trace read addr=0x001C data=0x22 dt=5700us (0.005700s)
2026-09-11 00:11:50 I (70498) burner_web: MBC5 ReadID trace read addr=0x001E data=0x01 dt=9932us (0.009932s)
2026-09-11 00:11:50 I (70504) burner_web: MBC5 ReadID trace write addr=0x0000 data=0xF0 dt=6840us (0.006840s)
2026-09-11 00:11:50 I (70512) burner_web: MBC5 ReadID trace end status=ESP_OK total=59661us (0.059661s)
2026-09-11 00:11:50 I (70520) burner_web: MBC5 ID probe: id=C2 7E 22 01 chip=MX29GL256E/F flash=33554432 sector=131072 geom=uniform largest=131072 regions=1 buf=64 cmdset=amd
2026-09-11 00:11:50 I (70538) power_manager: CPU perf lock acquired by burn_task
2026-09-11 00:11:50 I (70656) burner_web: MBC5 power rail: 3V3
2026-09-11 00:11:51 I (70757) burner_web: MBC5 ReadID trace begin t=69543313us
2026-09-11 00:11:51 I (70759) burner_web: MBC5 ReadID trace write addr=0x0AAA data=0xAA dt=1585us (0.001585s)
2026-09-11 00:11:51 I (70761) burner_web: MBC5 ReadID trace write addr=0x0555 data=0x55 dt=2096us (0.002096s)
2026-09-11 00:11:51 I (70769) burner_web: MBC5 ReadID trace write addr=0x0AAA data=0x90 dt=8192us (0.008192s)
2026-09-11 00:11:51 I (70777) burner_web: MBC5 ReadID trace read addr=0x0000 data=0xC2 dt=7913us (0.007913s)
2026-09-11 00:11:51 I (70785) burner_web: MBC5 ReadID trace read addr=0x0002 data=0x7E dt=7873us (0.007873s)
2026-09-11 00:11:51 I (70793) burner_web: MBC5 ReadID trace read addr=0x001C data=0x22 dt=7785us (0.007785s)
2026-09-11 00:11:51 I (70800) burner_web: MBC5 ReadID trace read addr=0x001E data=0x01 dt=7635us (0.007635s)
2026-09-11 00:11:51 I (70808) burner_web: MBC5 ReadID trace write addr=0x0000 data=0xF0 dt=7904us (0.007904s)
2026-09-11 00:11:51 I (70816) burner_web: MBC5 ReadID trace end status=ESP_OK total=58677us (0.058677s)
2026-09-11 00:11:51 I (70823) burner_web: MBC5 ID probe: id=C2 7E 22 01 chip=MX29GL256E/F flash=33554432 sector=131072 geom=uniform largest=131072 regions=1 buf=64 cmdset=amd
2026-09-11 00:11:51 I (70838) burner_web: GB mapper detect: bank0 fixed=0000 switch=4000 len=64 fixed=FF-FF-FF-FF switch=FF-FF-FF-FF eq=1 blank=0/0 result=MBC5
2026-09-11 00:11:51 I (70849) burner_web: GB prepared: mapper=MBC5 flash=33554432 usable=33554432 sector=131072 geom=uniform largest=131072 regions=1 buf=64 nor=amd cfi=ok id=C2 7E 22 01
2026-09-11 00:12:38 I (118286) burner_web: ROM verify: err=ESP_OK bytes=33554432/33554432 tf=4251ms cart=17320ms
2026-09-11 00:12:38 I (118288) burner_web: burn_task result: err=ESP_OK state=done processed=33554432/33554432 msg=burn finished
2026-09-11 00:12:38 I (118295) power_manager: CPU perf lock released by burn_task
2026-09-11 00:12:38 I (118299) burner_web: burn_task stack free min=11892 bytes
2026-09-11 00:12:39 I (119143) burner_web: PSRAM auto window: free=7523352 largest=7471104 reserve=262144 -> 6MB
2026-09-11 00:12:39 I (119145) power_manager: CPU perf lock acquired by burn_task
2026-09-11 00:12:39 I (119247) burner_web: MBC5 power rail: 3V3
2026-09-11 00:12:39 I (119348) burner_web: MBC5 ReadID trace begin t=118134366us
2026-09-11 00:12:39 I (119350) burner_web: MBC5 ReadID trace write addr=0x0AAA data=0xAA dt=1735us (0.001735s)
2026-09-11 00:12:39 I (119352) burner_web: MBC5 ReadID trace write addr=0x0555 data=0x55 dt=2531us (0.002531s)
2026-09-11 00:12:39 I (119361) burner_web: MBC5 ReadID trace write addr=0x0AAA data=0x90 dt=8156us (0.008156s)
2026-09-11 00:12:39 I (119368) burner_web: MBC5 ReadID trace read addr=0x0000 data=0xC2 dt=7746us (0.007746s)
2026-09-11 00:12:39 I (119376) burner_web: MBC5 ReadID trace read addr=0x0002 data=0x7E dt=7896us (0.007896s)
2026-09-11 00:12:39 I (119384) burner_web: MBC5 ReadID trace read addr=0x001C data=0x22 dt=7661us (0.007661s)
2026-09-11 00:12:39 I (119392) burner_web: MBC5 ReadID trace read addr=0x001E data=0x01 dt=8278us (0.008278s)
2026-09-11 00:12:39 I (119400) burner_web: MBC5 ReadID trace write addr=0x0000 data=0xF0 dt=7823us (0.007823s)
2026-09-11 00:12:39 I (119408) burner_web: MBC5 ReadID trace end status=ESP_OK total=59677us (0.059677s)
2026-09-11 00:12:39 I (119415) burner_web: MBC5 ID probe: id=C2 7E 22 01 chip=MX29GL256E/F flash=33554432 sector=131072 geom=uniform largest=131072 regions=1 buf=64 cmdset=amd
2026-09-11 00:12:39 I (119430) burner_web: GB mapper detect: bank0 fixed=0000 switch=4000 len=64 fixed=FF-FF-FF-FF switch=FF-FF-FF-FF eq=1 blank=0/0 result=MBC5
2026-09-11 00:12:39 I (119441) burner_web: GB prepared: mapper=MBC5 flash=33554432 usable=33554432 sector=131072 geom=uniform largest=131072 regions=1 buf=64 nor=amd cfi=ok id=C2 7E 22 01
2026-09-11 00:13:03 I (142911) burner_web: ROM verify: err=ESP_OK bytes=33554432/33554432 tf=4232ms cart=17415ms
2026-09-11 00:13:03 I (142913) burner_web: burn_task result: err=ESP_OK state=done processed=33554432/33554432 msg=verify finished
2026-09-11 00:13:03 I (142919) power_manager: CPU perf lock released by burn_task
2026-09-11 00:13:03 I (142924) burner_web: burn_task stack free min=12032 bytes
