2026-09-11 00:49:38 I (1168254) burner_web: PSRAM auto window: free=7523360 largest=7471104 reserve=262144 -> 6MB
2026-09-11 00:49:38 I (1168462) burner_web: GBA D0/D1 swap detection starting...
2026-09-11 00:49:38 I (1168463) burner_web: D0/D1 swap detection: entering CFI mode (word addr 0x055)
2026-09-11 00:49:38 I (1168467) burner_web: D0/D1 swap detection: CFI 'QRY' detected (normal, low-byte lane) [010]=0051 [011]=0052 [012]=0059
2026-09-11 00:49:38 I (1168477) burner_web: GBA D0/D1 swap detection: NORMAL (no swap), lane=low
2026-09-11 00:49:38 I (1168482) burner_web: GBA ReadID trace begin t=1167268277us
2026-09-11 00:49:38 I (1168489) burner_web: GBA ReadID trace write addr=0x555 data=0x00AA dt=6708us (0.006708s)
2026-09-11 00:49:38 I (1168497) burner_web: GBA ReadID trace write addr=0x2AA data=0x0055 dt=8258us (0.008258s)
2026-09-11 00:49:38 I (1168506) burner_web: GBA ReadID trace write addr=0x555 data=0x0090 dt=8998us (0.008998s)
2026-09-11 00:49:38 I (1168513) burner_web: GBA ReadID trace read addr=0x000 data=0x0001 dt=7128us (0.007128s)
2026-09-11 00:49:38 I (1168522) burner_web: GBA ReadID trace read addr=0x001 data=0x227E dt=8880us (0.008880s)
2026-09-11 00:49:38 I (1168529) burner_web: GBA ReadID trace read addr=0x00E data=0x2228 dt=7111us (0.007111s)
2026-09-11 00:49:38 I (1168536) burner_web: GBA ReadID trace read addr=0x00F data=0x2201 dt=6911us (0.006911s)
2026-09-11 00:49:38 I (1168544) burner_web: GBA ReadID trace write addr=0x000 data=0x00F0 dt=8090us (0.008090s)
2026-09-11 00:49:38 I (1168553) burner_web: GBA ReadID trace end status=ESP_OK total=70446us (0.070446s)
2026-09-11 00:49:38 I (1168562) burner_web: GBA word-address probe @40000000Hz try=1 id=01 00 7E 22 28 22 01 22 (candidate-id)
2026-09-11 00:49:38 I (1168570) burner_web: GBA Intel ReadID trace begin t=1167356285us
2026-09-11 00:49:38 I (1168576) burner_web: GBA Intel ReadID trace write addr=0x000 data=0x0050 dt=5520us (0.005520s)
2026-09-11 00:49:38 I (1168584) burner_web: GBA Intel ReadID trace write addr=0x000 data=0x00FF dt=8209us (0.008209s)
2026-09-11 00:49:38 I (1168593) burner_web: GBA Intel ReadID trace write addr=0x000 data=0x0090 dt=9338us (0.009338s)
2026-09-11 00:49:38 I (1168603) burner_web: GBA Intel ReadID trace read addr=0x000 data=0x002E dt=9625us (0.009625s)
2026-09-11 00:49:38 I (1168611) burner_web: GBA Intel ReadID trace read addr=0x001 data=0xEA00 dt=7735us (0.007735s)
2026-09-11 00:49:38 I (1168619) burner_web: GBA Intel ReadID trace read addr=0x00E data=0x52A3 dt=8531us (0.008531s)
2026-09-11 00:49:38 I (1168627) burner_web: GBA Intel ReadID trace read addr=0x00F data=0x19BE dt=8318us (0.008318s)
2026-09-11 00:49:38 I (1168636) burner_web: GBA Intel ReadID trace write addr=0x000 data=0x0050 dt=8768us (0.008768s)
2026-09-11 00:49:38 I (1168644) burner_web: GBA Intel ReadID trace write addr=0x000 data=0x00FF dt=8173us (0.008173s)
2026-09-11 00:49:38 I (1168652) burner_web: GBA Intel ReadID trace end status=ESP_OK total=82312us (0.082312s)
2026-09-11 00:49:38 I (1168661) burner_web: GBA intel-id probe @40000000Hz try=1 id=2E 00 00 EA A3 52 BE 19 (candidate-id)
2026-09-11 00:49:38 I (1168687) burner_web: GBA raw ID method scan summary @40000000Hz try=1: candidates=0 best=AMD standard
2026-09-11 00:49:38 I (1168690) burner_web: GBA profile match @40000000Hz try=1: chip=S29GL01GP/GS profile=AGB:AMD:555/2AA:AA/55 cmdset=amd method=AMD standard
2026-09-11 00:49:38 I (1168701) burner_web: GBA auto probe @40000000Hz try=1 id=01 00 7E 22 28 22 01 22 (candidate-id)
2026-09-11 00:49:38 I (1168709) burner_web: GBA CFI ok in word-address mode @40000000Hz try=1: chip=S29GL01GP/GS profile=AGB:AMD:555/2AA:AA/55 flash=134217728 sector=131072 geom=uniform largest=131072 regions=1 buf=512 cmdset=amd lane=low primary=0x0002
2026-09-11 00:49:38 I (1168730) power_manager: CPU perf lock acquired by burn_task
2026-09-11 00:49:38 I (1168940) burner_web: GBA D0/D1 swap detection starting...
2026-09-11 00:49:38 I (1168941) burner_web: D0/D1 swap detection: entering CFI mode (word addr 0x055)
2026-09-11 00:49:38 I (1168943) burner_web: D0/D1 swap detection: CFI 'QRY' detected (normal, low-byte lane) [010]=0051 [011]=0052 [012]=0059
2026-09-11 00:49:38 I (1168954) burner_web: GBA D0/D1 swap detection: NORMAL (no swap), lane=low
2026-09-11 00:49:38 I (1168961) burner_web: GBA ReadID trace begin t=1167746801us
2026-09-11 00:49:38 I (1168966) burner_web: GBA ReadID trace write addr=0x555 data=0x00AA dt=5395us (0.005395s)
2026-09-11 00:49:38 I (1168974) burner_web: GBA ReadID trace write addr=0x2AA data=0x0055 dt=8408us (0.008408s)
2026-09-11 00:49:38 I (1168982) burner_web: GBA ReadID trace write addr=0x555 data=0x0090 dt=7972us (0.007972s)
2026-09-11 00:49:38 I (1168991) burner_web: GBA ReadID trace read addr=0x000 data=0x0001 dt=8194us (0.008194s)
2026-09-11 00:49:38 I (1168999) burner_web: GBA ReadID trace read addr=0x001 data=0x227E dt=7976us (0.007976s)
2026-09-11 00:49:38 I (1169006) burner_web: GBA ReadID trace read addr=0x00E data=0x2228 dt=7911us (0.007911s)
2026-09-11 00:49:38 I (1169014) burner_web: GBA ReadID trace read addr=0x00F data=0x2201 dt=7911us (0.007911s)
2026-09-11 00:49:38 I (1169023) burner_web: GBA ReadID trace write addr=0x000 data=0x00F0 dt=8154us (0.008154s)
2026-09-11 00:49:38 I (1169030) burner_web: GBA ReadID trace end status=ESP_OK total=69832us (0.069832s)
2026-09-11 00:49:38 I (1169038) burner_web: GBA word-address probe @40000000Hz try=1 id=01 00 7E 22 28 22 01 22 (candidate-id)
2026-09-11 00:49:38 I (1169047) burner_web: GBA Intel ReadID trace begin t=1167833549us
2026-09-11 00:49:38 I (1169053) burner_web: GBA Intel ReadID trace write addr=0x000 data=0x0050 dt=5717us (0.005717s)
2026-09-11 00:49:38 I (1169062) burner_web: GBA Intel ReadID trace write addr=0x000 data=0x00FF dt=8989us (0.008989s)
2026-09-11 00:49:38 I (1169071) burner_web: GBA Intel ReadID trace write addr=0x000 data=0x0090 dt=8554us (0.008554s)
2026-09-11 00:49:38 I (1169079) burner_web: GBA Intel ReadID trace read addr=0x000 data=0x002E dt=8386us (0.008386s)
2026-09-11 00:49:39 I (1169088) burner_web: GBA Intel ReadID trace read addr=0x001 data=0xEA00 dt=8617us (0.008617s)
2026-09-11 00:49:39 I (1169096) burner_web: GBA Intel ReadID trace read addr=0x00E data=0x52A3 dt=8337us (0.008337s)
2026-09-11 00:49:39 I (1169105) burner_web: GBA Intel ReadID trace read addr=0x00F data=0x19BE dt=8826us (0.008826s)
2026-09-11 00:49:39 I (1169113) burner_web: GBA Intel ReadID trace write addr=0x000 data=0x0050 dt=8399us (0.008399s)
2026-09-11 00:49:39 I (1169122) burner_web: GBA Intel ReadID trace write addr=0x000 data=0x00FF dt=8445us (0.008445s)
2026-09-11 00:49:39 I (1169130) burner_web: GBA Intel ReadID trace end status=ESP_OK total=82775us (0.082775s)
2026-09-11 00:49:39 I (1169138) burner_web: GBA intel-id probe @40000000Hz try=1 id=2E 00 00 EA A3 52 BE 19 (candidate-id)
2026-09-11 00:49:39 I (1169159) burner_web: GBA raw ID method scan summary @40000000Hz try=1: candidates=0 best=AMD standard
2026-09-11 00:49:39 I (1169163) burner_web: GBA profile match @40000000Hz try=1: chip=S29GL01GP/GS profile=AGB:AMD:555/2AA:AA/55 cmdset=amd method=AMD standard
2026-09-11 00:49:39 I (1169171) burner_web: GBA auto probe @40000000Hz try=1 id=01 00 7E 22 28 22 01 22 (candidate-id)
2026-09-11 00:49:39 I (1169180) burner_web: GBA CFI ok in word-address mode @40000000Hz try=1: chip=S29GL01GP/GS profile=AGB:AMD:555/2AA:AA/55 flash=134217728 sector=131072 geom=uniform largest=131072 regions=1 buf=512 cmdset=amd lane=low primary=0x0002
2026-09-11 00:49:39 I (1169200) burner_web: GBA AMD Bacon compatibility: keep flash size 134217728, use 32MB banked writes
2026-09-11 00:49:39 I (1169209) burner_web: GBA AMD runtime commands: standard AMD source=AMD standard
2026-09-11 00:49:39 I (1169216) burner_web: GBA prepared: chip=S29GL01GP/GS profile=AGB:AMD:555/2AA:AA/55 flash=134217728 sector=131072 geom=uniform largest=131072 regions=1 buf=512 prog_buf=512 cfi=ok nor=amd cmd=word-address low-lane id=01 00 7E 22 28 22 01 22
2026-09-11 00:49:39 I (1169238) burner_web: GBA mapping: Bacon AMD 32MB-bank bank=32MB force_multi=0 range=0x00000000-0x01FFFFFF
2026-09-11 00:49:39 I (1169248) burner_web: GBA paired polling: 4 read-only address checks passed
2026-09-11 00:51:19 I (1269973) burner_web: GBA CHIS summary: err=ESP_OK total=100725ms bytes=31263232/33554432 erase=73377ms tf=69710ms program=26754ms avg_once=0B
2026-09-11 00:51:19 I (1269976) burner_web: GBA program profile: calls=0 build=0ms spi=0ms entry=0ms poll=0ms reset=0ms prefetch_wait=40ms skipped_ff=2291200B
2026-09-11 00:51:41 I (1291908) burner_web: ROM verify: err=ESP_OK bytes=33554432/33554432 tf=4417ms cart=15584ms
2026-09-11 00:51:41 I (1291910) burner_web: burn_task result: err=ESP_OK state=done processed=33554432/33554432 msg=burn finished
2026-09-11 00:51:41 I (1291917) power_manager: CPU perf lock released by burn_task
2026-09-11 00:51:41 I (1291922) burner_web: burn_task stack free min=11776 bytes
2026-09-11 00:51:42 I (1292699) burner_web: PSRAM auto window: free=7523372 largest=7471104 reserve=262144 -> 6MB
2026-09-11 00:51:42 I (1292702) power_manager: CPU perf lock acquired by burn_task
2026-09-11 00:51:42 I (1292904) burner_web: GBA D0/D1 swap detection starting...
2026-09-11 00:51:42 I (1292906) burner_web: D0/D1 swap detection: entering CFI mode (word addr 0x055)
2026-09-11 00:51:42 I (1292908) burner_web: D0/D1 swap detection: CFI 'QRY' detected (normal, low-byte lane) [010]=0051 [011]=0052 [012]=0059
2026-09-11 00:51:42 I (1292919) burner_web: GBA D0/D1 swap detection: NORMAL (no swap), lane=low
2026-09-11 00:51:42 I (1292925) burner_web: GBA ReadID trace begin t=1291711121us
2026-09-11 00:51:42 I (1292930) burner_web: GBA ReadID trace write addr=0x555 data=0x00AA dt=5421us (0.005421s)
2026-09-11 00:51:42 I (1292939) burner_web: GBA ReadID trace write addr=0x2AA data=0x0055 dt=8287us (0.008287s)
2026-09-11 00:51:42 I (1292947) burner_web: GBA ReadID trace write addr=0x555 data=0x0090 dt=8068us (0.008068s)
2026-09-11 00:51:42 I (1292955) burner_web: GBA ReadID trace read addr=0x000 data=0x0001 dt=7856us (0.007856s)
2026-09-11 00:51:42 I (1292963) burner_web: GBA ReadID trace read addr=0x001 data=0x227E dt=8277us (0.008277s)
2026-09-11 00:51:42 I (1292971) burner_web: GBA ReadID trace read addr=0x00E data=0x2228 dt=7735us (0.007735s)
2026-09-11 00:51:42 I (1292979) burner_web: GBA ReadID trace read addr=0x00F data=0x2201 dt=8226us (0.008226s)
2026-09-11 00:51:42 I (1292987) burner_web: GBA ReadID trace write addr=0x000 data=0x00F0 dt=8031us (0.008031s)
2026-09-11 00:51:42 I (1292995) burner_web: GBA ReadID trace end status=ESP_OK total=69734us (0.069734s)
2026-09-11 00:51:42 I (1293002) burner_web: GBA word-address probe @40000000Hz try=1 id=01 00 7E 22 28 22 01 22 (candidate-id)
2026-09-11 00:51:42 I (1293012) burner_web: GBA Intel ReadID trace begin t=1291797845us
2026-09-11 00:51:42 I (1293017) burner_web: GBA Intel ReadID trace write addr=0x000 data=0x0050 dt=5530us (0.005530s)
2026-09-11 00:51:42 I (1293027) burner_web: GBA Intel ReadID trace write addr=0x000 data=0x00FF dt=9319us (0.009319s)
2026-09-11 00:51:42 I (1293035) burner_web: GBA Intel ReadID trace write addr=0x000 data=0x0090 dt=8464us (0.008464s)
2026-09-11 00:51:42 I (1293043) burner_web: GBA Intel ReadID trace read addr=0x000 data=0x002E dt=8472us (0.008472s)
2026-09-11 00:51:42 I (1293052) burner_web: GBA Intel ReadID trace read addr=0x001 data=0xEA00 dt=8339us (0.008339s)
2026-09-11 00:51:42 I (1293060) burner_web: GBA Intel ReadID trace read addr=0x00E data=0x52A3 dt=8633us (0.008633s)
2026-09-11 00:51:42 I (1293069) burner_web: GBA Intel ReadID trace read addr=0x00F data=0x19BE dt=8432us (0.008432s)
2026-09-11 00:51:42 I (1293078) burner_web: GBA Intel ReadID trace write addr=0x000 data=0x0050 dt=8699us (0.008699s)
2026-09-11 00:51:43 I (1293086) burner_web: GBA Intel ReadID trace write addr=0x000 data=0x00FF dt=8453us (0.008453s)
2026-09-11 00:51:43 I (1293095) burner_web: GBA Intel ReadID trace end status=ESP_OK total=82908us (0.082908s)
2026-09-11 00:51:43 I (1293103) burner_web: GBA intel-id probe @40000000Hz try=1 id=2E 00 00 EA A3 52 BE 19 (candidate-id)
2026-09-11 00:51:43 I (1293123) burner_web: GBA raw ID method scan summary @40000000Hz try=1: candidates=0 best=AMD standard
2026-09-11 00:51:43 I (1293126) burner_web: GBA profile match @40000000Hz try=1: chip=S29GL01GP/GS profile=AGB:AMD:555/2AA:AA/55 cmdset=amd method=AMD standard
2026-09-11 00:51:43 I (1293135) burner_web: GBA auto probe @40000000Hz try=1 id=01 00 7E 22 28 22 01 22 (candidate-id)
2026-09-11 00:51:43 I (1293144) burner_web: GBA CFI ok in word-address mode @40000000Hz try=1: chip=S29GL01GP/GS profile=AGB:AMD:555/2AA:AA/55 flash=134217728 sector=131072 geom=uniform largest=131072 regions=1 buf=512 cmdset=amd lane=low primary=0x0002
2026-09-11 00:51:43 I (1293164) burner_web: GBA AMD Bacon compatibility: keep flash size 134217728, use 32MB banked writes
2026-09-11 00:51:43 I (1293174) burner_web: GBA AMD runtime commands: standard AMD source=AMD standard
2026-09-11 00:51:43 I (1293180) burner_web: GBA prepared: chip=S29GL01GP/GS profile=AGB:AMD:555/2AA:AA/55 flash=134217728 sector=131072 geom=uniform largest=131072 regions=1 buf=512 prog_buf=512 cfi=ok nor=amd cmd=word-address low-lane id=01 00 7E 22 28 22 01 22
2026-09-11 00:51:43 I (1293202) burner_web: GBA mapping: Bacon AMD 32MB-bank bank=32MB force_multi=0 range=0x00000000-0x01FFFFFF
2026-09-11 00:52:05 I (1315126) burner_web: ROM verify: err=ESP_OK bytes=33554432/33554432 tf=4398ms cart=15608ms
2026-09-11 00:52:05 I (1315128) burner_web: burn_task result: err=ESP_OK state=done processed=33554432/33554432 msg=verify finished
2026-09-11 00:52:05 I (1315135) power_manager: CPU perf lock released by burn_task
2026-09-11 00:52:05 I (1315140) burner_web: burn_task stack free min=11924 bytes
