2026-09-10 23:31:33 I (1557590) burner_web: PSRAM auto window: free=7539764 largest=7471104 reserve=262144 -> 6MB
2026-09-10 23:31:33 I (1557594) power_manager: CPU perf lock acquired by burn_task
2026-09-10 23:31:33 I (1557696) burner_web: MBC5 power rail: 3V3
2026-09-10 23:31:33 I (1557797) burner_web: MBC5 ReadID trace begin t=1556575263us
2026-09-10 23:31:33 I (1557798) burner_web: MBC5 ReadID trace write addr=0x0AAA data=0xAA dt=1409us (0.001409s)
2026-09-10 23:31:33 I (1557801) burner_web: MBC5 ReadID trace write addr=0x0555 data=0x55 dt=2624us (0.002624s)
2026-09-10 23:31:33 I (1557810) burner_web: MBC5 ReadID trace write addr=0x0AAA data=0x90 dt=8518us (0.008518s)
2026-09-10 23:31:33 I (1557818) burner_web: MBC5 ReadID trace read addr=0x0000 data=0xC2 dt=7893us (0.007893s)
2026-09-10 23:31:33 I (1557825) burner_web: MBC5 ReadID trace read addr=0x0002 data=0x7E dt=7907us (0.007907s)
2026-09-10 23:31:33 I (1557833) burner_web: MBC5 ReadID trace read addr=0x001C data=0x22 dt=7823us (0.007823s)
2026-09-10 23:31:33 I (1557841) burner_web: MBC5 ReadID trace read addr=0x001E data=0x01 dt=8146us (0.008146s)
2026-09-10 23:31:33 I (1557849) burner_web: MBC5 ReadID trace write addr=0x0000 data=0xF0 dt=7907us (0.007907s)
2026-09-10 23:31:33 I (1557857) burner_web: MBC5 ReadID trace end status=ESP_OK total=60340us (0.060340s)
2026-09-10 23:31:33 I (1557865) burner_web: MBC5 ID probe: id=C2 7E 22 01 chip=MX29GL256E/F flash=33554432 sector=131072 geom=uniform largest=131072 regions=1 buf=64 cmdset=amd
2026-09-10 23:31:33 I (1557879) burner_web: GB mapper override: using MBC5
2026-09-10 23:31:33 I (1557883) burner_web: GB prepared: mapper=MBC5 flash=33554432 usable=33554432 sector=131072 geom=uniform largest=131072 regions=1 buf=64 nor=amd cfi=ok id=C2 7E 22 01
2026-09-10 23:31:56 I (1581447) burner_web: ROM verify: err=ESP_OK bytes=33554432/33554432 tf=4303ms cart=17445ms
2026-09-10 23:31:57 I (1581550) burner_web: burn_task result: err=ESP_OK state=done processed=33554432/33554432 msg=verify finished
2026-09-10 23:31:57 I (1581552) power_manager: CPU perf lock released by burn_task
2026-09-10 23:31:57 I (1581555) burner_web: burn_task stack free min=12068 bytes
