2026-09-11 01:30:40 I (3630366) burner_web: PSRAM auto window: free=7523380 largest=7471104 reserve=262144 -> 6MB
2026-09-11 01:30:40 I (3630369) power_manager: CPU perf lock acquired by burn_task
2026-09-11 01:30:40 I (3630571) burner_web: GBA D0/D1 swap detection starting...
2026-09-11 01:30:40 I (3630573) burner_web: D0/D1 swap detection: entering CFI mode (word addr 0x055)
2026-09-11 01:30:40 I (3630575) burner_web: D0/D1 swap detection: CFI 'QRY' detected (normal, low-byte lane) [010]=0051 [011]=0052 [012]=0059
2026-09-11 01:30:40 I (3630586) burner_web: GBA D0/D1 swap detection: NORMAL (no swap), lane=low
2026-09-11 01:30:40 I (3630592) burner_web: GBA ReadID trace begin t=3629378074us
2026-09-11 01:30:40 I (3630597) burner_web: GBA ReadID trace write addr=0x555 data=0x00AA dt=5383us (0.005383s)
2026-09-11 01:30:40 I (3630606) burner_web: GBA ReadID trace write addr=0x2AA data=0x0055 dt=8548us (0.008548s)
2026-09-11 01:30:40 I (3630614) burner_web: GBA ReadID trace write addr=0x555 data=0x0090 dt=8027us (0.008027s)
2026-09-11 01:30:40 I (3630622) burner_web: GBA ReadID trace read addr=0x000 data=0x0001 dt=7833us (0.007833s)
2026-09-11 01:30:40 I (3630630) burner_web: GBA ReadID trace read addr=0x001 data=0x227E dt=8262us (0.008262s)
2026-09-11 01:30:40 I (3630638) burner_web: GBA ReadID trace read addr=0x00E data=0x2228 dt=7663us (0.007663s)
2026-09-11 01:30:40 I (3630646) burner_web: GBA ReadID trace read addr=0x00F data=0x2201 dt=8291us (0.008291s)
2026-09-11 01:30:40 I (3630654) burner_web: GBA ReadID trace write addr=0x000 data=0x00F0 dt=7960us (0.007960s)
2026-09-11 01:30:40 I (3630662) burner_web: GBA ReadID trace end status=ESP_OK total=69905us (0.069905s)
2026-09-11 01:30:40 I (3630669) burner_web: GBA word-address probe @40000000Hz try=1 id=01 00 7E 22 28 22 01 22 (candidate-id)
2026-09-11 01:30:40 I (3630679) burner_web: GBA Intel ReadID trace begin t=3629464965us
2026-09-11 01:30:40 I (3630684) burner_web: GBA Intel ReadID trace write addr=0x000 data=0x0050 dt=5503us (0.005503s)
2026-09-11 01:30:40 I (3630693) burner_web: GBA Intel ReadID trace write addr=0x000 data=0x00FF dt=9132us (0.009132s)
2026-09-11 01:30:40 I (3630702) burner_web: GBA Intel ReadID trace write addr=0x000 data=0x0090 dt=8590us (0.008590s)
2026-09-11 01:30:40 I (3630711) burner_web: GBA Intel ReadID trace read addr=0x000 data=0x002E dt=8562us (0.008562s)
2026-09-11 01:30:40 I (3630719) burner_web: GBA Intel ReadID trace read addr=0x001 data=0xEA00 dt=8235us (0.008235s)
2026-09-11 01:30:40 I (3630728) burner_web: GBA Intel ReadID trace read addr=0x00E data=0x52A3 dt=8714us (0.008714s)
2026-09-11 01:30:40 I (3630736) burner_web: GBA Intel ReadID trace read addr=0x00F data=0x19BE dt=8314us (0.008314s)
2026-09-11 01:30:40 I (3630745) burner_web: GBA Intel ReadID trace write addr=0x000 data=0x0050 dt=8955us (0.008955s)
2026-09-11 01:30:40 I (3630753) burner_web: GBA Intel ReadID trace write addr=0x000 data=0x00FF dt=8329us (0.008329s)
2026-09-11 01:30:40 I (3630762) burner_web: GBA Intel ReadID trace end status=ESP_OK total=82806us (0.082806s)
2026-09-11 01:30:40 I (3630770) burner_web: GBA intel-id probe @40000000Hz try=1 id=2E 00 00 EA A3 52 BE 19 (candidate-id)
2026-09-11 01:30:40 I (3630790) burner_web: GBA raw ID method scan summary @40000000Hz try=1: candidates=0 best=AMD standard
2026-09-11 01:30:40 I (3630793) burner_web: GBA profile match @40000000Hz try=1: chip=S29GL01GP/GS profile=AGB:AMD:555/2AA:AA/55 cmdset=amd method=AMD standard
2026-09-11 01:30:40 I (3630802) burner_web: GBA auto probe @40000000Hz try=1 id=01 00 7E 22 28 22 01 22 (candidate-id)
2026-09-11 01:30:40 I (3630811) burner_web: GBA CFI ok in word-address mode @40000000Hz try=1: chip=S29GL01GP/GS profile=AGB:AMD:555/2AA:AA/55 flash=134217728 sector=131072 geom=uniform largest=131072 regions=1 buf=512 cmdset=amd lane=low primary=0x0002
2026-09-11 01:30:40 I (3630831) burner_web: GBA AMD Bacon compatibility: keep flash size 134217728, use 32MB banked writes
2026-09-11 01:30:40 I (3630840) burner_web: GBA AMD runtime commands: standard AMD source=AMD standard
2026-09-11 01:30:40 I (3630847) burner_web: GBA prepared: chip=S29GL01GP/GS profile=AGB:AMD:555/2AA:AA/55 flash=134217728 sector=131072 geom=uniform largest=131072 regions=1 buf=512 prog_buf=512 cfi=ok nor=amd cmd=word-address low-lane id=01 00 7E 22 28 22 01 22
2026-09-11 01:30:40 I (3630868) burner_web: GBA mapping: Bacon AMD 32MB-bank bank=32MB force_multi=0 range=0x00000000-0x01FFFFFF
2026-09-11 01:30:40 I (3630930) burner_web: ROM verify: err=ESP_FAIL bytes=160/33554432 tf=1ms cart=44ms
2026-09-11 01:30:40 W (3630932) burner_web: burn_task result: err=ESP_FAIL state=error processed=160/33554432 msg=verify mismatch @0x000000A0 44->4D
2026-09-11 01:30:40 I (3630940) power_manager: CPU perf lock released by burn_task
2026-09-11 01:30:40 I (3630945) burner_web: burn_task stack free min=11920 bytes
