=== User constraints ===
Fmax report
  User constraint:  40.000MHz, Fmax:  86.693MHz, Clock: ESP_SPI_SCK
  User constraint:   8.000MHz, Fmax:  89.702MHz, Clock: PIN_HSE
  User constraint:  10.000MHz, Fmax:  89.702MHz, Clock: PIN_HSI
  User constraint: 150.000MHz, Fmax:  89.702MHz, Clock: pll_inst|auto_generated|pll1|clk[0]

Clock transfer report:
  Worst setup:  13.465, with clock ESP_SPI_SCK
  Worst setup: 113.852, with clock PIN_HSE
  Worst setup:  88.852, with clock PIN_HSI
  Worst setup:  -4.481, with clock pll_inst|auto_generated|pll1|clk[0]


=== Auto constraints ===
Fmax report
  User constraint:   5.000MHz, Fmax: 127.763MHz, Clock: Internal_generated_clock_macro_inst|core_inst|osc|Q

Clock transfer report:
  Worst setup: 192.173, with clock Internal_generated_clock_macro_inst|core_inst|osc|Q
  Worst setup: 997.010, from clock Internal_generated_clock_example_board|ESP32_SPI2_CS_N to Internal_generated_clock_example_board|ESP32_SPI_CS1
  Worst setup: 203.650, from clock Internal_generated_clock_example_board|ESP32_SPI2_CS_N to Internal_generated_clock_macro_inst|core_inst|osc|Q
  Worst setup:   1.109, from clock Internal_generated_clock_example_board|ESP32_SPI2_CS_N to pll_inst|auto_generated|pll1|clk[0]
  Worst setup: 204.293, from clock Internal_generated_clock_example_board|ESP32_SPI_CS1 to Internal_generated_clock_macro_inst|core_inst|osc|Q
  Worst setup:   0.390, from clock Internal_generated_clock_example_board|ESP32_SPI_CS1 to pll_inst|auto_generated|pll1|clk[0]
  Worst setup:   3.130, from clock Internal_generated_clock_macro_inst|core_inst|osc|Q to pll_inst|auto_generated|pll1|clk[0]


Coverage report
  User constraints covered 8144 connections out of 9152 total, coverage: 89.0%
  Auto constraints covered 8703 connections out of 9152 total, coverage: 95.1%


Setup from macro_inst|cpld_stream|consumer to macro_inst|cpld_stream|error_code[2], clock pll_inst|auto_generated|pll1|clk[0], constraint 6.667, skew -0.053, data 10.753
  Slack:  -4.481
    Arrival Time:   11.690
        0.000    0.000   R                         Launch Clock Edge
      Launch Clock Path:
        0.000    0.000   RR                  example_board|PLL_CLKIN =>                    PLL_CLKIN~input|padio 
        1.309    1.309   RR                    PLL_CLKIN~input|padio =>                  PLL_CLKIN~input|combout 
        1.546    0.237   RR                  PLL_CLKIN~input|combout =>       pll_inst|auto_generated|pll1|clkin 
      Compensation Path:
       -2.390   -3.936   RR       pll_inst|auto_generated|pll1|clkfb =>    pll_inst|auto_generated|pll1|clkfbout 
       -2.390   -0.000   RR    pll_inst|auto_generated|pll1|clkfbout =>       pll_inst|auto_generated|pll1|clkfb 
      Compensation Path End
       -1.410    0.980   RR       pll_inst|auto_generated|pll1|clkin =>     pll_inst|auto_generated|pll1|clkout0 D
       -1.410    0.000   RR     pll_inst|auto_generated|pll1|clkout0 => gclksw_inst|gclk_switch__alta_gclksw|clkin2 D
       -1.008    0.402   RR gclksw_inst|gclk_switch__alta_gclksw|clkin2 => gclksw_inst|gclk_switch__alta_gclksw|clkout 
       -0.895    0.113   RR gclksw_inst|gclk_switch__alta_gclksw|clkout =>            gclksw_inst|gclk_switch|inclk 
       -0.895    0.000   RR            gclksw_inst|gclk_switch|inclk =>           gclksw_inst|gclk_switch|outclk 
        0.656    1.551   RR           gclksw_inst|gclk_switch|outclk =>               clken_ctrl_X58_Y8_N1|ClkIn 
        0.804    0.148   RR               clken_ctrl_X58_Y8_N1|ClkIn =>              clken_ctrl_X58_Y8_N1|ClkOut 
        0.937    0.133   RR              clken_ctrl_X58_Y8_N1|ClkOut =>      macro_inst|cpld_stream|consumer|Clk 
      Data Path:
        1.172    0.235   RF      macro_inst|cpld_stream|consumer|Clk =>        macro_inst|cpld_stream|consumer|Q D
        2.494    1.322   FF        macro_inst|cpld_stream|consumer|Q => macro_inst|cpld_stream|transfer_length[2]~2|C 
        2.820    0.326   FF macro_inst|cpld_stream|transfer_length[2]~2|C => macro_inst|cpld_stream|transfer_length[2]~2|LutOut 
        4.135    1.315   FF macro_inst|cpld_stream|transfer_length[2]~2|LutOut => macro_inst|cpld_stream|tx_padded_words[1]~0|B 
        4.585    0.450   FF macro_inst|cpld_stream|tx_padded_words[1]~0|B => macro_inst|cpld_stream|tx_padded_words[1]~0|Cout 
        4.585    0.000   FF macro_inst|cpld_stream|tx_padded_words[1]~0|Cout => macro_inst|cpld_stream|tx_padded_words[2]~2|Cin 
        4.936    0.351   FR macro_inst|cpld_stream|tx_padded_words[2]~2|Cin => macro_inst|cpld_stream|tx_padded_words[2]~2|LutOut 
        5.554    0.618   RR macro_inst|cpld_stream|tx_padded_words[2]~2|LutOut =>         macro_inst|cpld_stream|Add23~0|B 
        6.103    0.549   RR         macro_inst|cpld_stream|Add23~0|B =>      macro_inst|cpld_stream|Add23~0|Cout 
        6.103    0.000   RR      macro_inst|cpld_stream|Add23~0|Cout =>       macro_inst|cpld_stream|Add23~2|Cin 
        6.168    0.065   RF       macro_inst|cpld_stream|Add23~2|Cin =>      macro_inst|cpld_stream|Add23~2|Cout 
        6.168    0.000   FF      macro_inst|cpld_stream|Add23~2|Cout =>       macro_inst|cpld_stream|Add23~4|Cin 
        6.234    0.066   FR       macro_inst|cpld_stream|Add23~4|Cin =>      macro_inst|cpld_stream|Add23~4|Cout 
        6.234    0.000   RR      macro_inst|cpld_stream|Add23~4|Cout =>       macro_inst|cpld_stream|Add23~6|Cin 
        6.299    0.065   RF       macro_inst|cpld_stream|Add23~6|Cin =>      macro_inst|cpld_stream|Add23~6|Cout 
        6.299    0.000   FF      macro_inst|cpld_stream|Add23~6|Cout =>       macro_inst|cpld_stream|Add23~8|Cin 
        6.723    0.424   FF       macro_inst|cpld_stream|Add23~8|Cin =>    macro_inst|cpld_stream|Add23~8|LutOut 
        7.106    0.383   FF    macro_inst|cpld_stream|Add23~8|LutOut =>      macro_inst|cpld_stream|always8~11|C 
        7.432    0.326   FF      macro_inst|cpld_stream|always8~11|C => macro_inst|cpld_stream|always8~11|LutOut 
        7.815    0.383   FF macro_inst|cpld_stream|always8~11|LutOut =>      macro_inst|cpld_stream|always8~12|B 
        8.259    0.444   FF      macro_inst|cpld_stream|always8~12|B => macro_inst|cpld_stream|always8~12|LutOut 
        8.642    0.383   FF macro_inst|cpld_stream|always8~12|LutOut =>      macro_inst|cpld_stream|always8~13|D 
        8.750    0.108   FF      macro_inst|cpld_stream|always8~13|D => macro_inst|cpld_stream|always8~13|LutOut 
        9.835    1.085   FF macro_inst|cpld_stream|always8~13|LutOut =>   macro_inst|cpld_stream|error_code~27|B 
       10.369    0.534   FR   macro_inst|cpld_stream|error_code~27|B => macro_inst|cpld_stream|error_code~27|LutOut 
       10.770    0.401   RR macro_inst|cpld_stream|error_code~27|LutOut =>   macro_inst|cpld_stream|error_code~28|B 
       11.289    0.519   RR   macro_inst|cpld_stream|error_code~28|B => macro_inst|cpld_stream|error_code~28|LutOut 
       11.690    0.401   RR macro_inst|cpld_stream|error_code~28|LutOut =>   macro_inst|cpld_stream|error_code[2]|D E
    Required Time:   7.209
        6.667    6.667   R                          Latch Clock Edge
      Latch Clock Path:
        6.667    0.000   RR                  example_board|PLL_CLKIN =>                    PLL_CLKIN~input|padio 
        7.976    1.309   RR                    PLL_CLKIN~input|padio =>                  PLL_CLKIN~input|combout 
        8.203    0.227   RR                  PLL_CLKIN~input|combout =>       pll_inst|auto_generated|pll1|clkin 
      Compensation Path:
        4.267   -3.936   RR       pll_inst|auto_generated|pll1|clkfb =>    pll_inst|auto_generated|pll1|clkfbout 
        4.267   -0.000   RR    pll_inst|auto_generated|pll1|clkfbout =>       pll_inst|auto_generated|pll1|clkfb 
      Compensation Path End
        5.247    0.980   RR       pll_inst|auto_generated|pll1|clkin =>     pll_inst|auto_generated|pll1|clkout0 D
        5.247    0.000   RR     pll_inst|auto_generated|pll1|clkout0 => gclksw_inst|gclk_switch__alta_gclksw|clkin2 D
        5.649    0.402   RR gclksw_inst|gclk_switch__alta_gclksw|clkin2 => gclksw_inst|gclk_switch__alta_gclksw|clkout 
        5.762    0.113   RR gclksw_inst|gclk_switch__alta_gclksw|clkout =>            gclksw_inst|gclk_switch|inclk 
        5.762    0.000   RR            gclksw_inst|gclk_switch|inclk =>           gclksw_inst|gclk_switch|outclk 
        7.272    1.510   RR           gclksw_inst|gclk_switch|outclk =>               clken_ctrl_X61_Y7_N1|ClkIn 
        7.420    0.148   RR               clken_ctrl_X61_Y7_N1|ClkIn =>              clken_ctrl_X61_Y7_N1|ClkOut 
        7.551    0.131   RR              clken_ctrl_X61_Y7_N1|ClkOut => macro_inst|cpld_stream|error_code[2]|Clk 
        7.199   -0.352   R                                     Setup
        7.209    0.010                               Clock Variation

